10-14 16:52:59.350   691   695 D LockScreenPhoneModel: TID:695 .../home/alan/COS/workspace/CosLockScreen_U/src/phone/LockScreenPhoneModel.cpp:130:	mPhoneType=0x0
10-14 16:52:59.350   691   695 D LockScreenPhoneModel: TID:695 .../home/alan/COS/workspace/CosLockScreen_U/src/phone/LockScreenPhoneModel.cpp:133:	phone msg=4
10-14 16:52:59.350   684   744 I ams     : TID:744 .../BroadcastQueue.cpp:583:	[AMS] Delivering to BroadcastFilter{0x4e6aa130 u0 ReceiverList{0x4e7fdf40 691 system/bin/lockscreend/1000/u0 remote:0x4e7032f8}} (seq=-1): BroadcastRecord{0x503e27c0 u0 com.cos.phone.action.CALL_STATE_CHANGED}
10-14 16:52:59.350   684   744 I ams     : TID:744 .../BroadcastQueue.cpp:473:	AMS_STATUS>> SCHEDULE_REGISTER_RECEIVER: Process system/bin/lockscreend (pid:691, uid: 1000), Receiver 0x4e7032f8(0x4e8437a0), Non-ordered broadcast, Intent { act=com.cos.phone.action.CALL_STATE_CHANGED (has extras) }
10-14 16:52:59.350   691   695 D CosLockScreenController: TID:695 .../home/alan/COS/workspace/CosLockScreen_U/src/CosLockScreenController.cpp:413:	CosLockScreen_REG unlock screen
10-14 16:52:59.350   691   695 D CosUnlockScreen: TID:695 .../home/alan/COS/workspace/CosLockScreen_U/src/unlockscreen/CosUnlockScreen.cpp:435:	[UIHandler::clearCountDown]
10-14 16:52:59.350   691   695 I looper_mq: TID:695 .../MessageQueue.cpp:383:	removeMessages what=1
10-14 16:52:59.350   684   744 I ams     : TID:744 .../BroadcastQueue.cpp:591:	performReceive of BroadcastRecord{0x503e27c0 u0 com.cos.phone.action.CALL_STATE_CHANGED}(0 millis)
10-14 16:52:59.350   684  1080 D keyguard: TID:1080 .../KeyguardService.cpp:556:	Enter gotoUnlockScreen
10-14 16:52:59.350   691   695 D keyguardview: TID:695 .../KeyguardViewService.cpp:549:	Enter gotoUnlockScreen
10-14 16:52:59.350   691   695 D keyguardview: TID:695 .../KeyguardView.cpp:644:	Enter gotoUnlockScreen
10-14 16:52:59.350   691   695 D keyguardview: TID:695 .../KeyguardView.cpp:577:	Enter isSecure
10-14 16:52:59.350   691   695 D keyguardview: TID:695 .../KeyguardView.cpp:530:	Enter getUnlockType
10-14 16:52:59.350   684   744 I ams     : TID:744 .../BroadcastQueue.cpp:714:	No more ordered Broadcasts pending, so all done!
10-14 16:52:59.350   684   744 I looper_mq: TID:744 .../MessageQueue.cpp:383:	removeMessages what=5
10-14 16:52:59.350   691   695 I provider_settings: TID:695 .../Settings.cpp:344:	Settings::NameValueCache::getString, Process: system/bin/lockscreend, (name, value) = (lockscreen.password_type, )
10-14 16:52:59.350   691   695 I provider_settings: TID:695 .../Settings.cpp:344:	Settings::NameValueCache::getString, Process: system/bin/lockscreend, (name, value) = (lockscreen.password_type_alternate, )
10-14 16:52:59.350   684   730 I ams     : TID:730 .../ActivityManagerService.cpp:16031:	Broadcast: Intent { act=com.htc.telephony.intent.action.PHONE_STATE_CHANGED (has extras) } ordered=false, callerApp=ProcessRecord{0x4dbb65a0 pid=1025/tid=-1/ProcessName=phone/uid=1001}, callerPackage=Phone, resolvedType=NULL, resultTo=0x0(0x0), userId=0 (from: pid=1025, uid=1001)
10-14 16:52:59.350   684   730 I ams     : TID:730 .../ActivityManagerService.cpp:15958:	[AMS] CollectReceiverComponents: Set to newReceivers
10-14 16:52:59.350   684   730 I ams     : TID:730 .../ActivityManagerService.cpp:16005:	[AMS] CollectReceiverComponents finished
10-14 16:52:59.350   691   695 I provider_settings: TID:695 .../Settings.cpp:344:	Settings::NameValueCache::getString, Process: system/bin/lockscreend, (name, value) = (lock_pattern_autolock, )
10-14 16:52:59.350   684   730 I ams     : TID:730 .../ActivityManagerService.cpp:16346:	Collect 0 receivers for (null) typed broadcast Intent { act=com.htc.telephony.intent.action.PHONE_STATE_CHANGED (has extras) } (time=1 ms)
10-14 16:52:59.350   691   695 I keyguardview: TID:695 .../KeyguardView.cpp:571:	Current unlock type is Unknown
10-14 16:52:59.350   691   695 D keyguardview: TID:695 .../KeyguardView.cpp:530:	Leave getUnlockType (takes 1 millis)
10-14 16:52:59.350   691   695 I keyguardview: TID:695 .../KeyguardView.cpp:606:	isSecure = false
10-14 16:52:59.350   691   695 D keyguardview: TID:695 .../KeyguardView.cpp:577:	Leave isSecure (takes 1 millis)
10-14 16:52:59.350   684   730 I ams     : TID:730 .../ActivityManagerService.cpp:16361:	Resolve 0 registered receivers for (null) typed broadcast Intent { act=com.htc.telephony.intent.action.PHONE_STATE_CHANGED (has extras) } (time=0 ms)
10-14 16:52:59.350   691   691 I activity_thread: TID:691 .../ActivityThread.cpp:3045:	scheduleRegisteredReceiver: receiver=0x4c25a044, Intent=Intent { act=com.cos.phone.action.CALL_STATE_CHANGED (has extras) }, resultCode=-1, dataStr=NULL, ordered=false, sticky=false
10-14 16:52:59.350   684  1080 D keyguard: TID:1080 .../KeyguardService.cpp:396:	Enter keyguardDone
10-14 16:52:59.350   684  1080 D keyguard: TID:1080 .../KeyguardService.cpp:1189:	Enter keyguardDone
10-14 16:52:59.350   684  1080 I keyguard: TID:1080 .../KeyguardService.cpp:1190:	KeyguardService::keyguardDone,wakeup:true
10-14 16:52:59.350   684  1080 I keyguard: TID:1080 .../KeyguardService.cpp:1194:	mNeedToShowKeyguard = false
10-14 16:52:59.350   684  1080 D keyguard: TID:1080 .../KeyguardService.cpp:1198:	keyguardDone(true)
10-14 16:52:59.350  1025  1046 D AutomativeUtils: TID:1046 .../home/michelin/workspace/Phone/src/Phone/utils/AutomativeUtils.cpp:330:	free memory: pHtcState 0x4c318408
10-14 16:52:59.350   684  1080 I ams     : TID:1080 .../ActivityManagerService.cpp:16031:	Broadcast: Intent { act=android.intent.action.USER_PRESENT flg=536870912 } ordered=false, callerApp=ProcessRecord{0x4ccbac48 pid=684/tid=-1/ProcessName=system/uid=1000}, callerPackage=android, resolvedType=NULL, resultTo=0x0(0x0), userId=0 (from: pid=691, uid=1000)
10-14 16:52:59.350   684  1080 I ams     : TID:1080 .../ActivityManagerService.cpp:15958:	[AMS] CollectReceiverComponents: Set to newReceivers
10-14 16:52:59.350   684  1080 I ams     : TID:1080 .../ActivityManagerService.cpp:16005:	[AMS] CollectReceiverComponents finished
10-14 16:52:59.350  1025  1046 D CallNotifier: TID:1046 .../home/michelin/workspace/Phone/src/Phone/CallNotifier.cpp:522:	free memory: conn 0x4c31c200
10-14 16:52:59.350  1025  1046 D ph_proxy: TID:1046 .../ConnectionProxy.cpp:54:	Enter ~ConnectionProxy
10-14 16:52:59.350  1025  1046 D ph_proxy: TID:1046 .../ConnectionProxy.cpp:54:	Leave ~ConnectionProxy (takes 0 millis)
10-14 16:52:59.350   684  1080 I ams     : TID:1080 .../ActivityManagerService.cpp:16346:	Collect 0 receivers for (null) typed broadcast Intent { act=android.intent.action.USER_PRESENT flg=536870912 } (time=0 ms)
10-14 16:52:59.350  1025  1046 I CallNotifier: TID:1046 .../home/michelin/workspace/Phone/src/Phone/CallNotifier.cpp:1045:	CallNotifier, onPhoneStateChanged() end.
10-14 16:52:59.350  1025  1046 D ph_proxy: TID:1046 .../CallProxy.cpp:48:	Enter ~CallProxy
10-14 16:52:59.350  1025  1046 D ph_proxy: TID:1046 .../CallProxy.cpp:48:	Leave ~CallProxy (takes 0 millis)
10-14 16:52:59.350  1025  1046 D ph_proxy: TID:1046 .../CallProxy.cpp:48:	Enter ~CallProxy
10-14 16:52:59.350  1025  1046 D ph_proxy: TID:1046 .../CallProxy.cpp:48:	Leave ~CallProxy (takes 0 millis)
10-14 16:52:59.350  1025  1046 D ph_proxy: TID:1046 .../CallProxy.cpp:48:	Enter ~CallProxy
10-14 16:52:59.350  1025  1046 D ph_proxy: TID:1046 .../CallProxy.cpp:48:	Leave ~CallProxy (takes 0 millis)
10-14 16:52:59.350  1025  1046 D ph_proxy: TID:1046 .../CallManagerProxy.cpp:53:	Enter ~CallManagerProxy
10-14 16:52:59.350  1025  1046 D ph_proxy: TID:1046 .../CallManagerProxy.cpp:53:	Leave ~CallManagerProxy (takes 0 millis)
10-14 16:52:59.350   684  1080 I ams     : TID:1080 .../ActivityManagerService.cpp:16361:	Resolve 2 registered receivers for (null) typed broadcast Intent { act=android.intent.action.USER_PRESENT flg=536870912 } (time=0 ms)
10-14 16:52:59.350  1025  1046 D ph_proxy: TID:1046 .../PhoneResultProxy.cpp:66:	Enter ~PhoneResultProxy
10-14 16:52:59.350  1025  1046 D ph_proxy: TID:1046 .../PhoneResultProxy.cpp:66:	Leave ~PhoneResultProxy (takes 0 millis)
10-14 16:52:59.350  1025  1046 D ph_proxy: TID:1046 .../PhoneResultProxy.cpp:66:	Enter ~PhoneResultProxy
10-14 16:52:59.350  1025  1046 D ph_proxy: TID:1046 .../PhoneResultProxy.cpp:66:	Leave ~PhoneResultProxy (takes 0 millis)
10-14 16:52:59.350  1025  1046 D ph_proxy: TID:1046 .../PhoneCallbackHandler.cpp:41:	Leave handleMessage (takes 947 millis)
10-14 16:52:59.350  1025  1046 D ph_proxy: TID:1046 .../PhoneCallbackHandler.cpp:41:	Enter handleMessage
10-14 16:52:59.350  1025  1046 D ph_proxy: TID:1046 .../PhoneCallbackHandler.cpp:42:	PhoneCallbackHandler: what=0, org_what=0
10-14 16:52:59.350   684  1080 I ams     : TID:1080 .../BroadcastQueue.cpp:117:	Enqueue non-ordered broadcast: BroadcastRecord(0x4fcdce98) has 2 receivers for Intent { act=android.intent.action.USER_PRESENT flg=536870912 }
10-14 16:52:59.350  1025  1046 D ph_proxy: TID:1046 .../PhoneResultProxy.cpp:55:	Enter PhoneResultProxy
10-14 16:52:59.350  1025  1046 D ph_proxy: TID:1046 .../PhoneResultProxy.cpp:55:	Leave PhoneResultProxy (takes 0 millis)
10-14 16:52:59.350  1025  1046 D ph_proxy: TID:1046 .../PhoneCallbackHandler.cpp:49:	NULL? result:0 after_cast:0
10-14 16:52:59.350  1025  1046 D ph_proxy: TID:1046 .../PhoneCallbackHandler.cpp:69:	pending arg1 as what:0
10-14 16:52:59.350  1025  1046 D ph_proxy: TID:1046 .../PhoneResultProxy.cpp:48:	Enter PhoneResultProxy
10-14 16:52:59.350  1025  1046 D ph_proxy: TID:1046 .../PhoneResultProxy.cpp:48:	Leave PhoneResultProxy (takes 0 millis)
10-14 16:52:59.350  1025  1046 D PhonePage: TID:1046 .../home/michelin/workspace/Phone/src/Phone/PhonePage.cpp:422:	handleMessage(0)
10-14 16:52:59.350  1025  1046 D ph_proxy: TID:1046 .../SPhoneProxy.cpp:249:	Enter getState
10-14 16:52:59.350   684   744 I ams     : TID:744 .../BroadcastQueue.cpp:623:	processNextBroadcast [background]from Msg: 1 broadcasts, 0 ordered broadcasts
10-14 16:52:59.350   684   744 I ams     : TID:744 .../BroadcastQueue.cpp:635:	Processing parallel broadcast [background] 1 BroadcastRecord
10-14 16:52:59.350  1025  1046 D ph_proxy: TID:1046 .../SPhoneProxy.cpp:249:	Leave getState (takes 0 millis)
10-14 16:52:59.350   684  1080 D keyguard: TID:1080 .../KeyguardService.cpp:1189:	Leave keyguardDone (takes 2 millis)
10-14 16:52:59.350  1025  1046 D PhonePage: TID:1046 .../home/michelin/workspace/Phone/src/Phone/PhonePage.cpp:423:	phone state: 2
10-14 16:52:59.350   684  1080 D keyguard: TID:1080 .../KeyguardService.cpp:396:	Leave keyguardDone (takes 2 millis)
10-14 16:52:59.350  1025  1046 D PhonePage: TID:1046 .../home/michelin/workspace/Phone/src/Phone/PhonePage.cpp:427:	PHONE_STATE_CHANGED
10-14 16:52:59.350  1025  1046 D ph_proxy: TID:1046 .../SPhoneProxy.cpp:257:	Enter getPhoneType
10-14 16:52:59.350  1025  1046 D ph_proxy: TID:1046 .../SPhoneProxy.cpp:257:	Leave getPhoneType (takes 0 millis)
10-14 16:52:59.350  1025  1046 I PhonePage: TID:1046 .../home/michelin/workspace/Phone/src/Phone/PhonePage.cpp:814:	onPhoneStateChanged() phoneType:1
10-14 16:52:59.350  1025  1046 I PhoneApp: TID:1046 .../home/michelin/workspace/Phone/src/Phone/PhoneApp.cpp:463:	updateProximitySensorMode() state: 2
10-14 16:52:59.350   691   695 D keyguardview: TID:695 .../KeyguardView.cpp:644:	Leave gotoUnlockScreen (takes 3 millis)
10-14 16:52:59.350   691   695 D keyguardview: TID:695 .../KeyguardViewService.cpp:549:	Leave gotoUnlockScreen (takes 3 millis)
10-14 16:52:59.350   684   808 D keyguard: TID:808 .../KeyguardService.cpp:963:	msg->what = 9
10-14 16:52:59.350   684   808 D keyguard: TID:808 .../KeyguardService.cpp:1001:	for KEYGUARD_DONE
10-14 16:52:59.350   684   808 D keyguard: TID:808 .../KeyguardService.cpp:1039:	Enter handleKeyguardDone
10-14 16:52:59.350   684   808 D keyguard: TID:808 .../KeyguardService.cpp:893:	Enter handleHide
10-14 16:52:59.350   684   808 I keyguard: TID:808 .../KeyguardService.cpp:894:	hide keyguard
10-14 16:52:59.350   684  1080 D keyguard: TID:1080 .../KeyguardService.cpp:556:	Leave gotoUnlockScreen (takes 4 millis)
10-14 16:52:59.350   684   808 D keyguard: TID:808 .../KeyguardService.cpp:664:	Enter playSounds
10-14 16:52:59.350   691   695 D CosLockScreenViewHost: TID:695 .../home/alan/COS/workspace/CosLockScreen_U/src/CosLockScreenViewHost.cpp:226:	onModeChange=1, showUnlockScreenBG=0
10-14 16:52:59.350   691   695 D CosLockScreenController: TID:695 .../CosLockScreenController.cpp:346:	Enter getNotificationWidget
10-14 16:52:59.350   691   695 D CosLockScreenController: TID:695 .../CosLockScreenController.cpp:346:	Leave getNotificationWidget
10-14 16:52:59.350   691   695 D CosLockScreenController: TID:695 .../CosLockScreenController.cpp:346:	Enter getNotificationWidget
10-14 16:52:59.350   691   695 D CosLockScreenController: TID:695 .../CosLockScreenController.cpp:346:	Leave getNotificationWidget
10-14 16:52:59.350   684   808 I provider_settings: TID:808 .../Settings.cpp:387:	Settings::NameValueCache::getString, Process: system/bin/gaiad, (name, value) = (lockscreen_sounds_enabled, 1)
10-14 16:52:59.350   691   695 D CosLockScreenController: TID:695 .../CosLockScreenController.cpp:346:	Enter getNotificationWidget
10-14 16:52:59.350   691   695 D CosLockScreenController: TID:695 .../CosLockScreenController.cpp:346:	Leave getNotificationWidget
10-14 16:52:59.350   691   695 D CosUnlockScreen: TID:695 .../home/alan/COS/workspace/CosLockScreen_U/src/unlockscreen/CosUnlockScreen.cpp:430:	[UIHandler::pauseCountDown]
10-14 16:52:59.350   684   808 D keyguard: TID:808 .../KeyguardService.cpp:664:	Leave playSounds (takes 1 millis)
10-14 16:52:59.350   691   695 I looper_mq: TID:695 .../MessageQueue.cpp:383:	removeMessages what=1
10-14 16:52:59.350   691   695 D CosLockScreenController: TID:695 .../CosLockScreenController.cpp:346:	Enter getNotificationWidget
10-14 16:52:59.350   691   695 D CosLockScreenController: TID:695 .../CosLockScreenController.cpp:346:	Leave getNotificationWidget
10-14 16:52:59.350   691   695 D CosUnlockScreen: TID:695 .../home/alan/COS/workspace/CosLockScreen_U/src/unlockscreen/CosUnlockScreen.cpp:219:	showUnlockScreenContent mode:1
10-14 16:52:59.350   691   695 D CosLockScreenController: TID:695 .../home/alan/COS/workspace/CosLockScreen_U/src/CosLockScreenController.cpp:734:	CosLockScreen_REG onPhoneCall() : 0, 1, 1
10-14 16:52:59.350   691   909 D keyguardview: TID:909 .../KeyguardViewService.cpp:741:	Enter hide
10-14 16:52:59.350   691   909 I keyguardview: TID:909 .../KeyguardViewService.cpp:742:	KeyguardViewService::hide
10-14 16:52:59.350   691   909 D keyguardview: TID:909 .../KeyguardViewService.cpp:741:	Leave hide (takes 0 millis)
10-14 16:52:59.350   691   695 I activity_thread: TID:695 .../ActivityThread.cpp:1526:	LIFESTAT onReceive: 0x4bedb3f0
10-14 16:52:59.350   691   695 D NotificationModel: TID:695 .../home/alan/COS/workspace/CosLockScreen_U/src/notification/NotificationModel.cpp:71:	NotificationModel::onReceive com.cos.phone.action.CALL_STATE_CHANGED
10-14 16:52:59.350  1025  1046 D ph_proxy: TID:1046 .../SPhoneProxy.cpp:651:	Enter getRingingCall
10-14 16:52:59.350  1025  1046 D ph_proxy: TID:1046 .../CallProxy.cpp:37:	Enter CallProxy
10-14 16:52:59.350  1025  1046 D ph_proxy: TID:1046 .../CallProxy.cpp:37:	Leave CallProxy (takes 0 millis)
10-14 16:52:59.350  1025  1046 D ph_proxy: TID:1046 .../SPhoneProxy.cpp:651:	Leave getRingingCall (takes 0 millis)
10-14 16:52:59.350  1025  1046 D ph_proxy: TID:1046 .../CallProxy.cpp:30:	Enter CallProxy
10-14 16:52:59.350  1025  1046 D ph_proxy: TID:1046 .../CallProxy.cpp:30:	Leave CallProxy (takes 0 millis)
10-14 16:52:59.350  1025  1046 D ph_proxy: TID:1046 .../CallProxy.cpp:48:	Enter ~CallProxy
10-14 16:52:59.350  1025  1046 D ph_proxy: TID:1046 .../CallProxy.cpp:48:	Leave ~CallProxy (takes 0 millis)
10-14 16:52:59.350  1025  1046 D ph_proxy: TID:1046 .../CallProxy.cpp:111:	Enter getState
10-14 16:52:59.350  1025  1046 D ph_proxy: TID:1046 .../CallProxy.cpp:111:	Leave getState (takes 0 millis)
10-14 16:52:59.350  1025  1046 D ph_proxy: TID:1046 .../CallProxy.cpp:48:	Enter ~CallProxy
10-14 16:52:59.350  1025  1046 D ph_proxy: TID:1046 .../CallProxy.cpp:48:	Leave ~CallProxy (takes 0 millis)
10-14 16:52:59.350  1025  1046 D PhoneApp: TID:1046 .../home/michelin/workspace/Phone/src/Phone/PhoneApp.cpp:502:	updateProximitySensorMode: acquiring...
10-14 16:52:59.350   684   744 I ams     : TID:744 .../BroadcastQueue.cpp:583:	[AMS] Delivering to BroadcastFilter{0x4d97da58 u0 ReceiverList{0x4d97d9e0 684 system/1000/u0 local:0x4c0d1ddc}} (seq=-1): BroadcastRecord{0x4fcdce98 u0 android.intent.action.USER_PRESENT}
10-14 16:52:59.350   684   744 I ams     : TID:744 .../BroadcastQueue.cpp:473:	AMS_STATUS>> SCHEDULE_REGISTER_RECEIVER: Process system (pid:684, uid: 1000), Receiver 0x4c0d1ddc(0x4c0d1dd0), Non-ordered broadcast, Intent { act=android.intent.action.USER_PRESENT flg=536870912 }
10-14 16:52:59.350   684  1049 I sensor_manager: Registering a sensor listener: listener=0x4bf5e5e8, sensor=CM36282 Proximity sensor, rate=3
10-14 16:52:59.350   684   744 I activity_thread: TID:744 .../ActivityThread.cpp:3045:	scheduleRegisteredReceiver: receiver=0x4c0d1ddc, Intent=Intent { act=android.intent.action.USER_PRESENT flg=536870912 }, resultCode=-1, dataStr=NULL, ordered=false, sticky=false
10-14 16:52:59.350   684  1049 D SensorService: enable: connection.get() = 0x50c50a70, (4.1.1)[Disable virtual sensors]
10-14 16:52:59.350   684  1049 D SensorService: enable: get sensor name = CM36282 Proximity sensor
10-14 16:52:59.350   684  1049 D SensorService: [Sensor] SensorDevice::activate++: handle=0x07, enabled = 0x1
10-14 16:52:59.350   684  1049 D SensorService: SensorDevice::activate--: handle = 0x7, enabled = 0x1
10-14 16:52:59.350   684  1049 D SensorService: pid=684, uid=1000
10-14 16:52:59.350   684   744 I ams     : TID:744 .../BroadcastQueue.cpp:591:	performReceive of BroadcastRecord{0x4fcdce98 u0 android.intent.action.USER_PRESENT}(1 millis)
10-14 16:52:59.350   684  1049 D SensorService: Active sensors:
10-14 16:52:59.350   684  1049 D SensorService: CM36282 Proximity sensor (handle=0x00000007, connections=2)
10-14 16:52:59.350   684  1049 D SensorService: CM36282 Light sensor (handle=0x00000008, connections=1)
10-14 16:52:59.350   684  1049 I KPI     : KPI_PATTERN = sensor_KPI, KPI_OBJECT = SensorManager::registerListener, KPI_TYPE = START
10-14 16:52:59.350   684   802 I KPI     : KPI_PATTERN = sensor_KPI, KPI_OBJECT = SensorManager::ListenerDelegateHandler::handleMessage, sensor=CM36282 Proximity sensor, KPI_TYPE = STOP
10-14 16:52:59.350   691   695 D NotificationModel: TID:695 .../home/alan/COS/workspace/CosLockScreen_U/src/notification/NotificationModel.cpp:154:	void NotificationModel::prepareNotificationData(const gaia::core::Demand&): missed_calls_count[1]
10-14 16:52:59.350   691   695 D NotificationView: TID:695 .../home/alan/COS/workspace/CosLockScreen_U/src/notification/NotificationView.cpp:198:	virtual void NotificationView::onUpdate(NotificationModelInterface*): package name [Contacts]
10-14 16:52:59.350   691   695 D NotificationView: TID:695 .../home/alan/COS/workspace/CosLockScreen_U/src/notification/NotificationView.cpp:200:	virtual void NotificationView::onUpdate(NotificationModelInterface*): notification state [1]
10-14 16:52:59.350  1025  1046 D PhonePage: TID:1046 .../home/michelin/workspace/Phone/src/Phone/PhonePage.cpp:1237:	updateKeyguardShowWhenLockPolicy() showWhenLock:1
10-14 16:52:59.350  1025  1046 D wm_impl : WindowManagerImpl::updateViewLayout()
10-14 16:52:59.350   684   744 I ams     : TID:744 .../BroadcastQueue.cpp:583:	[AMS] Delivering to BroadcastFilter{0x4d2aaca8 u0 ReceiverList{0x4d2aa388 1019 NfcService/1027/u0 remote:0x4dbe6360}} (seq=-1): BroadcastRecord{0x4fcdce98 u0 android.intent.action.USER_PRESENT}
10-14 16:52:59.350   691   695 D NotificationView: TID:695 .../home/alan/COS/workspace/CosLockScreen_U/src/notification/NotificationView.cpp:619:	void NotificationView::updateAllIcons(): icons number [1]
10-14 16:52:59.350  1025  1046 D wm_impl : WindowManagerImpl::findViewLocked()
10-14 16:52:59.350  1025  1046 D wm_impl : [findViewLocked] count = 1
10-14 16:52:59.350  1025  1046 D wm_impl : [findViewLocked] find view at index = 0
10-14 16:52:59.350   684   744 I ams     : TID:744 .../BroadcastQueue.cpp:473:	AMS_STATUS>> SCHEDULE_REGISTER_RECEIVER: Process NfcService (pid:1019, uid: 1027), Receiver 0x4dbe6360(0x4dbe63d0), Non-ordered broadcast, Intent { act=android.intent.action.USER_PRESENT flg=536870912 }
10-14 16:52:59.350  1025  1046 W activity: TID:1046 .../AgentActivity.cpp:494:	virtual void gaia::AgentActivity::onWindowAttributesChanged(const android::sp<gaia::WMLayoutParams>&) is NOT implemented yet
10-14 16:52:59.350  1025  1046 I CallNotifier: TID:1046 .../home/michelin/workspace/Phone/src/Phone/CallNotifier.cpp:698:	isEccIsDoingRetry() 0
10-14 16:52:59.350  1025  1046 I PhoneApp: TID:1046 .../home/michelin/workspace/Phone/src/Phone/PhoneApp.cpp:372:	updateWakeState
10-14 16:52:59.350  1025  1046 D ph_proxy: TID:1046 .../SPhoneProxy.cpp:643:	Enter getForegroundCall
10-14 16:52:59.350  1025  1046 D ph_proxy: TID:1046 .../CallProxy.cpp:37:	Enter CallProxy
10-14 16:52:59.350  1025  1046 D ph_proxy: TID:1046 .../CallProxy.cpp:37:	Leave CallProxy (takes 0 millis)
10-14 16:52:59.350  1025  1046 D ph_proxy: TID:1046 .../SPhoneProxy.cpp:643:	Leave getForegroundCall (takes 0 millis)
10-14 16:52:59.350  1025  1046 D ph_proxy: TID:1046 .../CallProxy.cpp:30:	Enter CallProxy
10-14 16:52:59.350  1025  1046 D ph_proxy: TID:1046 .../CallProxy.cpp:30:	Leave CallProxy (takes 0 millis)
10-14 16:52:59.350  1025  1046 D ph_proxy: TID:1046 .../CallProxy.cpp:48:	Enter ~CallProxy
10-14 16:52:59.350  1025  1046 D ph_proxy: TID:1046 .../CallProxy.cpp:48:	Leave ~CallProxy (takes 0 millis)
10-14 16:52:59.350  1025  1046 D ph_proxy: TID:1046 .../CallProxy.cpp:111:	Enter getState
10-14 16:52:59.350  1025  1046 D ph_proxy: TID:1046 .../CallProxy.cpp:111:	Leave getState (takes 0 millis)
10-14 16:52:59.350  1025  1046 D ph_proxy: TID:1046 .../CallProxy.cpp:48:	Enter ~CallProxy
10-14 16:52:59.360  1025  1046 D ph_proxy: TID:1046 .../CallProxy.cpp:48:	Leave ~CallProxy (takes 0 millis)
10-14 16:52:59.360  1019  1019 I activity_thread: TID:1019 .../ActivityThread.cpp:3045:	scheduleRegisteredReceiver: receiver=0x4be2b794, Intent=Intent { act=android.intent.action.USER_PRESENT flg=536870912 }, resultCode=-1, dataStr=NULL, ordered=false, sticky=false
10-14 16:52:59.360  1019  1042 I activity_thread: TID:1042 .../ActivityThread.cpp:1526:	LIFESTAT onReceive: 0x40839298
10-14 16:52:59.360  1019  1042 D nfc_service: TID:1042 .../NfcService.cpp:3034:	Enter onReceive
10-14 16:52:59.360  1019  1042 I nfc_service: TID:1042 .../NfcService.cpp:3043:	action is android.intent.action.USER_PRESENT
10-14 16:52:59.360  1025  1046 I PhoneApp: TID:1046 .../home/michelin/workspace/Phone/src/Phone/PhoneApp.cpp:382:	updateWakeState: keepScreenOn = 1, (isRinging=0, isDialing=1)
10-14 16:52:59.360  1025  1046 I PhoneApp: TID:1046 .../home/michelin/workspace/Phone/src/Phone/PhoneApp.cpp:394:	requestWakeState(2), mWakeState:0
10-14 16:52:59.360  1019  1042 D nfc_service: TID:1042 .../AsyncTask.h:513:	Enter AsyncTask
10-14 16:52:59.360  1019  1042 D nfc_service: TID:1042 .../AsyncTask.h:513:	Leave AsyncTask (takes 0 millis)
10-14 16:52:59.360  1019  1042 D nfc_service: TID:1042 .../NfcService.cpp:2988:	Enter ApplyRoutingTask
10-14 16:52:59.360  1019  1042 D nfc_service: TID:1042 .../NfcService.cpp:2988:	Leave ApplyRoutingTask (takes 0 millis)
10-14 16:52:59.360  1019  1042 D nfc_service: TID:1042 .../AsyncTask.h:650:	Enter execute
10-14 16:52:59.360  1019  1042 D nfc_service: TID:1042 .../AsyncTask.h:650:	Leave execute (takes 0 millis)
10-14 16:52:59.360  1019  1042 D nfc_service: TID:1042 .../NfcService.cpp:3034:	Leave onReceive (takes 0 millis)
10-14 16:52:59.360  1019  2858 D nfc_service: TID:2858 .../AsyncTask.h:763:	Enter run
10-14 16:52:59.360  1019  2858 D nfc_service: TID:2858 .../NfcService.cpp:2996:	Enter doInBackground
10-14 16:52:59.360  1019  2858 D nfc_service: TID:2858 .../NfcService.cpp:3005:	Try Lock spService->mThisLock(0x400b9e54)
10-14 16:52:59.360   684   744 I ams     : TID:744 .../BroadcastQueue.cpp:591:	performReceive of BroadcastRecord{0x4fcdce98 u0 android.intent.action.USER_PRESENT}(2 millis)
10-14 16:52:59.360   684   744 I ams     : TID:744 .../BroadcastQueue.cpp:714:	No more ordered Broadcasts pending, so all done!
10-14 16:52:59.360   684   744 I looper_mq: TID:744 .../MessageQueue.cpp:383:	removeMessages what=5
10-14 16:52:59.360   684   744 I activity_thread: TID:744 .../ActivityThread.cpp:1526:	LIFESTAT onReceive: 0x4d663728
10-14 16:52:59.360   684   744 D NotificationService: TID:744 .../NotificationManagerService.cpp:1478:	Enter onReceive
10-14 16:52:59.360   691   695 D NotificationView: TID:695 .../home/alan/COS/workspace/CosLockScreen_U/src/notification/NotificationView.cpp:222:	notification pos, alarm: -1, calendar: -1
10-14 16:52:59.360   684   744 I NotificationService: TID:744 .../NotificationManagerService.cpp:1486:	ACTION = android.intent.action.USER_PRESENT 
10-14 16:52:59.360   684   744 D NotificationService: TID:744 .../NotificationManagerService.cpp:1478:	Leave onReceive (takes 0 millis)
10-14 16:52:59.360   684   808 I ams     : TID:808 .../ActivityManagerService.cpp:16031:	Broadcast: Intent { act=android.intent.action.keyguard_not_showing } ordered=false, callerApp=ProcessRecord{0x4ccbac48 pid=684/tid=-1/ProcessName=system/uid=1000}, callerPackage=android, resolvedType=NULL, resultTo=0x0(0x0), userId=0 (from: pid=684, uid=1000)
10-14 16:52:59.360   684   808 I ams     : TID:808 .../ActivityManagerService.cpp:15958:	[AMS] CollectReceiverComponents: Set to newReceivers
10-14 16:52:59.360   684   808 I ams     : TID:808 .../ActivityManagerService.cpp:16005:	[AMS] CollectReceiverComponents finished
10-14 16:52:59.360   684   808 I ams     : TID:808 .../ActivityManagerService.cpp:16346:	Collect 0 receivers for (null) typed broadcast Intent { act=android.intent.action.keyguard_not_showing } (time=0 ms)
10-14 16:52:59.360   691   695 D keyguardview: TID:695 .../KeyguardViewService.cpp:292:	Enter handleMessage
10-14 16:52:59.360   691   695 D keyguardview: TID:695 .../KeyguardViewService.cpp:295:	msg->what = 2
10-14 16:52:59.360   691   695 D keyguardview: TID:695 .../KeyguardViewService.cpp:302:	for HIDE
10-14 16:52:59.360   691   695 D keyguardview: TID:695 .../KeyguardViewService.cpp:953:	Enter handleHide
10-14 16:52:59.360   691   695 D keyguardview: TID:695 .../KeyguardViewService.cpp:420:	Enter removeViews
10-14 16:52:59.360   684   808 I ams     : TID:808 .../ActivityManagerService.cpp:16361:	Resolve 0 registered receivers for (null) typed broadcast Intent { act=android.intent.action.keyguard_not_showing } (time=0 ms)
10-14 16:52:59.360   691   695 D keyguardview: TID:695 .../KeyguardView.cpp:276:	Enter onScreenTurnedOff
10-14 16:52:59.360   691   695 I keyguardview: TID:695 .../KeyguardScreen.cpp:54:	CosLockScreen.pkg is about to onPause
10-14 16:52:59.360   691   695 D keyguardview: TID:695 .../KeyguardScreen.cpp:55:	Enter onPause
10-14 16:52:59.360   684   808 D keyguard: TID:808 .../KeyguardService.cpp:1121:	Enter adjustUserActivityLocked
10-14 16:52:59.360   691   695 I CosLockScreen: TID:695 .../home/alan/COS/workspace/CosLockScreen_U/src/CosLockScreen.cpp:41:	CosLockScreen_REG CosLockScreen::onPause()
10-14 16:52:59.360   684   808 D keyguard: TID:808 .../KeyguardService.cpp:1123:	mShowing = false mHidden = true
10-14 16:52:59.360   691   695 D CosLockScreenController: TID:695 .../CosLockScreenController.cpp:456:	Enter onPause
10-14 16:52:59.360   684   808 D keyguard: TID:808 .../KeyguardService.cpp:1125:	enabled = true
10-14 16:52:59.360   684   808 D keyguard: TID:808 .../KeyguardService.cpp:1133:	mScreenOn = true
10-14 16:52:59.360   698   710 I remoteviews: TID:710 .../RemoteViews.cpp:937:	RemoteViews::apply: inflate done
10-14 16:52:59.360   691   695 I looper_mq: TID:695 .../MessageQueue.cpp:383:	removeMessages what=101
10-14 16:52:59.360   698   710 I remoteviews: TID:710 .../RemoteViews.cpp:955:	RemoteViews::apply: getPackageInfo start
10-14 16:52:59.360   684   808 D keyguard: TID:808 .../KeyguardService.cpp:1121:	Leave adjustUserActivityLocked (takes 0 millis)
10-14 16:52:59.360   684   808 D keyguard: TID:808 .../KeyguardService.cpp:918:	Enter adjustStatusBarLocked
10-14 16:52:59.360   684   808 D keyguard: TID:808 .../KeyguardService.cpp:918:	Leave adjustStatusBarLocked (takes 0 millis)
10-14 16:52:59.360   684   808 D keyguard: TID:808 .../KeyguardService.cpp:893:	Leave handleHide (takes 6 millis)
10-14 16:52:59.360  1025  1046 I CallNotifier: TID:1046 .../home/michelin/workspace/Phone/src/Phone/CallNotifier.cpp:674:	isEccSwitchingForRetrying() 0
10-14 16:52:59.360  1025  1046 D ph_proxy: TID:1046 .../SPhoneProxy.cpp:651:	Enter getRingingCall
10-14 16:52:59.360   684   808 D keyguard: TID:808 .../KeyguardService.cpp:1039:	Leave handleKeyguardDone (takes 6 millis)
10-14 16:52:59.360  1025  1046 D ph_proxy: TID:1046 .../CallProxy.cpp:37:	Enter CallProxy
10-14 16:52:59.360  1025  1046 D ph_proxy: TID:1046 .../CallProxy.cpp:37:	Leave CallProxy (takes 0 millis)
10-14 16:52:59.360  1025  1046 D ph_proxy: TID:1046 .../SPhoneProxy.cpp:651:	Leave getRingingCall (takes 0 millis)
10-14 16:52:59.360  1025  1046 D ph_proxy: TID:1046 .../CallProxy.cpp:30:	Enter CallProxy
10-14 16:52:59.360  1025  1046 D ph_proxy: TID:1046 .../CallProxy.cpp:30:	Leave CallProxy (takes 0 millis)
10-14 16:52:59.360  1025  1046 D ph_proxy: TID:1046 .../CallProxy.cpp:48:	Enter ~CallProxy
10-14 16:52:59.360  1025  1046 D ph_proxy: TID:1046 .../CallProxy.cpp:48:	Leave ~CallProxy (takes 0 millis)
10-14 16:52:59.360  1019  2858 D nfc_service: TID:2858 .../NfcService.cpp:727:	Enter applyRouting
10-14 16:52:59.360  1025  1046 D ph_proxy: TID:1046 .../CallProxy.cpp:116:	Enter isIdle
10-14 16:52:59.360  1019  2858 D nfc_service: TID:2858 .../NfcService.cpp:731:	Try Lock mThisLock(0x400b9e54)
10-14 16:52:59.360  1025  1046 D ph_proxy: TID:1046 .../CallProxy.cpp:116:	Leave isIdle (takes 0 millis)
10-14 16:52:59.360  1019  2858 D nfc_service: TID:2858 .../NfcService.cpp:710:	Enter isNfcEnabledOrShuttingDown
10-14 16:52:59.360  1019  2858 D nfc_service: TID:2858 .../NfcService.cpp:712:	Try Lock mThisLock(0x400b9e54)
10-14 16:52:59.360  1025  1046 D ph_proxy: TID:1046 .../SPhoneProxy.cpp:643:	Enter getForegroundCall
10-14 16:52:59.360  1019  2858 D nfc_service: TID:2858 .../NfcService.cpp:710:	Leave isNfcEnabledOrShuttingDown (takes 0 millis)
10-14 16:52:59.360  1025  1046 D ph_proxy: TID:1046 .../CallProxy.cpp:37:	Enter CallProxy
10-14 16:52:59.360  1025  1046 D ph_proxy: TID:1046 .../CallProxy.cpp:37:	Leave CallProxy (takes 0 millis)
10-14 16:52:59.360  1019  2858 D nfc_service: TID:2858 .../NfcService.cpp:2533:	Enter WatchDogThread
10-14 16:52:59.360  1019  2858 D nfc_service: TID:2858 .../NfcService.cpp:2535:	Try Lock mThisLock(0x4af1aa88)
10-14 16:52:59.360  1025  1046 D ph_proxy: TID:1046 .../SPhoneProxy.cpp:643:	Leave getForegroundCall (takes 0 millis)
10-14 16:52:59.360  1019  2858 D nfc_service: TID:2858 .../NfcService.cpp:2533:	Leave WatchDogThread (takes 0 millis)
10-14 16:52:59.360  1025  1046 D ph_proxy: TID:1046 .../CallProxy.cpp:30:	Enter CallProxy
10-14 16:52:59.360  1025  1046 D ph_proxy: TID:1046 .../CallProxy.cpp:30:	Leave CallProxy (takes 0 millis)
10-14 16:52:59.360  1025  1046 D ph_proxy: TID:1046 .../CallProxy.cpp:48:	Enter ~CallProxy
10-14 16:52:59.360  1025  1046 D ph_proxy: TID:1046 .../CallProxy.cpp:48:	Leave ~CallProxy (takes 0 millis)
10-14 16:52:59.360  1025  1046 D ph_proxy: TID:1046 .../CallProxy.cpp:111:	Enter getState
10-14 16:52:59.360  1019  2858 D nfc_service: TID:2858 .../NfcService.cpp:776:	mScreenState = 3, mEeRoutingState = 1, mNfceeRouteEnabled = false
10-14 16:52:59.360  1025  1046 D ph_proxy: TID:1046 .../CallProxy.cpp:111:	Leave getState (takes 0 millis)
10-14 16:52:59.360  1019  2858 D nfc_service: TID:2858 .../NfcService.cpp:2570:	Enter cancel
10-14 16:52:59.360  1025  1046 D ph_proxy: TID:1046 .../SPhoneProxy.cpp:647:	Enter getBackgroundCall
10-14 16:52:59.360  1019  2858 D nfc_service: TID:2858 .../NfcService.cpp:2572:	Try Lock mMutex(0x4af1aa90)
10-14 16:52:59.360  1019  2859 D nfc_service: TID:2859 .../NfcService.cpp:2544:	Enter threadLoop
10-14 16:52:59.360  1019  2858 D nfc_service: TID:2858 .../NfcService.cpp:2570:	Leave cancel (takes 0 millis)
10-14 16:52:59.360  1025  1046 D ph_proxy: TID:1046 .../CallProxy.cpp:37:	Enter CallProxy
10-14 16:52:59.360  1019  2858 D nfc_service: TID:2858 .../NfcService.cpp:727:	Leave applyRouting (takes 0 millis)
10-14 16:52:59.360  1025  1046 D ph_proxy: TID:1046 .../CallProxy.cpp:37:	Leave CallProxy (takes 0 millis)
10-14 16:52:59.360  1025  1046 D ph_proxy: TID:1046 .../SPhoneProxy.cpp:647:	Leave getBackgroundCall (takes 0 millis)
10-14 16:52:59.360  1025  1046 D ph_proxy: TID:1046 .../CallProxy.cpp:30:	Enter CallProxy
10-14 16:52:59.360  1025  1046 D ph_proxy: TID:1046 .../CallProxy.cpp:30:	Leave CallProxy (takes 0 millis)
10-14 16:52:59.360  1025  1046 D ph_proxy: TID:1046 .../CallProxy.cpp:48:	Enter ~CallProxy
10-14 16:52:59.360  1025  1046 D ph_proxy: TID:1046 .../CallProxy.cpp:48:	Leave ~CallProxy (takes 0 millis)
10-14 16:52:59.360  1025  1046 D ph_proxy: TID:1046 .../CallProxy.cpp:111:	Enter getState
10-14 16:52:59.360  1025  1046 D ph_proxy: TID:1046 .../CallProxy.cpp:111:	Leave getState (takes 0 millis)
10-14 16:52:59.360  1025  1046 D ph_proxy: TID:1046 .../CallProxy.cpp:111:	Enter getState
10-14 16:52:59.360  1025  1046 D ph_proxy: TID:1046 .../CallProxy.cpp:111:	Leave getState (takes 0 millis)
10-14 16:52:59.360  1025  1046 D ph_proxy: TID:1046 .../CallProxy.cpp:111:	Enter getState
10-14 16:52:59.360  1025  1046 D ph_proxy: TID:1046 .../CallProxy.cpp:111:	Leave getState (takes 0 millis)
10-14 16:52:59.360  1025  1046 D PhonePage: TID:1046 .../home/michelin/workspace/Phone/src/Phone/PhonePage.cpp:1105:	updateCallStatus() ringingState:0
10-14 16:52:59.360  1025  1046 D ph_proxy: TID:1046 .../CallProxy.cpp:111:	Enter getState
10-14 16:52:59.360  1025  1046 D ph_proxy: TID:1046 .../CallProxy.cpp:111:	Leave getState (takes 0 millis)
10-14 16:52:59.360  1025  1046 D PhonePage: TID:1046 .../home/michelin/workspace/Phone/src/Phone/PhonePage.cpp:1116:	updateCallStatus() fgState:3
10-14 16:52:59.360  1025  1046 D ph_proxy: TID:1046 .../CallProxy.cpp:48:	Enter ~CallProxy
10-14 16:52:59.360  1025  1046 D ph_proxy: TID:1046 .../CallProxy.cpp:48:	Leave ~CallProxy (takes 0 millis)
10-14 16:52:59.360  1025  1046 D ph_proxy: TID:1046 .../CallProxy.cpp:48:	Enter ~CallProxy
10-14 16:52:59.360  1025  1046 D ph_proxy: TID:1046 .../CallProxy.cpp:48:	Leave ~CallProxy (takes 0 millis)
10-14 16:52:59.360  1025  1046 D ph_proxy: TID:1046 .../CallProxy.cpp:48:	Enter ~CallProxy
10-14 16:52:59.360  1025  1046 D ph_proxy: TID:1046 .../CallProxy.cpp:48:	Leave ~CallProxy (takes 0 millis)
10-14 16:52:59.360  1025  1046 D PhonePage: TID:1046 .../home/michelin/workspace/Phone/src/Phone/PhonePage.cpp:1270:	updateScreen() updateCallStatus OK mPhonePageMode:4
10-14 16:52:59.360  1025  1046 I PhoneUtils: TID:1046 .../home/michelin/workspace/Phone/src/Phone/utils/PhoneUtils.cpp:1920:	getCurrCallPhoneType() from call tab :0 
10-14 16:52:59.360  1025  1046 D ph_proxy: TID:1046 .../CallManagerProxy.cpp:47:	Enter CallManagerProxy
10-14 16:52:59.360  1025  1046 D ph_proxy: TID:1046 .../CallManagerProxy.cpp:47:	Leave CallManagerProxy (takes 0 millis)
10-14 16:52:59.360  1025  1046 D ph_proxy: TID:1046 .../CallManagerProxy.cpp:40:	Enter CallManagerProxy
10-14 16:52:59.360  1025  1046 D ph_proxy: TID:1046 .../CallManagerProxy.cpp:40:	Leave CallManagerProxy (takes 0 millis)
10-14 16:52:59.360  1025  1046 D ph_proxy: TID:1046 .../CallManagerProxy.cpp:53:	Enter ~CallManagerProxy
10-14 16:52:59.360  1025  1046 D ph_proxy: TID:1046 .../CallManagerProxy.cpp:53:	Leave ~CallManagerProxy (takes 0 millis)
10-14 16:52:59.360  1025  1046 D ph_call : TID:1046 .../CallManager.cpp:1232:	Can't find any call is active!
10-14 16:52:59.360  1025  1046 D ph_call : TID:1046 .../CallManager.cpp:1232:	Can't find any call is active!
10-14 16:52:59.360  1025  1046 I PhoneUtils: TID:1046 .../home/michelin/workspace/Phone/src/Phone/utils/PhoneUtils.cpp:1832:	>>>> CallManager <<<<
10-14 16:52:59.360  1025  1046 I PhoneUtils:  CallManager.hasActiveRingingCall():0,
10-14 16:52:59.360  1025  1046 I PhoneUtils:  CallManager.hasActiveFgCall():1,
10-14 16:52:59.360  1025  1046 I PhoneUtils:  CallManager.hasActiveBgCall():0
10-14 16:52:59.360  1025  1046 D ph_proxy: TID:1046 .../CallProxy.cpp:37:	Enter CallProxy
10-14 16:52:59.360  1025  1046 D ph_proxy: TID:1046 .../CallProxy.cpp:37:	Leave CallProxy (takes 0 millis)
10-14 16:52:59.360  1025  1046 D ph_proxy: TID:1046 .../CallProxy.cpp:30:	Enter CallProxy
10-14 16:52:59.360  1025  1046 D ph_proxy: TID:1046 .../CallProxy.cpp:30:	Leave CallProxy (takes 0 millis)
10-14 16:52:59.360  1025  1046 D ph_proxy: TID:1046 .../CallProxy.cpp:48:	Enter ~CallProxy
10-14 16:52:59.360  1025  1046 D ph_proxy: TID:1046 .../CallProxy.cpp:48:	Leave ~CallProxy (takes 0 millis)
10-14 16:52:59.360  1025  1046 D ph_proxy: TID:1046 .../CallProxy.cpp:76:	Enter getPhone
10-14 16:52:59.360  1025  1046 D ph_proxy: TID:1046 .../SPhoneProxy.cpp:138:	Enter SPhoneProxy
10-14 16:52:59.360  1025  1046 D ph_proxy: TID:1046 .../SPhoneProxy.cpp:138:	Leave SPhoneProxy (takes 0 millis)
10-14 16:52:59.360  1025  1046 D ph_proxy: TID:1046 .../CallProxy.cpp:76:	Leave getPhone (takes 0 millis)
10-14 16:52:59.360  1025  1046 D ph_proxy: TID:1046 .../SPhoneProxy.cpp:131:	Enter SPhoneProxy
10-14 16:52:59.360  1025  1046 D ph_proxy: TID:1046 .../SPhoneProxy.cpp:131:	Leave SPhoneProxy (takes 0 millis)
10-14 16:52:59.360  1025  1046 D ph_proxy: TID:1046 .../SPhoneProxy.cpp:149:	Enter ~SPhoneProxy
10-14 16:52:59.360  1025  1046 D ph_proxy: TID:1046 .../SPhoneProxy.cpp:149:	Leave ~SPhoneProxy (takes 0 millis)
10-14 16:52:59.360  1025  1046 D ph_proxy: TID:1046 .../SPhoneProxy.cpp:257:	Enter getPhoneType
10-14 16:52:59.360  1025  1046 D ph_proxy: TID:1046 .../SPhoneProxy.cpp:257:	Leave getPhoneType (takes 0 millis)
10-14 16:52:59.360  1025  1046 D ph_proxy: TID:1046 .../SPhoneProxy.cpp:149:	Enter ~SPhoneProxy
10-14 16:52:59.360  1025  1046 D ph_proxy: TID:1046 .../SPhoneProxy.cpp:149:	Leave ~SPhoneProxy (takes 0 millis)
10-14 16:52:59.360  1025  1046 I PhoneUtils: TID:1046 .../home/michelin/workspace/Phone/src/Phone/utils/PhoneUtils.cpp:1861:	resolveTopCallPhoneType() fg phone:1 
10-14 16:52:59.360  1025  1046 D ph_proxy: TID:1046 .../CallProxy.cpp:48:	Enter ~CallProxy
10-14 16:52:59.360  1025  1046 D ph_proxy: TID:1046 .../CallProxy.cpp:48:	Leave ~CallProxy (takes 0 millis)
10-14 16:52:59.360  1025  1046 D ph_proxy: TID:1046 .../CallManagerProxy.cpp:53:	Enter ~CallManagerProxy
10-14 16:52:59.360  1025  1046 D ph_proxy: TID:1046 .../CallManagerProxy.cpp:53:	Leave ~CallManagerProxy (takes 0 millis)
10-14 16:52:59.360  1025  1046 I PhoneUtils: TID:1046 .../home/michelin/workspace/Phone/src/Phone/utils/PhoneUtils.cpp:1924:	getCurrCallPhoneType() from call list:1 
10-14 16:52:59.360  1025  1046 I CallCard: TID:1046 .../home/michelin/workspace/Phone/src/Phone/CallCard.cpp:103:	updateState(1)
10-14 16:52:59.360  1025  1046 I PhoneUtils: TID:1046 .../home/michelin/workspace/Phone/src/Phone/utils/PhoneUtils.cpp:1730:	 PhoneUtils: >>>>>>>>>>>>>>>>>>>>>>>> dumpCallState() -s
10-14 16:52:59.360  1025  1046 D ph_proxy: TID:1046 .../SPhoneProxy.cpp:138:	Enter SPhoneProxy
10-14 16:52:59.360  1025  1046 D ph_proxy: TID:1046 .../SPhoneProxy.cpp:138:	Leave SPhoneProxy (takes 0 millis)
10-14 16:52:59.360  1025  1046 D ph_proxy: TID:1046 .../SPhoneProxy.cpp:131:	Enter SPhoneProxy
10-14 16:52:59.360  1025  1046 D ph_proxy: TID:1046 .../SPhoneProxy.cpp:131:	Leave SPhoneProxy (takes 0 millis)
10-14 16:52:59.360  1025  1046 D ph_proxy: TID:1046 .../SPhoneProxy.cpp:131:	Enter SPhoneProxy
10-14 16:52:59.360  1025  1046 D ph_proxy: TID:1046 .../SPhoneProxy.cpp:131:	Leave SPhoneProxy (takes 0 millis)
10-14 16:52:59.360  1025  1046 D ph_proxy: TID:1046 .../SPhoneProxy.cpp:131:	Enter SPhoneProxy
10-14 16:52:59.360  1025  1046 D ph_proxy: TID:1046 .../SPhoneProxy.cpp:131:	Leave SPhoneProxy (takes 0 millis)
10-14 16:52:59.360  1025  1046 D ph_proxy: TID:1046 .../SPhoneProxy.cpp:149:	Enter ~SPhoneProxy
10-14 16:52:59.360  1025  1046 D ph_proxy: TID:1046 .../SPhoneProxy.cpp:149:	Leave ~SPhoneProxy (takes 0 millis)
10-14 16:52:59.360  1025  1046 D ph_proxy: TID:1046 .../SPhoneProxy.cpp:149:	Enter ~SPhoneProxy
10-14 16:52:59.360  1025  1046 D ph_proxy: TID:1046 .../SPhoneProxy.cpp:149:	Leave ~SPhoneProxy (takes 0 millis)
10-14 16:52:59.360  1025  1046 D ph_proxy: TID:1046 .../SPhoneProxy.cpp:131:	Enter SPhoneProxy
10-14 16:52:59.360  1025  1046 D ph_proxy: TID:1046 .../SPhoneProxy.cpp:131:	Leave SPhoneProxy (takes 0 millis)
10-14 16:52:59.360  1025  1046 D ph_proxy: TID:1046 .../SPhoneProxy.cpp:253:	Enter getPhoneName
10-14 16:52:59.360  1025  1046 D ph_proxy: TID:1046 .../SPhoneProxy.cpp:253:	Leave getPhoneName (takes 0 millis)
10-14 16:52:59.360  1025  1046 D PhoneUtils: TID:1046 .../home/michelin/workspace/Phone/src/Phone/utils/PhoneUtils.cpp:1319:	------- dump Phone[GSM] begin-----
10-14 16:52:59.360  1025  1046 D ph_proxy: TID:1046 .../SPhoneProxy.cpp:651:	Enter getRingingCall
10-14 16:52:59.360  1025  1046 D ph_proxy: TID:1046 .../CallProxy.cpp:37:	Enter CallProxy
10-14 16:52:59.360  1025  1046 D ph_proxy: TID:1046 .../CallProxy.cpp:37:	Leave CallProxy (takes 0 millis)
10-14 16:52:59.360  1025  1046 D ph_proxy: TID:1046 .../SPhoneProxy.cpp:651:	Leave getRingingCall (takes 0 millis)
10-14 16:52:59.360  1025  1046 D ph_proxy: TID:1046 .../CallProxy.cpp:30:	Enter CallProxy
10-14 16:52:59.360  1025  1046 D ph_proxy: TID:1046 .../CallProxy.cpp:30:	Leave CallProxy (takes 0 millis)
10-14 16:52:59.360  1025  1046 D ph_proxy: TID:1046 .../CallProxy.cpp:48:	Enter ~CallProxy
10-14 16:52:59.360  1025  1046 D ph_proxy: TID:1046 .../CallProxy.cpp:48:	Leave ~CallProxy (takes 0 millis)
10-14 16:52:59.360  1025  1046 D ph_proxy: TID:1046 .../SPhoneProxy.cpp:643:	Enter getForegroundCall
10-14 16:52:59.360  1025  1046 D ph_proxy: TID:1046 .../CallProxy.cpp:37:	Enter CallProxy
10-14 16:52:59.360  1025  1046 D ph_proxy: TID:1046 .../CallProxy.cpp:37:	Leave CallProxy (takes 0 millis)
10-14 16:52:59.360  1025  1046 D ph_proxy: TID:1046 .../SPhoneProxy.cpp:643:	Leave getForegroundCall (takes 0 millis)
10-14 16:52:59.360  1025  1046 D ph_proxy: TID:1046 .../CallProxy.cpp:30:	Enter CallProxy
10-14 16:52:59.360  1025  1046 D ph_proxy: TID:1046 .../CallProxy.cpp:30:	Leave CallProxy (takes 0 millis)
10-14 16:52:59.360  1025  1046 D ph_proxy: TID:1046 .../CallProxy.cpp:48:	Enter ~CallProxy
10-14 16:52:59.360  1025  1046 D ph_proxy: TID:1046 .../CallProxy.cpp:48:	Leave ~CallProxy (takes 0 millis)
10-14 16:52:59.360  1025  1046 D ph_proxy: TID:1046 .../SPhoneProxy.cpp:647:	Enter getBackgroundCall
10-14 16:52:59.360  1025  1046 D ph_proxy: TID:1046 .../CallProxy.cpp:37:	Enter CallProxy
10-14 16:52:59.360  1025  1046 D ph_proxy: TID:1046 .../CallProxy.cpp:37:	Leave CallProxy (takes 0 millis)
10-14 16:52:59.360  1025  1046 D ph_proxy: TID:1046 .../SPhoneProxy.cpp:647:	Leave getBackgroundCall (takes 0 millis)
10-14 16:52:59.360  1025  1046 D ph_proxy: TID:1046 .../CallProxy.cpp:30:	Enter CallProxy
10-14 16:52:59.360  1025  1046 D ph_proxy: TID:1046 .../CallProxy.cpp:30:	Leave CallProxy (takes 0 millis)
10-14 16:52:59.360  1025  1046 D ph_proxy: TID:1046 .../CallProxy.cpp:48:	Enter ~CallProxy
10-14 16:52:59.360  1025  1046 D ph_proxy: TID:1046 .../CallProxy.cpp:48:	Leave ~CallProxy (takes 0 millis)
10-14 16:52:59.360  1025  1046 D ph_proxy: TID:1046 .../SPhoneProxy.cpp:249:	Enter getState
10-14 16:52:59.360  1025  1046 D ph_proxy: TID:1046 .../SPhoneProxy.cpp:249:	Leave getState (takes 0 millis)
10-14 16:52:59.360  1025  1046 D ph_proxy: TID:1046 .../CallProxy.cpp:111:	Enter getState
10-14 16:52:59.360  1025  1046 D ph_proxy: TID:1046 .../CallProxy.cpp:111:	Leave getState (takes 0 millis)
10-14 16:52:59.360  1025  1046 D ph_proxy: TID:1046 .../CallProxy.cpp:111:	Enter getState
10-14 16:52:59.360  1025  1046 D ph_proxy: TID:1046 .../CallProxy.cpp:111:	Leave getState (takes 0 millis)
10-14 16:52:59.360  1025  1046 D ph_proxy: TID:1046 .../CallProxy.cpp:111:	Enter getState
10-14 16:52:59.360  1025  1046 D ph_proxy: TID:1046 .../CallProxy.cpp:111:	Leave getState (takes 0 millis)
10-14 16:52:59.360  1025  1046 I PhoneUtils: TID:1046 .../home/michelin/workspace/Phone/src/Phone/utils/PhoneUtils.cpp:1325:	--[PHONE CALL LIST]-- State: OFFHOOK, RINGING: IDLE, FORGROUND: DIALING, BACKGROUND: IDLE
10-14 16:52:59.360  1025  1046 D ph_proxy: TID:1046 .../SPhoneProxy.cpp:257:	Enter getPhoneType
10-14 16:52:59.360  1025  1046 D ph_proxy: TID:1046 .../SPhoneProxy.cpp:257:	Leave getPhoneType (takes 0 millis)
10-14 16:52:59.360  1025  1046 D ph_proxy: TID:1046 .../CallProxy.cpp:48:	Enter ~CallProxy
10-14 16:52:59.360  1025  1046 D ph_proxy: TID:1046 .../CallProxy.cpp:48:	Leave ~CallProxy (takes 0 millis)
10-14 16:52:59.360  1025  1046 D ph_proxy: TID:1046 .../CallProxy.cpp:48:	Enter ~CallProxy
10-14 16:52:59.360  1025  1046 D ph_proxy: TID:1046 .../CallProxy.cpp:48:	Leave ~CallProxy (takes 0 millis)
10-14 16:52:59.360  1025  1046 D ph_proxy: TID:1046 .../CallProxy.cpp:48:	Enter ~CallProxy
10-14 16:52:59.360  1025  1046 D ph_proxy: TID:1046 .../CallProxy.cpp:48:	Leave ~CallProxy (takes 0 millis)
10-14 16:52:59.360  1025  1046 D ph_proxy: TID:1046 .../SPhoneProxy.cpp:149:	Enter ~SPhoneProxy
10-14 16:52:59.360  1025  1046 D ph_proxy: TID:1046 .../SPhoneProxy.cpp:149:	Leave ~SPhoneProxy (takes 0 millis)
10-14 16:52:59.360  1025  1046 D ph_call : TID:1046 .../CallManager.cpp:1232:	Can't find any call is active!
10-14 16:52:59.360  1025  1046 D ph_call : TID:1046 .../CallManager.cpp:1232:	Can't find any call is active!
10-14 16:52:59.360  1025  1046 D ph_call : TID:1046 .../CallManager.cpp:1232:	Can't find any call is active!
10-14 16:52:59.360  1025  1046 D ph_call : TID:1046 .../CallManager.cpp:1232:	Can't find any call is active!
10-14 16:52:59.360  1025  1046 I PhoneUtils: TID:1046 .../home/michelin/workspace/Phone/src/Phone/utils/PhoneUtils.cpp:1345:	 CallManager.getState: OFFHOOK, hasActiveRingingCall: 0, hasActiveFgCall: 1, hasActiveBgCall: 0
10-14 16:52:59.360  1025  1046 D ph_proxy: TID:1046 .../CallProxy.cpp:37:	Enter CallProxy
10-14 16:52:59.360  1025  1046 D ph_proxy: TID:1046 .../CallProxy.cpp:37:	Leave CallProxy (takes 0 millis)
10-14 16:52:59.360  1025  1046 D ph_proxy: TID:1046 .../CallProxy.cpp:30:	Enter CallProxy
10-14 16:52:59.360  1025  1046 D ph_proxy: TID:1046 .../CallProxy.cpp:30:	Leave CallProxy (takes 0 millis)
10-14 16:52:59.360  1025  1046 D ph_proxy: TID:1046 .../CallProxy.cpp:48:	Enter ~CallProxy
10-14 16:52:59.360  1025  1046 D ph_proxy: TID:1046 .../CallProxy.cpp:48:	Leave ~CallProxy (takes 0 millis)
10-14 16:52:59.360  1025  1046 D ph_proxy: TID:1046 .../CallProxy.cpp:111:	Enter getState
10-14 16:52:59.360  1025  1046 D ph_proxy: TID:1046 .../CallProxy.cpp:111:	Leave getState (takes 0 millis)
10-14 16:52:59.360  1025  1046 D ph_proxy: TID:1046 .../CallProxy.cpp:76:	Enter getPhone
10-14 16:52:59.360  1025  1046 D ph_proxy: TID:1046 .../SPhoneProxy.cpp:138:	Enter SPhoneProxy
10-14 16:52:59.360  1025  1046 D ph_proxy: TID:1046 .../SPhoneProxy.cpp:138:	Leave SPhoneProxy (takes 0 millis)
10-14 16:52:59.360  1025  1046 D ph_proxy: TID:1046 .../CallProxy.cpp:76:	Leave getPhone (takes 0 millis)
10-14 16:52:59.360  1025  1046 D ph_proxy: TID:1046 .../SPhoneProxy.cpp:131:	Enter SPhoneProxy
10-14 16:52:59.360  1025  1046 D ph_proxy: TID:1046 .../SPhoneProxy.cpp:131:	Leave SPhoneProxy (takes 0 millis)
10-14 16:52:59.360  1025  1046 D ph_proxy: TID:1046 .../SPhoneProxy.cpp:149:	Enter ~SPhoneProxy
10-14 16:52:59.360  1025  1046 D ph_proxy: TID:1046 .../SPhoneProxy.cpp:149:	Leave ~SPhoneProxy (takes 0 millis)
10-14 16:52:59.360  1025  1046 D ph_proxy: TID:1046 .../SPhoneProxy.cpp:257:	Enter getPhoneType
10-14 16:52:59.360  1025  1046 D ph_proxy: TID:1046 .../SPhoneProxy.cpp:257:	Leave getPhoneType (takes 0 millis)
10-14 16:52:59.360  1025  1046 D ph_proxy: TID:1046 .../CallProxy.cpp:76:	Enter getPhone
10-14 16:52:59.360  1025  1046 D ph_proxy: TID:1046 .../SPhoneProxy.cpp:138:	Enter SPhoneProxy
10-14 16:52:59.360  1025  1046 D ph_proxy: TID:1046 .../SPhoneProxy.cpp:138:	Leave SPhoneProxy (takes 0 millis)
10-14 16:52:59.360  1025  1046 D ph_proxy: TID:1046 .../CallProxy.cpp:76:	Leave getPhone (takes 0 millis)
10-14 16:52:59.360  1025  1046 D ph_proxy: TID:1046 .../SPhoneProxy.cpp:131:	Enter SPhoneProxy
10-14 16:52:59.360  1025  1046 D ph_proxy: TID:1046 .../SPhoneProxy.cpp:131:	Leave SPhoneProxy (takes 1 millis)
10-14 16:52:59.360  1025  1046 D ph_proxy: TID:1046 .../SPhoneProxy.cpp:149:	Enter ~SPhoneProxy
10-14 16:52:59.360  1025  1046 D ph_proxy: TID:1046 .../SPhoneProxy.cpp:149:	Leave ~SPhoneProxy (takes 0 millis)
10-14 16:52:59.360  1025  1046 D ph_proxy: TID:1046 .../SPhoneProxy.cpp:253:	Enter getPhoneName
10-14 16:52:59.360  1025  1046 D ph_proxy: TID:1046 .../SPhoneProxy.cpp:253:	Leave getPhoneName (takes 0 millis)
10-14 16:52:59.360  1025  1046 I PhoneUtils: TID:1046 .../home/michelin/workspace/Phone/src/Phone/utils/PhoneUtils.cpp:1349:	getFirstActiveRingingCall-: IDLE, Phone(1: GSM)
10-14 16:52:59.360  1025  1046 D ph_proxy: TID:1046 .../SPhoneProxy.cpp:149:	Enter ~SPhoneProxy
10-14 16:52:59.360  1025  1046 D ph_proxy: TID:1046 .../SPhoneProxy.cpp:149:	Leave ~SPhoneProxy (takes 0 millis)
10-14 16:52:59.360  1025  1046 D ph_proxy: TID:1046 .../SPhoneProxy.cpp:149:	Enter ~SPhoneProxy
10-14 16:52:59.360  1025  1046 D ph_proxy: TID:1046 .../SPhoneProxy.cpp:149:	Leave ~SPhoneProxy (takes 0 millis)
10-14 16:52:59.360  1025  1046 D ph_proxy: TID:1046 .../CallProxy.cpp:37:	Enter CallProxy
