10-14 16:52:59.651  1025  1046 D BluetoothHFP: TID:1046 ... /BluetoothHandsfree.cpp:6162  Leave isInDualphoneCall() took 0 ms <=== 
10-14 16:52:59.651  1025  1046 D BluetoothHFP: TID:1046 ... /BluetoothHandsfree.cpp:6162  Enter isInDualphoneCall() ===> 
10-14 16:52:59.651  1025  1046 D BluetoothHFP: TID:1046 ... /BluetoothHandsfree.cpp:6162  Leave isInDualphoneCall() took 0 ms <=== 
10-14 16:52:59.651  1025  1046 D ph_proxy: TID:1046 .../CallProxy.cpp:126:	Enter getEarliestConnectTime
10-14 16:52:59.651  1025  1046 D ph_proxy: TID:1046 .../CallProxy.cpp:126:	Leave getEarliestConnectTime (takes 0 millis)
10-14 16:52:59.651  1025  1046 D ph_proxy: TID:1046 .../CallProxy.cpp:126:	Enter getEarliestConnectTime
10-14 16:52:59.651  1025  1046 D ph_proxy: TID:1046 .../CallProxy.cpp:126:	Leave getEarliestConnectTime (takes 0 millis)
10-14 16:52:59.651  1025  1046 D ph_proxy: TID:1046 .../CallProxy.cpp:48:	Enter ~CallProxy
10-14 16:52:59.651  1025  1046 D ph_proxy: TID:1046 .../CallProxy.cpp:48:	Leave ~CallProxy (takes 0 millis)
10-14 16:52:59.651  1025  1046 D ph_proxy: TID:1046 .../CallProxy.cpp:48:	Enter ~CallProxy
10-14 16:52:59.651  1025  1046 D ph_proxy: TID:1046 .../CallProxy.cpp:48:	Leave ~CallProxy (takes 0 millis)
10-14 16:52:59.651  1025  1046 D ph_proxy: TID:1046 .../CallProxy.cpp:48:	Enter ~CallProxy
10-14 16:52:59.651  1025  1046 D ph_proxy: TID:1046 .../CallProxy.cpp:48:	Leave ~CallProxy (takes 0 millis)
10-14 16:52:59.651  1025  1046 D BluetoothHFP: TID:1046 ... /BluetoothHandsfree.cpp:718  Leave handlePreciseCallStateChange() took 4 ms <=== 
10-14 16:52:59.651  1025  1046 D ph_proxy: TID:1046 .../PhoneResultProxy.cpp:66:	Enter ~PhoneResultProxy
10-14 16:52:59.651  1025  1046 D ph_proxy: TID:1046 .../PhoneResultProxy.cpp:66:	Leave ~PhoneResultProxy (takes 0 millis)
10-14 16:52:59.651  1025  1046 D ph_proxy: TID:1046 .../PhoneResultProxy.cpp:66:	Enter ~PhoneResultProxy
10-14 16:52:59.651  1025  1046 D ph_proxy: TID:1046 .../PhoneResultProxy.cpp:66:	Leave ~PhoneResultProxy (takes 0 millis)
10-14 16:52:59.651  1025  1046 D ph_proxy: TID:1046 .../PhoneCallbackHandler.cpp:41:	Leave handleMessage (takes 4 millis)
10-14 16:52:59.651  1025  1046 D ph_proxy: TID:1046 .../PhoneCallbackHandler.cpp:41:	Enter handleMessage
10-14 16:52:59.651  1025  1046 D ph_proxy: TID:1046 .../PhoneCallbackHandler.cpp:42:	PhoneCallbackHandler: what=0, org_what=0
10-14 16:52:59.651  1025  1046 D ph_proxy: TID:1046 .../PhoneResultProxy.cpp:55:	Enter PhoneResultProxy
10-14 16:52:59.651  1025  1046 D ph_proxy: TID:1046 .../PhoneResultProxy.cpp:55:	Leave PhoneResultProxy (takes 0 millis)
10-14 16:52:59.651  1025  1046 D ph_proxy: TID:1046 .../PhoneCallbackHandler.cpp:49:	NULL? result:0 after_cast:0
10-14 16:52:59.651  1025  1046 D ph_proxy: TID:1046 .../PhoneCallbackHandler.cpp:69:	pending arg1 as what:0
10-14 16:52:59.651  1025  1046 D ph_proxy: TID:1046 .../PhoneResultProxy.cpp:48:	Enter PhoneResultProxy
10-14 16:52:59.651  1025  1046 D ph_proxy: TID:1046 .../PhoneResultProxy.cpp:48:	Leave PhoneResultProxy (takes 0 millis)
10-14 16:52:59.651  1025  1046 I CallNotifier: TID:1046 .../home/michelin/workspace/Phone/src/Phone/CallNotifier.cpp:73:	handleMessage(0)
10-14 16:52:59.651  1025  1046 I CallNotifier: TID:1046 .../home/michelin/workspace/Phone/src/Phone/CallNotifier.cpp:77:	handleMessage: PHONE_STATE_CHANGED, state: 2
10-14 16:52:59.651  1025  1046 D ph_proxy: TID:1046 .../CallManagerProxy.cpp:47:	Enter CallManagerProxy
10-14 16:52:59.651  1025  1046 D ph_proxy: TID:1046 .../CallManagerProxy.cpp:47:	Leave CallManagerProxy (takes 0 millis)
10-14 16:52:59.651  1025  1046 D ph_proxy: TID:1046 .../CallManagerProxy.cpp:40:	Enter CallManagerProxy
10-14 16:52:59.651  1025  1046 D ph_proxy: TID:1046 .../CallManagerProxy.cpp:40:	Leave CallManagerProxy (takes 0 millis)
10-14 16:52:59.651  1025  1046 D ph_proxy: TID:1046 .../CallManagerProxy.cpp:53:	Enter ~CallManagerProxy
10-14 16:52:59.651  1025  1046 D ph_proxy: TID:1046 .../CallManagerProxy.cpp:53:	Leave ~CallManagerProxy (takes 0 millis)
10-14 16:52:59.651  1025  1046 D ph_call : TID:1046 .../CallManager.cpp:1232:	Can't find any call is active!
10-14 16:52:59.651  1025  1046 D ph_call : TID:1046 .../CallManager.cpp:1232:	Can't find any call is active!
10-14 16:52:59.651  1025  1046 D ph_proxy: TID:1046 .../CallProxy.cpp:37:	Enter CallProxy
10-14 16:52:59.651  1025  1046 D ph_proxy: TID:1046 .../CallProxy.cpp:37:	Leave CallProxy (takes 0 millis)
10-14 16:52:59.651  1025  1046 D ph_proxy: TID:1046 .../CallProxy.cpp:30:	Enter CallProxy
10-14 16:52:59.651  1025  1046 D ph_proxy: TID:1046 .../CallProxy.cpp:30:	Leave CallProxy (takes 0 millis)
10-14 16:52:59.651  1025  1046 D ph_proxy: TID:1046 .../CallProxy.cpp:48:	Enter ~CallProxy
10-14 16:52:59.651  1025  1046 D ph_proxy: TID:1046 .../CallProxy.cpp:48:	Leave ~CallProxy (takes 0 millis)
10-14 16:52:59.651  1025  1046 D ph_proxy: TID:1046 .../CallProxy.cpp:37:	Enter CallProxy
10-14 16:52:59.651  1025  1046 D ph_proxy: TID:1046 .../CallProxy.cpp:37:	Leave CallProxy (takes 0 millis)
10-14 16:52:59.651  1025  1046 D ph_proxy: TID:1046 .../CallProxy.cpp:30:	Enter CallProxy
10-14 16:52:59.651  1025  1046 D ph_proxy: TID:1046 .../CallProxy.cpp:30:	Leave CallProxy (takes 0 millis)
10-14 16:52:59.651  1025  1046 D ph_proxy: TID:1046 .../CallProxy.cpp:48:	Enter ~CallProxy
10-14 16:52:59.651  1025  1046 D ph_proxy: TID:1046 .../CallProxy.cpp:48:	Leave ~CallProxy (takes 0 millis)
10-14 16:52:59.651  1025  1046 D ph_proxy: TID:1046 .../CallProxy.cpp:37:	Enter CallProxy
10-14 16:52:59.651  1025  1046 D ph_proxy: TID:1046 .../CallProxy.cpp:37:	Leave CallProxy (takes 0 millis)
10-14 16:52:59.651  1025  1046 D ph_proxy: TID:1046 .../CallProxy.cpp:30:	Enter CallProxy
10-14 16:52:59.651  1025  1046 D ph_proxy: TID:1046 .../CallProxy.cpp:30:	Leave CallProxy (takes 0 millis)
10-14 16:52:59.651  1025  1046 D ph_proxy: TID:1046 .../CallProxy.cpp:48:	Enter ~CallProxy
10-14 16:52:59.651  1025  1046 D ph_proxy: TID:1046 .../CallProxy.cpp:48:	Leave ~CallProxy (takes 0 millis)
10-14 16:52:59.651  1025  1046 I CallNotifier: TID:1046 .../home/michelin/workspace/Phone/src/Phone/CallNotifier.cpp:467:	onPhoneStateChanged() state: OFFHOOK
10-14 16:52:59.651  1025  1046 I CallNotifier: TID:1046 .../home/michelin/workspace/Phone/src/Phone/CallNotifier.cpp:468:	onPhoneStateChanged() mOldCallState: DIALING
10-14 16:52:59.651  1025  1046 I CallNotifier: TID:1046 .../home/michelin/workspace/Phone/src/Phone/CallNotifier.cpp:469:	hasRingingCall=0 hasActiveCall=1 hasHoldingCall=0
10-14 16:52:59.651  1025  1046 D ph_proxy: TID:1046 .../CallProxy.cpp:111:	Enter getState
10-14 16:52:59.651  1025  1046 D ph_proxy: TID:1046 .../CallProxy.cpp:111:	Leave getState (takes 0 millis)
10-14 16:52:59.651  1025  1046 I sensor_manager: Registering a sensor listener: listener=0x60c625c4, sensor=CM36282 Proximity sensor, rate=3
10-14 16:52:59.651   684  1071 D SensorService: enable: connection.get() = 0x4ff5cbd0, (4.1.1)[Disable virtual sensors]
10-14 16:52:59.651   684  1071 D SensorService: enable: get sensor name = CM36282 Proximity sensor
10-14 16:52:59.651   684  1071 D SensorService: [Sensor] SensorDevice::activate++: handle=0x07, enabled = 0x1
10-14 16:52:59.651   684  1071 D SensorService: SensorDevice::activate--: handle = 0x7, enabled = 0x1
10-14 16:52:59.651   684  1071 D SensorService: pid=1025, uid=1001
10-14 16:52:59.651   684  1071 D SensorService: Active sensors:
10-14 16:52:59.651   684  1071 D SensorService: CM36282 Proximity sensor (handle=0x00000007, connections=2)
10-14 16:52:59.651   684  1071 D SensorService: CM36282 Light sensor (handle=0x00000008, connections=1)
10-14 16:52:59.651  1025  1046 I KPI     : KPI_PATTERN = sensor_KPI, KPI_OBJECT = SensorManager::registerListener, KPI_TYPE = START
10-14 16:52:59.651  1025  1046 D ph_proxy: TID:1046 .../SPhoneProxy.cpp:651:	Enter getRingingCall
10-14 16:52:59.651  1025  1046 D ph_proxy: TID:1046 .../CallProxy.cpp:37:	Enter CallProxy
10-14 16:52:59.651  1025  1046 D ph_proxy: TID:1046 .../CallProxy.cpp:37:	Leave CallProxy (takes 0 millis)
10-14 16:52:59.651  1025  1046 D ph_proxy: TID:1046 .../SPhoneProxy.cpp:651:	Leave getRingingCall (takes 0 millis)
10-14 16:52:59.651  1025  1046 D ph_proxy: TID:1046 .../CallProxy.cpp:30:	Enter CallProxy
10-14 16:52:59.651  1025  1046 D ph_proxy: TID:1046 .../CallProxy.cpp:30:	Leave CallProxy (takes 0 millis)
10-14 16:52:59.651  1025  1046 D ph_proxy: TID:1046 .../CallProxy.cpp:48:	Enter ~CallProxy
10-14 16:52:59.651  1025  1046 D ph_proxy: TID:1046 .../CallProxy.cpp:48:	Leave ~CallProxy (takes 0 millis)
10-14 16:52:59.651  1025  1046 D ph_proxy: TID:1046 .../SPhoneProxy.cpp:643:	Enter getForegroundCall
10-14 16:52:59.651  1025  1046 D ph_proxy: TID:1046 .../CallProxy.cpp:37:	Enter CallProxy
10-14 16:52:59.651  1025  1046 D ph_proxy: TID:1046 .../CallProxy.cpp:37:	Leave CallProxy (takes 0 millis)
10-14 16:52:59.651  1025  1046 D ph_proxy: TID:1046 .../SPhoneProxy.cpp:643:	Leave getForegroundCall (takes 0 millis)
10-14 16:52:59.651  1025  1046 D ph_proxy: TID:1046 .../CallProxy.cpp:30:	Enter CallProxy
10-14 16:52:59.651  1025  1046 D ph_proxy: TID:1046 .../CallProxy.cpp:30:	Leave CallProxy (takes 0 millis)
10-14 16:52:59.651  1025  1046 D ph_proxy: TID:1046 .../CallProxy.cpp:48:	Enter ~CallProxy
10-14 16:52:59.651  1025  1046 D ph_proxy: TID:1046 .../CallProxy.cpp:48:	Leave ~CallProxy (takes 0 millis)
10-14 16:52:59.651  1025  1046 D ph_proxy: TID:1046 .../SPhoneProxy.cpp:647:	Enter getBackgroundCall
10-14 16:52:59.651  1025  1046 D ph_proxy: TID:1046 .../CallProxy.cpp:37:	Enter CallProxy
10-14 16:52:59.651  1025  1046 D ph_proxy: TID:1046 .../CallProxy.cpp:37:	Leave CallProxy (takes 0 millis)
10-14 16:52:59.651  1025  1046 D ph_proxy: TID:1046 .../SPhoneProxy.cpp:647:	Leave getBackgroundCall (takes 0 millis)
10-14 16:52:59.651  1025  1046 D ph_proxy: TID:1046 .../CallProxy.cpp:30:	Enter CallProxy
10-14 16:52:59.651  1025  1046 D ph_proxy: TID:1046 .../CallProxy.cpp:30:	Leave CallProxy (takes 0 millis)
10-14 16:52:59.651  1025  1046 D ph_proxy: TID:1046 .../CallProxy.cpp:48:	Enter ~CallProxy
10-14 16:52:59.651  1025  1046 D ph_proxy: TID:1046 .../CallProxy.cpp:48:	Leave ~CallProxy (takes 0 millis)
10-14 16:52:59.651  1025  1046 D ph_proxy: TID:1046 .../SPhoneProxy.cpp:257:	Enter getPhoneType
10-14 16:52:59.651  1025  1046 D ph_proxy: TID:1046 .../SPhoneProxy.cpp:257:	Leave getPhoneType (takes 0 millis)
10-14 16:52:59.651  1025  1046 I PhoneUtils: TID:1046 .../home/michelin/workspace/Phone/src/Phone/utils/PhoneUtils.cpp:1892:	getCurrConnection() phone: 1
10-14 16:52:59.651  1025  1046 D ph_proxy: TID:1046 .../CallProxy.cpp:136:	Enter isRinging
10-14 16:52:59.651  1025  1046 D ph_proxy: TID:1046 .../CallProxy.cpp:136:	Leave isRinging (takes 0 millis)
10-14 16:52:59.651  1025  1046 D ph_proxy: TID:1046 .../CallProxy.cpp:116:	Enter isIdle
10-14 16:52:59.651  1025  1046 D ph_proxy: TID:1046 .../CallProxy.cpp:116:	Leave isIdle (takes 0 millis)
10-14 16:52:59.651  1025  1046 I PhoneUtils: TID:1046 .../home/michelin/workspace/Phone/src/Phone/utils/PhoneUtils.cpp:1730:	 PhoneUtils: get fg call ...
10-14 16:52:59.651  1025  1046 D ph_proxy: TID:1046 .../CallProxy.cpp:81:	Enter getEarliestConnection
10-14 16:52:59.651  1025  1046 D ph_proxy: TID:1046 .../ConnectionProxy.cpp:44:	Enter ConnectionProxy
10-14 16:52:59.651  1025  1046 D ph_proxy: TID:1046 .../ConnectionProxy.cpp:44:	Leave ConnectionProxy (takes 0 millis)
10-14 16:52:59.651  1025  1046 D ph_proxy: TID:1046 .../CallProxy.cpp:81:	Leave getEarliestConnection (takes 0 millis)
10-14 16:52:59.651  1025  1046 D ph_proxy: TID:1046 .../ConnectionProxy.cpp:37:	Enter ConnectionProxy
10-14 16:52:59.651  1025  1046 D ph_proxy: TID:1046 .../ConnectionProxy.cpp:37:	Leave ConnectionProxy (takes 0 millis)
10-14 16:52:59.651  1025  1046 D ph_proxy: TID:1046 .../ConnectionProxy.cpp:54:	Enter ~ConnectionProxy
10-14 16:52:59.651  1025  1046 D ph_proxy: TID:1046 .../ConnectionProxy.cpp:54:	Leave ~ConnectionProxy (takes 0 millis)
10-14 16:52:59.651  1025  1046 D ph_proxy: TID:1046 .../CallProxy.cpp:48:	Enter ~CallProxy
10-14 16:52:59.651  1025  1046 D ph_proxy: TID:1046 .../CallProxy.cpp:48:	Leave ~CallProxy (takes 0 millis)
10-14 16:52:59.651  1025  1046 D ph_proxy: TID:1046 .../CallProxy.cpp:48:	Enter ~CallProxy
10-14 16:52:59.651  1025  1046 D ph_proxy: TID:1046 .../CallProxy.cpp:48:	Leave ~CallProxy (takes 0 millis)
10-14 16:52:59.651  1025  1046 D ph_proxy: TID:1046 .../CallProxy.cpp:48:	Enter ~CallProxy
10-14 16:52:59.651  1025  1046 D ph_proxy: TID:1046 .../CallProxy.cpp:48:	Leave ~CallProxy (takes 0 millis)
10-14 16:52:59.651  1025  1046 D ph_proxy: TID:1046 .../ConnectionProxy.cpp:133:	Enter getState
10-14 16:52:59.651  1025  1046 D ph_proxy: TID:1046 .../ConnectionProxy.cpp:133:	Leave getState (takes 0 millis)
10-14 16:52:59.651  1025  1046 I MmiController: TID:1046 .../home/michelin/workspace/Phone/src/Phone/utils/MmiDialogPage.cpp:400:	Invalid mmi code -> NULL.
10-14 16:52:59.651  1025  1046 I PhoneApp: TID:1046 .../home/michelin/workspace/Phone/src/Phone/PhoneApp.cpp:756:	mBluetoothHeadsetState 0 mShowBluetoothIndication 0 
10-14 16:52:59.651  1025  1046 I PhoneApp: TID:1046 .../home/michelin/workspace/Phone/src/Phone/PhoneApp.cpp:741:	bluetoothState  0 bluetoothAudioState 10
10-14 16:52:59.651  1025  1046 I PhoneApp: TID:1046 .../home/michelin/workspace/Phone/src/Phone/PhoneApp.cpp:760:	mShowBluetoothIndication 0
10-14 16:52:59.651  1025  1046 I CallNotifier: TID:1046 .../home/michelin/workspace/Phone/src/Phone/CallNotifier.cpp:498:	onPhoneStateChanged() get newCallState from Phone: DIALING
10-14 16:52:59.651  1025  1046 I CallNotifier: TID:1046 .../home/michelin/workspace/Phone/src/Phone/CallNotifier.cpp:501:	onPhoneStateChanged() .. OFFHOOK, currConn:0x4bc467d8 
10-14 16:52:59.651  1025  1046 I PhoneUtils: TID:1046 .../home/michelin/workspace/Phone/src/Phone/utils/PhoneUtils.cpp:910:	setAudioMode() phoneState=2
10-14 16:52:59.651  1025  1046 I PhoneUtils: TID:1046 .../home/michelin/workspace/Phone/src/Phone/utils/PhoneUtils.cpp:918:	setAudioMode() no change, mode=2
10-14 16:52:59.651  1025  1046 D PhoneApp[Utility]: TID:1046 .../home/michelin/workspace/Phone/src/Phone/Ringer.cpp:122:	stopRing() !!!
10-14 16:52:59.651  1025  1046 I PhoneApp[Utility]: TID:1046 .../home/michelin/workspace/Phone/src/Phone/Ringer.cpp:179:	isRingtonePlaying?... 0
10-14 16:52:59.651  1025  1046 I PhoneApp[Utility]: TID:1046 .../home/michelin/workspace/Phone/src/Phone/Ringer.cpp:185:	isVibrating?... 0
10-14 16:52:59.651  1025  1046 I PhoneApp[Utility]: TID:1046 .../home/michelin/workspace/Phone/src/Phone/Ringer.cpp:173:	isRinging?... 0
10-14 16:52:59.651  1025  1046 I PhoneUtils: TID:1046 .../home/michelin/workspace/Phone/src/Phone/utils/PhoneUtils.cpp:1730:	 PhoneUtils: PhoneUtils::getCallerInfoByConnection -->
10-14 16:52:59.651  1025  1046 D ph_proxy: TID:1046 .../ConnectionProxy.cpp:60:	Enter getAddress
10-14 16:52:59.651  1025  1046 D ph_proxy: TID:1046 .../ConnectionProxy.cpp:60:	Leave getAddress (takes 0 millis)
10-14 16:52:59.651  1025  1046 D PhoneUtils: TID:1046 .../home/michelin/workspace/Phone/src/Phone/utils/PhoneUtils.cpp:1413:	PhoneUtils::getCallerInfoByConnection number:0937153465
10-14 16:52:59.651  1025  1046 D PhoneUtils: TID:1046 .../home/michelin/workspace/Phone/src/Phone/utils/PhoneUtils.cpp:1416:	PhoneUtils::getCallerInfoByConnection userData:0x4c12f878
10-14 16:52:59.661  1025  1046 D PhoneUtils: TID:1046 .../home/michelin/workspace/Phone/src/Phone/utils/PhoneUtils.cpp:1430:	PhoneUtils::getCallerInfoByConnection 0x4c12f878 CallerInfo[name: ,number:0937153465, id:0, rawId:0] <--
10-14 16:52:59.661  1025  1046 D ph_proxy: TID:1046 .../ConnectionProxy.cpp:93:	Enter getCall
10-14 16:52:59.661  1025  1046 D ph_proxy: TID:1046 .../CallProxy.cpp:37:	Enter CallProxy
10-14 16:52:59.661  1025  1046 D ph_proxy: TID:1046 .../CallProxy.cpp:37:	Leave CallProxy (takes 0 millis)
10-14 16:52:59.661  1025  1046 D ph_proxy: TID:1046 .../ConnectionProxy.cpp:93:	Leave getCall (takes 0 millis)
10-14 16:52:59.661  1025  1046 D ph_proxy: TID:1046 .../CallProxy.cpp:30:	Enter CallProxy
10-14 16:52:59.661  1025  1046 D ph_proxy: TID:1046 .../CallProxy.cpp:30:	Leave CallProxy (takes 0 millis)
10-14 16:52:59.661  1025  1046 D ph_proxy: TID:1046 .../CallProxy.cpp:48:	Enter ~CallProxy
10-14 16:52:59.661  1025  1046 D ph_proxy: TID:1046 .../CallProxy.cpp:48:	Leave ~CallProxy (takes 1 millis)
10-14 16:52:59.661  1025  1046 D ph_proxy: TID:1046 .../CallProxy.cpp:76:	Enter getPhone
10-14 16:52:59.661  1025  1046 D ph_proxy: TID:1046 .../SPhoneProxy.cpp:138:	Enter SPhoneProxy
10-14 16:52:59.661  1025  1046 D ph_proxy: TID:1046 .../SPhoneProxy.cpp:138:	Leave SPhoneProxy (takes 0 millis)
10-14 16:52:59.661  1025  1046 D ph_proxy: TID:1046 .../CallProxy.cpp:76:	Leave getPhone (takes 0 millis)
10-14 16:52:59.661  1025  1046 D ph_proxy: TID:1046 .../SPhoneProxy.cpp:131:	Enter SPhoneProxy
10-14 16:52:59.661  1025  1046 D ph_proxy: TID:1046 .../SPhoneProxy.cpp:131:	Leave SPhoneProxy (takes 0 millis)
10-14 16:52:59.661  1025  1046 D ph_proxy: TID:1046 .../SPhoneProxy.cpp:149:	Enter ~SPhoneProxy
10-14 16:52:59.661  1025  1046 D ph_proxy: TID:1046 .../SPhoneProxy.cpp:149:	Leave ~SPhoneProxy (takes 0 millis)
10-14 16:52:59.661  1025  1046 D ph_proxy: TID:1046 .../SPhoneProxy.cpp:257:	Enter getPhoneType
10-14 16:52:59.661  1025  1046 D ph_proxy: TID:1046 .../SPhoneProxy.cpp:257:	Leave getPhoneType (takes 0 millis)
10-14 16:52:59.661  1025  1046 D ph_proxy: TID:1046 .../SPhoneProxy.cpp:149:	Enter ~SPhoneProxy
10-14 16:52:59.661  1025  1046 D ph_proxy: TID:1046 .../SPhoneProxy.cpp:149:	Leave ~SPhoneProxy (takes 0 millis)
10-14 16:52:59.661  1025  1046 D ph_proxy: TID:1046 .../CallProxy.cpp:48:	Enter ~CallProxy
10-14 16:52:59.661  1025  1046 D ph_proxy: TID:1046 .../CallProxy.cpp:48:	Leave ~CallProxy (takes 0 millis)
10-14 16:52:59.661  1025  1046 D CallNotifier: TID:1046 .../home/michelin/workspace/Phone/src/Phone/CallNotifier.cpp:531:	CallNotifier::handleOffhook(1)
10-14 16:52:59.661  1025  1046 D NotificationMgr: TID:1046 .../home/michelin/workspace/Phone/src/Phone/NotificationMgr.cpp:404:	notifyLockScreenOffbook() phoneType:1
10-14 16:52:59.661  1025  1046 D ph_proxy: TID:1046 .../CallManagerProxy.cpp:47:	Enter CallManagerProxy
10-14 16:52:59.661  1025  1046 D ph_proxy: TID:1046 .../CallManagerProxy.cpp:47:	Leave CallManagerProxy (takes 0 millis)
10-14 16:52:59.661  1025  1046 D ph_proxy: TID:1046 .../CallManagerProxy.cpp:40:	Enter CallManagerProxy
10-14 16:52:59.661  1025  1046 D ph_proxy: TID:1046 .../CallManagerProxy.cpp:40:	Leave CallManagerProxy (takes 0 millis)
10-14 16:52:59.661  1025  1046 D ph_proxy: TID:1046 .../CallManagerProxy.cpp:53:	Enter ~CallManagerProxy
10-14 16:52:59.661  1025  1046 D ph_proxy: TID:1046 .../CallManagerProxy.cpp:53:	Leave ~CallManagerProxy (takes 0 millis)
10-14 16:52:59.661  1025  1046 D ph_call : TID:1046 .../CallManager.cpp:1232:	Can't find any call is active!
10-14 16:52:59.661  1025  1046 D ph_proxy: TID:1046 .../CallProxy.cpp:37:	Enter CallProxy
10-14 16:52:59.661  1025  1046 D ph_proxy: TID:1046 .../CallProxy.cpp:37:	Leave CallProxy (takes 0 millis)
10-14 16:52:59.661  1025  1046 D ph_proxy: TID:1046 .../CallProxy.cpp:30:	Enter CallProxy
10-14 16:52:59.661  1025  1046 D ph_proxy: TID:1046 .../CallProxy.cpp:30:	Leave CallProxy (takes 0 millis)
10-14 16:52:59.661  1025  1046 D ph_proxy: TID:1046 .../CallProxy.cpp:48:	Enter ~CallProxy
10-14 16:52:59.661  1025  1046 D ph_proxy: TID:1046 .../CallProxy.cpp:48:	Leave ~CallProxy (takes 0 millis)
10-14 16:52:59.661  1025  1046 D ph_proxy: TID:1046 .../CallProxy.cpp:37:	Enter CallProxy
10-14 16:52:59.661  1025  1046 D ph_proxy: TID:1046 .../CallProxy.cpp:37:	Leave CallProxy (takes 0 millis)
10-14 16:52:59.661  1025  1046 D ph_proxy: TID:1046 .../CallProxy.cpp:30:	Enter CallProxy
10-14 16:52:59.661  1025  1046 D ph_proxy: TID:1046 .../CallProxy.cpp:30:	Leave CallProxy (takes 0 millis)
10-14 16:52:59.661  1025  1046 D ph_proxy: TID:1046 .../CallProxy.cpp:48:	Enter ~CallProxy
10-14 16:52:59.661  1025  1046 D ph_proxy: TID:1046 .../CallProxy.cpp:48:	Leave ~CallProxy (takes 0 millis)
10-14 16:52:59.661  1025  1046 D ph_proxy: TID:1046 .../ConnectionProxy.cpp:44:	Enter ConnectionProxy
10-14 16:52:59.661  1025  1046 D ph_proxy: TID:1046 .../ConnectionProxy.cpp:44:	Leave ConnectionProxy (takes 0 millis)
10-14 16:52:59.661  1025  1046 D ph_proxy: TID:1046 .../ConnectionProxy.cpp:37:	Enter ConnectionProxy
10-14 16:52:59.661  1025  1046 D ph_proxy: TID:1046 .../ConnectionProxy.cpp:37:	Leave ConnectionProxy (takes 0 millis)
10-14 16:52:59.661  1025  1046 D ph_proxy: TID:1046 .../ConnectionProxy.cpp:37:	Enter ConnectionProxy
10-14 16:52:59.661  1025  1046 D ph_proxy: TID:1046 .../ConnectionProxy.cpp:37:	Leave ConnectionProxy (takes 0 millis)
10-14 16:52:59.661  1025  1046 D ph_proxy: TID:1046 .../ConnectionProxy.cpp:37:	Enter ConnectionProxy
10-14 16:52:59.661  1025  1046 D ph_proxy: TID:1046 .../ConnectionProxy.cpp:37:	Leave ConnectionProxy (takes 0 millis)
10-14 16:52:59.661  1025  1046 D ph_proxy: TID:1046 .../ConnectionProxy.cpp:54:	Enter ~ConnectionProxy
10-14 16:52:59.661  1025  1046 D ph_proxy: TID:1046 .../ConnectionProxy.cpp:54:	Leave ~ConnectionProxy (takes 0 millis)
10-14 16:52:59.661  1025  1046 D ph_proxy: TID:1046 .../ConnectionProxy.cpp:54:	Enter ~ConnectionProxy
10-14 16:52:59.661  1025  1046 D ph_proxy: TID:1046 .../ConnectionProxy.cpp:54:	Leave ~ConnectionProxy (takes 0 millis)
10-14 16:52:59.661  1025  1046 D ph_proxy: TID:1046 .../ConnectionProxy.cpp:54:	Enter ~ConnectionProxy
10-14 16:52:59.661  1025  1046 D ph_proxy: TID:1046 .../ConnectionProxy.cpp:54:	Leave ~ConnectionProxy (takes 0 millis)
10-14 16:52:59.661  1025  1046 D ph_proxy: TID:1046 .../CallProxy.cpp:111:	Enter getState
10-14 16:52:59.661  1025  1046 D ph_proxy: TID:1046 .../CallProxy.cpp:111:	Leave getState (takes 0 millis)
10-14 16:52:59.661  1025  1046 E Context : TID:1046 ...sdk_release/sdk11.1/wrapper/core/Context.cpp:351:	[Context] error: getResources will be removed, please use getResourcesN!
10-14 16:52:59.661  1025  1116 D ph_ril  : TID:1116 .../RIL.cpp:2108:	[0165]< DATA_REGISTRATION_STATE {1, 2487, 013b179d, 3, null, 20}
10-14 16:52:59.661  1025  1046 I PendingDemand: TID:1046 ...sdk_release/sdk11.1/wrapper/core/PendingDemand.cpp:95:	getPageN: demand=Intent { cmp=Phone/.phone_app::PhonePage }, flags=0, code=0, ret=0x4c60cd08
10-14 16:52:59.671  1025  1046 I PendingDemand: TID:1046 ...sdk_release/sdk11.1/wrapper/core/PendingDemand.cpp:110:	getBroadcastN: demand=Intent { act=com.cos.phone.htc.END_CALL_FROM_NOTIFICATION }, flags=0, code=0, ret=0x4c60cf28
10-14 16:52:59.671  1025  1046 E Context : TID:1046 ...sdk_release/sdk11.1/wrapper/core/Context.cpp:351:	[Context] error: getResources will be removed, please use getResourcesN!
10-14 16:52:59.671  1025  1046 E Context : TID:1046 ...sdk_release/sdk11.1/wrapper/core/Context.cpp:351:	[Context] error: getResources will be removed, please use getResourcesN!
10-14 16:52:59.681  1025  1046 D NotificationMgr: TID:1046 .../home/michelin/workspace/Phone/src/Phone/NotificationMgr.cpp:195:	free memory: r 0x4c60d4d0
10-14 16:52:59.681  1025  1046 D ph_call : TID:1046 .../PhoneNumberUtils.cpp:435:	Enter extractNetworkPortionAlt
10-14 16:52:59.681  1025  1046 D ph_call : TID:1046 .../PhoneNumberUtils.cpp:435:	Leave extractNetworkPortionAlt (takes 1 millis)
10-14 16:52:59.681  1025  1116 D ph_ril  : TID:1116 .../RIL.cpp:2108:	[0163]< OPERATOR {Far EasTone, Far EasTone, 46601}
10-14 16:52:59.681  1025  1046 I NotificationProxy: TID:1046 .../NotificationProxy.cpp:480:	build unStyle Notification
10-14 16:52:59.681  1025  1046 I NotificationMgr: TID:1046 .../home/michelin/workspace/Phone/src/Phone/NotificationMgr.cpp:230:	notifyInCall() tag: phone_incall, id = 1
10-14 16:52:59.681  1025  1116 I looper_mq: TID:1116 .../MessageQueue.cpp:383:	removeMessages what=2
10-14 16:52:59.681  1025  1046 I NotificationManager: TID:1046 .../NotificationManager.cpp:59:	NotificationManager::notify -> idOut != NULL
10-14 16:52:59.681  1025  1046 D Notification: TID:1046 .../INotificationService.cpp:165:	Enter enqueueNotificationWithTag
10-14 16:52:59.681  1025  1046 D Notification: TID:1046 .../INotificationService.cpp:167:	(pkg, tag, id) = (Phone, phone_incall, 1)
10-14 16:52:59.681  1025  1046 D Notification: TID:1046 .../INotificationService.cpp:168:	idOut->length() = 1
10-14 16:52:59.681  1025  1046 D Notification: TID:1046 .../INotificationService.cpp:169:	notification = 0x4c60e9c8
10-14 16:52:59.681  1025  1046 D Notification: TID:1046 .../INotificationService.cpp:174:	0: 0
10-14 16:52:59.681  1025  1046 I Notification: TID:1046 .../INotificationService.cpp:189:	enqueueNotificationWithTag before -> idOut != NULL
10-14 16:52:59.681   684  1090 D Notification: TID:1090 .../INotificationService.cpp:253:	Enter onTransact
10-14 16:52:59.681   684  1090 D Notification: TID:1090 .../INotificationService.cpp:381:	TRANSACTION_ENQUEUE_NOTIFICATION_WITH_TAG
10-14 16:52:59.681   684  1090 D Notification: TID:1090 .../INotificationService.cpp:393:	(pkg, tag, id) = (Phone, phone_incall, 1)
10-14 16:52:59.681   684  1090 D Notification: TID:1090 .../INotificationService.cpp:394:	notification = 0x4c263868
10-14 16:52:59.681   684  1090 D Notification: TID:1090 .../INotificationService.cpp:398:	idOut->length() = 1
10-14 16:52:59.681   684  1090 D Notification: TID:1090 .../INotificationService.cpp:400:	0: 0
10-14 16:52:59.681   684  1090 D NotificationService: TID:1090 .../NotificationManagerService.cpp:667:	Enter enqueueNotificationWithTag
10-14 16:52:59.681   684  1090 D NotificationService: TID:1090 .../NotificationManagerService.cpp:683:	Enter enqueueNotificationInternal
10-14 16:52:59.681   684  1090 D NotificationService: TID:1090 .../NotificationManagerService.cpp:693:	Enter enqueueNotificationInternal
10-14 16:52:59.681   684  1090 D NotificationService: TID:1090 .../NotificationManagerService.cpp:1104:	Enter checkIncomingCall
10-14 16:52:59.681   684  1090 D NotificationService: TID:1090 .../NotificationManagerService.cpp:1104:	Leave checkIncomingCall (takes 0 millis)
10-14 16:52:59.681   684  1090 D NotificationService: TID:1090 .../NotificationManagerService.cpp:1246:	Enter NotificationRecord
10-14 16:52:59.681   684  1090 D NotificationService: TID:1090 .../NotificationManagerService.cpp:1246:	Leave NotificationRecord (takes 0 millis)
10-14 16:52:59.681   684  1090 D NotificationService: TID:1090 .../NotificationManagerService.cpp:1197:	Enter indexOfNotificationLocked
10-14 16:52:59.681   684  1090 D NotificationService: TID:1090 .../NotificationManagerService.cpp:1197:	Leave indexOfNotificationLocked (takes 0 millis)
10-14 16:52:59.691   698  2043 D statusbar: TID:2043 .../PhoneStatusBar.cpp:568:	Enter updateNotification
10-14 16:52:59.691   698  2043 D statusbar: TID:2043 .../PhoneStatusBar.cpp:570:	Try Lock mNotificationsLock(0x401cc6a4)
10-14 16:52:59.691   698  2043 D statusbar: TID:2043 .../PhoneStatusBar.cpp:324:	Enter NotificationQueueEntry
10-14 16:52:59.691   698  2043 D statusbar: TID:2043 .../PhoneStatusBar.cpp:324:	Leave NotificationQueueEntry (takes 0 millis)
10-14 16:52:59.691   698  2043 I statusbar: TID:2043 .../PhoneStatusBar.cpp:583:	sending message for update notification, package name is Phone
10-14 16:52:59.691   698  2043 D statusbar: TID:2043 .../PhoneStatusBar.cpp:568:	Leave updateNotification (takes 1 millis)
10-14 16:52:59.691   698   710 I statusbar: TID:710 .../SystemUIControl.cpp:270:	STATUSBAR_UPDATENOTIFICATION
10-14 16:52:59.691   698   710 D statusbar: TID:710 .../PhoneStatusBar.cpp:1338:	Enter do_updateNotification
10-14 16:52:59.691   698   710 D statusbar: TID:710 .../PhoneStatusBar.cpp:1345:	Try Lock mNotificationsLock(0x401cc6a4)
10-14 16:52:59.691   684  1090 D NotificationService: TID:1090 .../NotificationManagerService.cpp:946:	Enter sendAccessibilityEvent
10-14 16:52:59.691   684  1090 D NotificationService: TID:1090 .../NotificationManagerService.cpp:946:	Leave sendAccessibilityEvent (takes 0 millis)
10-14 16:52:59.691   684  1090 D NotificationService: TID:1090 .../NotificationManagerService.cpp:1257:	Enter ~NotificationRecord
10-14 16:52:59.691   684  1090 D NotificationService: TID:1090 .../NotificationManagerService.cpp:1257:	Leave ~NotificationRecord (takes 0 millis)
10-14 16:52:59.691   684  1090 D NotificationService: TID:1090 .../NotificationManagerService.cpp:693:	Leave enqueueNotificationInternal (takes 6 millis)
10-14 16:52:59.691   684  1090 D NotificationService: TID:1090 .../NotificationManagerService.cpp:683:	Leave enqueueNotificationInternal (takes 6 millis)
10-14 16:52:59.691   684  1090 D NotificationService: TID:1090 .../NotificationManagerService.cpp:667:	Leave enqueueNotificationWithTag (takes 6 millis)
10-14 16:52:59.691   684  1090 D Notification: TID:1090 .../INotificationService.cpp:253:	Leave onTransact (takes 8 millis)
10-14 16:52:59.691   698   710 I statusbar: TID:710 .../PhoneStatusBar.cpp:1354:	after mutex get update notification data package name is Phone
10-14 16:52:59.691   698   710 D statusbar: TID:710 .../PhoneStatusBar.cpp:1380:	Enter updateNormalNotification
10-14 16:52:59.691   698   710 I remoteviews: TID:710 .../RemoteViews.cpp:908:	RemoteViews::apply to android
10-14 16:52:59.691  1025  1046 I Notification: TID:1046 .../INotificationService.cpp:206:	enqueueNotificationWithTag after -> idOut != NULL
10-14 16:52:59.691   698   710 I activity_thread: TID:710 .../ActivityThread.cpp:4241:	Got PackageInfo for Phone isUptoDate /system/app/Phone.pkg: 
10-14 16:52:59.691  1025  1046 D Notification: TID:1046 .../INotificationService.cpp:165:	Leave enqueueNotificationWithTag (takes 11 millis)
10-14 16:52:59.691  1025  1046 I NotificationManager: TID:1046 .../NotificationManager.cpp:71:	NotificationManager::notify -> idOut != NULL
10-14 16:52:59.691  1025  1046 D NotificationMgr: TID:1046 .../home/michelin/workspace/Phone/src/Phone/NotificationMgr.cpp:233:	free memory: mainPendingDemand 0x4c60cd08
10-14 16:52:59.691  1025  1046 D NotificationMgr: TID:1046 .../home/michelin/workspace/Phone/src/Phone/NotificationMgr.cpp:234:	free memory: buttonPendingDemand 0x4c60cf28
10-14 16:52:59.691  1025  1046 D NotificationMgr: TID:1046 .../home/michelin/workspace/Phone/src/Phone/NotificationMgr.cpp:235:	free memory: pPhoto 0x4c60d8a8
10-14 16:52:59.691  1025  1046 D NotificationMgr: TID:1046 .../home/michelin/workspace/Phone/src/Phone/NotificationMgr.cpp:236:	free memory: pRw 0x4c60d8b8
10-14 16:52:59.691  1025  1046 D NotificationMgr: TID:1046 .../home/michelin/workspace/Phone/src/Phone/NotificationMgr.cpp:237:	free memory: title 0x4c60d8d0
10-14 16:52:59.691  1025  1046 D NotificationMgr: TID:1046 .../home/michelin/workspace/Phone/src/Phone/NotificationMgr.cpp:238:	free memory: summary 0x4c60e450
10-14 16:52:59.691  1025  1046 D ph_proxy: TID:1046 .../CallProxy.cpp:48:	Enter ~CallProxy
10-14 16:52:59.691  1025  1046 D ph_proxy: TID:1046 .../CallProxy.cpp:48:	Leave ~CallProxy (takes 0 millis)
10-14 16:52:59.691  1025  1046 D ph_proxy: TID:1046 .../CallProxy.cpp:48:	Enter ~CallProxy
10-14 16:52:59.691  1025  1046 D ph_proxy: TID:1046 .../CallProxy.cpp:48:	Leave ~CallProxy (takes 0 millis)
10-14 16:52:59.691  1025  1046 D ph_proxy: TID:1046 .../CallManagerProxy.cpp:53:	Enter ~CallManagerProxy
10-14 16:52:59.691  1025  1046 D ph_proxy: TID:1046 .../CallManagerProxy.cpp:53:	Leave ~CallManagerProxy (takes 0 millis)
10-14 16:52:59.691   698   710 I app_proc: packageInfo :0x4c198c00, getStrongCount() :4
10-14 16:52:59.691   698   710 I app_proc: mResources :0x4c19cc58, getStrongCount() :40
10-14 16:52:59.691   698   710 I app_proc: container :0x4d624ea8, getStrongCount() :89
10-14 16:52:59.691   698   710 I app_proc: mResources :0x4c19cc58, getStrongCount() :40
10-14 16:52:59.691   698   710 I linflater: TID:710 .../LayoutInflater.cpp:360:	Resource ID 0x7f030000 (Phone:layout/ongoing_call_notification)
10-14 16:52:59.691  1025  1046 I ph_proxy: TID:1046 .../ITelephonyProxy.cpp:59:	execute ITelephonyProxy
10-14 16:52:59.691  1025  1046 I ph_proxy: TID:1046 .../ITelephonyProxy.cpp:49:	execute ITelephonyProxy
10-14 16:52:59.691  1025  1046 I ph_sdk  : TID:1046 ...sdk_release/sdk11.1/wrapper/telephony/internal/ITelephony.cpp:47:	ITelephony copy constructor
10-14 16:52:59.691  1025  1046 I ph_proxy: TID:1046 .../ITelephonyProxy.cpp:390:	execute getOperatorNameResId
10-14 16:52:59.691  1025  1046 D ph_agent: TID:1046 .../PhoneInterfaceAgent.cpp:669:	Enter getOperatorNameResId
10-14 16:52:59.691  1025  1046 D ph_agent: TID:1046 .../PhoneInterfaceAgent.cpp:681:	Operator numeric(string) 46601
10-14 16:52:59.691  1025  1046 D ph_agent: TID:1046 .../PhoneInterfaceAgent.cpp:683:	Operator numeric(integer) 46601
10-14 16:52:59.691  1025  1046 D ph_agent: TID:1046 .../PhoneInterfaceAgent.cpp:669:	Leave getOperatorNameResId (takes 0 millis)
10-14 16:52:59.691  1025  1046 D ph_proxy: TID:1046 .../ITelephonyProxy.cpp:395:	res: 33816713
10-14 16:52:59.691  1025  1046 I PhonePage: TID:1046 .../home/michelin/workspace/Phone/src/Phone/PhonePage.cpp:1915:	getOperatorNameResId()-> 33816713
10-14 16:52:59.691  1025  1046 E Context : TID:1046 ...sdk_release/sdk11.1/wrapper/core/Context.cpp:351:	[Context] error: getResources will be removed, please use getResourcesN!
10-14 16:52:59.691  1025  1046 I PhonePage: TID:1046 .../home/michelin/workspace/Phone/src/Phone/PhonePage.cpp:1903:	getString()-> 
10-14 16:52:59.691  1025  1046 I NotificationMgr: TID:1046 .../home/michelin/workspace/Phone/src/Phone/NotificationMgr.cpp:441:	missed_calls_date: 
10-14 16:52:59.691  1025  1046 I NotificationMgr: TID:1046 .../home/michelin/workspace/Phone/src/Phone/NotificationMgr.cpp:460:	NotificationMgr:notifyLockScreenPhoneStateChanged() state=2, name=, number=0937153465, phoneType=1, cityId=
10-14 16:52:59.691   684  1080 I ams     : TID:1080 .../ActivityManagerService.cpp:16031:	Broadcast: Intent { act=com.cos.phone.htc.CALL_STATE_CHANGED (has extras) } ordered=false, callerApp=ProcessRecord{0x4dbb65a0 pid=1025/tid=-1/ProcessName=phone/uid=1001}, callerPackage=Phone, resolvedType=NULL, resultTo=0x0(0x0), userId=0 (from: pid=1025, uid=1001)
10-14 16:52:59.691   684  1080 I ams     : TID:1080 .../ActivityManagerService.cpp:15958:	[AMS] CollectReceiverComponents: Set to newReceivers
10-14 16:52:59.691   684  1080 I ams     : TID:1080 .../ActivityManagerService.cpp:16005:	[AMS] CollectReceiverComponents finished
10-14 16:52:59.691   684  1080 I ams     : TID:1080 .../ActivityManagerService.cpp:16346:	Collect 0 receivers for (null) typed broadcast Intent { act=com.cos.phone.htc.CALL_STATE_CHANGED (has extras) } (time=0 ms)
10-14 16:52:59.691   684  1080 I ams     : TID:1080 .../ActivityManagerService.cpp:16361:	Resolve 0 registered receivers for (null) typed broadcast Intent { act=com.cos.phone.htc.CALL_STATE_CHANGED (has extras) } (time=0 ms)
10-14 16:52:59.701   684  1051 I ams     : TID:1051 .../ActivityManagerService.cpp:16031:	Broadcast: Intent { act=com.cos.phone.action.CALL_STATE_CHANGED (has extras) } ordered=false, callerApp=ProcessRecord{0x4dbb65a0 pid=1025/tid=-1/ProcessName=phone/uid=1001}, callerPackage=Phone, resolvedType=NULL, resultTo=0x0(0x0), userId=0 (from: pid=1025, uid=1001)
10-14 16:52:59.701   684  1051 I ams     : TID:1051 .../ActivityManagerService.cpp:15958:	[AMS] CollectReceiverComponents: Set to newReceivers
10-14 16:52:59.701   684  1051 I ams     : TID:1051 .../ActivityManagerService.cpp:16005:	[AMS] CollectReceiverComponents finished
10-14 16:52:59.701   684  1051 I ams     : TID:1051 .../ActivityManagerService.cpp:16346:	Collect 0 receivers for (null) typed broadcast Intent { act=com.cos.phone.action.CALL_STATE_CHANGED (has extras) } (time=0 ms)
10-14 16:52:59.701   684  1051 I ams     : TID:1051 .../ActivityManagerService.cpp:16361:	Resolve 2 registered receivers for (null) typed broadcast Intent { act=com.cos.phone.action.CALL_STATE_CHANGED (has extras) } (time=0 ms)
10-14 16:52:59.701   684  1051 I ams     : TID:1051 .../BroadcastQueue.cpp:117:	Enqueue non-ordered broadcast: BroadcastRecord(0x4fb1dc00) has 2 receivers for Intent { act=com.cos.phone.action.CALL_STATE_CHANGED (has extras) }
10-14 16:52:59.701   684   744 I ams     : TID:744 .../BroadcastQueue.cpp:623:	processNextBroadcast [background]from Msg: 1 broadcasts, 0 ordered broadcasts
10-14 16:52:59.701   684   744 I ams     : TID:744 .../BroadcastQueue.cpp:635:	Processing parallel broadcast [background] 1 BroadcastRecord
10-14 16:52:59.701  1025  1046 I PhoneApp: TID:1046 .../home/michelin/workspace/Phone/src/Phone/PhoneApp.cpp:536:	mLiteConnectionExisting=0
10-14 16:52:59.701   684   744 I ams     : TID:744 .../BroadcastQueue.cpp:583:	[AMS] Delivering to BroadcastFilter{0x4c7c0008 u0 ReceiverList{0x4cb67798 691 system/bin/lockscreend/1000/u0 remote:0x4cb3c660}} (seq=-1): BroadcastRecord{0x4fb1dc00 u0 com.cos.phone.action.CALL_STATE_CHANGED}
10-14 16:52:59.701   684   744 I ams     : TID:744 .../BroadcastQueue.cpp:473:	AMS_STATUS>> SCHEDULE_REGISTER_RECEIVER: Process system/bin/lockscreend (pid:691, uid: 1000), Receiver 0x4cb3c660(0x4c200f50), Non-ordered broadcast, Intent { act=com.cos.phone.action.CALL_STATE_CHANGED (has extras) }
10-14 16:52:59.701   684   744 I ams     : TID:744 .../BroadcastQueue.cpp:591:	performReceive of BroadcastRecord{0x4fb1dc00 u0 com.cos.phone.action.CALL_STATE_CHANGED}(0 millis)
10-14 16:52:59.701  1025  1046 D ph_proxy: TID:1046 .../CallProxy.cpp:44:	Enter CallProxy
10-14 16:52:59.701  1025  1046 D ph_proxy: TID:1046 .../CallProxy.cpp:44:	Leave CallProxy (takes 0 millis)
10-14 16:52:59.701  1025  1046 D ph_proxy: TID:1046 .../CallProxy.cpp:37:	Enter CallProxy
10-14 16:52:59.701  1025  1046 D ph_proxy: TID:1046 .../CallProxy.cpp:37:	Leave CallProxy (takes 0 millis)
10-14 16:52:59.701  1025  1046 D ph_proxy: TID:1046 .../CallProxy.cpp:30:	Enter CallProxy
10-14 16:52:59.701  1025  1046 D ph_proxy: TID:1046 .../CallProxy.cpp:30:	Leave CallProxy (takes 0 millis)
10-14 16:52:59.701  1025  1046 D ph_proxy: TID:1046 .../CallProxy.cpp:48:	Enter ~CallProxy
10-14 16:52:59.701  1025  1046 D ph_proxy: TID:1046 .../CallProxy.cpp:48:	Leave ~CallProxy (takes 0 millis)
10-14 16:52:59.701  1025  1046 D ph_proxy: TID:1046 .../CallProxy.cpp:37:	Enter CallProxy
10-14 16:52:59.701  1025  1046 D ph_proxy: TID:1046 .../CallProxy.cpp:37:	Leave CallProxy (takes 0 millis)
10-14 16:52:59.701  1025  1046 D ph_proxy: TID:1046 .../CallProxy.cpp:30:	Enter CallProxy
10-14 16:52:59.701  1025  1046 D ph_proxy: TID:1046 .../CallProxy.cpp:30:	Leave CallProxy (takes 0 millis)
10-14 16:52:59.701  1025  1046 D ph_proxy: TID:1046 .../CallProxy.cpp:48:	Enter ~CallProxy
10-14 16:52:59.701  1025  1046 D ph_proxy: TID:1046 .../CallProxy.cpp:48:	Leave ~CallProxy (takes 0 millis)
10-14 16:52:59.701  1025  1046 D ph_proxy: TID:1046 .../CallProxy.cpp:37:	Enter CallProxy
10-14 16:52:59.701  1025  1046 D ph_proxy: TID:1046 .../CallProxy.cpp:37:	Leave CallProxy (takes 0 millis)
10-14 16:52:59.701  1025  1046 D ph_proxy: TID:1046 .../CallProxy.cpp:30:	Enter CallProxy
10-14 16:52:59.701  1025  1046 D ph_proxy: TID:1046 .../CallProxy.cpp:30:	Leave CallProxy (takes 0 millis)
10-14 16:52:59.701  1025  1046 D ph_proxy: TID:1046 .../CallProxy.cpp:48:	Enter ~CallProxy
10-14 16:52:59.701  1025  1046 D ph_proxy: TID:1046 .../CallProxy.cpp:48:	Leave ~CallProxy (takes 0 millis)
10-14 16:52:59.701  1025  1046 D ph_call : TID:1046 .../CallManager.cpp:1232:	Can't find any call is active!
10-14 16:52:59.701  1025  1046 D ph_call : TID:1046 .../CallManager.cpp:1232:	Can't find any call is active!
10-14 16:52:59.701  1025  1046 D AutomativeUtils: TID:1046 .../home/michelin/workspace/Phone/src/Phone/utils/AutomativeUtils.cpp:70:	getHtcPhoneState state=OFFHOOK
10-14 16:52:59.701  1025  1046 D AutomativeUtils: TID:1046 .../home/michelin/workspace/Phone/src/Phone/utils/AutomativeUtils.cpp:71:	getHtcPhoneState hasRingingCall=0 hasActiveCall=1 hasHoldingCall=0
10-14 16:52:59.701  1025  1046 D ph_proxy: TID:1046 .../CallProxy.cpp:116:	Enter isIdle
10-14 16:52:59.701  1025  1046 D ph_proxy: TID:1046 .../CallProxy.cpp:116:	Leave isIdle (takes 0 millis)
10-14 16:52:59.701  1025  1046 D ph_proxy: TID:1046 .../CallProxy.cpp:48:	Enter ~CallProxy
10-14 16:52:59.701  1025  1046 D ph_proxy: TID:1046 .../CallProxy.cpp:48:	Leave ~CallProxy (takes 0 millis)
10-14 16:52:59.701  1025  1046 D ph_proxy: TID:1046 .../CallProxy.cpp:30:	Enter CallProxy
10-14 16:52:59.701  1025  1046 D ph_proxy: TID:1046 .../CallProxy.cpp:30:	Leave CallProxy (takes 0 millis)
10-14 16:52:59.701  1025  1046 D ph_proxy: TID:1046 .../CallProxy.cpp:30:	Enter CallProxy
10-14 16:52:59.701  1025  1046 D ph_proxy: TID:1046 .../CallProxy.cpp:30:	Leave CallProxy (takes 0 millis)
10-14 16:52:59.701  1025  1046 D ph_proxy: TID:1046 .../CallProxy.cpp:81:	Enter getEarliestConnection
10-14 16:52:59.701  1025  1046 D ph_proxy: TID:1046 .../ConnectionProxy.cpp:44:	Enter ConnectionProxy
10-14 16:52:59.701  1025  1046 D ph_proxy: TID:1046 .../ConnectionProxy.cpp:44:	Leave ConnectionProxy (takes 0 millis)
10-14 16:52:59.701  1025  1046 D ph_proxy: TID:1046 .../CallProxy.cpp:81:	Leave getEarliestConnection (takes 0 millis)
10-14 16:52:59.701  1025  1046 D ph_proxy: TID:1046 .../ConnectionProxy.cpp:37:	Enter ConnectionProxy
10-14 16:52:59.701  1025  1046 D ph_proxy: TID:1046 .../ConnectionProxy.cpp:37:	Leave ConnectionProxy (takes 0 millis)
10-14 16:52:59.701  1025  1046 D ph_proxy: TID:1046 .../ConnectionProxy.cpp:54:	Enter ~ConnectionProxy
10-14 16:52:59.701  1025  1046 D ph_proxy: TID:1046 .../ConnectionProxy.cpp:54:	Leave ~ConnectionProxy (takes 0 millis)
10-14 16:52:59.701  1025  1046 D ph_proxy: TID:1046 .../ConnectionProxy.cpp:128:	Enter isIncoming
10-14 16:52:59.701  1025  1046 D ph_proxy: TID:1046 .../ConnectionProxy.cpp:128:	Leave isIncoming (takes 0 millis)
10-14 16:52:59.701  1025  1046 D ph_proxy: TID:1046 .../CallProxy.cpp:111:	Enter getState
10-14 16:52:59.701  1025  1046 D ph_proxy: TID:1046 .../CallProxy.cpp:111:	Leave getState (takes 0 millis)
10-14 16:52:59.701  1025  1046 D ph_proxy: TID:1046 .../CallProxy.cpp:76:	Enter getPhone
10-14 16:52:59.701  1025  1046 D ph_proxy: TID:1046 .../SPhoneProxy.cpp:138:	Enter SPhoneProxy
10-14 16:52:59.701  1025  1046 D ph_proxy: TID:1046 .../SPhoneProxy.cpp:138:	Leave SPhoneProxy (takes 0 millis)
10-14 16:52:59.701  1025  1046 D ph_proxy: TID:1046 .../CallProxy.cpp:76:	Leave getPhone (takes 0 millis)
10-14 16:52:59.701  1025  1046 D ph_proxy: TID:1046 .../SPhoneProxy.cpp:131:	Enter SPhoneProxy
10-14 16:52:59.701  1025  1046 D ph_proxy: TID:1046 .../SPhoneProxy.cpp:131:	Leave SPhoneProxy (takes 0 millis)
10-14 16:52:59.701  1025  1046 D ph_proxy: TID:1046 .../SPhoneProxy.cpp:149:	Enter ~SPhoneProxy
10-14 16:52:59.701  1025  1046 D ph_proxy: TID:1046 .../SPhoneProxy.cpp:149:	Leave ~SPhoneProxy (takes 0 millis)
10-14 16:52:59.701  1025  1046 D ph_proxy: TID:1046 .../SPhoneProxy.cpp:257:	Enter getPhoneType
10-14 16:52:59.701  1025  1046 D ph_proxy: TID:1046 .../SPhoneProxy.cpp:257:	Leave getPhoneType (takes 0 millis)
10-14 16:52:59.701  1025  1046 D ph_proxy: TID:1046 .../SPhoneProxy.cpp:149:	Enter ~SPhoneProxy
10-14 16:52:59.701  1025  1046 D ph_proxy: TID:1046 .../SPhoneProxy.cpp:149:	Leave ~SPhoneProxy (takes 0 millis)
10-14 16:52:59.701  1025  1046 D ph_proxy: TID:1046 .../CallProxy.cpp:91:	Enter isMultiparty
10-14 16:52:59.701  1025  1046 D ph_proxy: TID:1046 .../CallProxy.cpp:91:	Leave isMultiparty (takes 0 millis)
10-14 16:52:59.701  1025  1046 D ph_proxy: TID:1046 .../ConnectionProxy.cpp:65:	Enter getDialString
10-14 16:52:59.701  1025  1046 D ph_proxy: TID:1046 .../ConnectionProxy.cpp:65:	Leave getDialString (takes 0 millis)
10-14 16:52:59.701  1025  1046 D ph_proxy: TID:1046 .../ConnectionProxy.cpp:60:	Enter getAddress
10-14 16:52:59.701  1025  1046 D ph_proxy: TID:1046 .../ConnectionProxy.cpp:60:	Leave getAddress (takes 0 millis)
10-14 16:52:59.701  1025  1046 D ph_proxy: TID:1046 .../ConnectionProxy.cpp:65:	Enter getDialString
10-14 16:52:59.701  1025  1046 D ph_proxy: TID:1046 .../ConnectionProxy.cpp:65:	Leave getDialString (takes 0 millis)
10-14 16:52:59.701  1025  1046 D AutomativeUtils: TID:1046 .../home/michelin/workspace/Phone/src/Phone/utils/AutomativeUtils.cpp:164:	enrichByCall getAddress=0937153465 getDialString=0937153465
10-14 16:52:59.701  1025  1046 D ph_proxy: TID:1046 .../ConnectionProxy.cpp:54:	Enter ~ConnectionProxy
10-14 16:52:59.701  1025  1046 D ph_proxy: TID:1046 .../ConnectionProxy.cpp:54:	Leave ~ConnectionProxy (takes 0 millis)
10-14 16:52:59.701  1025  1046 D ph_proxy: TID:1046 .../CallProxy.cpp:48:	Enter ~CallProxy
10-14 16:52:59.701  1025  1046 D ph_proxy: TID:1046 .../CallProxy.cpp:48:	Leave ~CallProxy (takes 0 millis)
10-14 16:52:59.701  1025  1046 D ph_proxy: TID:1046 .../CallProxy.cpp:48:	Enter ~CallProxy
10-14 16:52:59.701  1025  1046 D ph_proxy: TID:1046 .../CallProxy.cpp:48:	Leave ~CallProxy (takes 0 millis)
10-14 16:52:59.701  1025  1046 D ph_proxy: TID:1046 .../CallProxy.cpp:48:	Enter ~CallProxy
10-14 16:52:59.701  1025  1046 D ph_proxy: TID:1046 .../CallProxy.cpp:48:	Leave ~CallProxy (takes 0 millis)
10-14 16:52:59.701  1025  1046 D ph_proxy: TID:1046 .../CallProxy.cpp:48:	Enter ~CallProxy
10-14 16:52:59.701  1025  1046 D ph_proxy: TID:1046 .../CallProxy.cpp:48:	Leave ~CallProxy (takes 0 millis)
10-14 16:52:59.701  1025  1046 D ph_proxy: TID:1046 .../CallProxy.cpp:48:	Enter ~CallProxy
10-14 16:52:59.701  1025  1046 D ph_proxy: TID:1046 .../CallProxy.cpp:48:	Leave ~CallProxy (takes 0 millis)
10-14 16:52:59.701   684   744 I ams     : TID:744 .../BroadcastQueue.cpp:583:	[AMS] Delivering to BroadcastFilter{0x4e6aa130 u0 ReceiverList{0x4e7fdf40 691 system/bin/lockscreend/1000/u0 remote:0x4e7032f8}} (seq=-1): BroadcastRecord{0x4fb1dc00 u0 com.cos.phone.action.CALL_STATE_CHANGED}
10-14 16:52:59.701  1025  1046 D AutomativeUtils: TID:1046 .../home/michelin/workspace/Phone/src/Phone/utils/AutomativeUtils.cpp:233:	getPrecisePhoneStateChangeIntent htcState->isIncoming=0 number=0937153465 state=3 isMultiParty=0
10-14 16:52:59.701  1025  1046 I PhoneApp: TID:1046 .../home/michelin/workspace/Phone/src/Phone/PhoneApp.cpp:536:	mLiteConnectionExisting=0
10-14 16:52:59.701   684   744 I ams     : TID:744 .../BroadcastQueue.cpp:473:	AMS_STATUS>> SCHEDULE_REGISTER_RECEIVER: Process system/bin/lockscreend (pid:691, uid: 1000), Receiver 0x4e7032f8(0x4e8437a0), Non-ordered broadcast, Intent { act=com.cos.phone.action.CALL_STATE_CHANGED (has extras) }
10-14 16:52:59.701   684   744 I ams     : TID:744 .../BroadcastQueue.cpp:591:	performReceive of BroadcastRecord{0x4fb1dc00 u0 com.cos.phone.action.CALL_STATE_CHANGED}(0 millis)
10-14 16:52:59.701   684   744 I ams     : TID:744 .../BroadcastQueue.cpp:714:	No more ordered Broadcasts pending, so all done!
10-14 16:52:59.701   684   744 I looper_mq: TID:744 .../MessageQueue.cpp:383:	removeMessages what=5
10-14 16:52:59.701   691   909 I activity_thread: TID:909 .../ActivityThread.cpp:3045:	scheduleRegisteredReceiver: receiver=0x4be5c474, Intent=Intent { act=com.cos.phone.action.CALL_STATE_CHANGED (has extras) }, resultCode=-1, dataStr=NULL, ordered=false, sticky=false
10-14 16:52:59.701   691   695 I activity_thread: TID:695 .../ActivityThread.cpp:1526:	LIFESTAT onReceive: 0x4be5bcc8
10-14 16:52:59.701   684  1070 I ams     : TID:1070 .../ActivityManagerService.cpp:16031:	Broadcast: Intent { act=com.htc.telephony.intent.action.PHONE_STATE_CHANGED (has extras) } ordered=false, callerApp=ProcessRecord{0x4dbb65a0 pid=1025/tid=-1/ProcessName=phone/uid=1001}, callerPackage=Phone, resolvedType=NULL, resultTo=0x0(0x0), userId=0 (from: pid=1025, uid=1001)
10-14 16:52:59.701   691   909 I activity_thread: TID:909 .../ActivityThread.cpp:3045:	scheduleRegisteredReceiver: receiver=0x4c25a044, Intent=Intent { act=com.cos.phone.action.CALL_STATE_CHANGED (has extras) }, resultCode=-1, dataStr=NULL, ordered=false, sticky=false
10-14 16:52:59.701   684  1070 I ams     : TID:1070 .../ActivityManagerService.cpp:15958:	[AMS] CollectReceiverComponents: Set to newReceivers
10-14 16:52:59.701   684  1070 I ams     : TID:1070 .../ActivityManagerService.cpp:16005:	[AMS] CollectReceiverComponents finished
10-14 16:52:59.701   684  1070 I ams     : TID:1070 .../ActivityManagerService.cpp:16346:	Collect 0 receivers for (null) typed broadcast Intent { act=com.htc.telephony.intent.action.PHONE_STATE_CHANGED (has extras) } (time=0 ms)
10-14 16:52:59.701   684  1070 I ams     : TID:1070 .../ActivityManagerService.cpp:16361:	Resolve 0 registered receivers for (null) typed broadcast Intent { act=com.htc.telephony.intent.action.PHONE_STATE_CHANGED (has extras) } (time=0 ms)
10-14 16:52:59.701   691   695 D LockScreenPhoneModel: TID:695 .../home/alan/COS/workspace/CosLockScreen_U/src/phone/LockScreenPhoneModel.cpp:100:	PhoneModel::onReceive=com.cos.phone.action.CALL_STATE_CHANGED [m_bCallState=ACTIVE][UnlockIconMode=1]
10-14 16:52:59.701  1025  1046 D AutomativeUtils: TID:1046 .../home/michelin/workspace/Phone/src/Phone/utils/AutomativeUtils.cpp:330:	free memory: pHtcState 0x4c60bec0
10-14 16:52:59.701   691   695 D LockScreenPhoneModel: TID:695 .../home/alan/COS/workspace/CosLockScreen_U/src/phone/LockScreenPhoneModel.cpp:154:	phoneTypeCheck=0 , set=0
10-14 16:52:59.701   691   695 D LockScreenPhoneModel: TID:695 .../home/alan/COS/workspace/CosLockScreen_U/src/phone/LockScreenPhoneModel.cpp:130:	mPhoneType=0x0
10-14 16:52:59.701   691   695 D LockScreenPhoneModel: TID:695 .../home/alan/COS/workspace/CosLockScreen_U/src/phone/LockScreenPhoneModel.cpp:133:	phone msg=4
10-14 16:52:59.701  1025  1046 D CallNotifier: TID:1046 .../home/michelin/workspace/Phone/src/Phone/CallNotifier.cpp:522:	free memory: conn 0x4bc467d8
10-14 16:52:59.701  1025  1046 D ph_proxy: TID:1046 .../ConnectionProxy.cpp:54:	Enter ~ConnectionProxy
10-14 16:52:59.701  1025  1046 D ph_proxy: TID:1046 .../ConnectionProxy.cpp:54:	Leave ~ConnectionProxy (takes 0 millis)
