10-14 16:52:59.470   691   695 I activity_thread: TID:695 .../ActivityThread.cpp:1526:	LIFESTAT onReceive: 0x4bedb3f0
10-14 16:52:59.470  1025  1046 D ph_proxy: TID:1046 .../PhoneResultProxy.cpp:66:	Enter ~PhoneResultProxy
10-14 16:52:59.470  1025  1046 D ph_proxy: TID:1046 .../PhoneResultProxy.cpp:66:	Leave ~PhoneResultProxy (takes 0 millis)
10-14 16:52:59.470   691   695 D NotificationModel: TID:695 .../home/alan/COS/workspace/CosLockScreen_U/src/notification/NotificationModel.cpp:71:	NotificationModel::onReceive com.cos.phone.action.CALL_STATE_CHANGED
10-14 16:52:59.470  1025  1046 D ph_proxy: TID:1046 .../PhoneResultProxy.cpp:66:	Enter ~PhoneResultProxy
10-14 16:52:59.470  1025  1046 D ph_proxy: TID:1046 .../PhoneResultProxy.cpp:66:	Leave ~PhoneResultProxy (takes 0 millis)
10-14 16:52:59.470  1025  1046 D ph_proxy: TID:1046 .../PhoneCallbackHandler.cpp:41:	Leave handleMessage (takes 52 millis)
10-14 16:52:59.470  1025  1046 D ph_proxy: TID:1046 .../PhoneCallbackHandler.cpp:41:	Enter handleMessage
10-14 16:52:59.470  1025  1046 D ph_proxy: TID:1046 .../PhoneCallbackHandler.cpp:42:	PhoneCallbackHandler: what=0, org_what=0
10-14 16:52:59.470  1025  1046 D ph_proxy: TID:1046 .../PhoneResultProxy.cpp:55:	Enter PhoneResultProxy
10-14 16:52:59.470  1025  1046 D ph_proxy: TID:1046 .../PhoneResultProxy.cpp:55:	Leave PhoneResultProxy (takes 0 millis)
10-14 16:52:59.470  1025  1046 D ph_proxy: TID:1046 .../PhoneCallbackHandler.cpp:49:	NULL? result:0 after_cast:0
10-14 16:52:59.470  1025  1046 D ph_proxy: TID:1046 .../PhoneCallbackHandler.cpp:69:	pending arg1 as what:0
10-14 16:52:59.470  1025  1046 D ph_proxy: TID:1046 .../PhoneResultProxy.cpp:48:	Enter PhoneResultProxy
10-14 16:52:59.470  1025  1046 D ph_proxy: TID:1046 .../PhoneResultProxy.cpp:48:	Leave PhoneResultProxy (takes 0 millis)
10-14 16:52:59.470  1025  1046 D PhonePage: TID:1046 .../home/michelin/workspace/Phone/src/Phone/PhonePage.cpp:422:	handleMessage(0)
10-14 16:52:59.470  1025  1046 D ph_proxy: TID:1046 .../SPhoneProxy.cpp:249:	Enter getState
10-14 16:52:59.470  1025  1046 D ph_proxy: TID:1046 .../SPhoneProxy.cpp:249:	Leave getState (takes 0 millis)
10-14 16:52:59.470  1025  1046 D PhonePage: TID:1046 .../home/michelin/workspace/Phone/src/Phone/PhonePage.cpp:423:	phone state: 2
10-14 16:52:59.470  1025  1046 D PhonePage: TID:1046 .../home/michelin/workspace/Phone/src/Phone/PhonePage.cpp:427:	PHONE_STATE_CHANGED
10-14 16:52:59.470  1025  1046 D ph_proxy: TID:1046 .../SPhoneProxy.cpp:257:	Enter getPhoneType
10-14 16:52:59.470  1025  1046 D ph_proxy: TID:1046 .../SPhoneProxy.cpp:257:	Leave getPhoneType (takes 0 millis)
10-14 16:52:59.470  1025  1046 I PhonePage: TID:1046 .../home/michelin/workspace/Phone/src/Phone/PhonePage.cpp:814:	onPhoneStateChanged() phoneType:1
10-14 16:52:59.470  1025  1046 I PhoneApp: TID:1046 .../home/michelin/workspace/Phone/src/Phone/PhoneApp.cpp:463:	updateProximitySensorMode() state: 2
10-14 16:52:59.470  1025  1046 D ph_proxy: TID:1046 .../SPhoneProxy.cpp:651:	Enter getRingingCall
10-14 16:52:59.470  1025  1046 D ph_proxy: TID:1046 .../CallProxy.cpp:37:	Enter CallProxy
10-14 16:52:59.470  1025  1046 D ph_proxy: TID:1046 .../CallProxy.cpp:37:	Leave CallProxy (takes 0 millis)
10-14 16:52:59.470  1025  1046 D ph_proxy: TID:1046 .../SPhoneProxy.cpp:651:	Leave getRingingCall (takes 0 millis)
10-14 16:52:59.470  1025  1046 D ph_proxy: TID:1046 .../CallProxy.cpp:30:	Enter CallProxy
10-14 16:52:59.470  1025  1046 D ph_proxy: TID:1046 .../CallProxy.cpp:30:	Leave CallProxy (takes 0 millis)
10-14 16:52:59.470  1025  1046 D ph_proxy: TID:1046 .../CallProxy.cpp:48:	Enter ~CallProxy
10-14 16:52:59.470  1025  1046 D ph_proxy: TID:1046 .../CallProxy.cpp:48:	Leave ~CallProxy (takes 0 millis)
10-14 16:52:59.470  1025  1046 D ph_proxy: TID:1046 .../CallProxy.cpp:111:	Enter getState
10-14 16:52:59.470  1025  1046 D ph_proxy: TID:1046 .../CallProxy.cpp:111:	Leave getState (takes 0 millis)
10-14 16:52:59.470  1025  1046 D ph_proxy: TID:1046 .../CallProxy.cpp:48:	Enter ~CallProxy
10-14 16:52:59.470  1025  1046 D ph_proxy: TID:1046 .../CallProxy.cpp:48:	Leave ~CallProxy (takes 0 millis)
10-14 16:52:59.470  1025  1046 D PhoneApp: TID:1046 .../home/michelin/workspace/Phone/src/Phone/PhoneApp.cpp:506:	updateProximitySensorMode: lock already held.
10-14 16:52:59.470  1025  1046 D PhonePage: TID:1046 .../home/michelin/workspace/Phone/src/Phone/PhonePage.cpp:1237:	updateKeyguardShowWhenLockPolicy() showWhenLock:1
10-14 16:52:59.470  1025  1046 D wm_impl : WindowManagerImpl::updateViewLayout()
10-14 16:52:59.470  1025  1046 D wm_impl : WindowManagerImpl::findViewLocked()
10-14 16:52:59.470  1025  1046 D wm_impl : [findViewLocked] count = 1
10-14 16:52:59.470  1025  1046 D wm_impl : [findViewLocked] find view at index = 0
10-14 16:52:59.470  1025  1046 W activity: TID:1046 .../AgentActivity.cpp:494:	virtual void gaia::AgentActivity::onWindowAttributesChanged(const android::sp<gaia::WMLayoutParams>&) is NOT implemented yet
10-14 16:52:59.470  1025  1046 I CallNotifier: TID:1046 .../home/michelin/workspace/Phone/src/Phone/CallNotifier.cpp:698:	isEccIsDoingRetry() 0
10-14 16:52:59.470  1025  1046 I PhoneApp: TID:1046 .../home/michelin/workspace/Phone/src/Phone/PhoneApp.cpp:372:	updateWakeState
10-14 16:52:59.470  1025  1046 D ph_proxy: TID:1046 .../SPhoneProxy.cpp:643:	Enter getForegroundCall
10-14 16:52:59.470  1025  1046 D ph_proxy: TID:1046 .../CallProxy.cpp:37:	Enter CallProxy
10-14 16:52:59.470  1025  1046 D ph_proxy: TID:1046 .../CallProxy.cpp:37:	Leave CallProxy (takes 0 millis)
10-14 16:52:59.470  1025  1046 D ph_proxy: TID:1046 .../SPhoneProxy.cpp:643:	Leave getForegroundCall (takes 0 millis)
10-14 16:52:59.470  1025  1046 D ph_proxy: TID:1046 .../CallProxy.cpp:30:	Enter CallProxy
10-14 16:52:59.470  1025  1046 D ph_proxy: TID:1046 .../CallProxy.cpp:30:	Leave CallProxy (takes 0 millis)
10-14 16:52:59.470  1025  1046 D ph_proxy: TID:1046 .../CallProxy.cpp:48:	Enter ~CallProxy
10-14 16:52:59.470  1025  1046 D ph_proxy: TID:1046 .../CallProxy.cpp:48:	Leave ~CallProxy (takes 0 millis)
10-14 16:52:59.470  1025  1046 D ph_proxy: TID:1046 .../CallProxy.cpp:111:	Enter getState
10-14 16:52:59.470   691   695 D NotificationModel: TID:695 .../home/alan/COS/workspace/CosLockScreen_U/src/notification/NotificationModel.cpp:154:	void NotificationModel::prepareNotificationData(const gaia::core::Demand&): missed_calls_count[1]
10-14 16:52:59.470  1025  1046 D ph_proxy: TID:1046 .../CallProxy.cpp:111:	Leave getState (takes 0 millis)
10-14 16:52:59.470  1025  1046 D ph_proxy: TID:1046 .../CallProxy.cpp:48:	Enter ~CallProxy
10-14 16:52:59.470   691   695 D NotificationView: TID:695 .../home/alan/COS/workspace/CosLockScreen_U/src/notification/NotificationView.cpp:198:	virtual void NotificationView::onUpdate(NotificationModelInterface*): package name [Contacts]
10-14 16:52:59.470  1025  1046 D ph_proxy: TID:1046 .../CallProxy.cpp:48:	Leave ~CallProxy (takes 0 millis)
10-14 16:52:59.470   691   695 D NotificationView: TID:695 .../home/alan/COS/workspace/CosLockScreen_U/src/notification/NotificationView.cpp:200:	virtual void NotificationView::onUpdate(NotificationModelInterface*): notification state [1]
10-14 16:52:59.470  1025  1046 I PhoneApp: TID:1046 .../home/michelin/workspace/Phone/src/Phone/PhoneApp.cpp:382:	updateWakeState: keepScreenOn = 1, (isRinging=0, isDialing=1)
10-14 16:52:59.470  1025  1046 I PhoneApp: TID:1046 .../home/michelin/workspace/Phone/src/Phone/PhoneApp.cpp:394:	requestWakeState(2), mWakeState:2
10-14 16:52:59.470  1025  1046 I CallNotifier: TID:1046 .../home/michelin/workspace/Phone/src/Phone/CallNotifier.cpp:674:	isEccSwitchingForRetrying() 0
10-14 16:52:59.470  1025  1046 D ph_proxy: TID:1046 .../SPhoneProxy.cpp:651:	Enter getRingingCall
10-14 16:52:59.470  1025  1046 D ph_proxy: TID:1046 .../CallProxy.cpp:37:	Enter CallProxy
10-14 16:52:59.470  1025  1046 D ph_proxy: TID:1046 .../CallProxy.cpp:37:	Leave CallProxy (takes 0 millis)
10-14 16:52:59.470  1025  1046 D ph_proxy: TID:1046 .../SPhoneProxy.cpp:651:	Leave getRingingCall (takes 0 millis)
10-14 16:52:59.470  1025  1046 D ph_proxy: TID:1046 .../CallProxy.cpp:30:	Enter CallProxy
10-14 16:52:59.470  1025  1046 D ph_proxy: TID:1046 .../CallProxy.cpp:30:	Leave CallProxy (takes 0 millis)
10-14 16:52:59.470  1025  1046 D ph_proxy: TID:1046 .../CallProxy.cpp:48:	Enter ~CallProxy
10-14 16:52:59.470   691   695 D NotificationView: TID:695 .../home/alan/COS/workspace/CosLockScreen_U/src/notification/NotificationView.cpp:619:	void NotificationView::updateAllIcons(): icons number [1]
10-14 16:52:59.470  1025  1046 D ph_proxy: TID:1046 .../CallProxy.cpp:48:	Leave ~CallProxy (takes 0 millis)
10-14 16:52:59.470  1025  1046 D ph_proxy: TID:1046 .../CallProxy.cpp:116:	Enter isIdle
10-14 16:52:59.470  1025  1046 D ph_proxy: TID:1046 .../CallProxy.cpp:116:	Leave isIdle (takes 0 millis)
10-14 16:52:59.470  1025  1046 D ph_proxy: TID:1046 .../SPhoneProxy.cpp:643:	Enter getForegroundCall
10-14 16:52:59.470  1025  1046 D ph_proxy: TID:1046 .../CallProxy.cpp:37:	Enter CallProxy
10-14 16:52:59.470  1025  1046 D ph_proxy: TID:1046 .../CallProxy.cpp:37:	Leave CallProxy (takes 0 millis)
10-14 16:52:59.470  1025  1046 D ph_proxy: TID:1046 .../SPhoneProxy.cpp:643:	Leave getForegroundCall (takes 0 millis)
10-14 16:52:59.470  1025  1046 D ph_proxy: TID:1046 .../CallProxy.cpp:30:	Enter CallProxy
10-14 16:52:59.470  1025  1046 D ph_proxy: TID:1046 .../CallProxy.cpp:30:	Leave CallProxy (takes 0 millis)
10-14 16:52:59.470  1025  1046 D ph_proxy: TID:1046 .../CallProxy.cpp:48:	Enter ~CallProxy
10-14 16:52:59.470  1025  1046 D ph_proxy: TID:1046 .../CallProxy.cpp:48:	Leave ~CallProxy (takes 0 millis)
10-14 16:52:59.470  1025  1046 D ph_proxy: TID:1046 .../CallProxy.cpp:111:	Enter getState
10-14 16:52:59.470  1025  1046 D ph_proxy: TID:1046 .../CallProxy.cpp:111:	Leave getState (takes 0 millis)
10-14 16:52:59.470  1025  1046 D ph_proxy: TID:1046 .../SPhoneProxy.cpp:647:	Enter getBackgroundCall
10-14 16:52:59.470  1025  1046 D ph_proxy: TID:1046 .../CallProxy.cpp:37:	Enter CallProxy
10-14 16:52:59.470  1025  1046 D ph_proxy: TID:1046 .../CallProxy.cpp:37:	Leave CallProxy (takes 0 millis)
10-14 16:52:59.470  1025  1046 D ph_proxy: TID:1046 .../SPhoneProxy.cpp:647:	Leave getBackgroundCall (takes 0 millis)
10-14 16:52:59.470  1025  1046 D ph_proxy: TID:1046 .../CallProxy.cpp:30:	Enter CallProxy
10-14 16:52:59.470  1025  1046 D ph_proxy: TID:1046 .../CallProxy.cpp:30:	Leave CallProxy (takes 0 millis)
10-14 16:52:59.470  1025  1046 D ph_proxy: TID:1046 .../CallProxy.cpp:48:	Enter ~CallProxy
10-14 16:52:59.470  1025  1046 D ph_proxy: TID:1046 .../CallProxy.cpp:48:	Leave ~CallProxy (takes 0 millis)
10-14 16:52:59.470  1025  1046 D ph_proxy: TID:1046 .../CallProxy.cpp:111:	Enter getState
10-14 16:52:59.470  1025  1046 D ph_proxy: TID:1046 .../CallProxy.cpp:111:	Leave getState (takes 0 millis)
10-14 16:52:59.470  1025  1046 D ph_proxy: TID:1046 .../CallProxy.cpp:111:	Enter getState
10-14 16:52:59.470  1025  1046 D ph_proxy: TID:1046 .../CallProxy.cpp:111:	Leave getState (takes 0 millis)
10-14 16:52:59.470  1025  1046 D ph_proxy: TID:1046 .../CallProxy.cpp:111:	Enter getState
10-14 16:52:59.470  1025  1046 D ph_proxy: TID:1046 .../CallProxy.cpp:111:	Leave getState (takes 0 millis)
10-14 16:52:59.470  1025  1046 D PhonePage: TID:1046 .../home/michelin/workspace/Phone/src/Phone/PhonePage.cpp:1105:	updateCallStatus() ringingState:0
10-14 16:52:59.470  1025  1046 D ph_proxy: TID:1046 .../CallProxy.cpp:111:	Enter getState
10-14 16:52:59.470  1025  1046 D ph_proxy: TID:1046 .../CallProxy.cpp:111:	Leave getState (takes 0 millis)
10-14 16:52:59.470  1025  1046 D PhonePage: TID:1046 .../home/michelin/workspace/Phone/src/Phone/PhonePage.cpp:1116:	updateCallStatus() fgState:3
10-14 16:52:59.470  1025  1046 D ph_proxy: TID:1046 .../CallProxy.cpp:48:	Enter ~CallProxy
10-14 16:52:59.470  1025  1046 D ph_proxy: TID:1046 .../CallProxy.cpp:48:	Leave ~CallProxy (takes 0 millis)
10-14 16:52:59.470  1025  1046 D ph_proxy: TID:1046 .../CallProxy.cpp:48:	Enter ~CallProxy
10-14 16:52:59.470  1025  1046 D ph_proxy: TID:1046 .../CallProxy.cpp:48:	Leave ~CallProxy (takes 0 millis)
10-14 16:52:59.470  1025  1046 D ph_proxy: TID:1046 .../CallProxy.cpp:48:	Enter ~CallProxy
10-14 16:52:59.470  1025  1046 D ph_proxy: TID:1046 .../CallProxy.cpp:48:	Leave ~CallProxy (takes 0 millis)
10-14 16:52:59.470  1025  1046 D PhonePage: TID:1046 .../home/michelin/workspace/Phone/src/Phone/PhonePage.cpp:1270:	updateScreen() updateCallStatus OK mPhonePageMode:4
10-14 16:52:59.470  1025  1046 I PhoneUtils: TID:1046 .../home/michelin/workspace/Phone/src/Phone/utils/PhoneUtils.cpp:1920:	getCurrCallPhoneType() from call tab :0 
10-14 16:52:59.470  1025  1046 D ph_proxy: TID:1046 .../CallManagerProxy.cpp:47:	Enter CallManagerProxy
10-14 16:52:59.470  1025  1046 D ph_proxy: TID:1046 .../CallManagerProxy.cpp:47:	Leave CallManagerProxy (takes 0 millis)
10-14 16:52:59.470  1025  1046 D ph_proxy: TID:1046 .../CallManagerProxy.cpp:40:	Enter CallManagerProxy
10-14 16:52:59.470  1025  1046 D ph_proxy: TID:1046 .../CallManagerProxy.cpp:40:	Leave CallManagerProxy (takes 0 millis)
10-14 16:52:59.470  1025  1046 D ph_proxy: TID:1046 .../CallManagerProxy.cpp:53:	Enter ~CallManagerProxy
10-14 16:52:59.470   698   710 I resource: TID:710 .../Resources.cpp:472:	Drawable: Phone:drawable/stat_sys_phone_call, instance at: 0x4c2dca20
10-14 16:52:59.470  1025  1046 D ph_proxy: TID:1046 .../CallManagerProxy.cpp:53:	Leave ~CallManagerProxy (takes 0 millis)
10-14 16:52:59.470  1025  1046 D ph_call : TID:1046 .../CallManager.cpp:1232:	Can't find any call is active!
10-14 16:52:59.470  1025  1046 D ph_call : TID:1046 .../CallManager.cpp:1232:	Can't find any call is active!
10-14 16:52:59.470  1025  1046 I PhoneUtils: TID:1046 .../home/michelin/workspace/Phone/src/Phone/utils/PhoneUtils.cpp:1832:	>>>> CallManager <<<<
10-14 16:52:59.470  1025  1046 I PhoneUtils:  CallManager.hasActiveRingingCall():0,
10-14 16:52:59.470  1025  1046 I PhoneUtils:  CallManager.hasActiveFgCall():1,
10-14 16:52:59.470  1025  1046 I PhoneUtils:  CallManager.hasActiveBgCall():0
10-14 16:52:59.470  1025  1046 D ph_proxy: TID:1046 .../CallProxy.cpp:37:	Enter CallProxy
10-14 16:52:59.470  1025  1046 D ph_proxy: TID:1046 .../CallProxy.cpp:37:	Leave CallProxy (takes 0 millis)
10-14 16:52:59.470  1025  1046 D ph_proxy: TID:1046 .../CallProxy.cpp:30:	Enter CallProxy
10-14 16:52:59.470  1025  1046 D ph_proxy: TID:1046 .../CallProxy.cpp:30:	Leave CallProxy (takes 0 millis)
10-14 16:52:59.470  1025  1046 D ph_proxy: TID:1046 .../CallProxy.cpp:48:	Enter ~CallProxy
10-14 16:52:59.470  1025  1046 D ph_proxy: TID:1046 .../CallProxy.cpp:48:	Leave ~CallProxy (takes 0 millis)
10-14 16:52:59.470  1025  1046 D ph_proxy: TID:1046 .../CallProxy.cpp:76:	Enter getPhone
10-14 16:52:59.470  1025  1046 D ph_proxy: TID:1046 .../SPhoneProxy.cpp:138:	Enter SPhoneProxy
10-14 16:52:59.470  1025  1046 D ph_proxy: TID:1046 .../SPhoneProxy.cpp:138:	Leave SPhoneProxy (takes 0 millis)
10-14 16:52:59.470  1025  1046 D ph_proxy: TID:1046 .../CallProxy.cpp:76:	Leave getPhone (takes 0 millis)
10-14 16:52:59.470   691   695 D NotificationView: TID:695 .../home/alan/COS/workspace/CosLockScreen_U/src/notification/NotificationView.cpp:222:	notification pos, alarm: -1, calendar: -1
10-14 16:52:59.470  1025  1046 D ph_proxy: TID:1046 .../SPhoneProxy.cpp:131:	Enter SPhoneProxy
10-14 16:52:59.470  1025  1046 D ph_proxy: TID:1046 .../SPhoneProxy.cpp:131:	Leave SPhoneProxy (takes 0 millis)
10-14 16:52:59.470  1025  1046 D ph_proxy: TID:1046 .../SPhoneProxy.cpp:149:	Enter ~SPhoneProxy
10-14 16:52:59.470  1025  1046 D ph_proxy: TID:1046 .../SPhoneProxy.cpp:149:	Leave ~SPhoneProxy (takes 0 millis)
10-14 16:52:59.470  1025  1046 D ph_proxy: TID:1046 .../SPhoneProxy.cpp:257:	Enter getPhoneType
10-14 16:52:59.470  1025  1046 D ph_proxy: TID:1046 .../SPhoneProxy.cpp:257:	Leave getPhoneType (takes 0 millis)
10-14 16:52:59.470  1025  1046 D ph_proxy: TID:1046 .../SPhoneProxy.cpp:149:	Enter ~SPhoneProxy
10-14 16:52:59.470  1025  1046 D ph_proxy: TID:1046 .../SPhoneProxy.cpp:149:	Leave ~SPhoneProxy (takes 0 millis)
10-14 16:52:59.470  1025  1046 I PhoneUtils: TID:1046 .../home/michelin/workspace/Phone/src/Phone/utils/PhoneUtils.cpp:1861:	resolveTopCallPhoneType() fg phone:1 
10-14 16:52:59.470  1025  1046 D ph_proxy: TID:1046 .../CallProxy.cpp:48:	Enter ~CallProxy
10-14 16:52:59.470  1025  1046 D ph_proxy: TID:1046 .../CallProxy.cpp:48:	Leave ~CallProxy (takes 0 millis)
10-14 16:52:59.470  1025  1046 D ph_proxy: TID:1046 .../CallManagerProxy.cpp:53:	Enter ~CallManagerProxy
10-14 16:52:59.470  1025  1046 D ph_proxy: TID:1046 .../CallManagerProxy.cpp:53:	Leave ~CallManagerProxy (takes 0 millis)
10-14 16:52:59.470  1025  1046 I PhoneUtils: TID:1046 .../home/michelin/workspace/Phone/src/Phone/utils/PhoneUtils.cpp:1924:	getCurrCallPhoneType() from call list:1 
10-14 16:52:59.470  1025  1046 I CallCard: TID:1046 .../home/michelin/workspace/Phone/src/Phone/CallCard.cpp:103:	updateState(1)
10-14 16:52:59.470  1025  1046 I PhoneUtils: TID:1046 .../home/michelin/workspace/Phone/src/Phone/utils/PhoneUtils.cpp:1730:	 PhoneUtils: >>>>>>>>>>>>>>>>>>>>>>>> dumpCallState() -s
10-14 16:52:59.470  1025  1046 D ph_proxy: TID:1046 .../SPhoneProxy.cpp:138:	Enter SPhoneProxy
10-14 16:52:59.470  1025  1046 D ph_proxy: TID:1046 .../SPhoneProxy.cpp:138:	Leave SPhoneProxy (takes 0 millis)
10-14 16:52:59.470  1025  1046 D ph_proxy: TID:1046 .../SPhoneProxy.cpp:131:	Enter SPhoneProxy
10-14 16:52:59.470  1025  1046 D ph_proxy: TID:1046 .../SPhoneProxy.cpp:131:	Leave SPhoneProxy (takes 1 millis)
10-14 16:52:59.470  1025  1046 D ph_proxy: TID:1046 .../SPhoneProxy.cpp:131:	Enter SPhoneProxy
10-14 16:52:59.470  1025  1046 D ph_proxy: TID:1046 .../SPhoneProxy.cpp:131:	Leave SPhoneProxy (takes 0 millis)
10-14 16:52:59.470   691   695 D CosLockScreenController: TID:695 .../home/alan/COS/workspace/CosLockScreen_U/src/CosLockScreenController.cpp:413:	CosLockScreen_REG unlock screen
10-14 16:52:59.470   691   695 D CosUnlockScreen: TID:695 .../home/alan/COS/workspace/CosLockScreen_U/src/unlockscreen/CosUnlockScreen.cpp:435:	[UIHandler::clearCountDown]
10-14 16:52:59.470  1025  1046 D ph_proxy: TID:1046 .../SPhoneProxy.cpp:131:	Enter SPhoneProxy
10-14 16:52:59.470   691   695 I looper_mq: TID:695 .../MessageQueue.cpp:383:	removeMessages what=1
10-14 16:52:59.470  1025  1046 D ph_proxy: TID:1046 .../SPhoneProxy.cpp:131:	Leave SPhoneProxy (takes 0 millis)
10-14 16:52:59.470  1025  1046 D ph_proxy: TID:1046 .../SPhoneProxy.cpp:149:	Enter ~SPhoneProxy
10-14 16:52:59.470  1025  1046 D ph_proxy: TID:1046 .../SPhoneProxy.cpp:149:	Leave ~SPhoneProxy (takes 0 millis)
10-14 16:52:59.470  1025  1046 D ph_proxy: TID:1046 .../SPhoneProxy.cpp:149:	Enter ~SPhoneProxy
10-14 16:52:59.470  1025  1046 D ph_proxy: TID:1046 .../SPhoneProxy.cpp:149:	Leave ~SPhoneProxy (takes 0 millis)
10-14 16:52:59.470  1025  1046 D ph_proxy: TID:1046 .../SPhoneProxy.cpp:131:	Enter SPhoneProxy
10-14 16:52:59.470  1025  1046 D ph_proxy: TID:1046 .../SPhoneProxy.cpp:131:	Leave SPhoneProxy (takes 0 millis)
10-14 16:52:59.470  1025  1046 D ph_proxy: TID:1046 .../SPhoneProxy.cpp:253:	Enter getPhoneName
10-14 16:52:59.470   684  1079 D keyguard: TID:1079 .../KeyguardService.cpp:556:	Enter gotoUnlockScreen
10-14 16:52:59.470  1025  1046 D ph_proxy: TID:1046 .../SPhoneProxy.cpp:253:	Leave getPhoneName (takes 0 millis)
10-14 16:52:59.470  1025  1046 D PhoneUtils: TID:1046 .../home/michelin/workspace/Phone/src/Phone/utils/PhoneUtils.cpp:1319:	------- dump Phone[GSM] begin-----
10-14 16:52:59.470   691   695 D keyguardview: TID:695 .../KeyguardViewService.cpp:549:	Enter gotoUnlockScreen
10-14 16:52:59.470   691   695 D keyguardview: TID:695 .../KeyguardView.cpp:644:	Enter gotoUnlockScreen
10-14 16:52:59.470  1025  1046 D ph_proxy: TID:1046 .../SPhoneProxy.cpp:651:	Enter getRingingCall
10-14 16:52:59.470   691   695 D keyguardview: TID:695 .../KeyguardView.cpp:577:	Enter isSecure
10-14 16:52:59.470  1025  1046 D ph_proxy: TID:1046 .../CallProxy.cpp:37:	Enter CallProxy
10-14 16:52:59.470   691   695 D keyguardview: TID:695 .../KeyguardView.cpp:530:	Enter getUnlockType
10-14 16:52:59.470  1025  1046 D ph_proxy: TID:1046 .../CallProxy.cpp:37:	Leave CallProxy (takes 0 millis)
10-14 16:52:59.470  1025  1046 D ph_proxy: TID:1046 .../SPhoneProxy.cpp:651:	Leave getRingingCall (takes 0 millis)
10-14 16:52:59.470  1025  1046 D ph_proxy: TID:1046 .../CallProxy.cpp:30:	Enter CallProxy
10-14 16:52:59.470  1025  1046 D ph_proxy: TID:1046 .../CallProxy.cpp:30:	Leave CallProxy (takes 0 millis)
10-14 16:52:59.470  1025  1046 D ph_proxy: TID:1046 .../CallProxy.cpp:48:	Enter ~CallProxy
10-14 16:52:59.470  1025  1046 D ph_proxy: TID:1046 .../CallProxy.cpp:48:	Leave ~CallProxy (takes 0 millis)
10-14 16:52:59.470  1025  1046 D ph_proxy: TID:1046 .../SPhoneProxy.cpp:643:	Enter getForegroundCall
10-14 16:52:59.470  1025  1046 D ph_proxy: TID:1046 .../CallProxy.cpp:37:	Enter CallProxy
10-14 16:52:59.470  1025  1046 D ph_proxy: TID:1046 .../CallProxy.cpp:37:	Leave CallProxy (takes 0 millis)
10-14 16:52:59.470  1025  1046 D ph_proxy: TID:1046 .../SPhoneProxy.cpp:643:	Leave getForegroundCall (takes 0 millis)
10-14 16:52:59.470  1025  1046 D ph_proxy: TID:1046 .../CallProxy.cpp:30:	Enter CallProxy
10-14 16:52:59.470  1025  1046 D ph_proxy: TID:1046 .../CallProxy.cpp:30:	Leave CallProxy (takes 0 millis)
10-14 16:52:59.470  1025  1046 D ph_proxy: TID:1046 .../CallProxy.cpp:48:	Enter ~CallProxy
10-14 16:52:59.470  1025  1046 D ph_proxy: TID:1046 .../CallProxy.cpp:48:	Leave ~CallProxy (takes 0 millis)
10-14 16:52:59.470  1025  1046 D ph_proxy: TID:1046 .../SPhoneProxy.cpp:647:	Enter getBackgroundCall
10-14 16:52:59.470   691   695 I provider_settings: TID:695 .../Settings.cpp:344:	Settings::NameValueCache::getString, Process: system/bin/lockscreend, (name, value) = (lockscreen.password_type, )
10-14 16:52:59.470  1025  1046 D ph_proxy: TID:1046 .../CallProxy.cpp:37:	Enter CallProxy
10-14 16:52:59.470  1025  1046 D ph_proxy: TID:1046 .../CallProxy.cpp:37:	Leave CallProxy (takes 0 millis)
10-14 16:52:59.470  1025  1046 D ph_proxy: TID:1046 .../SPhoneProxy.cpp:647:	Leave getBackgroundCall (takes 0 millis)
10-14 16:52:59.470  1025  1046 D ph_proxy: TID:1046 .../CallProxy.cpp:30:	Enter CallProxy
10-14 16:52:59.470  1025  1046 D ph_proxy: TID:1046 .../CallProxy.cpp:30:	Leave CallProxy (takes 0 millis)
10-14 16:52:59.470  1025  1046 D ph_proxy: TID:1046 .../CallProxy.cpp:48:	Enter ~CallProxy
10-14 16:52:59.470  1025  1046 D ph_proxy: TID:1046 .../CallProxy.cpp:48:	Leave ~CallProxy (takes 0 millis)
10-14 16:52:59.470  1025  1046 D ph_proxy: TID:1046 .../SPhoneProxy.cpp:249:	Enter getState
10-14 16:52:59.470  1025  1046 D ph_proxy: TID:1046 .../SPhoneProxy.cpp:249:	Leave getState (takes 0 millis)
10-14 16:52:59.470  1025  1046 D ph_proxy: TID:1046 .../CallProxy.cpp:111:	Enter getState
10-14 16:52:59.470  1025  1046 D ph_proxy: TID:1046 .../CallProxy.cpp:111:	Leave getState (takes 0 millis)
10-14 16:52:59.470  1025  1046 D ph_proxy: TID:1046 .../CallProxy.cpp:111:	Enter getState
10-14 16:52:59.470   691   695 I provider_settings: TID:695 .../Settings.cpp:344:	Settings::NameValueCache::getString, Process: system/bin/lockscreend, (name, value) = (lockscreen.password_type_alternate, )
10-14 16:52:59.470  1025  1046 D ph_proxy: TID:1046 .../CallProxy.cpp:111:	Leave getState (takes 0 millis)
10-14 16:52:59.470  1025  1046 D ph_proxy: TID:1046 .../CallProxy.cpp:111:	Enter getState
10-14 16:52:59.470  1025  1046 D ph_proxy: TID:1046 .../CallProxy.cpp:111:	Leave getState (takes 0 millis)
10-14 16:52:59.470  1025  1046 I PhoneUtils: TID:1046 .../home/michelin/workspace/Phone/src/Phone/utils/PhoneUtils.cpp:1325:	--[PHONE CALL LIST]-- State: OFFHOOK, RINGING: IDLE, FORGROUND: DIALING, BACKGROUND: IDLE
10-14 16:52:59.470  1025  1046 D ph_proxy: TID:1046 .../SPhoneProxy.cpp:257:	Enter getPhoneType
10-14 16:52:59.470  1025  1046 D ph_proxy: TID:1046 .../SPhoneProxy.cpp:257:	Leave getPhoneType (takes 0 millis)
10-14 16:52:59.470  1025  1046 D ph_proxy: TID:1046 .../CallProxy.cpp:48:	Enter ~CallProxy
10-14 16:52:59.470  1025  1046 D ph_proxy: TID:1046 .../CallProxy.cpp:48:	Leave ~CallProxy (takes 0 millis)
10-14 16:52:59.470  1025  1046 D ph_proxy: TID:1046 .../CallProxy.cpp:48:	Enter ~CallProxy
10-14 16:52:59.470  1025  1046 D ph_proxy: TID:1046 .../CallProxy.cpp:48:	Leave ~CallProxy (takes 0 millis)
10-14 16:52:59.470  1025  1046 D ph_proxy: TID:1046 .../CallProxy.cpp:48:	Enter ~CallProxy
10-14 16:52:59.470  1025  1046 D ph_proxy: TID:1046 .../CallProxy.cpp:48:	Leave ~CallProxy (takes 0 millis)
10-14 16:52:59.470   691   695 I provider_settings: TID:695 .../Settings.cpp:344:	Settings::NameValueCache::getString, Process: system/bin/lockscreend, (name, value) = (lock_pattern_autolock, )
10-14 16:52:59.470  1025  1046 D ph_proxy: TID:1046 .../SPhoneProxy.cpp:149:	Enter ~SPhoneProxy
10-14 16:52:59.470  1025  1046 D ph_proxy: TID:1046 .../SPhoneProxy.cpp:149:	Leave ~SPhoneProxy (takes 0 millis)
10-14 16:52:59.470  1025  1046 D ph_call : TID:1046 .../CallManager.cpp:1232:	Can't find any call is active!
10-14 16:52:59.470   691   695 I keyguardview: TID:695 .../KeyguardView.cpp:571:	Current unlock type is Unknown
10-14 16:52:59.470   691   695 D keyguardview: TID:695 .../KeyguardView.cpp:530:	Leave getUnlockType (takes 1 millis)
10-14 16:52:59.470   691   695 I keyguardview: TID:695 .../KeyguardView.cpp:606:	isSecure = false
10-14 16:52:59.470  1025  1046 D ph_call : TID:1046 .../CallManager.cpp:1232:	Can't find any call is active!
10-14 16:52:59.470   691   695 D keyguardview: TID:695 .../KeyguardView.cpp:577:	Leave isSecure (takes 1 millis)
10-14 16:52:59.470  1025  1046 D ph_call : TID:1046 .../CallManager.cpp:1232:	Can't find any call is active!
10-14 16:52:59.470  1025  1046 D ph_call : TID:1046 .../CallManager.cpp:1232:	Can't find any call is active!
10-14 16:52:59.470  1025  1046 I PhoneUtils: TID:1046 .../home/michelin/workspace/Phone/src/Phone/utils/PhoneUtils.cpp:1345:	 CallManager.getState: OFFHOOK, hasActiveRingingCall: 0, hasActiveFgCall: 1, hasActiveBgCall: 0
10-14 16:52:59.470   684  1079 D keyguard: TID:1079 .../KeyguardService.cpp:396:	Enter keyguardDone
10-14 16:52:59.470   684  1079 D keyguard: TID:1079 .../KeyguardService.cpp:1189:	Enter keyguardDone
10-14 16:52:59.470  1025  1046 D ph_proxy: TID:1046 .../CallProxy.cpp:37:	Enter CallProxy
10-14 16:52:59.470   684  1079 I keyguard: TID:1079 .../KeyguardService.cpp:1190:	KeyguardService::keyguardDone,wakeup:true
10-14 16:52:59.470  1025  1046 D ph_proxy: TID:1046 .../CallProxy.cpp:37:	Leave CallProxy (takes 0 millis)
10-14 16:52:59.470   684  1079 I keyguard: TID:1079 .../KeyguardService.cpp:1194:	mNeedToShowKeyguard = false
10-14 16:52:59.470  1025  1046 D ph_proxy: TID:1046 .../CallProxy.cpp:30:	Enter CallProxy
10-14 16:52:59.470  1025  1046 D ph_proxy: TID:1046 .../CallProxy.cpp:30:	Leave CallProxy (takes 0 millis)
10-14 16:52:59.470  1025  1046 D ph_proxy: TID:1046 .../CallProxy.cpp:48:	Enter ~CallProxy
10-14 16:52:59.470  1025  1046 D ph_proxy: TID:1046 .../CallProxy.cpp:48:	Leave ~CallProxy (takes 0 millis)
10-14 16:52:59.470  1025  1046 D ph_proxy: TID:1046 .../CallProxy.cpp:111:	Enter getState
10-14 16:52:59.470  1025  1046 D ph_proxy: TID:1046 .../CallProxy.cpp:111:	Leave getState (takes 0 millis)
10-14 16:52:59.470  1025  1046 D ph_proxy: TID:1046 .../CallProxy.cpp:76:	Enter getPhone
10-14 16:52:59.470  1025  1046 D ph_proxy: TID:1046 .../SPhoneProxy.cpp:138:	Enter SPhoneProxy
10-14 16:52:59.470   684  1079 D keyguard: TID:1079 .../KeyguardService.cpp:1198:	keyguardDone(true)
10-14 16:52:59.470  1025  1046 D ph_proxy: TID:1046 .../SPhoneProxy.cpp:138:	Leave SPhoneProxy (takes 0 millis)
10-14 16:52:59.470  1025  1046 D ph_proxy: TID:1046 .../CallProxy.cpp:76:	Leave getPhone (takes 0 millis)
10-14 16:52:59.470  1025  1046 D ph_proxy: TID:1046 .../SPhoneProxy.cpp:131:	Enter SPhoneProxy
10-14 16:52:59.470  1025  1046 D ph_proxy: TID:1046 .../SPhoneProxy.cpp:131:	Leave SPhoneProxy (takes 0 millis)
10-14 16:52:59.470  1025  1046 D ph_proxy: TID:1046 .../SPhoneProxy.cpp:149:	Enter ~SPhoneProxy
10-14 16:52:59.470  1025  1046 D ph_proxy: TID:1046 .../SPhoneProxy.cpp:149:	Leave ~SPhoneProxy (takes 0 millis)
10-14 16:52:59.470  1025  1046 D ph_proxy: TID:1046 .../SPhoneProxy.cpp:257:	Enter getPhoneType
10-14 16:52:59.470  1025  1046 D ph_proxy: TID:1046 .../SPhoneProxy.cpp:257:	Leave getPhoneType (takes 0 millis)
10-14 16:52:59.470  1025  1046 D ph_proxy: TID:1046 .../CallProxy.cpp:76:	Enter getPhone
10-14 16:52:59.470  1025  1046 D ph_proxy: TID:1046 .../SPhoneProxy.cpp:138:	Enter SPhoneProxy
10-14 16:52:59.470  1025  1046 D ph_proxy: TID:1046 .../SPhoneProxy.cpp:138:	Leave SPhoneProxy (takes 0 millis)
10-14 16:52:59.470  1025  1046 D ph_proxy: TID:1046 .../CallProxy.cpp:76:	Leave getPhone (takes 0 millis)
10-14 16:52:59.470  1025  1046 D ph_proxy: TID:1046 .../SPhoneProxy.cpp:131:	Enter SPhoneProxy
10-14 16:52:59.470  1025  1046 D ph_proxy: TID:1046 .../SPhoneProxy.cpp:131:	Leave SPhoneProxy (takes 0 millis)
10-14 16:52:59.470  1025  1046 D ph_proxy: TID:1046 .../SPhoneProxy.cpp:149:	Enter ~SPhoneProxy
10-14 16:52:59.470  1025  1046 D ph_proxy: TID:1046 .../SPhoneProxy.cpp:149:	Leave ~SPhoneProxy (takes 1 millis)
10-14 16:52:59.470  1025  1046 D ph_proxy: TID:1046 .../SPhoneProxy.cpp:253:	Enter getPhoneName
10-14 16:52:59.470  1025  1046 D ph_proxy: TID:1046 .../SPhoneProxy.cpp:253:	Leave getPhoneName (takes 0 millis)
10-14 16:52:59.470   684  1079 I ams     : TID:1079 .../ActivityManagerService.cpp:16031:	Broadcast: Intent { act=android.intent.action.USER_PRESENT flg=536870912 } ordered=false, callerApp=ProcessRecord{0x4ccbac48 pid=684/tid=-1/ProcessName=system/uid=1000}, callerPackage=android, resolvedType=NULL, resultTo=0x0(0x0), userId=0 (from: pid=691, uid=1000)
10-14 16:52:59.470  1025  1046 I PhoneUtils: TID:1046 .../home/michelin/workspace/Phone/src/Phone/utils/PhoneUtils.cpp:1349:	getFirstActiveRingingCall-: IDLE, Phone(1: GSM)
10-14 16:52:59.470  1025  1046 D ph_proxy: TID:1046 .../SPhoneProxy.cpp:149:	Enter ~SPhoneProxy
10-14 16:52:59.470  1025  1046 D ph_proxy: TID:1046 .../SPhoneProxy.cpp:149:	Leave ~SPhoneProxy (takes 0 millis)
10-14 16:52:59.470  1025  1046 D ph_proxy: TID:1046 .../SPhoneProxy.cpp:149:	Enter ~SPhoneProxy
10-14 16:52:59.470  1025  1046 D ph_proxy: TID:1046 .../SPhoneProxy.cpp:149:	Leave ~SPhoneProxy (takes 0 millis)
10-14 16:52:59.470  1025  1046 D ph_proxy: TID:1046 .../CallProxy.cpp:37:	Enter CallProxy
10-14 16:52:59.470   684  1079 I ams     : TID:1079 .../ActivityManagerService.cpp:15958:	[AMS] CollectReceiverComponents: Set to newReceivers
10-14 16:52:59.470  1025  1046 D ph_proxy: TID:1046 .../CallProxy.cpp:37:	Leave CallProxy (takes 0 millis)
10-14 16:52:59.470   684  1079 I ams     : TID:1079 .../ActivityManagerService.cpp:16005:	[AMS] CollectReceiverComponents finished
10-14 16:52:59.470  1025  1046 D ph_proxy: TID:1046 .../CallProxy.cpp:30:	Enter CallProxy
10-14 16:52:59.470  1025  1046 D ph_proxy: TID:1046 .../CallProxy.cpp:30:	Leave CallProxy (takes 0 millis)
10-14 16:52:59.470  1025  1046 D ph_proxy: TID:1046 .../CallProxy.cpp:30:	Enter CallProxy
10-14 16:52:59.470  1025  1046 D ph_proxy: TID:1046 .../CallProxy.cpp:30:	Leave CallProxy (takes 0 millis)
10-14 16:52:59.470  1025  1046 D ph_proxy: TID:1046 .../CallProxy.cpp:30:	Enter CallProxy
10-14 16:52:59.470  1025  1046 D ph_proxy: TID:1046 .../CallProxy.cpp:30:	Leave CallProxy (takes 0 millis)
10-14 16:52:59.470  1025  1046 D ph_proxy: TID:1046 .../CallProxy.cpp:48:	Enter ~CallProxy
10-14 16:52:59.470   684  1079 I ams     : TID:1079 .../ActivityManagerService.cpp:16346:	Collect 0 receivers for (null) typed broadcast Intent { act=android.intent.action.USER_PRESENT flg=536870912 } (time=0 ms)
10-14 16:52:59.470  1025  1046 D ph_proxy: TID:1046 .../CallProxy.cpp:48:	Leave ~CallProxy (takes 0 millis)
10-14 16:52:59.470  1025  1046 D ph_proxy: TID:1046 .../CallProxy.cpp:48:	Enter ~CallProxy
10-14 16:52:59.470  1025  1046 D ph_proxy: TID:1046 .../CallProxy.cpp:48:	Leave ~CallProxy (takes 0 millis)
10-14 16:52:59.470  1025  1046 D ph_proxy: TID:1046 .../CallProxy.cpp:30:	Enter CallProxy
10-14 16:52:59.470  1025  1046 D ph_proxy: TID:1046 .../CallProxy.cpp:30:	Leave CallProxy (takes 0 millis)
10-14 16:52:59.470  1025  1046 D ph_proxy: TID:1046 .../CallProxy.cpp:111:	Enter getState
10-14 16:52:59.470  1025  1046 D ph_proxy: TID:1046 .../CallProxy.cpp:111:	Leave getState (takes 0 millis)
10-14 16:52:59.470  1025  1046 D ph_proxy: TID:1046 .../CallProxy.cpp:76:	Enter getPhone
10-14 16:52:59.470  1025  1046 D ph_proxy: TID:1046 .../SPhoneProxy.cpp:138:	Enter SPhoneProxy
10-14 16:52:59.470  1025  1046 D ph_proxy: TID:1046 .../SPhoneProxy.cpp:138:	Leave SPhoneProxy (takes 0 millis)
10-14 16:52:59.470  1025  1046 D ph_proxy: TID:1046 .../CallProxy.cpp:76:	Leave getPhone (takes 0 millis)
10-14 16:52:59.470  1025  1046 D ph_proxy: TID:1046 .../SPhoneProxy.cpp:131:	Enter SPhoneProxy
10-14 16:52:59.470   684  1079 I ams     : TID:1079 .../ActivityManagerService.cpp:16361:	Resolve 2 registered receivers for (null) typed broadcast Intent { act=android.intent.action.USER_PRESENT flg=536870912 } (time=0 ms)
10-14 16:52:59.470  1025  1046 D ph_proxy: TID:1046 .../SPhoneProxy.cpp:131:	Leave SPhoneProxy (takes 0 millis)
10-14 16:52:59.470  1025  1046 D ph_proxy: TID:1046 .../SPhoneProxy.cpp:149:	Enter ~SPhoneProxy
10-14 16:52:59.470  1025  1046 D ph_proxy: TID:1046 .../SPhoneProxy.cpp:149:	Leave ~SPhoneProxy (takes 0 millis)
10-14 16:52:59.470  1025  1046 D ph_proxy: TID:1046 .../SPhoneProxy.cpp:257:	Enter getPhoneType
10-14 16:52:59.470  1025  1046 D ph_proxy: TID:1046 .../SPhoneProxy.cpp:257:	Leave getPhoneType (takes 0 millis)
10-14 16:52:59.470  1025  1046 D ph_proxy: TID:1046 .../CallProxy.cpp:76:	Enter getPhone
10-14 16:52:59.470  1025  1046 D ph_proxy: TID:1046 .../SPhoneProxy.cpp:138:	Enter SPhoneProxy
10-14 16:52:59.470  1025  1046 D ph_proxy: TID:1046 .../SPhoneProxy.cpp:138:	Leave SPhoneProxy (takes 0 millis)
10-14 16:52:59.470  1025  1046 D ph_proxy: TID:1046 .../CallProxy.cpp:76:	Leave getPhone (takes 0 millis)
10-14 16:52:59.470  1025  1046 D ph_proxy: TID:1046 .../SPhoneProxy.cpp:131:	Enter SPhoneProxy
10-14 16:52:59.470  1025  1046 D ph_proxy: TID:1046 .../SPhoneProxy.cpp:131:	Leave SPhoneProxy (takes 0 millis)
10-14 16:52:59.470   684  1079 I ams     : TID:1079 .../BroadcastQueue.cpp:117:	Enqueue non-ordered broadcast: BroadcastRecord(0x4ff3c618) has 2 receivers for Intent { act=android.intent.action.USER_PRESENT flg=536870912 }
10-14 16:52:59.470  1025  1046 D ph_proxy: TID:1046 .../SPhoneProxy.cpp:149:	Enter ~SPhoneProxy
10-14 16:52:59.470  1025  1046 D ph_proxy: TID:1046 .../SPhoneProxy.cpp:149:	Leave ~SPhoneProxy (takes 0 millis)
10-14 16:52:59.470  1025  1046 D ph_proxy: TID:1046 .../SPhoneProxy.cpp:253:	Enter getPhoneName
10-14 16:52:59.470  1025  1046 D ph_proxy: TID:1046 .../SPhoneProxy.cpp:253:	Leave getPhoneName (takes 1 millis)
10-14 16:52:59.470   684   744 I ams     : TID:744 .../BroadcastQueue.cpp:623:	processNextBroadcast [background]from Msg: 1 broadcasts, 0 ordered broadcasts
10-14 16:52:59.470   684   744 I ams     : TID:744 .../BroadcastQueue.cpp:635:	Processing parallel broadcast [background] 1 BroadcastRecord
10-14 16:52:59.470   684  1079 D keyguard: TID:1079 .../KeyguardService.cpp:1189:	Leave keyguardDone (takes 2 millis)
10-14 16:52:59.470  1025  1046 I PhoneUtils: TID:1046 .../home/michelin/workspace/Phone/src/Phone/utils/PhoneUtils.cpp:1356:	RINGING-0: IDLE, Phone(1: GSM)
10-14 16:52:59.470   684  1079 D keyguard: TID:1079 .../KeyguardService.cpp:396:	Leave keyguardDone (takes 2 millis)
10-14 16:52:59.470  1025  1046 D ph_proxy: TID:1046 .../SPhoneProxy.cpp:149:	Enter ~SPhoneProxy
10-14 16:52:59.470  1025  1046 D ph_proxy: TID:1046 .../SPhoneProxy.cpp:149:	Leave ~SPhoneProxy (takes 0 millis)
10-14 16:52:59.470  1025  1046 D ph_proxy: TID:1046 .../SPhoneProxy.cpp:149:	Enter ~SPhoneProxy
10-14 16:52:59.470  1025  1046 D ph_proxy: TID:1046 .../SPhoneProxy.cpp:149:	Leave ~SPhoneProxy (takes 0 millis)
10-14 16:52:59.470   684   808 D keyguard: TID:808 .../KeyguardService.cpp:963:	msg->what = 9
10-14 16:52:59.470  1025  1046 D ph_proxy: TID:1046 .../CallProxy.cpp:48:	Enter ~CallProxy
10-14 16:52:59.470   684   808 D keyguard: TID:808 .../KeyguardService.cpp:1001:	for KEYGUARD_DONE
10-14 16:52:59.470   684   808 D keyguard: TID:808 .../KeyguardService.cpp:1039:	Enter handleKeyguardDone
10-14 16:52:59.470  1025  1046 D ph_proxy: TID:1046 .../CallProxy.cpp:48:	Leave ~CallProxy (takes 0 millis)
10-14 16:52:59.470   691   695 D keyguardview: TID:695 .../KeyguardView.cpp:644:	Leave gotoUnlockScreen (takes 3 millis)
10-14 16:52:59.470   684   808 D keyguard: TID:808 .../KeyguardService.cpp:893:	Enter handleHide
10-14 16:52:59.470   684   808 I keyguard: TID:808 .../KeyguardService.cpp:894:	hide keyguard
10-14 16:52:59.470   691   695 D keyguardview: TID:695 .../KeyguardViewService.cpp:549:	Leave gotoUnlockScreen (takes 3 millis)
10-14 16:52:59.470  1025  1046 D ph_proxy: TID:1046 .../CallProxy.cpp:37:	Enter CallProxy
10-14 16:52:59.470  1025  1046 D ph_proxy: TID:1046 .../CallProxy.cpp:37:	Leave CallProxy (takes 0 millis)
10-14 16:52:59.470  1025  1046 D ph_proxy: TID:1046 .../CallProxy.cpp:30:	Enter CallProxy
10-14 16:52:59.470  1025  1046 D ph_proxy: TID:1046 .../CallProxy.cpp:30:	Leave CallProxy (takes 0 millis)
10-14 16:52:59.470  1025  1046 D ph_proxy: TID:1046 .../CallProxy.cpp:48:	Enter ~CallProxy
10-14 16:52:59.470  1025  1046 D ph_proxy: TID:1046 .../CallProxy.cpp:48:	Leave ~CallProxy (takes 0 millis)
10-14 16:52:59.470  1025  1046 D ph_proxy: TID:1046 .../CallProxy.cpp:111:	Enter getState
10-14 16:52:59.470  1025  1046 D ph_proxy: TID:1046 .../CallProxy.cpp:111:	Leave getState (takes 0 millis)
10-14 16:52:59.470  1025  1046 D ph_proxy: TID:1046 .../CallProxy.cpp:76:	Enter getPhone
10-14 16:52:59.470   684  1079 D keyguard: TID:1079 .../KeyguardService.cpp:556:	Leave gotoUnlockScreen (takes 3 millis)
10-14 16:52:59.470  1025  1046 D ph_proxy: TID:1046 .../SPhoneProxy.cpp:138:	Enter SPhoneProxy
10-14 16:52:59.470  1025  1046 D ph_proxy: TID:1046 .../SPhoneProxy.cpp:138:	Leave SPhoneProxy (takes 0 millis)
10-14 16:52:59.470  1025  1046 D ph_proxy: TID:1046 .../CallProxy.cpp:76:	Leave getPhone (takes 0 millis)
10-14 16:52:59.470  1025  1046 D ph_proxy: TID:1046 .../SPhoneProxy.cpp:131:	Enter SPhoneProxy
10-14 16:52:59.470  1025  1046 D ph_proxy: TID:1046 .../SPhoneProxy.cpp:131:	Leave SPhoneProxy (takes 0 millis)
10-14 16:52:59.470  1025  1046 D ph_proxy: TID:1046 .../SPhoneProxy.cpp:149:	Enter ~SPhoneProxy
10-14 16:52:59.470  1025  1046 D ph_proxy: TID:1046 .../SPhoneProxy.cpp:149:	Leave ~SPhoneProxy (takes 0 millis)
10-14 16:52:59.470   684   808 D keyguard: TID:808 .../KeyguardService.cpp:664:	Enter playSounds
10-14 16:52:59.470  1025  1046 D ph_proxy: TID:1046 .../SPhoneProxy.cpp:257:	Enter getPhoneType
10-14 16:52:59.470  1025  1046 D ph_proxy: TID:1046 .../SPhoneProxy.cpp:257:	Leave getPhoneType (takes 0 millis)
10-14 16:52:59.470  1025  1046 D ph_proxy: TID:1046 .../CallProxy.cpp:76:	Enter getPhone
10-14 16:52:59.470  1025  1046 D ph_proxy: TID:1046 .../SPhoneProxy.cpp:138:	Enter SPhoneProxy
10-14 16:52:59.470  1025  1046 D ph_proxy: TID:1046 .../SPhoneProxy.cpp:138:	Leave SPhoneProxy (takes 0 millis)
10-14 16:52:59.470  1025  1046 D ph_proxy: TID:1046 .../CallProxy.cpp:76:	Leave getPhone (takes 0 millis)
10-14 16:52:59.470  1025  1046 D ph_proxy: TID:1046 .../SPhoneProxy.cpp:131:	Enter SPhoneProxy
10-14 16:52:59.470  1025  1046 D ph_proxy: TID:1046 .../SPhoneProxy.cpp:131:	Leave SPhoneProxy (takes 0 millis)
10-14 16:52:59.470  1025  1046 D ph_proxy: TID:1046 .../SPhoneProxy.cpp:149:	Enter ~SPhoneProxy
10-14 16:52:59.470  1025  1046 D ph_proxy: TID:1046 .../SPhoneProxy.cpp:149:	Leave ~SPhoneProxy (takes 0 millis)
10-14 16:52:59.470  1025  1046 D ph_proxy: TID:1046 .../SPhoneProxy.cpp:253:	Enter getPhoneName
10-14 16:52:59.470   684   808 I provider_settings: TID:808 .../Settings.cpp:344:	Settings::NameValueCache::getString, Process: system/bin/gaiad, (name, value) = (lockscreen_sounds_enabled, 1)
10-14 16:52:59.470  1025  1046 D ph_proxy: TID:1046 .../SPhoneProxy.cpp:253:	Leave getPhoneName (takes 0 millis)
10-14 16:52:59.470  1025  1046 I PhoneUtils: TID:1046 .../home/michelin/workspace/Phone/src/Phone/utils/PhoneUtils.cpp:1361:	getActiveFgCall-: DIALING, Phone(1: GSM)
10-14 16:52:59.470   684   808 D keyguard: TID:808 .../KeyguardService.cpp:664:	Leave playSounds (takes 0 millis)
10-14 16:52:59.470  1025  1046 D ph_proxy: TID:1046 .../SPhoneProxy.cpp:149:	Enter ~SPhoneProxy
10-14 16:52:59.470  1025  1046 D ph_proxy: TID:1046 .../SPhoneProxy.cpp:149:	Leave ~SPhoneProxy (takes 0 millis)
10-14 16:52:59.470  1025  1046 D ph_proxy: TID:1046 .../SPhoneProxy.cpp:149:	Enter ~SPhoneProxy
10-14 16:52:59.470  1025  1046 D ph_proxy: TID:1046 .../SPhoneProxy.cpp:149:	Leave ~SPhoneProxy (takes 0 millis)
10-14 16:52:59.470  1025  1046 D ph_proxy: TID:1046 .../CallProxy.cpp:37:	Enter CallProxy
10-14 16:52:59.470  1025  1046 D ph_proxy: TID:1046 .../CallProxy.cpp:37:	Leave CallProxy (takes 1 millis)
10-14 16:52:59.470   691   909 D keyguardview: TID:909 .../KeyguardViewService.cpp:741:	Enter hide
10-14 16:52:59.470   691   909 I keyguardview: TID:909 .../KeyguardViewService.cpp:742:	KeyguardViewService::hide
10-14 16:52:59.470  1025  1046 D ph_proxy: TID:1046 .../CallProxy.cpp:30:	Enter CallProxy
10-14 16:52:59.470  1025  1046 D ph_proxy: TID:1046 .../CallProxy.cpp:30:	Leave CallProxy (takes 0 millis)
10-14 16:52:59.470   691   909 D keyguardview: TID:909 .../KeyguardViewService.cpp:741:	Leave hide (takes 0 millis)
10-14 16:52:59.470  1025  1046 D ph_proxy: TID:1046 .../CallProxy.cpp:30:	Enter CallProxy
10-14 16:52:59.470  1025  1046 D ph_proxy: TID:1046 .../CallProxy.cpp:30:	Leave CallProxy (takes 0 millis)
10-14 16:52:59.470  1025  1046 D ph_proxy: TID:1046 .../CallProxy.cpp:30:	Enter CallProxy
10-14 16:52:59.470  1025  1046 D ph_proxy: TID:1046 .../CallProxy.cpp:30:	Leave CallProxy (takes 0 millis)
10-14 16:52:59.470  1025  1046 D ph_proxy: TID:1046 .../CallProxy.cpp:48:	Enter ~CallProxy
10-14 16:52:59.470  1025  1046 D ph_proxy: TID:1046 .../CallProxy.cpp:48:	Leave ~CallProxy (takes 0 millis)
10-14 16:52:59.470  1025  1046 D ph_proxy: TID:1046 .../CallProxy.cpp:48:	Enter ~CallProxy
10-14 16:52:59.470  1025  1046 D ph_proxy: TID:1046 .../CallProxy.cpp:48:	Leave ~CallProxy (takes 0 millis)
10-14 16:52:59.470  1025  1046 D ph_proxy: TID:1046 .../CallProxy.cpp:30:	Enter CallProxy
10-14 16:52:59.470  1025  1046 D ph_proxy: TID:1046 .../CallProxy.cpp:30:	Leave CallProxy (takes 0 millis)
10-14 16:52:59.470  1025  1046 D ph_proxy: TID:1046 .../CallProxy.cpp:111:	Enter getState
10-14 16:52:59.470  1025  1046 D ph_proxy: TID:1046 .../CallProxy.cpp:111:	Leave getState (takes 0 millis)
10-14 16:52:59.470  1025  1046 D ph_proxy: TID:1046 .../CallProxy.cpp:76:	Enter getPhone
10-14 16:52:59.470  1025  1046 D ph_proxy: TID:1046 .../SPhoneProxy.cpp:138:	Enter SPhoneProxy
10-14 16:52:59.470  1025  1046 D ph_proxy: TID:1046 .../SPhoneProxy.cpp:138:	Leave SPhoneProxy (takes 0 millis)
10-14 16:52:59.470  1025  1046 D ph_proxy: TID:1046 .../CallProxy.cpp:76:	Leave getPhone (takes 0 millis)
10-14 16:52:59.470  1025  1046 D ph_proxy: TID:1046 .../SPhoneProxy.cpp:131:	Enter SPhoneProxy
10-14 16:52:59.470  1025  1046 D ph_proxy: TID:1046 .../SPhoneProxy.cpp:131:	Leave SPhoneProxy (takes 0 millis)
10-14 16:52:59.470  1025  1046 D ph_proxy: TID:1046 .../SPhoneProxy.cpp:149:	Enter ~SPhoneProxy
10-14 16:52:59.470  1025  1046 D ph_proxy: TID:1046 .../SPhoneProxy.cpp:149:	Leave ~SPhoneProxy (takes 0 millis)
10-14 16:52:59.470  1025  1046 D ph_proxy: TID:1046 .../SPhoneProxy.cpp:257:	Enter getPhoneType
10-14 16:52:59.470   684   744 I ams     : TID:744 .../BroadcastQueue.cpp:583:	[AMS] Delivering to BroadcastFilter{0x4d97da58 u0 ReceiverList{0x4d97d9e0 684 system/1000/u0 local:0x4c0d1ddc}} (seq=-1): BroadcastRecord{0x4ff3c618 u0 android.intent.action.USER_PRESENT}
10-14 16:52:59.470  1025  1046 D ph_proxy: TID:1046 .../SPhoneProxy.cpp:257:	Leave getPhoneType (takes 0 millis)
10-14 16:52:59.470  1025  1046 D ph_proxy: TID:1046 .../CallProxy.cpp:76:	Enter getPhone
10-14 16:52:59.470  1025  1046 D ph_proxy: TID:1046 .../SPhoneProxy.cpp:138:	Enter SPhoneProxy
10-14 16:52:59.470  1025  1046 D ph_proxy: TID:1046 .../SPhoneProxy.cpp:138:	Leave SPhoneProxy (takes 0 millis)
10-14 16:52:59.470  1025  1046 D ph_proxy: TID:1046 .../CallProxy.cpp:76:	Leave getPhone (takes 0 millis)
10-14 16:52:59.470  1025  1046 D ph_proxy: TID:1046 .../SPhoneProxy.cpp:131:	Enter SPhoneProxy
10-14 16:52:59.470  1025  1046 D ph_proxy: TID:1046 .../SPhoneProxy.cpp:131:	Leave SPhoneProxy (takes 0 millis)
10-14 16:52:59.470  1025  1046 D ph_proxy: TID:1046 .../SPhoneProxy.cpp:149:	Enter ~SPhoneProxy
10-14 16:52:59.470  1025  1046 D ph_proxy: TID:1046 .../SPhoneProxy.cpp:149:	Leave ~SPhoneProxy (takes 0 millis)
10-14 16:52:59.470  1025  1046 D ph_proxy: TID:1046 .../SPhoneProxy.cpp:253:	Enter getPhoneName
10-14 16:52:59.470   684   744 I ams     : TID:744 .../BroadcastQueue.cpp:473:	AMS_STATUS>> SCHEDULE_REGISTER_RECEIVER: Process system (pid:684, uid: 1000), Receiver 0x4c0d1ddc(0x4c0d1dd0), Non-ordered broadcast, Intent { act=android.intent.action.USER_PRESENT flg=536870912 }
10-14 16:52:59.470  1025  1046 D ph_proxy: TID:1046 .../SPhoneProxy.cpp:253:	Leave getPhoneName (takes 0 millis)
10-14 16:52:59.470  1025  1046 I PhoneUtils: TID:1046 .../home/michelin/workspace/Phone/src/Phone/utils/PhoneUtils.cpp:1368:	FORGROUND-0: DIALING, Phone(1: GSM)
10-14 16:52:59.470  1025  1046 D ph_proxy: TID:1046 .../SPhoneProxy.cpp:149:	Enter ~SPhoneProxy
10-14 16:52:59.470   684   744 I activity_thread: TID:744 .../ActivityThread.cpp:3045:	scheduleRegisteredReceiver: receiver=0x4c0d1ddc, Intent=Intent { act=android.intent.action.USER_PRESENT flg=536870912 }, resultCode=-1, dataStr=NULL, ordered=false, sticky=false
10-14 16:52:59.470  1025  1046 D ph_proxy: TID:1046 .../SPhoneProxy.cpp:149:	Leave ~SPhoneProxy (takes 1 millis)
10-14 16:52:59.470  1025  1046 D ph_proxy: TID:1046 .../SPhoneProxy.cpp:149:	Enter ~SPhoneProxy
10-14 16:52:59.470  1025  1046 D ph_proxy: TID:1046 .../SPhoneProxy.cpp:149:	Leave ~SPhoneProxy (takes 0 millis)
10-14 16:52:59.470  1025  1046 D ph_proxy: TID:1046 .../CallProxy.cpp:48:	Enter ~CallProxy
10-14 16:52:59.470  1025  1046 D ph_proxy: TID:1046 .../CallProxy.cpp:48:	Leave ~CallProxy (takes 0 millis)
10-14 16:52:59.470   684   744 I ams     : TID:744 .../BroadcastQueue.cpp:591:	performReceive of BroadcastRecord{0x4ff3c618 u0 android.intent.action.USER_PRESENT}(1 millis)
10-14 16:52:59.470  1025  1046 D ph_proxy: TID:1046 .../CallProxy.cpp:37:	Enter CallProxy
10-14 16:52:59.470  1025  1046 D ph_proxy: TID:1046 .../CallProxy.cpp:37:	Leave CallProxy (takes 0 millis)
10-14 16:52:59.470  1025  1046 D ph_proxy: TID:1046 .../CallProxy.cpp:30:	Enter CallProxy
10-14 16:52:59.470  1025  1046 D ph_proxy: TID:1046 .../CallProxy.cpp:30:	Leave CallProxy (takes 0 millis)
10-14 16:52:59.470  1025  1046 D ph_proxy: TID:1046 .../CallProxy.cpp:48:	Enter ~CallProxy
10-14 16:52:59.470  1025  1046 D ph_proxy: TID:1046 .../CallProxy.cpp:48:	Leave ~CallProxy (takes 0 millis)
10-14 16:52:59.470  1025  1046 D ph_proxy: TID:1046 .../CallProxy.cpp:111:	Enter getState
10-14 16:52:59.470  1025  1046 D ph_proxy: TID:1046 .../CallProxy.cpp:111:	Leave getState (takes 0 millis)
10-14 16:52:59.470  1025  1046 D ph_proxy: TID:1046 .../CallProxy.cpp:76:	Enter getPhone
10-14 16:52:59.470  1025  1046 D ph_proxy: TID:1046 .../SPhoneProxy.cpp:138:	Enter SPhoneProxy
10-14 16:52:59.470  1025  1046 D ph_proxy: TID:1046 .../SPhoneProxy.cpp:138:	Leave SPhoneProxy (takes 0 millis)
10-14 16:52:59.470  1025  1046 D ph_proxy: TID:1046 .../CallProxy.cpp:76:	Leave getPhone (takes 0 millis)
10-14 16:52:59.470  1025  1046 D ph_proxy: TID:1046 .../SPhoneProxy.cpp:131:	Enter SPhoneProxy
10-14 16:52:59.470  1025  1046 D ph_proxy: TID:1046 .../SPhoneProxy.cpp:131:	Leave SPhoneProxy (takes 0 millis)
10-14 16:52:59.470  1025  1046 D ph_proxy: TID:1046 .../SPhoneProxy.cpp:149:	Enter ~SPhoneProxy
10-14 16:52:59.470  1025  1046 D ph_proxy: TID:1046 .../SPhoneProxy.cpp:149:	Leave ~SPhoneProxy (takes 0 millis)
10-14 16:52:59.470  1025  1046 D ph_proxy: TID:1046 .../SPhoneProxy.cpp:257:	Enter getPhoneType
10-14 16:52:59.470  1025  1046 D ph_proxy: TID:1046 .../SPhoneProxy.cpp:257:	Leave getPhoneType (takes 0 millis)
10-14 16:52:59.470  1025  1046 D ph_proxy: TID:1046 .../CallProxy.cpp:76:	Enter getPhone
10-14 16:52:59.470  1025  1046 D ph_proxy: TID:1046 .../SPhoneProxy.cpp:138:	Enter SPhoneProxy
10-14 16:52:59.470  1025  1046 D ph_proxy: TID:1046 .../SPhoneProxy.cpp:138:	Leave SPhoneProxy (takes 0 millis)
10-14 16:52:59.470  1025  1046 D ph_proxy: TID:1046 .../CallProxy.cpp:76:	Leave getPhone (takes 0 millis)
10-14 16:52:59.470  1025  1046 D ph_proxy: TID:1046 .../SPhoneProxy.cpp:131:	Enter SPhoneProxy
10-14 16:52:59.470  1025  1046 D ph_proxy: TID:1046 .../SPhoneProxy.cpp:131:	Leave SPhoneProxy (takes 0 millis)
10-14 16:52:59.470  1025  1046 D ph_proxy: TID:1046 .../SPhoneProxy.cpp:149:	Enter ~SPhoneProxy
10-14 16:52:59.470  1025  1046 D ph_proxy: TID:1046 .../SPhoneProxy.cpp:149:	Leave ~SPhoneProxy (takes 0 millis)
10-14 16:52:59.470  1025  1046 D ph_proxy: TID:1046 .../SPhoneProxy.cpp:253:	Enter getPhoneName
10-14 16:52:59.470  1025  1046 D ph_proxy: TID:1046 .../SPhoneProxy.cpp:253:	Leave getPhoneName (takes 0 millis)
10-14 16:52:59.470  1025  1046 I PhoneUtils: TID:1046 .../home/michelin/workspace/Phone/src/Phone/utils/PhoneUtils.cpp:1373:	getFirstActiveBgCall-: IDLE, Phone(1: GSM)
10-14 16:52:59.470  1025  1046 D ph_proxy: TID:1046 .../SPhoneProxy.cpp:149:	Enter ~SPhoneProxy
10-14 16:52:59.470  1025  1046 D ph_proxy: TID:1046 .../SPhoneProxy.cpp:149:	Leave ~SPhoneProxy (takes 0 millis)
