10-14 16:52:59.520   684   684 I ams     : TID:684 .../BroadcastQueue.cpp:117:	Enqueue non-ordered broadcast: BroadcastRecord(0x4c4f7288) has 1 receivers for Intent { act=com.cos.phone.MUTE_STATE_CHANGED (has extras) }
10-14 16:52:59.520   684   744 I ams     : TID:744 .../BroadcastQueue.cpp:623:	processNextBroadcast [background]from Msg: 1 broadcasts, 0 ordered broadcasts
10-14 16:52:59.520   684   744 I ams     : TID:744 .../BroadcastQueue.cpp:635:	Processing parallel broadcast [background] 1 BroadcastRecord
10-14 16:52:59.520  1025  1046 D ph_proxy: TID:1046 .../CallManagerProxy.cpp:47:	Enter CallManagerProxy
10-14 16:52:59.520  1025  1046 D ph_proxy: TID:1046 .../CallManagerProxy.cpp:47:	Leave CallManagerProxy (takes 0 millis)
10-14 16:52:59.520  1025  1046 D ph_proxy: TID:1046 .../CallManagerProxy.cpp:40:	Enter CallManagerProxy
10-14 16:52:59.520  1025  1046 D ph_proxy: TID:1046 .../CallManagerProxy.cpp:40:	Leave CallManagerProxy (takes 0 millis)
10-14 16:52:59.520  1025  1046 D ph_proxy: TID:1046 .../CallManagerProxy.cpp:53:	Enter ~CallManagerProxy
10-14 16:52:59.520  1025  1046 D ph_proxy: TID:1046 .../CallManagerProxy.cpp:53:	Leave ~CallManagerProxy (takes 0 millis)
10-14 16:52:59.520  1025  1046 D ph_proxy: TID:1046 .../CallProxy.cpp:37:	Enter CallProxy
10-14 16:52:59.520  1025  1046 D ph_proxy: TID:1046 .../CallProxy.cpp:37:	Leave CallProxy (takes 0 millis)
10-14 16:52:59.520  1025  1046 D ph_proxy: TID:1046 .../CallProxy.cpp:30:	Enter CallProxy
10-14 16:52:59.520  1025  1046 D ph_proxy: TID:1046 .../CallProxy.cpp:30:	Leave CallProxy (takes 0 millis)
10-14 16:52:59.520  1025  1046 D ph_proxy: TID:1046 .../CallProxy.cpp:48:	Enter ~CallProxy
10-14 16:52:59.520  1025  1046 D ph_proxy: TID:1046 .../CallProxy.cpp:48:	Leave ~CallProxy (takes 0 millis)
10-14 16:52:59.520  1025  1046 D ph_proxy: TID:1046 .../ConnectionProxy.cpp:44:	Enter ConnectionProxy
10-14 16:52:59.520  1025  1046 D ph_proxy: TID:1046 .../ConnectionProxy.cpp:44:	Leave ConnectionProxy (takes 0 millis)
10-14 16:52:59.520  1025  1046 D ph_proxy: TID:1046 .../ConnectionProxy.cpp:37:	Enter ConnectionProxy
10-14 16:52:59.520  1025  1046 D ph_proxy: TID:1046 .../ConnectionProxy.cpp:37:	Leave ConnectionProxy (takes 0 millis)
10-14 16:52:59.520  1025  1046 D ph_proxy: TID:1046 .../ConnectionProxy.cpp:37:	Enter ConnectionProxy
10-14 16:52:59.520  1025  1046 D ph_proxy: TID:1046 .../ConnectionProxy.cpp:37:	Leave ConnectionProxy (takes 0 millis)
10-14 16:52:59.520  1025  1046 D ph_proxy: TID:1046 .../ConnectionProxy.cpp:37:	Enter ConnectionProxy
10-14 16:52:59.520  1025  1046 D ph_proxy: TID:1046 .../ConnectionProxy.cpp:37:	Leave ConnectionProxy (takes 0 millis)
10-14 16:52:59.520  1025  1046 D ph_proxy: TID:1046 .../ConnectionProxy.cpp:54:	Enter ~ConnectionProxy
10-14 16:52:59.520  1025  1046 D ph_proxy: TID:1046 .../ConnectionProxy.cpp:54:	Leave ~ConnectionProxy (takes 0 millis)
10-14 16:52:59.520  1025  1046 D ph_proxy: TID:1046 .../ConnectionProxy.cpp:54:	Enter ~ConnectionProxy
10-14 16:52:59.520  1025  1046 D ph_proxy: TID:1046 .../ConnectionProxy.cpp:54:	Leave ~ConnectionProxy (takes 0 millis)
10-14 16:52:59.520  1025  1046 D ph_proxy: TID:1046 .../CallProxy.cpp:48:	Enter ~CallProxy
10-14 16:52:59.520  1025  1046 D ph_proxy: TID:1046 .../CallProxy.cpp:48:	Leave ~CallProxy (takes 0 millis)
10-14 16:52:59.520  1025  1046 D ph_proxy: TID:1046 .../CallManagerProxy.cpp:53:	Enter ~CallManagerProxy
10-14 16:52:59.520  1025  1046 D ph_proxy: TID:1046 .../CallManagerProxy.cpp:53:	Leave ~CallManagerProxy (takes 0 millis)
10-14 16:52:59.520  1025  1046 I PhoneUtils: TID:1046 .../home/michelin/workspace/Phone/src/Phone/utils/PhoneUtils.cpp:879:	sConnectionMuteTable.size() 1
10-14 16:52:59.520  1025  1046 D ph_proxy: TID:1046 .../ConnectionProxy.cpp:37:	Enter ConnectionProxy
10-14 16:52:59.520  1025  1046 D ph_proxy: TID:1046 .../ConnectionProxy.cpp:37:	Leave ConnectionProxy (takes 0 millis)
10-14 16:52:59.520  1025  1046 D ph_proxy: TID:1046 .../ConnectionProxy.cpp:98:	Enter getCreateTime
10-14 16:52:59.520  1025  1046 D ph_proxy: TID:1046 .../ConnectionProxy.cpp:98:	Leave getCreateTime (takes 0 millis)
10-14 16:52:59.520  1025  1046 D ph_proxy: TID:1046 .../ConnectionProxy.cpp:133:	Enter getState
10-14 16:52:59.530  1025  1046 D ph_proxy: TID:1046 .../ConnectionProxy.cpp:133:	Leave getState (takes 1 millis)
10-14 16:52:59.530  1025  1046 D ph_proxy: TID:1046 .../ConnectionProxy.cpp:98:	Enter getCreateTime
10-14 16:52:59.530  1025  1046 D ph_proxy: TID:1046 .../ConnectionProxy.cpp:98:	Leave getCreateTime (takes 0 millis)
10-14 16:52:59.530  1025  1046 I PhoneUtils: TID:1046 .../home/michelin/workspace/Phone/src/Phone/utils/PhoneUtils.cpp:886:	update conn mute state, cn.state:3, cnTime:1381740778369
10-14 16:52:59.530  1025  1046 D ph_proxy: TID:1046 .../ConnectionProxy.cpp:98:	Enter getCreateTime
10-14 16:52:59.530  1025  1046 D ph_proxy: TID:1046 .../ConnectionProxy.cpp:98:	Leave getCreateTime (takes 0 millis)
10-14 16:52:59.530  1025  1046 D ph_proxy: TID:1046 .../ConnectionProxy.cpp:54:	Enter ~ConnectionProxy
10-14 16:52:59.530  1025  1046 D ph_proxy: TID:1046 .../ConnectionProxy.cpp:54:	Leave ~ConnectionProxy (takes 0 millis)
10-14 16:52:59.530  1025  1046 I PhoneUtils: TID:1046 .../home/michelin/workspace/Phone/src/Phone/utils/PhoneUtils.cpp:889:	sConnectionMuteTable.size() 1
10-14 16:52:59.530  1025  1046 D ph_proxy: TID:1046 .../ConnectionProxy.cpp:54:	Enter ~ConnectionProxy
10-14 16:52:59.530  1025  1046 D ph_proxy: TID:1046 .../ConnectionProxy.cpp:54:	Leave ~ConnectionProxy (takes 0 millis)
10-14 16:52:59.530   684   744 I ams     : TID:744 .../BroadcastQueue.cpp:583:	[AMS] Delivering to BroadcastFilter{0x4d6c3ae8 u0 ReceiverList{0x4efb3600 698 system/bin/systemuid/1000/u0 remote:0x4d4856e0}} (seq=-1): BroadcastRecord{0x4c4f7288 u0 com.cos.phone.MUTE_STATE_CHANGED}
10-14 16:52:59.530  1025  1046 D ph_proxy: TID:1046 .../SPhoneProxy.cpp:149:	Enter ~SPhoneProxy
10-14 16:52:59.530  1025  1046 D ph_proxy: TID:1046 .../SPhoneProxy.cpp:149:	Leave ~SPhoneProxy (takes 0 millis)
10-14 16:52:59.530  1025  1046 D ph_proxy: TID:1046 .../CallProxy.cpp:48:	Enter ~CallProxy
10-14 16:52:59.530  1025  1046 D ph_proxy: TID:1046 .../CallProxy.cpp:48:	Leave ~CallProxy (takes 0 millis)
10-14 16:52:59.530  1025  1046 D ph_proxy: TID:1046 .../CallProxy.cpp:48:	Enter ~CallProxy
10-14 16:52:59.530  1025  1046 D ph_proxy: TID:1046 .../CallProxy.cpp:48:	Leave ~CallProxy (takes 0 millis)
10-14 16:52:59.530  1025  1046 D ph_proxy: TID:1046 .../ConnectionProxy.cpp:54:	Enter ~ConnectionProxy
10-14 16:52:59.530   684   744 I ams     : TID:744 .../BroadcastQueue.cpp:473:	AMS_STATUS>> SCHEDULE_REGISTER_RECEIVER: Process system/bin/systemuid (pid:698, uid: 1000), Receiver 0x4d4856e0(0x4d485738), Non-ordered broadcast, Intent { act=com.cos.phone.MUTE_STATE_CHANGED (has extras) }
10-14 16:52:59.530  1025  1046 D ph_proxy: TID:1046 .../ConnectionProxy.cpp:54:	Leave ~ConnectionProxy (takes 0 millis)
10-14 16:52:59.530  1025  1046 D ph_proxy: TID:1046 .../CallManagerProxy.cpp:53:	Enter ~CallManagerProxy
10-14 16:52:59.530  1025  1046 D ph_proxy: TID:1046 .../CallManagerProxy.cpp:53:	Leave ~CallManagerProxy (takes 0 millis)
10-14 16:52:59.530   684   744 I ams     : TID:744 .../BroadcastQueue.cpp:591:	performReceive of BroadcastRecord{0x4c4f7288 u0 com.cos.phone.MUTE_STATE_CHANGED}(0 millis)
10-14 16:52:59.530   698   712 I activity_thread: TID:712 .../ActivityThread.cpp:3045:	scheduleRegisteredReceiver: receiver=0x4be4c204, Intent=Intent { act=com.cos.phone.MUTE_STATE_CHANGED (has extras) }, resultCode=-1, dataStr=NULL, ordered=false, sticky=false
10-14 16:52:59.530   684   744 I ams     : TID:744 .../BroadcastQueue.cpp:714:	No more ordered Broadcasts pending, so all done!
10-14 16:52:59.530   684   744 I looper_mq: TID:744 .../MessageQueue.cpp:383:	removeMessages what=5
10-14 16:52:59.530   698   710 I activity_thread: TID:710 .../ActivityThread.cpp:1526:	LIFESTAT onReceive: 0x4be4bd58
10-14 16:52:59.530   698   710 D DashBoard: TID:710 .../StatusBarMuteModel.cpp:36: Enter onReceive
10-14 16:52:59.530   698   710 I DashBoard: TID:710 .../statusBar/mute/StatusBarMuteModel.cpp:38: mute status = 0
10-14 16:52:59.530   698   710 D DashBoard: TID:710 .../StatusBarMuteModel.cpp:36: Leave onReceive
10-14 16:52:59.530   684   781 D keyguard: TID:781 .../KeyguardService.cpp:1105:	mShowing = false
10-14 16:52:59.530   684   781 I looper_mq: TID:781 .../MessageQueue.cpp:383:	removeMessages what=12
10-14 16:52:59.530   684   808 D keyguard: TID:808 .../KeyguardService.cpp:963:	msg->what = 12
10-14 16:52:59.530   684   808 D keyguard: TID:808 .../KeyguardService.cpp:1084:	mHidden = true bHidden = true
10-14 16:52:59.540  1025  1046 I viewroot: TID:1046 .../ViewRoot.cpp:3131:	Disable SmartMode Log (calling scrollToRectOrFocus)
10-14 16:52:59.540  1025  1046 I OpenGLRenderer: TID:1046 .../DisplayListRenderer.cpp:207:	delete SkMatrix in mMatrices, address : 0x4cee6978
10-14 16:52:59.540  1025  1046 I OpenGLRenderer: TID:1046 .../DisplayListRenderer.cpp:280:	add SkMatrix in mMatrices, address : 0x4c319400
10-14 16:52:59.540  1025  1046 I OpenGLRenderer: TID:1046 .../DisplayListRenderer.cpp:207:	delete SkMatrix in mMatrices, address : 0x4bc46e88
10-14 16:52:59.540  1025  1046 I OpenGLRenderer: TID:1046 .../DisplayListRenderer.cpp:280:	add SkMatrix in mMatrices, address : 0x4c3193c0
10-14 16:52:59.540  1025  1046 I OpenGLRenderer: TID:1046 .../DisplayListRenderer.cpp:207:	delete SkMatrix in mMatrices, address : 0x4c6ff3b0
10-14 16:52:59.540  1025  1046 I OpenGLRenderer: TID:1046 .../DisplayListRenderer.cpp:280:	add SkMatrix in mMatrices, address : 0x4bc46e88
10-14 16:52:59.540  1025  1046 I OpenGLRenderer: TID:1046 .../DisplayListRenderer.cpp:207:	delete SkMatrix in mMatrices, address : 0x4c47cf40
10-14 16:52:59.540  1025  1046 I OpenGLRenderer: TID:1046 .../DisplayListRenderer.cpp:280:	add SkMatrix in mMatrices, address : 0x4c6ff3b0
10-14 16:52:59.540  1025  1046 I OpenGLRenderer: TID:1046 .../DisplayListRenderer.cpp:207:	delete SkMatrix in mMatrices, address : 0x43649fb0
10-14 16:52:59.540  1025  1046 I OpenGLRenderer: TID:1046 .../DisplayListRenderer.cpp:280:	add SkMatrix in mMatrices, address : 0x4c47cf40
10-14 16:52:59.611   684   740 D Sensors : LightSensor::readEvents: Reporting mPendingEvent.light = 225.000000
10-14 16:52:59.611   211   211 D memalloc: ion: Allocated buffer base:0x46ba7000 size:8355840 fd:43
10-14 16:52:59.611   211   211 D memalloc: ion: Allocated buffer base:0x400c8000 size:4096 fd:48
10-14 16:52:59.611  1025  1046 D memalloc: ion: Mapped buffer base:0x66940000 size:8355840 offset:0 fd:75
10-14 16:52:59.611  1025  1046 D memalloc: ion: Mapped buffer base:0x4c084000 size:4096 offset:0 fd:77
10-14 16:52:59.611  1025  1046 I PhoneUtils: TID:1046 .../home/michelin/workspace/Phone/src/Phone/utils/PhoneUtils.cpp:1730:	 PhoneUtils: updateConnectionsMuteState() updating mute state for each connection
10-14 16:52:59.611  1025  1046 D ph_proxy: TID:1046 .../CallManagerProxy.cpp:47:	Enter CallManagerProxy
10-14 16:52:59.611  1025  1046 D ph_proxy: TID:1046 .../CallManagerProxy.cpp:47:	Leave CallManagerProxy (takes 0 millis)
10-14 16:52:59.611  1025  1046 D ph_proxy: TID:1046 .../CallManagerProxy.cpp:40:	Enter CallManagerProxy
10-14 16:52:59.611  1025  1046 D ph_proxy: TID:1046 .../CallManagerProxy.cpp:40:	Leave CallManagerProxy (takes 0 millis)
10-14 16:52:59.611  1025  1046 D ph_proxy: TID:1046 .../CallManagerProxy.cpp:53:	Enter ~CallManagerProxy
10-14 16:52:59.611  1025  1046 D ph_proxy: TID:1046 .../CallManagerProxy.cpp:53:	Leave ~CallManagerProxy (takes 0 millis)
10-14 16:52:59.611  1025  1046 D PhoneUtils: TID:1046 .../home/michelin/workspace/Phone/src/Phone/utils/PhoneUtils.cpp:534:	updateConnectionsMuteState() old conn: 1381740778369, muted: 0
10-14 16:52:59.611  1025  1046 D ph_proxy: TID:1046 .../CallProxy.cpp:37:	Enter CallProxy
10-14 16:52:59.611  1025  1046 D ph_proxy: TID:1046 .../CallProxy.cpp:37:	Leave CallProxy (takes 0 millis)
10-14 16:52:59.611  1025  1046 D ph_proxy: TID:1046 .../CallProxy.cpp:30:	Enter CallProxy
10-14 16:52:59.611  1025  1046 D ph_proxy: TID:1046 .../CallProxy.cpp:30:	Leave CallProxy (takes 0 millis)
10-14 16:52:59.611  1025  1046 D ph_proxy: TID:1046 .../CallProxy.cpp:30:	Enter CallProxy
10-14 16:52:59.611  1025  1046 D ph_proxy: TID:1046 .../CallProxy.cpp:30:	Leave CallProxy (takes 0 millis)
10-14 16:52:59.611  1025  1046 D ph_proxy: TID:1046 .../CallProxy.cpp:30:	Enter CallProxy
10-14 16:52:59.611  1025  1046 D ph_proxy: TID:1046 .../CallProxy.cpp:30:	Leave CallProxy (takes 0 millis)
10-14 16:52:59.611  1025  1046 D ph_proxy: TID:1046 .../CallProxy.cpp:48:	Enter ~CallProxy
10-14 16:52:59.611  1025  1046 D ph_proxy: TID:1046 .../CallProxy.cpp:48:	Leave ~CallProxy (takes 0 millis)
10-14 16:52:59.611  1025  1046 D ph_proxy: TID:1046 .../CallProxy.cpp:48:	Enter ~CallProxy
10-14 16:52:59.611  1025  1046 D ph_proxy: TID:1046 .../CallProxy.cpp:48:	Leave ~CallProxy (takes 0 millis)
10-14 16:52:59.611  1025  1046 D ph_proxy: TID:1046 .../CallProxy.cpp:30:	Enter CallProxy
10-14 16:52:59.611  1025  1046 D ph_proxy: TID:1046 .../CallProxy.cpp:30:	Leave CallProxy (takes 0 millis)
10-14 16:52:59.611  1025  1046 D ph_proxy: TID:1046 .../CallProxy.cpp:116:	Enter isIdle
10-14 16:52:59.611  1025  1046 D ph_proxy: TID:1046 .../CallProxy.cpp:116:	Leave isIdle (takes 0 millis)
10-14 16:52:59.611  1025  1046 D ph_proxy: TID:1046 .../ConnectionProxy.cpp:44:	Enter ConnectionProxy
10-14 16:52:59.611  1025  1046 D ph_proxy: TID:1046 .../ConnectionProxy.cpp:44:	Leave ConnectionProxy (takes 0 millis)
10-14 16:52:59.611  1025  1046 D ph_proxy: TID:1046 .../ConnectionProxy.cpp:37:	Enter ConnectionProxy
10-14 16:52:59.611  1025  1046 D ph_proxy: TID:1046 .../ConnectionProxy.cpp:37:	Leave ConnectionProxy (takes 0 millis)
10-14 16:52:59.611  1025  1046 D ph_proxy: TID:1046 .../ConnectionProxy.cpp:37:	Enter ConnectionProxy
10-14 16:52:59.611  1025  1046 D ph_proxy: TID:1046 .../ConnectionProxy.cpp:37:	Leave ConnectionProxy (takes 0 millis)
10-14 16:52:59.611  1025  1046 D ph_proxy: TID:1046 .../ConnectionProxy.cpp:37:	Enter ConnectionProxy
10-14 16:52:59.611  1025  1046 D ph_proxy: TID:1046 .../ConnectionProxy.cpp:37:	Leave ConnectionProxy (takes 0 millis)
10-14 16:52:59.611  1025  1046 D ph_proxy: TID:1046 .../ConnectionProxy.cpp:54:	Enter ~ConnectionProxy
10-14 16:52:59.611  1025  1046 D ph_proxy: TID:1046 .../ConnectionProxy.cpp:54:	Leave ~ConnectionProxy (takes 0 millis)
10-14 16:52:59.611  1025  1046 D ph_proxy: TID:1046 .../ConnectionProxy.cpp:54:	Enter ~ConnectionProxy
10-14 16:52:59.611  1025  1046 D ph_proxy: TID:1046 .../ConnectionProxy.cpp:54:	Leave ~ConnectionProxy (takes 0 millis)
10-14 16:52:59.611  1025  1046 D ph_proxy: TID:1046 .../ConnectionProxy.cpp:37:	Enter ConnectionProxy
10-14 16:52:59.611  1025  1046 D ph_proxy: TID:1046 .../ConnectionProxy.cpp:37:	Leave ConnectionProxy (takes 0 millis)
10-14 16:52:59.611  1025  1046 D ph_proxy: TID:1046 .../ConnectionProxy.cpp:54:	Enter ~ConnectionProxy
10-14 16:52:59.611  1025  1046 D ph_proxy: TID:1046 .../ConnectionProxy.cpp:54:	Leave ~ConnectionProxy (takes 0 millis)
10-14 16:52:59.611  1025  1046 D ph_proxy: TID:1046 .../CallProxy.cpp:48:	Enter ~CallProxy
10-14 16:52:59.611  1025  1046 D ph_proxy: TID:1046 .../CallProxy.cpp:48:	Leave ~CallProxy (takes 0 millis)
10-14 16:52:59.611  1025  1046 D ph_proxy: TID:1046 .../ConnectionProxy.cpp:37:	Enter ConnectionProxy
10-14 16:52:59.611  1025  1046 D ph_proxy: TID:1046 .../ConnectionProxy.cpp:37:	Leave ConnectionProxy (takes 0 millis)
10-14 16:52:59.611  1025  1046 D ph_proxy: TID:1046 .../ConnectionProxy.cpp:138:	Enter isAlive
10-14 16:52:59.611  1025  1046 D ph_proxy: Connection isAlive TRUE
10-14 16:52:59.611  1025  1046 D ph_proxy: TID:1046 .../ConnectionProxy.cpp:138:	Leave isAlive (takes 0 millis)
10-14 16:52:59.611  1025  1046 D ph_proxy: TID:1046 .../ConnectionProxy.cpp:98:	Enter getCreateTime
10-14 16:52:59.611  1025  1046 D ph_proxy: TID:1046 .../ConnectionProxy.cpp:98:	Leave getCreateTime (takes 0 millis)
10-14 16:52:59.611  1025  1046 D ph_proxy: TID:1046 .../ConnectionProxy.cpp:60:	Enter getAddress
10-14 16:52:59.611  1025  1046 D ph_proxy: TID:1046 .../ConnectionProxy.cpp:60:	Leave getAddress (takes 0 millis)
10-14 16:52:59.611  1025  1046 D PhoneUtils: TID:1046 .../home/michelin/workspace/Phone/src/Phone/utils/PhoneUtils.cpp:562:	updateConnectionsMuteState() existed fg conn: (0937153465, 1381740778369)
10-14 16:52:59.611  1025  1046 D ph_proxy: TID:1046 .../ConnectionProxy.cpp:54:	Enter ~ConnectionProxy
10-14 16:52:59.611  1025  1046 D ph_proxy: TID:1046 .../ConnectionProxy.cpp:54:	Leave ~ConnectionProxy (takes 0 millis)
10-14 16:52:59.611  1025  1046 D ph_proxy: TID:1046 .../CallProxy.cpp:37:	Enter CallProxy
10-14 16:52:59.611  1025  1046 D ph_proxy: TID:1046 .../CallProxy.cpp:37:	Leave CallProxy (takes 0 millis)
10-14 16:52:59.611  1025  1046 D ph_proxy: TID:1046 .../CallProxy.cpp:30:	Enter CallProxy
10-14 16:52:59.611  1025  1046 D ph_proxy: TID:1046 .../CallProxy.cpp:30:	Leave CallProxy (takes 0 millis)
10-14 16:52:59.611  1025  1046 D ph_proxy: TID:1046 .../CallProxy.cpp:30:	Enter CallProxy
10-14 16:52:59.611  1025  1046 D ph_proxy: TID:1046 .../CallProxy.cpp:30:	Leave CallProxy (takes 0 millis)
10-14 16:52:59.611  1025  1046 D ph_proxy: TID:1046 .../CallProxy.cpp:30:	Enter CallProxy
10-14 16:52:59.611  1025  1046 D ph_proxy: TID:1046 .../CallProxy.cpp:30:	Leave CallProxy (takes 0 millis)
10-14 16:52:59.611  1025  1046 D ph_proxy: TID:1046 .../CallProxy.cpp:48:	Enter ~CallProxy
10-14 16:52:59.611  1025  1046 D ph_proxy: TID:1046 .../CallProxy.cpp:48:	Leave ~CallProxy (takes 0 millis)
10-14 16:52:59.611  1025  1046 D ph_proxy: TID:1046 .../CallProxy.cpp:48:	Enter ~CallProxy
10-14 16:52:59.611  1025  1046 D ph_proxy: TID:1046 .../CallProxy.cpp:48:	Leave ~CallProxy (takes 0 millis)
10-14 16:52:59.611  1025  1046 D ph_proxy: TID:1046 .../CallProxy.cpp:30:	Enter CallProxy
10-14 16:52:59.611  1025  1046 D ph_proxy: TID:1046 .../CallProxy.cpp:30:	Leave CallProxy (takes 0 millis)
10-14 16:52:59.611  1025  1046 D ph_proxy: TID:1046 .../CallProxy.cpp:116:	Enter isIdle
10-14 16:52:59.611  1025  1046 D ph_proxy: TID:1046 .../CallProxy.cpp:116:	Leave isIdle (takes 0 millis)
10-14 16:52:59.611  1025  1046 D ph_proxy: TID:1046 .../CallProxy.cpp:48:	Enter ~CallProxy
10-14 16:52:59.611  1025  1046 D ph_proxy: TID:1046 .../CallProxy.cpp:48:	Leave ~CallProxy (takes 0 millis)
10-14 16:52:59.611  1025  1046 D ph_proxy: TID:1046 .../ConnectionProxy.cpp:37:	Enter ConnectionProxy
10-14 16:52:59.611  1025  1046 D ph_proxy: TID:1046 .../ConnectionProxy.cpp:37:	Leave ConnectionProxy (takes 0 millis)
10-14 16:52:59.611  1025  1046 D ph_proxy: TID:1046 .../ConnectionProxy.cpp:138:	Enter isAlive
10-14 16:52:59.611  1025  1046 D ph_proxy: Connection isAlive TRUE
10-14 16:52:59.611  1025  1046 D ph_proxy: TID:1046 .../ConnectionProxy.cpp:138:	Leave isAlive (takes 0 millis)
10-14 16:52:59.611  1025  1046 D ph_proxy: TID:1046 .../ConnectionProxy.cpp:98:	Enter getCreateTime
10-14 16:52:59.611  1025  1046 D ph_proxy: TID:1046 .../ConnectionProxy.cpp:98:	Leave getCreateTime (takes 0 millis)
10-14 16:52:59.611  1025  1046 D ph_proxy: TID:1046 .../ConnectionProxy.cpp:54:	Enter ~ConnectionProxy
10-14 16:52:59.611  1025  1046 D ph_proxy: TID:1046 .../ConnectionProxy.cpp:54:	Leave ~ConnectionProxy (takes 0 millis)
10-14 16:52:59.611  1025  1046 D PhoneUtils: TID:1046 .../home/michelin/workspace/Phone/src/Phone/utils/PhoneUtils.cpp:641:	updateConnectionsMuteState() new conn: 1381740778369, muted: 0
10-14 16:52:59.611  1025  1046 D ph_proxy: TID:1046 .../SPhoneProxy.cpp:138:	Enter SPhoneProxy
10-14 16:52:59.611  1025  1046 D ph_proxy: TID:1046 .../SPhoneProxy.cpp:138:	Leave SPhoneProxy (takes 0 millis)
10-14 16:52:59.611  1025  1046 D ph_proxy: TID:1046 .../SPhoneProxy.cpp:131:	Enter SPhoneProxy
10-14 16:52:59.611  1025  1046 D ph_proxy: TID:1046 .../SPhoneProxy.cpp:131:	Leave SPhoneProxy (takes 0 millis)
10-14 16:52:59.611  1025  1046 D ph_proxy: TID:1046 .../SPhoneProxy.cpp:149:	Enter ~SPhoneProxy
10-14 16:52:59.611  1025  1046 D ph_proxy: TID:1046 .../SPhoneProxy.cpp:149:	Leave ~SPhoneProxy (takes 0 millis)
10-14 16:52:59.611  1025  1046 D ph_proxy: TID:1046 .../SPhoneProxy.cpp:643:	Enter getForegroundCall
10-14 16:52:59.611  1025  1046 D ph_proxy: TID:1046 .../CallProxy.cpp:37:	Enter CallProxy
10-14 16:52:59.611  1025  1046 D ph_proxy: TID:1046 .../CallProxy.cpp:37:	Leave CallProxy (takes 0 millis)
10-14 16:52:59.611  1025  1046 D ph_proxy: TID:1046 .../SPhoneProxy.cpp:643:	Leave getForegroundCall (takes 0 millis)
10-14 16:52:59.611  1025  1046 D ph_proxy: TID:1046 .../CallProxy.cpp:30:	Enter CallProxy
10-14 16:52:59.611  1025  1046 D ph_proxy: TID:1046 .../CallProxy.cpp:30:	Leave CallProxy (takes 0 millis)
10-14 16:52:59.611  1025  1046 D ph_proxy: TID:1046 .../CallProxy.cpp:48:	Enter ~CallProxy
10-14 16:52:59.611  1025  1046 D ph_proxy: TID:1046 .../CallProxy.cpp:48:	Leave ~CallProxy (takes 0 millis)
10-14 16:52:59.611  1025  1046 D ph_proxy: TID:1046 .../CallProxy.cpp:116:	Enter isIdle
10-14 16:52:59.611  1025  1046 D ph_proxy: TID:1046 .../CallProxy.cpp:116:	Leave isIdle (takes 0 millis)
10-14 16:52:59.611  1025  1046 D ph_proxy: TID:1046 .../CallProxy.cpp:48:	Enter ~CallProxy
10-14 16:52:59.611  1025  1046 D ph_proxy: TID:1046 .../CallProxy.cpp:48:	Leave ~CallProxy (takes 0 millis)
10-14 16:52:59.611  1025  1046 D ph_proxy: TID:1046 .../SPhoneProxy.cpp:257:	Enter getPhoneType
10-14 16:52:59.611  1025  1046 D ph_proxy: TID:1046 .../SPhoneProxy.cpp:257:	Leave getPhoneType (takes 0 millis)
10-14 16:52:59.611  1025  1046 D ph_proxy: TID:1046 .../SPhoneProxy.cpp:643:	Enter getForegroundCall
10-14 16:52:59.611  1025  1046 D ph_proxy: TID:1046 .../CallProxy.cpp:37:	Enter CallProxy
10-14 16:52:59.611  1025  1046 D ph_proxy: TID:1046 .../CallProxy.cpp:37:	Leave CallProxy (takes 0 millis)
10-14 16:52:59.611  1025  1046 D ph_proxy: TID:1046 .../SPhoneProxy.cpp:643:	Leave getForegroundCall (takes 0 millis)
10-14 16:52:59.611  1025  1046 D ph_proxy: TID:1046 .../CallProxy.cpp:30:	Enter CallProxy
10-14 16:52:59.611  1025  1046 D ph_proxy: TID:1046 .../CallProxy.cpp:30:	Leave CallProxy (takes 0 millis)
10-14 16:52:59.611  1025  1046 D ph_proxy: TID:1046 .../CallProxy.cpp:48:	Enter ~CallProxy
10-14 16:52:59.611  1025  1046 D ph_proxy: TID:1046 .../CallProxy.cpp:48:	Leave ~CallProxy (takes 0 millis)
10-14 16:52:59.611  1025  1046 D ph_proxy: TID:1046 .../CallProxy.cpp:81:	Enter getEarliestConnection
10-14 16:52:59.611  1025  1046 D ph_proxy: TID:1046 .../ConnectionProxy.cpp:44:	Enter ConnectionProxy
10-14 16:52:59.611  1025  1046 D ph_proxy: TID:1046 .../ConnectionProxy.cpp:44:	Leave ConnectionProxy (takes 0 millis)
10-14 16:52:59.611  1025  1046 D ph_proxy: TID:1046 .../CallProxy.cpp:81:	Leave getEarliestConnection (takes 0 millis)
10-14 16:52:59.611  1025  1046 D ph_proxy: TID:1046 .../ConnectionProxy.cpp:37:	Enter ConnectionProxy
10-14 16:52:59.611  1025  1046 D ph_proxy: TID:1046 .../ConnectionProxy.cpp:37:	Leave ConnectionProxy (takes 0 millis)
10-14 16:52:59.611  1025  1046 D ph_proxy: TID:1046 .../ConnectionProxy.cpp:54:	Enter ~ConnectionProxy
10-14 16:52:59.611  1025  1046 D ph_proxy: TID:1046 .../ConnectionProxy.cpp:54:	Leave ~ConnectionProxy (takes 0 millis)
10-14 16:52:59.611  1025  1046 D ph_proxy: TID:1046 .../ConnectionProxy.cpp:98:	Enter getCreateTime
10-14 16:52:59.611  1025  1046 D ph_proxy: TID:1046 .../ConnectionProxy.cpp:98:	Leave getCreateTime (takes 0 millis)
10-14 16:52:59.611  1025  1046 D ph_proxy: TID:1046 .../ConnectionProxy.cpp:54:	Enter ~ConnectionProxy
10-14 16:52:59.611  1025  1046 D ph_proxy: TID:1046 .../ConnectionProxy.cpp:54:	Leave ~ConnectionProxy (takes 0 millis)
10-14 16:52:59.611  1025  1046 D ph_proxy: TID:1046 .../CallProxy.cpp:48:	Enter ~CallProxy
10-14 16:52:59.611  1025  1046 D ph_proxy: TID:1046 .../CallProxy.cpp:48:	Leave ~CallProxy (takes 1 millis)
10-14 16:52:59.611  1025  1046 I PhoneUtils: TID:1046 .../home/michelin/workspace/Phone/src/Phone/utils/PhoneUtils.cpp:685:	restoreMuteState() phone:1, shouldMute:0, conn:1381740778369
10-14 16:52:59.611  1025  1046 I PhoneUtils: TID:1046 .../home/michelin/workspace/Phone/src/Phone/utils/PhoneUtils.cpp:873:	setMute(0)
10-14 16:52:59.611  1025  1046 I PhoneUtils: TID:1046 .../home/michelin/workspace/Phone/src/Phone/utils/PhoneUtils.cpp:864:	setMuteInternal(0)
10-14 16:52:59.611   224   493 D AudioHardwareALSA: setMicMute  newMode 2
10-14 16:52:59.611  1025  1046 I Audiof  : TID:1046 .../GAudioManager.cpp:946:	[Audio] set Microphone Unmute Success
10-14 16:52:59.611  1025  1046 I NotificationMgr: TID:1046 .../home/michelin/workspace/Phone/src/Phone/NotificationMgr.cpp:300:	send com.cos.phone.MUTE_STATE_CHANGED with state:0
10-14 16:52:59.611   684   731 I ams     : TID:731 .../ActivityManagerService.cpp:16031:	Broadcast: Intent { act=com.cos.phone.MUTE_STATE_CHANGED (has extras) } ordered=false, callerApp=ProcessRecord{0x4dbb65a0 pid=1025/tid=-1/ProcessName=phone/uid=1001}, callerPackage=Phone, resolvedType=NULL, resultTo=0x0(0x0), userId=0 (from: pid=1025, uid=1001)
10-14 16:52:59.621   684   731 I ams     : TID:731 .../ActivityManagerService.cpp:15958:	[AMS] CollectReceiverComponents: Set to newReceivers
10-14 16:52:59.621   684   731 I ams     : TID:731 .../ActivityManagerService.cpp:16005:	[AMS] CollectReceiverComponents finished
10-14 16:52:59.621   684   731 I ams     : TID:731 .../ActivityManagerService.cpp:16346:	Collect 0 receivers for (null) typed broadcast Intent { act=com.cos.phone.MUTE_STATE_CHANGED (has extras) } (time=0 ms)
10-14 16:52:59.621   684   731 I ams     : TID:731 .../ActivityManagerService.cpp:16361:	Resolve 1 registered receivers for (null) typed broadcast Intent { act=com.cos.phone.MUTE_STATE_CHANGED (has extras) } (time=0 ms)
10-14 16:52:59.621   684   731 I ams     : TID:731 .../BroadcastQueue.cpp:117:	Enqueue non-ordered broadcast: BroadcastRecord(0x4c4f7288) has 1 receivers for Intent { act=com.cos.phone.MUTE_STATE_CHANGED (has extras) }
10-14 16:52:59.621   684   744 I ams     : TID:744 .../BroadcastQueue.cpp:623:	processNextBroadcast [background]from Msg: 1 broadcasts, 0 ordered broadcasts
10-14 16:52:59.621   684   744 I ams     : TID:744 .../BroadcastQueue.cpp:635:	Processing parallel broadcast [background] 1 BroadcastRecord
10-14 16:52:59.621  1025  1046 D ph_proxy: TID:1046 .../CallManagerProxy.cpp:47:	Enter CallManagerProxy
10-14 16:52:59.621  1025  1046 D ph_proxy: TID:1046 .../CallManagerProxy.cpp:47:	Leave CallManagerProxy (takes 0 millis)
10-14 16:52:59.621  1025  1046 D ph_proxy: TID:1046 .../CallManagerProxy.cpp:40:	Enter CallManagerProxy
10-14 16:52:59.621  1025  1046 D ph_proxy: TID:1046 .../CallManagerProxy.cpp:40:	Leave CallManagerProxy (takes 0 millis)
10-14 16:52:59.621  1025  1046 D ph_proxy: TID:1046 .../CallManagerProxy.cpp:53:	Enter ~CallManagerProxy
10-14 16:52:59.621  1025  1046 D ph_proxy: TID:1046 .../CallManagerProxy.cpp:53:	Leave ~CallManagerProxy (takes 0 millis)
10-14 16:52:59.621  1025  1046 D ph_proxy: TID:1046 .../CallProxy.cpp:37:	Enter CallProxy
10-14 16:52:59.621  1025  1046 D ph_proxy: TID:1046 .../CallProxy.cpp:37:	Leave CallProxy (takes 0 millis)
10-14 16:52:59.621  1025  1046 D ph_proxy: TID:1046 .../CallProxy.cpp:30:	Enter CallProxy
10-14 16:52:59.621  1025  1046 D ph_proxy: TID:1046 .../CallProxy.cpp:30:	Leave CallProxy (takes 0 millis)
10-14 16:52:59.621  1025  1046 D ph_proxy: TID:1046 .../CallProxy.cpp:48:	Enter ~CallProxy
10-14 16:52:59.621  1025  1046 D ph_proxy: TID:1046 .../CallProxy.cpp:48:	Leave ~CallProxy (takes 0 millis)
10-14 16:52:59.621  1025  1046 D ph_proxy: TID:1046 .../ConnectionProxy.cpp:44:	Enter ConnectionProxy
10-14 16:52:59.621  1025  1046 D ph_proxy: TID:1046 .../ConnectionProxy.cpp:44:	Leave ConnectionProxy (takes 0 millis)
10-14 16:52:59.621  1025  1046 D ph_proxy: TID:1046 .../ConnectionProxy.cpp:37:	Enter ConnectionProxy
10-14 16:52:59.621  1025  1046 D ph_proxy: TID:1046 .../ConnectionProxy.cpp:37:	Leave ConnectionProxy (takes 0 millis)
10-14 16:52:59.621  1025  1046 D ph_proxy: TID:1046 .../ConnectionProxy.cpp:37:	Enter ConnectionProxy
10-14 16:52:59.621  1025  1046 D ph_proxy: TID:1046 .../ConnectionProxy.cpp:37:	Leave ConnectionProxy (takes 0 millis)
10-14 16:52:59.621  1025  1046 D ph_proxy: TID:1046 .../ConnectionProxy.cpp:37:	Enter ConnectionProxy
10-14 16:52:59.621  1025  1046 D ph_proxy: TID:1046 .../ConnectionProxy.cpp:37:	Leave ConnectionProxy (takes 0 millis)
10-14 16:52:59.621  1025  1046 D ph_proxy: TID:1046 .../ConnectionProxy.cpp:54:	Enter ~ConnectionProxy
10-14 16:52:59.621  1025  1046 D ph_proxy: TID:1046 .../ConnectionProxy.cpp:54:	Leave ~ConnectionProxy (takes 0 millis)
10-14 16:52:59.621  1025  1046 D ph_proxy: TID:1046 .../ConnectionProxy.cpp:54:	Enter ~ConnectionProxy
10-14 16:52:59.621  1025  1046 D ph_proxy: TID:1046 .../ConnectionProxy.cpp:54:	Leave ~ConnectionProxy (takes 0 millis)
10-14 16:52:59.621  1025  1046 D ph_proxy: TID:1046 .../CallProxy.cpp:48:	Enter ~CallProxy
10-14 16:52:59.621  1025  1046 D ph_proxy: TID:1046 .../CallProxy.cpp:48:	Leave ~CallProxy (takes 0 millis)
10-14 16:52:59.621  1025  1046 D ph_proxy: TID:1046 .../CallManagerProxy.cpp:53:	Enter ~CallManagerProxy
10-14 16:52:59.621  1025  1046 D ph_proxy: TID:1046 .../CallManagerProxy.cpp:53:	Leave ~CallManagerProxy (takes 0 millis)
10-14 16:52:59.621  1025  1046 I PhoneUtils: TID:1046 .../home/michelin/workspace/Phone/src/Phone/utils/PhoneUtils.cpp:879:	sConnectionMuteTable.size() 1
10-14 16:52:59.621  1025  1046 D ph_proxy: TID:1046 .../ConnectionProxy.cpp:37:	Enter ConnectionProxy
10-14 16:52:59.621  1025  1046 D ph_proxy: TID:1046 .../ConnectionProxy.cpp:37:	Leave ConnectionProxy (takes 0 millis)
10-14 16:52:59.621  1025  1046 D ph_proxy: TID:1046 .../ConnectionProxy.cpp:98:	Enter getCreateTime
10-14 16:52:59.621  1025  1046 D ph_proxy: TID:1046 .../ConnectionProxy.cpp:98:	Leave getCreateTime (takes 0 millis)
10-14 16:52:59.621  1025  1046 D ph_proxy: TID:1046 .../ConnectionProxy.cpp:133:	Enter getState
10-14 16:52:59.621  1025  1046 D ph_proxy: TID:1046 .../ConnectionProxy.cpp:133:	Leave getState (takes 0 millis)
10-14 16:52:59.621  1025  1046 D ph_proxy: TID:1046 .../ConnectionProxy.cpp:98:	Enter getCreateTime
10-14 16:52:59.621  1025  1046 D ph_proxy: TID:1046 .../ConnectionProxy.cpp:98:	Leave getCreateTime (takes 0 millis)
10-14 16:52:59.621  1025  1046 I PhoneUtils: TID:1046 .../home/michelin/workspace/Phone/src/Phone/utils/PhoneUtils.cpp:886:	update conn mute state, cn.state:3, cnTime:1381740778369
10-14 16:52:59.621  1025  1046 D ph_proxy: TID:1046 .../ConnectionProxy.cpp:98:	Enter getCreateTime
10-14 16:52:59.621  1025  1046 D ph_proxy: TID:1046 .../ConnectionProxy.cpp:98:	Leave getCreateTime (takes 0 millis)
10-14 16:52:59.621  1025  1046 D ph_proxy: TID:1046 .../ConnectionProxy.cpp:54:	Enter ~ConnectionProxy
10-14 16:52:59.621  1025  1046 D ph_proxy: TID:1046 .../ConnectionProxy.cpp:54:	Leave ~ConnectionProxy (takes 0 millis)
10-14 16:52:59.621  1025  1046 I PhoneUtils: TID:1046 .../home/michelin/workspace/Phone/src/Phone/utils/PhoneUtils.cpp:889:	sConnectionMuteTable.size() 1
10-14 16:52:59.621  1025  1046 D ph_proxy: TID:1046 .../ConnectionProxy.cpp:54:	Enter ~ConnectionProxy
10-14 16:52:59.621  1025  1046 D ph_proxy: TID:1046 .../ConnectionProxy.cpp:54:	Leave ~ConnectionProxy (takes 0 millis)
10-14 16:52:59.621  1025  1046 D ph_proxy: TID:1046 .../SPhoneProxy.cpp:149:	Enter ~SPhoneProxy
10-14 16:52:59.621  1025  1046 D ph_proxy: TID:1046 .../SPhoneProxy.cpp:149:	Leave ~SPhoneProxy (takes 0 millis)
10-14 16:52:59.621  1025  1046 D ph_proxy: TID:1046 .../CallProxy.cpp:48:	Enter ~CallProxy
10-14 16:52:59.621  1025  1046 D ph_proxy: TID:1046 .../CallProxy.cpp:48:	Leave ~CallProxy (takes 0 millis)
10-14 16:52:59.621  1025  1046 D ph_proxy: TID:1046 .../CallProxy.cpp:48:	Enter ~CallProxy
10-14 16:52:59.621  1025  1046 D ph_proxy: TID:1046 .../CallProxy.cpp:48:	Leave ~CallProxy (takes 0 millis)
10-14 16:52:59.621  1025  1046 D ph_proxy: TID:1046 .../ConnectionProxy.cpp:54:	Enter ~ConnectionProxy
10-14 16:52:59.621  1025  1046 D ph_proxy: TID:1046 .../ConnectionProxy.cpp:54:	Leave ~ConnectionProxy (takes 0 millis)
10-14 16:52:59.621  1025  1046 D ph_proxy: TID:1046 .../CallManagerProxy.cpp:53:	Enter ~CallManagerProxy
10-14 16:52:59.621  1025  1046 D ph_proxy: TID:1046 .../CallManagerProxy.cpp:53:	Leave ~CallManagerProxy (takes 0 millis)
10-14 16:52:59.621  1025  1046 D ph_op   : TID:1046 .../GsmServiceStateTracker.cpp:359:	msg->what = 2
10-14 16:52:59.621  1025  1046 D ph_ril  : TID:1046 .../RIL.cpp:939:	[0163]> OPERATOR
10-14 16:52:59.621   684   744 I ams     : TID:744 .../BroadcastQueue.cpp:583:	[AMS] Delivering to BroadcastFilter{0x4d6c3ae8 u0 ReceiverList{0x4efb3600 698 system/bin/systemuid/1000/u0 remote:0x4d4856e0}} (seq=-1): BroadcastRecord{0x4c4f7288 u0 com.cos.phone.MUTE_STATE_CHANGED}
10-14 16:52:59.621   684   744 I ams     : TID:744 .../BroadcastQueue.cpp:473:	AMS_STATUS>> SCHEDULE_REGISTER_RECEIVER: Process system/bin/systemuid (pid:698, uid: 1000), Receiver 0x4d4856e0(0x4d485738), Non-ordered broadcast, Intent { act=com.cos.phone.MUTE_STATE_CHANGED (has extras) }
10-14 16:52:59.621   684   744 I ams     : TID:744 .../BroadcastQueue.cpp:591:	performReceive of BroadcastRecord{0x4c4f7288 u0 com.cos.phone.MUTE_STATE_CHANGED}(0 millis)
10-14 16:52:59.621   698   698 I activity_thread: TID:698 .../ActivityThread.cpp:3045:	scheduleRegisteredReceiver: receiver=0x4be4c204, Intent=Intent { act=com.cos.phone.MUTE_STATE_CHANGED (has extras) }, resultCode=-1, dataStr=NULL, ordered=false, sticky=false
10-14 16:52:59.621   684   744 I ams     : TID:744 .../BroadcastQueue.cpp:714:	No more ordered Broadcasts pending, so all done!
10-14 16:52:59.621   684   744 I looper_mq: TID:744 .../MessageQueue.cpp:383:	removeMessages what=5
10-14 16:52:59.621  1025  1046 I looper_mq: TID:1046 .../MessageQueue.cpp:383:	removeMessages what=2
10-14 16:52:59.621   698   710 I activity_thread: TID:710 .../ActivityThread.cpp:1526:	LIFESTAT onReceive: 0x4be4bd58
10-14 16:52:59.621   698   710 D DashBoard: TID:710 .../StatusBarMuteModel.cpp:36: Enter onReceive
10-14 16:52:59.621  1025  1115 D ph_ril  : TID:1115 .../RIL.cpp:330:	writing packet: 8 bytes
10-14 16:52:59.621  1025  1046 D ph_ril  : TID:1046 .../RIL.cpp:925:	[0164]> VOICE_REGISTRATION_STATE
10-14 16:52:59.621  1025  1046 I looper_mq: TID:1046 .../MessageQueue.cpp:383:	removeMessages what=2
10-14 16:52:59.621  1025  1115 D ph_ril  : TID:1115 .../RIL.cpp:330:	writing packet: 8 bytes
10-14 16:52:59.621  1025  1046 D ph_ril  : TID:1046 .../RIL.cpp:932:	[0165]> DATA_REGISTRATION_STATE
10-14 16:52:59.621   698   710 I DashBoard: TID:710 .../statusBar/mute/StatusBarMuteModel.cpp:38: mute status = 0
10-14 16:52:59.621   698   710 D DashBoard: TID:710 .../StatusBarMuteModel.cpp:36: Leave onReceive
10-14 16:52:59.621  1025  1046 I looper_mq: TID:1046 .../MessageQueue.cpp:383:	removeMessages what=2
10-14 16:52:59.621  1025  1115 D ph_ril  : TID:1115 .../RIL.cpp:330:	writing packet: 8 bytes
10-14 16:52:59.621  1025  1046 D ph_ril  : TID:1046 .../RIL.cpp:1257:	[0166]> QUERY_NETWORK_SELECTION_MODE
10-14 16:52:59.621  1025  1046 I looper_mq: TID:1046 .../MessageQueue.cpp:383:	removeMessages what=2
10-14 16:52:59.621  1025  1046 V ph_call : TID:1046 .../CallManager.cpp:1276:	 handleMessage (EVENT_PRECISE_CALL_STATE_CHANGED)
10-14 16:52:59.621  1025  1046 V ph_call : TID:1046 .../CallManager.cpp:1325:	 handleMessage (EVENT_IN_CALL_VOICE_PRIVACY_OFF)
10-14 16:52:59.621  1025  1046 D ph_call : TID:1046 .../GsmCallTracker.cpp:759:	GsmCallTracker handleMessage this : 0x5fea9eb8
10-14 16:52:59.621  1025  1046 D ph_call : TID:1046 .../GsmCallTracker.cpp:760:	msg->what = 1
10-14 16:52:59.621  1025  1046 D ph_call : TID:1046 .../GsmCallTracker.cpp:404:	i = 0
10-14 16:52:59.621  1025  1046 D ph_call : TID:1046 .../GsmCallTracker.cpp:405:	curDC = 0, dcSize = 1
10-14 16:52:59.621  1025  1046 D ph_call : TID:1046 .../GsmCallTracker.cpp:408:	index = 1
10-14 16:52:59.621  1025  1046 D ph_call : TID:1046 .../GsmCallTracker.cpp:484:	Connection in CLCC response matches waht we were tracking.
10-14 16:52:59.621  1025  1046 D ph_call : TID:1046 .../GsmConnection.cpp:440:	update: parent=DIALING, hasNewParent=0, wasConnectingInOrOut=1, wasHolding=0, isConnectingInOrOut=1, changed=0
10-14 16:52:59.621  1025  1046 D ph_call : TID:1046 .../GsmCallTracker.cpp:404:	i = 1
10-14 16:52:59.621  1025  1046 D ph_call : TID:1046 .../GsmCallTracker.cpp:405:	curDC = 1, dcSize = 1
10-14 16:52:59.621  1025  1046 D ph_call : TID:1046 .../GsmCallTracker.cpp:404:	i = 2
10-14 16:52:59.621  1025  1046 D ph_call : TID:1046 .../GsmCallTracker.cpp:405:	curDC = 1, dcSize = 1
10-14 16:52:59.621  1025  1115 D ph_ril  : TID:1115 .../RIL.cpp:330:	writing packet: 8 bytes
10-14 16:52:59.621  1025  1046 D ph_call : TID:1046 .../GsmCallTracker.cpp:404:	i = 3
10-14 16:52:59.621  1025  1046 D ph_call : TID:1046 .../GsmCallTracker.cpp:405:	curDC = 1, dcSize = 1
10-14 16:52:59.621  1025  1046 D ph_call : TID:1046 .../GsmCallTracker.cpp:404:	i = 4
10-14 16:52:59.621  1025  1046 D ph_call : TID:1046 .../GsmCallTracker.cpp:405:	curDC = 1, dcSize = 1
10-14 16:52:59.621  1025  1046 D ph_call : TID:1046 .../GsmCallTracker.cpp:404:	i = 5
10-14 16:52:59.621  1025  1046 D ph_call : TID:1046 .../GsmCallTracker.cpp:405:	curDC = 1, dcSize = 1
10-14 16:52:59.621  1025  1046 D ph_call : TID:1046 .../GsmCallTracker.cpp:404:	i = 6
10-14 16:52:59.621  1025  1046 D ph_call : TID:1046 .../GsmCallTracker.cpp:405:	curDC = 1, dcSize = 1
10-14 16:52:59.621  1025  1046 D ph_call : TID:1046 .../GsmCallTracker.cpp:529:	droppedDuringPoll.size() = 0
10-14 16:52:59.621  1025  1046 I viewroot: TID:1046 .../ViewRoot.cpp:3131:	Disable SmartMode Log (calling scrollToRectOrFocus)
10-14 16:52:59.621  1025  1116 D ph_ril  : TID:1116 .../RIL.cpp:2108:	[0166]< QUERY_NETWORK_SELECTION_MODE {0}
10-14 16:52:59.641   211   211 D memalloc: ion: Allocated buffer base:0x4739f000 size:8355840 fd:51
10-14 16:52:59.641   211   211 D memalloc: ion: Allocated buffer base:0x4010f000 size:4096 fd:79
10-14 16:52:59.641  1025  1046 D memalloc: ion: Mapped buffer base:0x67138000 size:8355840 offset:0 fd:79
10-14 16:52:59.641  1025  1046 D memalloc: ion: Mapped buffer base:0x40016000 size:4096 offset:0 fd:81
10-14 16:52:59.641  1025  1046 D ph_proxy: TID:1046 .../PhoneCallbackHandler.cpp:41:	Enter handleMessage
10-14 16:52:59.641  1025  1046 D ph_proxy: TID:1046 .../PhoneCallbackHandler.cpp:42:	PhoneCallbackHandler: what=2, org_what=0
10-14 16:52:59.641  1025  1046 D ph_proxy: TID:1046 .../PhoneResultProxy.cpp:55:	Enter PhoneResultProxy
10-14 16:52:59.641  1025  1046 D ph_proxy: TID:1046 .../PhoneResultProxy.cpp:55:	Leave PhoneResultProxy (takes 0 millis)
10-14 16:52:59.641  1025  1046 D ph_proxy: TID:1046 .../PhoneCallbackHandler.cpp:49:	NULL? result:0 after_cast:0
10-14 16:52:59.641  1025  1046 D ph_proxy: TID:1046 .../PhoneCallbackHandler.cpp:66:	pending what:2
10-14 16:52:59.641  1025  1046 D ph_proxy: TID:1046 .../PhoneResultProxy.cpp:48:	Enter PhoneResultProxy
10-14 16:52:59.641  1025  1046 D ph_proxy: TID:1046 .../PhoneResultProxy.cpp:48:	Leave PhoneResultProxy (takes 0 millis)
10-14 16:52:59.641  1025  1046 I BluetoothHFP: TID:1046 .../home/michelin/workspace/Phone/src/Phone/bluetooth/BluetoothHandsfree.cpp:222:	StateChangeHandler : 2
10-14 16:52:59.641  1025  1046 D ph_proxy: TID:1046 .../PhoneResultProxy.cpp:233:	Enter getConnectionN
10-14 16:52:59.641  1025  1046 D ph_proxy: TID:1046 .../PhoneResultProxy.cpp:233:	Leave getConnectionN (takes 0 millis)
10-14 16:52:59.641  1025  1046 D BluetoothHFP: TID:1046 ... /BluetoothHandsfree.cpp:306  Enter sendUpdate() ===> 
10-14 16:52:59.641  1025  1046 D BluetoothHFP: TID:1046 .../home/michelin/workspace/Phone/src/Phone/bluetooth/BluetoothHandsfree.cpp:309:	sendUpdate mIndicatorsEnabled=0 ,sHSF->mServiceConnectionEstablished=0, headsetType=0
10-14 16:52:59.641  1025  1046 D BluetoothHFP: TID:1046 ... /BluetoothHandsfree.cpp:2461  Enter isHeadsetConnected() ===> 
10-14 16:52:59.641  1025  1046 W BluetoothHFP: TID:1046 .../home/michelin/workspace/Phone/src/Phone/bluetooth/BluetoothHandsfree.cpp:2463:	Headset is NULL
10-14 16:52:59.641  1025  1046 D BluetoothHFP: TID:1046 ... /BluetoothHandsfree.cpp:2461  Leave isHeadsetConnected() took 0 ms <=== 
10-14 16:52:59.641  1025  1046 D BluetoothHFP: TID:1046 ... /BluetoothHandsfree.cpp:306  Leave sendUpdate() took 0 ms <=== 
10-14 16:52:59.641  1025  1046 D BluetoothHFP: TID:1046 ... /BluetoothHandsfree.cpp:718  Enter handlePreciseCallStateChange() ===> 
10-14 16:52:59.641  1025  1046 D ph_proxy: TID:1046 .../CallProxy.cpp:37:	Enter CallProxy
10-14 16:52:59.641  1025  1046 D ph_proxy: TID:1046 .../CallProxy.cpp:37:	Leave CallProxy (takes 0 millis)
10-14 16:52:59.641  1025  1046 D ph_proxy: TID:1046 .../CallProxy.cpp:30:	Enter CallProxy
10-14 16:52:59.641  1025  1046 D ph_proxy: TID:1046 .../CallProxy.cpp:30:	Leave CallProxy (takes 0 millis)
10-14 16:52:59.641  1025  1046 D ph_proxy: TID:1046 .../CallProxy.cpp:48:	Enter ~CallProxy
10-14 16:52:59.641  1025  1046 D ph_proxy: TID:1046 .../CallProxy.cpp:48:	Leave ~CallProxy (takes 0 millis)
10-14 16:52:59.641  1025  1046 D ph_proxy: TID:1046 .../CallProxy.cpp:37:	Enter CallProxy
10-14 16:52:59.641  1025  1046 D ph_proxy: TID:1046 .../CallProxy.cpp:37:	Leave CallProxy (takes 0 millis)
10-14 16:52:59.641  1025  1046 D ph_proxy: TID:1046 .../CallProxy.cpp:30:	Enter CallProxy
10-14 16:52:59.641  1025  1046 D ph_proxy: TID:1046 .../CallProxy.cpp:30:	Leave CallProxy (takes 0 millis)
10-14 16:52:59.641  1025  1046 D ph_proxy: TID:1046 .../CallProxy.cpp:48:	Enter ~CallProxy
10-14 16:52:59.641  1025  1046 D ph_proxy: TID:1046 .../CallProxy.cpp:48:	Leave ~CallProxy (takes 0 millis)
10-14 16:52:59.641  1025  1046 D ph_proxy: TID:1046 .../CallProxy.cpp:37:	Enter CallProxy
10-14 16:52:59.641  1025  1046 D ph_proxy: TID:1046 .../CallProxy.cpp:37:	Leave CallProxy (takes 0 millis)
10-14 16:52:59.641  1025  1046 D ph_proxy: TID:1046 .../CallProxy.cpp:30:	Enter CallProxy
10-14 16:52:59.641  1025  1046 D ph_proxy: TID:1046 .../CallProxy.cpp:30:	Leave CallProxy (takes 0 millis)
10-14 16:52:59.641  1025  1046 D ph_proxy: TID:1046 .../CallProxy.cpp:48:	Enter ~CallProxy
10-14 16:52:59.641  1025  1046 D ph_proxy: TID:1046 .../CallProxy.cpp:48:	Leave ~CallProxy (takes 0 millis)
10-14 16:52:59.641  1025  1046 D ph_proxy: TID:1046 .../SPhoneProxy.cpp:138:	Enter SPhoneProxy
10-14 16:52:59.641  1025  1046 D ph_proxy: TID:1046 .../SPhoneProxy.cpp:138:	Leave SPhoneProxy (takes 0 millis)
10-14 16:52:59.641  1025  1046 D ph_proxy: TID:1046 .../SPhoneProxy.cpp:131:	Enter SPhoneProxy
10-14 16:52:59.651  1025  1046 D ph_proxy: TID:1046 .../SPhoneProxy.cpp:131:	Leave SPhoneProxy (takes 0 millis)
10-14 16:52:59.651  1025  1046 D ph_proxy: TID:1046 .../SPhoneProxy.cpp:149:	Enter ~SPhoneProxy
10-14 16:52:59.651  1025  1046 D ph_proxy: TID:1046 .../SPhoneProxy.cpp:149:	Leave ~SPhoneProxy (takes 0 millis)
10-14 16:52:59.651  1025  1046 D ph_proxy: TID:1046 .../SPhoneProxy.cpp:257:	Enter getPhoneType
10-14 16:52:59.651  1025  1046 D ph_proxy: TID:1046 .../SPhoneProxy.cpp:257:	Leave getPhoneType (takes 0 millis)
10-14 16:52:59.651  1025  1046 D ph_proxy: TID:1046 .../SPhoneProxy.cpp:149:	Enter ~SPhoneProxy
10-14 16:52:59.651  1025  1046 D ph_proxy: TID:1046 .../SPhoneProxy.cpp:149:	Leave ~SPhoneProxy (takes 0 millis)
10-14 16:52:59.651  1025  1046 I BluetoothHFP: TID:1046 .../home/michelin/workspace/Phone/src/Phone/bluetooth/BluetoothHandsfree.cpp:735:	handlePreciseCallStateChanges phoneType = 1
10-14 16:52:59.651  1025  1046 D ph_proxy: TID:1046 .../CallProxy.cpp:76:	Enter getPhone
10-14 16:52:59.651  1025  1046 D ph_proxy: TID:1046 .../SPhoneProxy.cpp:138:	Enter SPhoneProxy
10-14 16:52:59.651  1025  1046 D ph_proxy: TID:1046 .../SPhoneProxy.cpp:138:	Leave SPhoneProxy (takes 0 millis)
10-14 16:52:59.651  1025  1046 D ph_proxy: TID:1046 .../CallProxy.cpp:76:	Leave getPhone (takes 0 millis)
10-14 16:52:59.651  1025  1046 D ph_proxy: TID:1046 .../SPhoneProxy.cpp:131:	Enter SPhoneProxy
10-14 16:52:59.651  1025  1046 D ph_proxy: TID:1046 .../SPhoneProxy.cpp:131:	Leave SPhoneProxy (takes 0 millis)
10-14 16:52:59.651  1025  1046 D ph_proxy: TID:1046 .../SPhoneProxy.cpp:149:	Enter ~SPhoneProxy
10-14 16:52:59.651  1025  1046 D ph_proxy: TID:1046 .../SPhoneProxy.cpp:149:	Leave ~SPhoneProxy (takes 0 millis)
10-14 16:52:59.651  1025  1046 D ph_proxy: TID:1046 .../SPhoneProxy.cpp:257:	Enter getPhoneType
10-14 16:52:59.651  1025  1046 D ph_proxy: TID:1046 .../SPhoneProxy.cpp:257:	Leave getPhoneType (takes 0 millis)
10-14 16:52:59.651  1025  1046 D ph_proxy: TID:1046 .../CallProxy.cpp:111:	Enter getState
10-14 16:52:59.651  1025  1046 D ph_proxy: TID:1046 .../CallProxy.cpp:111:	Leave getState (takes 0 millis)
10-14 16:52:59.651  1025  1046 I BluetoothHFP: TID:1046 .../home/michelin/workspace/Phone/src/Phone/bluetooth/BluetoothHandsfree.cpp:737:	ftype = 1, fstate = 3
10-14 16:52:59.651  1025  1046 D ph_proxy: TID:1046 .../SPhoneProxy.cpp:149:	Enter ~SPhoneProxy
10-14 16:52:59.651  1025  1046 D ph_proxy: TID:1046 .../SPhoneProxy.cpp:149:	Leave ~SPhoneProxy (takes 0 millis)
10-14 16:52:59.651  1025  1046 D ph_proxy: TID:1046 .../CallProxy.cpp:76:	Enter getPhone
10-14 16:52:59.651  1025  1046 D ph_proxy: TID:1046 .../SPhoneProxy.cpp:138:	Enter SPhoneProxy
10-14 16:52:59.651  1025  1046 D ph_proxy: TID:1046 .../SPhoneProxy.cpp:138:	Leave SPhoneProxy (takes 0 millis)
10-14 16:52:59.651  1025  1116 D ph_ril  : TID:1116 .../RIL.cpp:2108:	[0164]< VOICE_REGISTRATION_STATE {1, 2487, 013b179d, 3, null, null, null, 0, null, null, 1, null, null, 0, bc}
10-14 16:52:59.651  1025  1046 D ph_proxy: TID:1046 .../CallProxy.cpp:76:	Leave getPhone (takes 1 millis)
10-14 16:52:59.651  1025  1046 D ph_proxy: TID:1046 .../SPhoneProxy.cpp:131:	Enter SPhoneProxy
10-14 16:52:59.651  1025  1046 D ph_proxy: TID:1046 .../SPhoneProxy.cpp:131:	Leave SPhoneProxy (takes 0 millis)
10-14 16:52:59.651  1025  1046 D ph_proxy: TID:1046 .../SPhoneProxy.cpp:149:	Enter ~SPhoneProxy
10-14 16:52:59.651  1025  1046 D ph_proxy: TID:1046 .../SPhoneProxy.cpp:149:	Leave ~SPhoneProxy (takes 0 millis)
10-14 16:52:59.651  1025  1046 D ph_proxy: TID:1046 .../SPhoneProxy.cpp:257:	Enter getPhoneType
10-14 16:52:59.651  1025  1046 D ph_proxy: TID:1046 .../SPhoneProxy.cpp:257:	Leave getPhoneType (takes 0 millis)
10-14 16:52:59.651  1025  1046 D ph_proxy: TID:1046 .../CallProxy.cpp:111:	Enter getState
10-14 16:52:59.651  1025  1046 D ph_proxy: TID:1046 .../CallProxy.cpp:111:	Leave getState (takes 0 millis)
10-14 16:52:59.651  1025  1046 I BluetoothHFP: TID:1046 .../home/michelin/workspace/Phone/src/Phone/bluetooth/BluetoothHandsfree.cpp:739:	btype = 1, bstate = 0
10-14 16:52:59.651  1025  1046 D ph_proxy: TID:1046 .../SPhoneProxy.cpp:149:	Enter ~SPhoneProxy
10-14 16:52:59.651  1025  1046 D ph_proxy: TID:1046 .../SPhoneProxy.cpp:149:	Leave ~SPhoneProxy (takes 0 millis)
10-14 16:52:59.651  1025  1046 D ph_proxy: TID:1046 .../CallProxy.cpp:76:	Enter getPhone
10-14 16:52:59.651  1025  1046 D ph_proxy: TID:1046 .../SPhoneProxy.cpp:138:	Enter SPhoneProxy
10-14 16:52:59.651  1025  1046 D ph_proxy: TID:1046 .../SPhoneProxy.cpp:138:	Leave SPhoneProxy (takes 0 millis)
10-14 16:52:59.651  1025  1046 D ph_proxy: TID:1046 .../CallProxy.cpp:76:	Leave getPhone (takes 0 millis)
10-14 16:52:59.651  1025  1046 D ph_proxy: TID:1046 .../SPhoneProxy.cpp:131:	Enter SPhoneProxy
10-14 16:52:59.651  1025  1046 D ph_proxy: TID:1046 .../SPhoneProxy.cpp:131:	Leave SPhoneProxy (takes 0 millis)
10-14 16:52:59.651  1025  1046 D ph_proxy: TID:1046 .../SPhoneProxy.cpp:149:	Enter ~SPhoneProxy
10-14 16:52:59.651  1025  1046 D ph_proxy: TID:1046 .../SPhoneProxy.cpp:149:	Leave ~SPhoneProxy (takes 0 millis)
10-14 16:52:59.651  1025  1046 D ph_proxy: TID:1046 .../SPhoneProxy.cpp:257:	Enter getPhoneType
10-14 16:52:59.651  1025  1046 D ph_proxy: TID:1046 .../SPhoneProxy.cpp:257:	Leave getPhoneType (takes 0 millis)
10-14 16:52:59.651  1025  1046 D ph_proxy: TID:1046 .../CallProxy.cpp:111:	Enter getState
10-14 16:52:59.651  1025  1046 D ph_proxy: TID:1046 .../CallProxy.cpp:111:	Leave getState (takes 0 millis)
10-14 16:52:59.651  1025  1046 I BluetoothHFP: TID:1046 .../home/michelin/workspace/Phone/src/Phone/bluetooth/BluetoothHandsfree.cpp:741:	rtype = 1, rstate = 0
10-14 16:52:59.651  1025  1046 D ph_proxy: TID:1046 .../SPhoneProxy.cpp:149:	Enter ~SPhoneProxy
10-14 16:52:59.651  1025  1046 D ph_proxy: TID:1046 .../SPhoneProxy.cpp:149:	Leave ~SPhoneProxy (takes 0 millis)
10-14 16:52:59.651  1025  1046 D ph_proxy: TID:1046 .../CallProxy.cpp:111:	Enter getState
10-14 16:52:59.651  1025  1046 D ph_proxy: TID:1046 .../CallProxy.cpp:111:	Leave getState (takes 0 millis)
10-14 16:52:59.651  1025  1046 D ph_proxy: TID:1046 .../CallProxy.cpp:111:	Enter getState
10-14 16:52:59.651  1025  1046 D ph_proxy: TID:1046 .../CallProxy.cpp:111:	Leave getState (takes 0 millis)
10-14 16:52:59.651  1025  1046 D ph_proxy: TID:1046 .../CallProxy.cpp:111:	Enter getState
10-14 16:52:59.651  1025  1046 D ph_proxy: TID:1046 .../CallProxy.cpp:111:	Leave getState (takes 0 millis)
10-14 16:52:59.651  1025  1046 D BluetoothHFP: TID:1046 ... /BluetoothHandsfree.cpp:5621  Enter callStarted() ===> 
10-14 16:52:59.651  1025  1046 D BluetoothHFP: TID:1046 ... /BluetoothHandsfree.cpp:5621  Leave callStarted() took 0 ms <=== 
10-14 16:52:59.651  1025  1046 D ph_proxy: TID:1046 .../CallProxy.cpp:111:	Enter getState
10-14 16:52:59.651  1025  1046 D ph_proxy: TID:1046 .../CallProxy.cpp:111:	Leave getState (takes 0 millis)
10-14 16:52:59.651  1025  1046 D ph_proxy: TID:1046 .../CallProxy.cpp:111:	Enter getState
10-14 16:52:59.651  1025  1046 D ph_proxy: TID:1046 .../CallProxy.cpp:111:	Leave getState (takes 0 millis)
10-14 16:52:59.651  1025  1046 D BluetoothHFP: TID:1046 ... /BluetoothHandsfree.cpp:6162  Enter isInDualphoneCall() ===> 
