03-03 08:36:17.828   684   741 I boot_progress_system_run: 20179
03-03 08:36:19.220   684   741 I boot_progress_pms_start: 21564
03-03 08:36:20.381   684   741 I boot_progress_pms_system_scan_start: 22735
03-03 08:36:22.904   684   741 I boot_progress_pms_data_scan_start: 25256
03-03 08:36:22.974   684   741 I boot_progress_pms_scan_end: 25321
03-03 08:36:23.454   684   741 I boot_progress_pms_ready: 25808
03-03 08:36:24.285   684   741 I power_screen_state: [1,2,0,0]
03-03 08:36:24.395   684   808 I screen_toggled: 1
03-03 08:36:24.595   684   741 I configuration_changed: 1528
03-03 08:36:24.896   684   816 I configuration_changed: 8
03-03 08:36:25.156   684   741 I wifi_state_changed: gaia::WifiStateMachine::InitialState
03-03 08:36:25.166   684   741 I wifi_state_changed: gaia::WifiStateMachine::DriverUnloadedState
03-03 08:36:25.376   684   741 I content_update_sample: [content://settings/system,insert,NULL,1,system/bin/gaiad,1]
03-03 08:36:26.497   684   741 I content_update_sample: [content://settings/secure,insert,NULL,2,system/bin/gaiad,1]
03-03 08:36:26.778   899   899 I boot_progress_start: 29125
03-03 08:36:28.229   899   899 I boot_progress_preload_start: 30572
03-03 08:36:36.488   899   899 I boot_progress_preload_end: 38835
03-03 08:36:36.638   958   972 I boot_progress_system_run: 38986
03-03 08:36:39.601   684   744 I am_proc_start: [1013,gaia.process.media,broadcast,gaia.providers.gaiamedia/.MediaUpgradeReceiver]
03-03 08:36:39.732   684   731 I am_proc_bound: [742,gaia.process.media]
03-03 08:36:40.092   684   731 I boot_progress_ams_ready: 42448
03-03 08:36:40.162   684   731 I am_proc_start: [10068,GaiaWallpaper,service,GaiaWallpaper/.GaiaWallpaperWallpaper]
03-03 08:36:40.212   684   731 I am_proc_start: [10079,gaia.softkeyboard,service,gaia.softkeyboard/.SoftKeyboard]
03-03 08:36:40.342   684   731 I configuration_changed: 512
03-03 08:36:40.462   684   731 I am_proc_start: [1001,com.htc.android.qxdm2sd,added application,com.htc.android.qxdm2sd]
03-03 08:36:40.482   684   731 I am_proc_start: [1027,NfcService,added application,NfcService]
03-03 08:36:40.522   684   731 I am_proc_start: [1001,phone,added application,phone]
03-03 08:36:40.552   684   731 I am_proc_start: [10068,GaiaWallpaper,added application,GaiaWallpaper]
03-03 08:36:40.603   684   731 I am_proc_start: [1000,com.htc.android.ssdtest,added application,com.htc.android.ssdtest]
03-03 08:36:40.623   684   731 I am_proc_start: [10041,Contacts,added application,Contacts]
03-03 08:36:40.683   684   731 I am_proc_start: [10172,cosMail,added application,cosMail]
03-03 08:36:40.693   684   731 I am_proc_start: [1000,LoadAverageService,added application,LoadAverageService]
03-03 08:36:40.753   684   731 I am_create_task: 2
03-03 08:36:40.773   684   731 I am_proc_start: [10090,Matrix,activity,Matrix/.MainPage]
03-03 08:36:40.783   684   782 I am_proc_bound: [743,gaia.softkeyboard]
03-03 08:36:40.793   684   782 I am_create_service: [1283670324,gaia.softkeyboard/.SoftKeyboard,act=android.view.InputMethod,743]
03-03 08:36:40.823   684   730 I am_proc_bound: [1030,com.htc.android.qxdm2sd]
03-03 08:36:40.833   684   781 I am_proc_bound: [1019,NfcService]
03-03 08:36:40.833  1030  1030 I binder_sample: [gaia.ActivityManagerService,17,354,<pre-initialized>,70]
03-03 08:36:40.843   684   684 I am_proc_bound: [1025,phone]
03-03 08:36:40.853   684  1049 I am_proc_bound: [1050,GaiaWallpaper]
03-03 08:36:40.853   684  1049 I am_create_service: [1279462692,GaiaWallpaper/.GaiaWallpaperWallpaper,act=android.service.wallpaper.WallpaperService,1050]
03-03 08:36:40.863   684  1051 I am_proc_bound: [1057,com.htc.android.ssdtest]
03-03 08:36:40.863   684  1070 I am_proc_bound: [1055,Contacts]
03-03 08:36:40.873   684  1071 I am_proc_bound: [1075,cosMail]
03-03 08:36:40.873   684  1079 I am_proc_bound: [1056,LoadAverageService]
03-03 08:36:40.883  1057  1057 I binder_sample: [gaia.ActivityManagerService,17,267,<pre-initialized>,53]
03-03 08:36:40.883   684  1080 I am_proc_bound: [1084,Matrix]
03-03 08:36:40.953   684  1080 I am_restart_activity: [1278348824,2,Matrix/.MainPage]
03-03 08:36:40.963   684   880 I am_drop_process: 1003
03-03 08:36:41.013   684   744 I am_proc_start: [1000,Settings,broadcast,Settings/.UsbSubscriber]
03-03 08:36:41.013   684  1089 I am_proc_bound: [1091,Settings]
03-03 08:36:41.894  1075  1076 I content_query_sample: [content://mail/accounts,_id/_name/_inserver/_providerGroup/_emailaddress/_username/_password/_outusername/_outpassword/_protocol/_easDomain/_inport/_outserver/_outport/_useSSLin/_useSSLout/_useSignature/_signature/_sizelimit/_fetchMailType/_fetchMailNum/_fetchMailDays/_enableSDsave/_deleteFromServer/_poll_frequency_number/_askBeforeDelete/_refreshMailWhenOpenFolder/_provider/_downloadMessageWhenScroll/_threadedMail/_defaultfolderId/_draftfolderId/_trashfolderId/_sentfolderId/_outfolderId/_providerid/_emailnotifications/_lastupdatetime/_desc/_sound/_ringtone/_vibrate/_smtpauth/_sortby/_defaultaccount/_fontSize/_alwaysBccMyself/_replyWithText/_forward_with_attach/_previewLinesNumber/_del/_peakdays/_peaktimestart/_peaktimeend/_peakonfrequency/_peakofffrequency/_easSvrProtocol/_contactGroup/_colorIdx/_syncWithServer/_nextfetchtime,_del <> 1,_id,139,cosMail,28]
03-03 08:36:41.964  1075  1076 I content_query_sample: [content://mail/accounts,_id,_del = ?,NULL,19,cosMail,4]
03-03 08:36:42.014   684   782 I am_create_service: [1295543980,Settings/.UsbService,act=REVOKE,1091]
03-03 08:36:42.044   684   684 I am_proc_start: [1013,gaia.process.media,broadcast,gaia.providers.gaiamedia/.UsbReceiver]
03-03 08:36:42.054   684   781 I am_proc_bound: [1085,gaia.process.media]
03-03 08:36:42.134   684  1079 I am_destroy_service: [1295543980,Settings/.UsbService,1091]
03-03 08:36:42.274  1084  1086 I content_query_sample: [content://com.cos.matrix.settings/category?notify=true,,NULL,NULL,15,Matrix,4]
03-03 08:36:42.384  1084  1086 I content_query_sample: [content://com.cos.matrix.settings/category?notify=true,,NULL,NULL,5,Matrix,2]
03-03 08:36:42.404  1084  1086 I content_query_sample: [content://com.cos.matrix.settings/category?notify=true,,NULL,NULL,4,Matrix,1]
03-03 08:36:42.434   684   869 I connectivity_state_changed: 144
03-03 08:36:42.454   684   863 I netstats_mobile_sample: [0,0,0,0,0,0,0,0,0,0,0,0,-1]
03-03 08:36:42.464   684   863 I netstats_wifi_sample: [0,0,0,0,0,0,0,0,0,0,0,0,-1]
03-03 08:36:42.505   684   731 I am_create_service: [1287631100,gaia.providers.downloads/.DownloadService,,1085]
03-03 08:36:42.515  1084  1086 I content_query_sample: [content://com.cos.matrix.settings/category?notify=true,,NULL,NULL,5,Matrix,2]
03-03 08:36:42.555  1085  1123 I content_query_sample: [content://downloads/all_downloads,_id,status >= '200',lastmod,4,gaia.process.media,1]
03-03 08:36:42.635  1084  1086 I content_query_sample: [content://com.cos.matrix.settings/category?notify=true,,NULL,NULL,3,Matrix,1]
03-03 08:36:42.655  1084  1086 I content_query_sample: [content://com.cos.matrix.settings/category?notify=true,,NULL,NULL,4,Matrix,1]
03-03 08:36:42.705  1084  1086 I content_query_sample: [content://com.cos.matrix.settings/category?notify=true,,NULL,NULL,9,Matrix,2]
03-03 08:36:42.745   684   684 I am_proc_start: [10132,SettingObject,broadcast,SettingObject/.SettingObjectProvider]
03-03 08:36:42.745   684  1070 I am_proc_bound: [1099,SettingObject]
03-03 08:36:42.775  1084  1086 I content_query_sample: [content://com.cos.matrix.settings/category?notify=true,,NULL,NULL,6,Matrix,2]
03-03 08:36:42.775   684  1090 I am_destroy_service: [1287631100,gaia.providers.downloads/.DownloadService,1085]
03-03 08:36:42.855   684  1070 I am_proc_start: [10062,FOTA,broadcast,FOTA/.StateReportSubscriber]
03-03 08:36:42.865   684   684 I am_proc_bound: [1130,FOTA]
03-03 08:36:43.085   684  1090 I am_create_service: [1326675508,FOTA/.StateReportDelegate,act=android.net.conn.CONNECTIVITY_CHANGE,1130]
03-03 08:36:43.476  1084  1086 I content_query_sample: [content://com.cos.matrix.settings/allapp?notify=true,,NULL,NULL,6,Matrix,2]
03-03 08:36:43.486  1084  1086 I content_query_sample: [content://com.cos.matrix.settings/allapp?notify=true,,itemType = ? AND container = ?,NULL,5,Matrix,2]
03-03 08:36:43.906  1084  1086 I content_query_sample: [content://com.cos.matrix.settings/allapp?notify=true,,itemType = ? AND container = ?,NULL,6,Matrix,2]
03-03 08:36:43.966  1084  1086 I content_query_sample: [content://com.cos.matrix.settings/allapp?notify=true,,itemType = ? AND container = ?,NULL,5,Matrix,2]
03-03 08:36:44.016  1084  1086 I content_query_sample: [content://com.cos.matrix.settings/allapp?notify=true,,itemType = ? AND container = ?,NULL,5,Matrix,2]
03-03 08:36:44.206  1084  1086 I am_on_resume_called: MainPage
03-03 08:36:44.627   684  1079 I am_proc_start: [10070,GalleryObject,broadcast,GalleryObject/.AppwidgetGalleryProvider]
03-03 08:36:44.637   684  1071 I am_proc_bound: [1135,GalleryObject]
03-03 08:36:44.727   684  1090 I am_proc_start: [10037,ClockObject,broadcast,ClockObject/.AlarmClockProvider]
03-03 08:36:44.737   684   880 I am_proc_bound: [1153,ClockObject]
03-03 08:36:44.837   684   731 I am_create_service: [1310780268,ClockObject/.ObjectClockUIService,act=AppwidgetClockProvider.UPDATE_CLOCK,1153]
03-03 08:36:44.857   684  1071 I am_proc_start: [10031,CalendarObject:receiverprocess,broadcast,CalendarObject/.gaia::calendarobject::CalendarWidgetProvider]
03-03 08:36:44.897   684   880 I am_proc_bound: [1157,CalendarObject:receiverprocess]
03-03 08:36:45.077   684   807 I activity_launch_time: [1278348504,Matrix/.MainPage,4322,4322]
03-03 08:36:45.398   684  1070 I am_proc_start: [10038,clouduid,on-hold,]
03-03 08:36:45.418   684  1070 I boot_progress_enable_screen: 47765
03-03 08:36:45.418   684  1079 I am_proc_bound: [1161,clouduid]
03-03 08:36:45.428   684  1079 I am_create_service: [1335827788,cloudservice/.CloudService,,1161]
03-03 08:36:45.548   684   744 I am_proc_start: [1000,com.qualcomm.privinit,broadcast,com.qualcomm.privinit/.BootReciever]
03-03 08:36:45.618   684   684 I am_proc_bound: [1169,com.qualcomm.privinit]
03-03 08:36:45.728   684  1080 I am_create_service: [1317791228,cosMail/.mail::MailIntentService,act=android.intent.action.BOOT_COMPLETED,1075]
03-03 08:36:45.768   684   781 I am_proc_start: [10159,LtVoice,broadcast,LtVoice/.CommonReceiver]
03-03 08:36:45.778   684   731 I am_create_service: [1315364324,cosMail/.MailService,act=com.htc.android.mail.intent.action.MAIL_SERVICE_RESCHEDULE,1075]
03-03 08:36:45.788   684  1079 I am_proc_bound: [1167,LtVoice]
03-03 08:36:45.818  1075  1220 I content_query_sample: [content://mail/accounts,_id/_name/_inserver/_providerGroup/_emailaddress/_username/_password/_outusername/_outpassword/_protocol/_easDomain/_inport/_outserver/_outport/_useSSLin/_useSSLout/_useSignature/_signature/_sizelimit/_fetchMailType/_fetchMailNum/_fetchMailDays/_enableSDsave/_deleteFromServer/_poll_frequency_number/_askBeforeDelete/_refreshMailWhenOpenFolder/_provider/_downloadMessageWhenScroll/_threadedMail/_defaultfolderId/_draftfolderId/_trashfolderId/_sentfolderId/_outfolderId/_providerid/_emailnotifications/_lastupdatetime/_desc/_sound/_ringtone/_vibrate/_smtpauth/_sortby/_defaultaccount/_fontSize/_alwaysBccMyself/_replyWithText/_forward_with_attach/_previewLinesNumber/_del/_peakdays/_peaktimestart/_peaktimeend/_peakonfrequency/_peakofffrequency/_easSvrProtocol/_contactGroup/_colorIdx/_syncWithServer/_nextfetchtime,_del = -1,NULL,7,cosMail,2]
03-03 08:36:45.828  1075  1211 I content_query_sample: [content://mail/notification,,_type=2,NULL,7,cosMail,2]
03-03 08:36:45.858  1075  1211 I content_query_sample: [content://mail/notification,,_type like ?,NULL,13,cosMail,3]
03-03 08:36:45.868   684   730 I am_destroy_service: [1315364324,cosMail/.MailService,1075]
03-03 08:36:45.958   684   731 I am_proc_start: [10100,.musicplaybackdelegate,service,Music/.MusicPlaybackDelegate]
03-03 08:36:46.008   684  1079 I am_proc_bound: [1219,.musicplaybackdelegate]
03-03 08:36:46.018   684  1079 I am_create_service: [1315364324,Music/.MusicPlaybackDelegate,act=BIND,1219]
03-03 08:36:46.018   684  1080 I am_destroy_service: [1317791228,cosMail/.mail::MailIntentService,1075]
03-03 08:36:46.459   684  1090 I am_proc_start: [10159,LtVoice:remote,service,LtVoice/.LtVoiceService]
03-03 08:36:46.599   684   782 I am_proc_start: [10137,gaia.providers.skin,broadcast,gaia.providers.skin/.SkinReceiver]
03-03 08:36:46.599   684   730 I am_proc_bound: [1229,LtVoice:remote]
03-03 08:36:46.609   684   730 I am_create_service: [1332526124,LtVoice/.LtVoiceService,,1229]
03-03 08:36:46.609   684   684 I am_proc_bound: [1113,gaia.providers.skin]
03-03 08:36:47.049  1113  1251 I content_update_sample: [content://gaia-skin/skin,update,NULL,167,gaia.providers.skin,34]
03-03 08:36:47.550   684  1070 I am_create_service: [1282132084,Phone/.phone_app::BluetoothHeadsetDelegate,act=android.bluetooth.IBluetoothHeadset,1025]
03-03 08:36:48.811   684   731 I am_proc_start: [10099,Mms,broadcast,Mms/.SmsMessageReceiver]
03-03 08:36:48.811   684  1080 I am_proc_bound: [1245,Mms]
03-03 08:36:49.011   684  1071 I am_create_service: [1278254796,Mms/.SmsReceiverService,act=android.intent.action.BOOT_COMPLETED,1245]
03-03 08:36:49.031   684   782 I am_create_service: [1279336308,gaia.providers.gaiamedia/.MediaScannerService,,1085]
03-03 08:36:49.052   684  1071 I am_destroy_service: [1278254796,Mms/.SmsReceiverService,1245]
03-03 08:36:49.072   684  1089 I am_proc_start: [10077,HtcResetNotify,broadcast,HtcResetNotify/.BootCompleteReceiver]
03-03 08:36:49.092   684   731 I am_proc_bound: [1254,HtcResetNotify]
03-03 08:36:49.232   684   731 I am_create_service: [1279334652,HtcResetNotify/.ResetNotifyDelegate,act=com.htc.resetnotify.resetnotifyservice,1254]
03-03 08:36:49.292   684  1049 I am_proc_start: [10062,CheckinService,service,FOTA/.CheckinDelegate]
03-03 08:36:49.382   684   730 I am_proc_bound: [1293,CheckinService]
03-03 08:36:49.412   684   730 I am_create_service: [1332750628,FOTA/.CheckinDelegate,act=android.intent.action.BOOT_COMPLETED,1293]
03-03 08:36:49.762   684  1080 I am_destroy_service: [1279334652,HtcResetNotify/.ResetNotifyDelegate,1254]
03-03 08:36:50.033   684   880 I configuration_changed: 3
03-03 08:36:50.123   684   731 I am_create_service: [1277622556,gaia.providers.downloads/.DownloadService,,1085]
03-03 08:36:50.203   684  1051 I am_proc_start: [10046,DLNAService:DLNAdelegateprocess,broadcast,DLNAService/.SubscriberHandel]
03-03 08:36:50.273   684   781 I am_proc_bound: [1310,DLNAService:DLNAdelegateprocess]
03-03 08:36:50.283   684  1080 I am_destroy_service: [1277622556,gaia.providers.downloads/.DownloadService,1085]
03-03 08:36:50.383   684  1070 I am_create_service: [1299862148,DLNAService/.DLNADelegate,,1310]
03-03 08:36:50.623   684  1089 I am_proc_start: [10045,com.htc.CruiserPwrExpert,broadcast,com.htc.CruiserPwrExpert/.CruiserPwrExpertReceiver]
03-03 08:36:50.673   684  1070 I am_proc_start: [10046,DLNAService:DLNAProviderprocess,content provider,DLNAService/.DLNAServiceProvider]
03-03 08:36:50.683   684   880 I am_proc_bound: [1329,DLNAService:DLNAProviderprocess]
03-03 08:36:50.693   684  1049 I am_proc_bound: [1331,com.htc.CruiserPwrExpert]
03-03 08:36:50.873  1085  1295 I content_update_sample: [content://media/none/media_scanner,delete,NULL,171,gaia.process.media,35]
03-03 08:36:50.893   684  1071 I am_destroy_service: [1279336308,gaia.providers.gaiamedia/.MediaScannerService,1085]
03-03 08:36:50.994   684  1051 I am_create_service: [1276031484,com.htc.CruiserPwrExpert/.CruiserPwrExpertService,act=android.intent.action.BOOT_COMPLETED,1331]
03-03 08:36:51.034   684   684 I am_proc_start: [10036,Clock,broadcast,Clock/.CityChangeReceiver]
03-03 08:36:51.044   684   684 I am_proc_bound: [1350,Clock]
03-03 08:36:51.414   684  1089 I am_proc_start: [10036,Clock:receiverprocess,broadcast,Clock/.TimerReceiver]
03-03 08:36:51.414   684  1090 I am_proc_bound: [1356,Clock:receiverprocess]
03-03 08:36:51.584  1025  1046 I content_query_sample: [content://telephony/carriers,,numeric = '46601',NULL,709,phone,100]
03-03 08:36:51.584   684  1051 I am_create_service: [1277349868,Clock/.TimerService,act=android.intent.action.BOOT_COMPLETED,1350]
03-03 08:36:51.774   684  1089 I am_destroy_service: [1277349868,Clock/.TimerService,1350]
03-03 08:36:52.185   684   684 I am_create_service: [1281449548,Clock/.AlarmService,act=android.intent.action.BOOT_COMPLETED,1350]
03-03 08:36:52.255   684  1090 I am_proc_start: [10032,gaia.providers.calendar,broadcast,gaia.providers.calendar/.CalendarReceiver]
03-03 08:36:52.255   684   730 I am_proc_bound: [1303,gaia.providers.calendar]
03-03 08:36:52.535   684  1051 I am_create_service: [1290450220,gaia.providers.calendar/.RemoveScheduledAlarmsEmptyService,,1303]
03-03 08:36:52.565   684  1089 I am_proc_start: [10030,Calendar,broadcast,Calendar/.gaia::calendar::AlertSubscriber]
03-03 08:36:52.585   684  1071 I am_destroy_service: [1290450220,gaia.providers.calendar/.RemoveScheduledAlarmsEmptyService,1303]
03-03 08:36:52.595   684   781 I am_proc_bound: [1366,Calendar]
03-03 08:36:52.655   684  1089 I am_create_service: [1279688276,gaia.providers.calendar/.EmptyService,,1303]
03-03 08:36:52.735  1303  1380 I content_query_sample: [content://com.android.calendar/calendar_alerts,alarmTime,state=0 AND alarmTime<? AND alarmTime>? AND end>=?,alarmTime ASC,8,gaia.providers.calendar,2]
03-03 08:36:52.755   684   781 I am_create_service: [1279692540,Calendar/.gaia::calendar::AlertDelegate,act=android.intent.action.BOOT_COMPLETED,1366]
03-03 08:36:52.775  1303  1380 I content_query_sample: [content://com.android.calendar/calendar_alerts,alarmTime,state=0 AND alarmTime<? AND alarmTime>? AND end>=?,alarmTime ASC,10,gaia.providers.calendar,3]
03-03 08:36:52.786   684   684 I am_proc_start: [10023,Bluetooth,broadcast,Bluetooth/.BluetoothOppSubscriber]
03-03 08:36:52.786   684  1089 I am_destroy_service: [1279692540,Calendar/.gaia::calendar::AlertDelegate,1366]
03-03 08:36:52.796   684  1049 I am_proc_bound: [1386,Bluetooth]
03-03 08:36:52.926   684  1079 I am_proc_start: [10018,gaia.providers.backup,broadcast,gaia.providers.backup/.BootReceiver]
03-03 08:36:52.926   684  1051 I am_proc_bound: [1379,gaia.providers.backup]
03-03 08:36:53.036   684   731 I am_proc_start: [10009,AppStore,broadcast,AppStore/.AppStoreSubscriber]
03-03 08:36:53.036   684   730 I am_proc_bound: [1391,AppStore]
03-03 08:36:53.676   684  1070 I am_create_service: [1279390020,gaia.providers.gaiamedia/.MediaScannerService,,1085]
03-03 08:36:53.676   684   781 I am_destroy_service: [1279688276,gaia.providers.calendar/.EmptyService,1303]
03-03 08:36:54.688   684   782 I am_create_service: [1278794164,gaia.providers.downloads/.DownloadService,,1085]
03-03 08:36:54.748   684   880 I am_proc_start: [10012,gaia.process.acore,broadcast,gaia.providers.contacts/.IccIntentReceiver]
03-03 08:36:54.798   684  1089 I am_destroy_service: [1278794164,gaia.providers.downloads/.DownloadService,1085]
03-03 08:36:54.798   684  1079 I am_proc_bound: [1395,gaia.process.acore]
03-03 08:36:54.838  1219  1431 I content_query_sample: [content://media/external/audio/media,_id,NULL,title_key,16,.musicplaybackdelegate,4]
03-03 08:36:55.779   684  1080 I am_create_service: [1279764124,Mms/.SmsReceiverService,act=android.intent.action.SERVICE_STATE,1245]
03-03 08:36:55.869   684  1070 I am_proc_start: [1001,gaia.process.phone,content provider,gaia.providers.gaiatelephony/.SmsProvider]
03-03 08:36:55.869   684  1089 I am_proc_bound: [1434,gaia.process.phone]
03-03 08:36:56.099  1135  1150 I content_query_sample: [content://media/external/images/media,_id/date_modified/bucket_display_name,NULL,NULL,38,GalleryObject,8]
03-03 08:36:56.179  1085  1409 I content_update_sample: [content://media/none/media_scanner,delete,NULL,54,gaia.process.media,11]
03-03 08:36:56.189   684  1071 I am_destroy_service: [1279390020,gaia.providers.gaiamedia/.MediaScannerService,1085]
03-03 08:36:57.190  1219  1491 I content_query_sample: [content://media/external/audio/media,_id,NULL,title_key,7,.musicplaybackdelegate,2]
03-03 08:36:57.621   684   730 I am_create_service: [1286151156,gaia.providers.calendar/.CalendarProviderIntentService,act=com.android.providers.calendar.intent.CalendarProvider2,1303]
03-03 08:36:57.671  1303  1502 I content_query_sample: [content://com.android.calendar/calendar_alerts,alarmTime,alarmTime>=5272617651,alarmTime ASC,7,gaia.providers.calendar,2]
03-03 08:36:57.671  1245  1462 I content_query_sample: [content://sms/outbox,_id/_id/address/body/status,NULL,date ASC,1327,Mms,100]
03-03 08:36:57.691   684   880 I am_destroy_service: [1279764124,Mms/.SmsReceiverService,1245]
03-03 08:36:57.701   684  1090 I am_kill : [0,1169,com.qualcomm.privinit,15,too many background]
03-03 08:36:57.701   684   730 I screen_toggled: 2
03-03 08:36:57.711   684  1049 I am_proc_died: [1169,com.qualcomm.privinit]
03-03 08:36:57.761   684   781 I am_destroy_service: [1286151156,gaia.providers.calendar/.CalendarProviderIntentService,1303]
03-03 08:36:57.771   684   731 I am_kill : [0,1167,LtVoice,15,too many background]
03-03 08:36:57.791   684  1080 I am_proc_died: [1167,LtVoice]
03-03 08:36:57.831  1434  1503 I content_query_sample: [content://com.android.contacts/data,contact_id/data1/display_name,mimetype='vnd.android.cursor.item/phone_v2' OR mimetype='vnd.android.cursor.item/email_v2',NULL,146,gaia.process.phone,30]
03-03 08:36:58.842   684  1090 I am_create_task: 3
03-03 08:36:58.852   684  1090 I am_pause_activity: [1278348824,Matrix/.MainPage]
03-03 08:36:59.302  1084  1086 I am_on_paused_called: MainPage
03-03 08:36:59.312   684   880 I am_restart_activity: [1338111608,3,Contacts/.DialerTabPage]
03-03 08:37:04.318   684   816 I am_pause_activity: [1338111608,Contacts/.DialerTabPage]
03-03 08:37:04.328   684   816 I am_task_to_front: 2
03-03 08:37:04.328   684   816 I am_new_intent: [1279965304,2,Matrix/.MainPage,android.intent.action.MAIN,,,274726912]
03-03 08:37:04.648  1055  1072 I am_on_resume_called: DialerTabPage
03-03 08:37:04.678  1055  1072 I am_on_paused_called: DialerTabPage
03-03 08:37:04.718   684  1080 I am_resume_activity: [1278348824,2,Matrix/.MainPage]
03-03 08:37:04.838  1084  1086 I am_on_resume_called: MainPage
03-03 08:37:05.419  1055  1577 I content_query_sample: [content://com.android.contacts/contacts,_id/name_raw_contact_id,,,13,Contacts,3]
03-03 08:37:05.699  1055  1579 I content_query_sample: [content://call_log/calls,number/date/type/name/raw_contact_id/type/null,,date,514,Contacts,100]
03-03 08:37:06.500   684  1079 I am_pause_activity: [1278348824,Matrix/.MainPage]
03-03 08:37:06.500   684  1079 I am_task_to_front: 3
03-03 08:37:06.500   684  1079 I am_new_intent: [1280466144,3,Contacts/.DialerTabPage,android.intent.action.MAIN,,,272629760]
03-03 08:37:06.881  1055  1579 I content_query_sample: [content://com.android.contacts/profile,_id/lookup/name_raw_contact_id/display_name/display_name_alt/null/null/null/null,,,743,Contacts,100]
03-03 08:37:06.901  1084  1086 I am_on_paused_called: MainPage
03-03 08:37:06.911   684  1089 I am_resume_activity: [1338111608,3,Contacts/.DialerTabPage]
03-03 08:37:07.521  1055  1072 I content_update_sample: [content://settings/system,insert,NULL,517,Contacts,100]
03-03 08:37:07.531  1055  1072 I am_on_resume_called: DialerTabPage
03-03 08:37:08.222  1055  1608 I content_query_sample: [content://call_log/calls,_id/number/date/duration/type/name/raw_contact_id/type/account_type,,date DESC,484,Contacts,97]
03-03 08:37:08.262   684   807 I activity_launch_time: [1338111288,Contacts/.DialerTabPage,8945,8945]
03-03 08:37:08.502   684  1070 I am_create_service: [1280074924,Mms/.SmsReceiverService,act=android.intent.action.SERVICE_STATE,1245]
03-03 08:37:08.602   684  1070 I am_destroy_service: [1280074924,Mms/.SmsReceiverService,1245]
03-03 08:37:08.712   684   869 I connectivity_state_changed: 3104
10-14 16:48:44.427   684  1080 I am_create_service: [1325830396,Clock/.TimerService,act=android.intent.action.TIMEZONE_CHANGED,1350]
10-14 16:48:44.577   684   730 I am_create_service: [1278217900,Calendar/.gaia::calendar::AlertDelegate,act=android.intent.action.TIME_SET,1366]
10-14 16:48:44.587   684   887 I backup_start: com.android.internal.backup.LocalTransport
10-14 16:48:44.647   684  1070 I am_destroy_service: [1278217900,Calendar/.gaia::calendar::AlertDelegate,1366]
10-14 16:48:45.047   684   817 I power_sleep_requested: 0
10-14 16:48:45.047   684   817 I power_screen_state: [0,2,0,0]
10-14 16:48:45.047   684   817 I power_screen_broadcast_send: 1
10-14 16:48:45.057   684   802 I screen_toggled: 0
10-14 16:48:45.077   684   802 I am_pause_activity: [1338111608,Contacts/.DialerTabPage]
10-14 16:48:45.097  1055  1072 I am_on_paused_called: DialerTabPage
10-14 16:48:46.148   684   880 I content_update_sample: [content://settings/secure,insert,NULL,29,system/bin/gaiad,6]
10-14 16:48:46.208   684   880 I am_proc_died: [1350,Clock]
10-14 16:48:46.218   684   880 I am_schedule_service_restart: [0,Clock/.AlarmService,5000]
10-14 16:48:46.218   684   880 I am_destroy_service: [1281449548,Clock/.AlarmService,-1]
10-14 16:48:46.218   684   880 I am_schedule_service_restart: [0,Clock/.TimerService,5000]
10-14 16:48:47.319   684   802 I power_screen_broadcast_done: [0,2274,1]
10-14 16:48:49.711   684  1080 I am_create_service: [1285401884,gaia.providers.calendar/.CalendarProviderIntentService,act=com.android.providers.calendar.intent.CalendarProvider2,1303]
10-14 16:48:49.752  1303  1684 I content_query_sample: [content://com.android.calendar/calendar_alerts,alarmTime,alarmTime>=1381740529753,alarmTime ASC,6,gaia.providers.calendar,2]
10-14 16:48:49.832   684   782 I am_destroy_service: [1285401884,gaia.providers.calendar/.CalendarProviderIntentService,1303]
10-14 16:48:51.273   684   744 I am_proc_start: [10036,Clock,service,Clock/.TimerService]
10-14 16:48:51.303   684   781 I am_proc_bound: [1399,Clock]
10-14 16:48:51.323   684   781 I am_create_service: [1325830396,Clock/.TimerService,act=android.intent.action.TIMEZONE_CHANGED,1399]
10-14 16:48:52.825   684   781 I content_update_sample: [content://settings/secure,insert,NULL,2,system/bin/gaiad,1]
10-14 16:48:52.835   684   781 I am_proc_died: [1399,Clock]
10-14 16:48:52.835   684   781 I am_service_crashed_too_much: [2,Clock/.TimerService,1399]
10-14 16:48:52.835   684   781 I am_destroy_service: [1325830396,Clock/.TimerService,-1]
10-14 16:48:55.237  1025  1046 I content_update_sample: [content://telephony/carriers/preferapn_no_update,insert,NULL,31,phone,7]
10-14 16:48:55.277   684   869 I connectivity_state_changed: 3152
10-14 16:48:55.358   684   863 I netstats_mobile_sample: [0,0,0,0,0,0,0,0,0,0,0,0,-1]
10-14 16:48:55.358   684   863 I netstats_wifi_sample: [0,0,0,0,0,0,0,0,0,0,0,0,-1]
10-14 16:48:58.461   684  1090 I am_create_service: [1278337732,gaia.providers.downloads/.DownloadService,,1085]
10-14 16:48:58.491   684  1071 I am_destroy_service: [1278337732,gaia.providers.downloads/.DownloadService,1085]
10-14 16:49:00.383  1025  1046 I content_query_sample: [content://com.android.contacts/data,contact_id/name_raw_contact_id/_id,PHONE_NUMBERS_EQUAL(data1 , ?) and mimetype = ?,,19,phone,4]
10-14 16:49:00.493  1025  1046 I content_query_sample: [content://com.android.contacts/data,contact_id/name_raw_contact_id/_id,PHONE_NUMBERS_EQUAL(data1 , ?) and mimetype = ?,,7,phone,2]
10-14 16:49:00.723   684  1080 I power_screen_state: [1,3,0,0]
10-14 16:49:00.723   684  1080 I power_screen_broadcast_send: 1
10-14 16:49:00.723   684   802 I power_screen_broadcast_send: 2
10-14 16:49:00.733   684   802 I screen_toggled: 1
10-14 16:49:00.863   684   730 I power_screen_broadcast_stop: [4,2]
10-14 16:49:00.903   684  1090 I am_create_task: 4
10-14 16:49:00.923   684  1090 I am_restart_activity: [1294261752,4,Phone/.phone_app::PhonePage]
10-14 16:49:00.933   684  1090 I am_pause_activity: [1294261752,Phone/.phone_app::PhonePage]
10-14 16:49:01.274  1025  1046 I am_on_resume_called: phone_app::PhonePage
10-14 16:49:01.304  1025  1046 I am_on_paused_called: phone_app::PhonePage
10-14 16:49:01.304   684   878 I content_update_sample: [content://settings/system,insert,NULL,68,system/bin/gaiad,14]
10-14 16:49:01.354   684   878 I content_update_sample: [content://settings/system,insert,NULL,31,system/bin/gaiad,7]
10-14 16:49:01.804   684   802 I power_screen_broadcast_done: [1,1083,1]
10-14 16:49:02.175   684   807 I activity_launch_time: [1294261432,Phone/.phone_app::PhonePage,1256,1256]
10-14 16:49:03.096  1025  1046 I content_update_sample: [content://call_log/calls,insert,NULL,40,phone,9]
10-14 16:49:03.126  1025  1046 I content_update_sample: [content://call_log/calls/1,update,_id='1',21,phone,5]
10-14 16:49:03.186  1025  1046 I content_update_sample: [content://settings/system,insert,NULL,20,phone,5]
10-14 16:49:03.686  1055  1854 I content_query_sample: [content://call_log/calls,number/date/type/name/raw_contact_id/type/null,number='0931839825',date,421,Contacts,85]
10-14 16:49:03.746  1055  1854 I content_query_sample: [content://com.android.contacts/data,,PHONE_NUMBERS_EQUAL(data1 , ?) and mimetype = ?,,47,Contacts,10]
10-14 16:49:03.947   684  1071 I am_resume_activity: [1338111608,3,Contacts/.DialerTabPage]
10-14 16:49:03.947   684  1071 I am_pause_activity: [1338111608,Contacts/.DialerTabPage]
10-14 16:49:03.977  1055  1072 I content_update_sample: [content://settings/system,insert,NULL,2,Contacts,1]
10-14 16:49:03.977  1055  1072 I am_on_resume_called: DialerTabPage
10-14 16:49:03.987  1055  1072 I am_on_paused_called: DialerTabPage
10-14 16:49:04.037   684   878 I content_update_sample: [content://settings/system,insert,NULL,1,system/bin/gaiad,1]
10-14 16:49:28.653   684   808 I power_screen_state: [0,3,0,0]
10-14 16:49:28.663   684   808 I power_screen_broadcast_send: 1
10-14 16:49:28.673   684   802 I screen_toggled: 0
10-14 16:49:28.903   684   802 I power_screen_broadcast_done: [0,237,1]
10-14 16:50:01.310   684   744 I power_screen_state: [1,2,0,0]
10-14 16:50:01.310   684   744 I power_screen_broadcast_send: 1
10-14 16:50:01.310   684   802 I power_screen_broadcast_send: 2
10-14 16:50:01.310   684   802 I screen_toggled: 1
10-14 16:50:01.350   684   684 I power_screen_broadcast_stop: [4,2]
10-14 16:50:01.400   684   802 I power_screen_broadcast_done: [1,95,1]
10-14 16:50:01.651   684  1051 I am_create_service: [1073928668,Settings/.UsbService,act=INVOKE,1091]
10-14 16:50:01.681   684   880 I am_create_service: [1280072148,gaia.providers.gaiamedia/.MediaScannerService,,1085]
10-14 16:50:01.701   684  1080 I am_create_service: [1309396404,gaia.providers.gaiamedia/.MtpService,,1085]
10-14 16:50:01.711  1085  1110 I content_update_sample: [content://media/none/mtp_connected,insert,NULL,5,gaia.process.media,2]
10-14 16:50:01.761  1135  1150 I content_query_sample: [content://media/external/images/media,_id/date_modified/bucket_display_name,NULL,NULL,7,GalleryObject,2]
10-14 16:50:01.801  1135  1150 I content_query_sample: [content://media/external/images/media,_id/date_modified/bucket_display_name,NULL,NULL,7,GalleryObject,2]
10-14 16:50:02.472  1085  2047 I content_update_sample: [content://media/none/media_scanner,delete,NULL,29,gaia.process.media,6]
10-14 16:50:02.472   684   880 I am_destroy_service: [1280072148,gaia.providers.gaiamedia/.MediaScannerService,1085]
10-14 16:50:02.702   684  1051 I am_create_service: [1337054900,gaia.providers.gaiamedia/.MediaScannerService,,1085]
10-14 16:50:02.712  1085  1110 I content_update_sample: [content://media/none/mtp_connected,insert,NULL,0,gaia.process.media,1]
10-14 16:50:02.792  1135  1150 I content_query_sample: [content://media/external/images/media,_id/date_modified/bucket_display_name,NULL,NULL,7,GalleryObject,2]
10-14 16:50:03.533   684   880 I am_destroy_service: [1337054900,gaia.providers.gaiamedia/.MediaScannerService,1085]
10-14 16:50:13.603   684   880 I am_create_service: [1281403908,Mms/.SmsReceiverService,act=android.intent.action.SERVICE_STATE,1245]
10-14 16:50:13.643   684  1080 I am_destroy_service: [1281403908,Mms/.SmsReceiverService,1245]
10-14 16:50:18.138   684  1080 I am_create_service: [1073928940,Mms/.SmsReceiverService,act=android.intent.action.SERVICE_STATE,1245]
10-14 16:50:18.188   684  1070 I am_destroy_service: [1073928940,Mms/.SmsReceiverService,1245]
10-14 16:50:58.621   684   782 I am_destroy_service: [1309396404,gaia.providers.gaiamedia/.MtpService,1085]
10-14 16:50:58.631  1085  1110 I content_update_sample: [content://media/none/mtp_connected,delete,NULL,3,gaia.process.media,1]
10-14 16:50:58.682   684  1049 I am_destroy_service: [1073928668,Settings/.UsbService,1091]
10-14 16:51:01.825   684   782 I am_resume_activity: [1338111608,3,Contacts/.DialerTabPage]
10-14 16:51:01.855   684  1080 I am_new_intent: [1332886976,3,Contacts/.DialerTabPage,android.intent.action.MAIN,,,268435456]
10-14 16:51:01.865   684   808 I screen_toggled: 2
10-14 16:51:01.915  1055  1072 I content_update_sample: [content://settings/system,insert,NULL,3,Contacts,1]
10-14 16:51:01.915  1055  1072 I am_on_resume_called: DialerTabPage
10-14 16:51:01.935  1055  1072 I content_update_sample: [content://settings/system,insert,NULL,2,Contacts,1]
10-14 16:51:12.686   684   878 I content_update_sample: [content://settings/system,insert,NULL,30,system/bin/gaiad,7]
10-14 16:51:12.716   684   878 I content_update_sample: [content://settings/system,insert,NULL,33,system/bin/gaiad,7]
10-14 16:51:12.837   684   878 I content_update_sample: [content://settings/system,insert,NULL,1,system/bin/gaiad,1]
10-14 16:51:12.877   684   878 I content_update_sample: [content://settings/system,insert,NULL,1,system/bin/gaiad,1]
10-14 16:51:12.887   684   878 I content_update_sample: [content://settings/system,insert,NULL,1,system/bin/gaiad,1]
10-14 16:51:12.947   684   878 I content_update_sample: [content://settings/system,insert,NULL,2,system/bin/gaiad,1]
10-14 16:51:32.247   684   816 I am_pause_activity: [1338111608,Contacts/.DialerTabPage]
10-14 16:51:32.247   684   816 I am_task_to_front: 2
10-14 16:51:32.247   684   816 I am_new_intent: [1315584416,2,Matrix/.MainPage,android.intent.action.MAIN,,,274726912]
10-14 16:51:32.267  1055  1072 I am_on_paused_called: DialerTabPage
10-14 16:51:32.277   684  1070 I am_resume_activity: [1278348824,2,Matrix/.MainPage]
10-14 16:51:32.317  1084  1086 I am_on_resume_called: MainPage
10-14 16:51:33.088   684   816 I am_new_intent: [1337053960,2,Matrix/.MainPage,android.intent.action.MAIN,,,270532608]
10-14 16:51:43.680   684   684 I am_pause_activity: [1278348824,Matrix/.MainPage]
10-14 16:51:43.680   684   684 I am_task_to_front: 3
10-14 16:51:43.680   684   684 I am_new_intent: [1315584368,3,Contacts/.DialerTabPage,android.intent.action.MAIN,,,272629760]
10-14 16:51:43.950  1084  1086 I am_on_paused_called: MainPage
10-14 16:51:43.960   684  1051 I am_resume_activity: [1338111608,3,Contacts/.DialerTabPage]
10-14 16:51:43.990  1055  1072 I am_on_resume_called: DialerTabPage
10-14 16:51:45.091   684   781 I am_create_service: [1332886900,Settings/.UsbService,act=INVOKE,1091]
10-14 16:51:45.131   684  1049 I am_create_service: [1280071844,gaia.providers.gaiamedia/.MediaScannerService,,1085]
10-14 16:51:45.131   684   781 I am_create_service: [1346250772,gaia.providers.gaiamedia/.MtpService,,1085]
10-14 16:51:45.171  1085  2555 I content_update_sample: [content://media/,insert,NULL,4,gaia.process.media,1]
10-14 16:51:45.922  1085  2555 I content_update_sample: [content://media/none/media_scanner,delete,NULL,26,gaia.process.media,6]
10-14 16:51:45.932   684  1079 I am_destroy_service: [1280071844,gaia.providers.gaiamedia/.MediaScannerService,1085]
10-14 16:51:46.132   684   730 I am_create_service: [1338886460,gaia.providers.gaiamedia/.MediaScannerService,,1085]
10-14 16:51:46.943  1219  2582 I content_query_sample: [content://media/external/audio/media,_id,NULL,title_key,7,.musicplaybackdelegate,2]
10-14 16:51:47.223  1085  1110 I content_update_sample: [content://media/,insert,NULL,48,gaia.process.media,10]
10-14 16:51:47.243  1135  1150 I content_query_sample: [content://media/external/images/media,_id/date_modified/bucket_display_name,NULL,NULL,6,GalleryObject,2]
10-14 16:51:47.253  1085  2568 I content_update_sample: [content://media/,insert,NULL,8,gaia.process.media,2]
10-14 16:51:48.074   684  1071 I am_destroy_service: [1338886460,gaia.providers.gaiamedia/.MediaScannerService,1085]
10-14 16:52:39.749   684  1079 I am_destroy_service: [1346250772,gaia.providers.gaiamedia/.MtpService,1085]
10-14 16:52:39.759   684   782 I am_destroy_service: [1332886900,Settings/.UsbService,1091]
10-14 16:52:42.152   684   816 I am_pause_activity: [1338111608,Contacts/.DialerTabPage]
10-14 16:52:42.152   684   816 I am_task_to_front: 2
10-14 16:52:42.152   684   816 I am_new_intent: [1280071920,2,Matrix/.MainPage,android.intent.action.MAIN,,,274726912]
10-14 16:52:42.172  1055  1072 I am_on_paused_called: DialerTabPage
10-14 16:52:42.182   684  1080 I am_resume_activity: [1278348824,2,Matrix/.MainPage]
10-14 16:52:42.212  1084  1086 I am_on_resume_called: MainPage
10-14 16:52:44.024   684  1070 I am_pause_activity: [1278348824,Matrix/.MainPage]
10-14 16:52:44.024   684  1070 I am_task_to_front: 3
10-14 16:52:44.024   684  1070 I am_new_intent: [1284360576,3,Contacts/.DialerTabPage,android.intent.action.MAIN,,,272629760]
10-14 16:52:44.334  1084  1086 I am_on_paused_called: MainPage
10-14 16:52:44.334   684  1080 I am_resume_activity: [1338111608,3,Contacts/.DialerTabPage]
10-14 16:52:44.364  1055  1072 I content_update_sample: [content://settings/system,insert,NULL,4,Contacts,1]
10-14 16:52:44.364  1055  1072 I am_on_resume_called: DialerTabPage
10-14 16:52:58.009   684  1090 I am_pause_activity: [1338111608,Contacts/.DialerTabPage]
10-14 16:52:58.029  1055  1072 I am_on_paused_called: DialerTabPage
10-14 16:52:58.039   684  1070 I am_restart_activity: [1312693752,3,Phone/.phone_app::OutgoingCallBroadcaster]
10-14 16:52:58.089   684   880 I am_pause_activity: [1312693752,Phone/.phone_app::OutgoingCallBroadcaster]
10-14 16:52:58.089   684   880 I am_task_to_front: 4
10-14 16:52:58.089   684   880 I am_new_intent: [1414147456,4,Phone/.phone_app::PhonePage,android.intent.action.CALL,,,281280512]
10-14 16:52:58.089   684  1080 I am_finish_activity: [1312693752,3,Phone/.phone_app::OutgoingCallBroadcaster,app-request]
10-14 16:52:58.099   684  1049 I am_resume_activity: [1294261752,4,Phone/.phone_app::PhonePage]
10-14 16:52:58.139  1025  1046 I content_query_sample: [content://com.android.contacts/data,contact_id/name_raw_contact_id/_id,PHONE_NUMBERS_EQUAL(data1 , ?) and mimetype = ?,,11,phone,3]
10-14 16:52:58.169  1025  1046 I am_on_resume_called: phone_app::PhonePage
10-14 16:52:58.279   684  1070 I am_destroy_activity: [1312693752,3,Phone/.phone_app::OutgoingCallBroadcaster]
10-14 16:52:59.350   684  1080 I screen_toggled: 2
10-14 16:52:59.470   684  1079 I screen_toggled: 2
10-14 16:52:59.711   684   880 I screen_toggled: 2
10-14 16:52:59.831   684   878 I content_update_sample: [content://settings/system,insert,NULL,33,system/bin/gaiad,7]
10-14 16:53:00.852   684   802 I power_sleep_requested: 1
10-14 16:53:00.862   684   802 I power_screen_state: [0,4,0,0]
10-14 16:53:00.872   684   802 I power_screen_broadcast_send: 1
10-14 16:53:00.872   684   802 I screen_toggled: 0
10-14 16:53:00.912   684   802 I am_pause_activity: [1294261752,Phone/.phone_app::PhonePage]
10-14 16:53:00.942  1025  1046 I am_on_paused_called: phone_app::PhonePage
10-14 16:53:01.062   684   802 I power_screen_broadcast_done: [0,184,1]
10-14 16:53:01.312   684  1089 I screen_toggled: 2
10-14 16:53:01.332   684   808 I am_resume_activity: [1294261752,4,Phone/.phone_app::PhonePage]
10-14 16:53:01.402  1025  1046 I am_on_resume_called: phone_app::PhonePage
10-14 16:53:03.224   684   802 I power_screen_state: [1,2,0,0]
10-14 16:53:03.224   684   802 I power_screen_broadcast_send: 1
10-14 16:53:03.224   684   802 I power_screen_broadcast_send: 2
10-14 16:53:03.224   684   802 I screen_toggled: 1
10-14 16:53:03.294   684   684 I power_screen_broadcast_stop: [4,2]
10-14 16:53:03.475   684   802 I power_screen_broadcast_done: [1,246,1]
10-14 16:53:04.546  1025  1046 I content_query_sample: [content://com.android.contacts/phone_lookup/0937153465,,NULL,NULL,37,phone,8]
10-14 16:53:04.596  1025  1046 I content_update_sample: [content://call_log/calls,delete,_id IN (SELECT _id FROM calls ORDER BY date DESC LIMIT -1 OFFSET 500),5,phone,2]
10-14 16:53:04.626  1025  1046 I content_update_sample: [content://call_log/calls/2,update,_id='2',22,phone,5]
10-14 16:53:04.756   684  1070 I am_pause_activity: [1294261752,Phone/.phone_app::PhonePage]
10-14 16:53:04.816  1025  1046 I am_on_paused_called: phone_app::PhonePage
10-14 16:53:04.816   684  1071 I am_resume_activity: [1338111608,3,Contacts/.DialerTabPage]
10-14 16:53:04.836  1055  1072 I am_on_resume_called: DialerTabPage
10-14 16:53:05.116  1055  2952 I content_update_sample: [content://call_log/calls,update,number='0937153465',23,Contacts,5]
10-14 16:53:05.317   684   878 I content_update_sample: [content://settings/system,insert,NULL,30,system/bin/gaiad,7]
10-14 16:53:05.477   684   878 I content_update_sample: [content://settings/system,insert,NULL,41,system/bin/gaiad,9]
10-14 16:53:05.517   684   878 I content_update_sample: [content://settings/system,insert,NULL,0,system/bin/gaiad,1]
10-14 16:53:05.527   684   878 I content_update_sample: [content://settings/system,insert,NULL,1,system/bin/gaiad,1]
10-14 16:53:06.538   684   816 I am_pause_activity: [1338111608,Contacts/.DialerTabPage]
10-14 16:53:06.538   684   816 I am_task_to_front: 2
10-14 16:53:06.538   684   816 I am_new_intent: [1320059208,2,Matrix/.MainPage,android.intent.action.MAIN,,,274726912]
10-14 16:53:06.548  1055  1072 I am_on_paused_called: DialerTabPage
10-14 16:53:06.548   684   730 I am_resume_activity: [1278348824,2,Matrix/.MainPage]
10-14 16:53:06.608  1084  1086 I am_on_resume_called: MainPage
10-14 16:53:11.373   684   781 I am_create_service: [1284204484,Settings/.UsbService,act=INVOKE,1091]
10-14 16:53:11.413   684  1051 I am_create_service: [1297963364,gaia.providers.gaiamedia/.MediaScannerService,,1085]
10-14 16:53:11.423   684  1079 I am_create_service: [1280302004,gaia.providers.gaiamedia/.MtpService,,1085]
10-14 16:53:11.493  1135  1150 I content_query_sample: [content://media/external/images/media,_id/date_modified/bucket_display_name,NULL,NULL,18,GalleryObject,4]
10-14 16:53:12.224   684   684 I am_destroy_service: [1297963364,gaia.providers.gaiamedia/.MediaScannerService,1085]
10-14 16:53:12.414   684   880 I am_create_service: [1279831436,gaia.providers.gaiamedia/.MediaScannerService,,1085]
10-14 16:53:12.424  1085  1110 I content_update_sample: [content://media/none/mtp_connected,insert,NULL,1,gaia.process.media,1]
10-14 16:53:13.555  1085  3046 I content_update_sample: [content://media/,insert,NULL,12,gaia.process.media,3]
10-14 16:53:13.565  1135  1150 I content_query_sample: [content://media/external/images/media,_id/date_modified/bucket_display_name,NULL,NULL,18,GalleryObject,4]
10-14 16:53:14.346  1085  3046 I content_update_sample: [content://media/none/media_scanner,delete,NULL,33,gaia.process.media,7]
10-14 16:53:14.356   684   880 I am_destroy_service: [1279831436,gaia.providers.gaiamedia/.MediaScannerService,1085]
