02-14 03:46:53.619   672   734 I boot_progress_system_run: 20963
02-14 03:46:55.191   672   734 I boot_progress_pms_start: 22532
02-14 03:46:55.891   672   734 I boot_progress_pms_system_scan_start: 23232
02-14 03:47:14.631   672   734 I boot_progress_pms_data_scan_start: 41973
02-14 03:47:16.383   672   734 I boot_progress_pms_scan_end: 43728
02-14 03:47:16.814   672   734 I boot_progress_pms_ready: 44158
02-14 03:47:18.435   672   734 I power_screen_state: [1,2,0,0]
02-14 03:47:18.596   672   810 I screen_toggled: 1
02-14 03:47:18.876   672   734 I content_update_sample: [content://settings/secure,insert,NULL,26,system/bin/gaiad,6]
02-14 03:47:18.916   672   734 I content_update_sample: [content://settings/secure,insert,NULL,31,system/bin/gaiad,7]
02-14 03:47:19.457   672   818 I configuration_changed: 1528
02-14 03:47:19.837   672   734 I wifi_state_changed: gaia::WifiStateMachine::InitialState
02-14 03:47:19.847   672   734 I wifi_state_changed: gaia::WifiStateMachine::DriverUnloadedState
02-14 03:47:19.957   672   734 I content_update_sample: [content://settings/secure,insert,NULL,40,system/bin/gaiad,9]
02-14 03:47:22.039   672   737 I am_proc_start: [1013,gaia.process.media,broadcast,gaia.providers.gaiamedia/.MediaUpgradeReceiver]
02-14 03:47:22.059   672   782 I am_proc_bound: [735,gaia.process.media]
02-14 03:47:22.270   672   879 I boot_progress_ams_ready: 49618
02-14 03:47:22.300   672   879 I am_proc_start: [10068,GaiaWallpaper,service,GaiaWallpaper/.GaiaWallpaperWallpaper]
02-14 03:47:22.380   672   879 I am_proc_start: [10079,gaia.softkeyboard,service,gaia.softkeyboard/.SoftKeyboard]
02-14 03:47:23.030   672   879 I content_update_sample: [content://settings/secure,insert,NULL,73,system/bin/gaiad,15]
02-14 03:47:23.040   672   879 I configuration_changed: 512
02-14 03:47:23.161   672   879 I am_proc_start: [1027,NfcService,added application,NfcService]
02-14 03:47:23.181   672   879 I am_proc_start: [1001,phone,added application,phone]
02-14 03:47:23.241   672   879 I am_proc_start: [10068,GaiaWallpaper,added application,GaiaWallpaper]
02-14 03:47:23.281   672   879 I am_proc_start: [10041,Contacts,added application,Contacts]
02-14 03:47:23.331   672   879 I am_proc_start: [10172,cosMail,added application,cosMail]
02-14 03:47:23.361   672   879 I am_proc_start: [1000,LoadAverageService,added application,LoadAverageService]
02-14 03:47:23.401   672   879 I am_create_task: 2
02-14 03:47:23.421   672   879 I am_proc_start: [10090,Matrix,activity,Matrix/.MainPage]
02-14 03:47:23.421   672   672 I am_drop_process: 932
02-14 03:47:23.421   672   783 I am_proc_bound: [736,gaia.softkeyboard]
02-14 03:47:23.431   672   783 I am_create_service: [1327164780,gaia.softkeyboard/.SoftKeyboard,act=android.view.InputMethod,736]
02-14 03:47:23.481   672   782 I am_proc_bound: [939,NfcService]
02-14 03:47:23.481   672   724 I am_proc_bound: [949,phone]
02-14 03:47:23.491   672   723 I am_proc_bound: [972,GaiaWallpaper]
02-14 03:47:23.501   672   723 I am_create_service: [1303326972,GaiaWallpaper/.GaiaWallpaperWallpaper,act=android.service.wallpaper.WallpaperService,972]
02-14 03:47:23.501   672   976 I am_proc_bound: [978,Contacts]
02-14 03:47:23.511   672   977 I am_proc_bound: [983,cosMail]
02-14 03:47:23.521   672   987 I am_proc_bound: [982,LoadAverageService]
02-14 03:47:23.531   672   988 I am_proc_bound: [992,Matrix]
02-14 03:47:23.551   672   988 I am_restart_activity: [1304817992,2,Matrix/.MainPage]
02-14 03:47:23.641   672   737 I am_proc_start: [1000,Settings,broadcast,Settings/.UsbSubscriber]
02-14 03:47:23.651   672   672 I am_proc_bound: [999,Settings]
02-14 03:47:24.522   672   672 I am_create_service: [1290937300,Settings/.UsbService,act=REVOKE,999]
02-14 03:47:24.552   672   782 I am_proc_start: [1013,gaia.process.media,broadcast,gaia.providers.gaiamedia/.UsbReceiver]
02-14 03:47:24.572   672   783 I am_proc_bound: [993,gaia.process.media]
02-14 03:47:24.632   672   783 I am_destroy_service: [1290937300,Settings/.UsbService,999]
02-14 03:47:24.812   672   886 I connectivity_state_changed: 144
02-14 03:47:24.852   672   880 I netstats_mobile_sample: [0,0,0,0,0,0,0,0,0,0,0,0,-1]
02-14 03:47:24.852   672   880 I netstats_wifi_sample: [0,0,0,0,0,0,0,0,0,0,0,0,-1]
02-14 03:47:24.982   672   782 I am_create_service: [1338896716,gaia.providers.downloads/.DownloadService,,993]
02-14 03:47:25.063   992   994 I content_update_sample: [content://com.cos.matrix.settings/category?notify=true,insert,NULL,63,Matrix,13]
02-14 03:47:25.083   992   994 I content_update_sample: [content://com.cos.matrix.settings/category?notify=true,insert,NULL,24,Matrix,5]
02-14 03:47:25.153   992   994 I content_update_sample: [content://com.cos.matrix.settings/category?notify=true,insert,NULL,17,Matrix,4]
02-14 03:47:25.313   992   994 I content_query_sample: [content://com.cos.matrix.settings/category?notify=true,,NULL,NULL,6,Matrix,2]
02-14 03:47:25.343   992   994 I content_query_sample: [content://com.cos.matrix.settings/category?notify=true,,NULL,NULL,4,Matrix,1]
02-14 03:47:25.373   992   994 I content_query_sample: [content://com.cos.matrix.settings/category?notify=true,,NULL,NULL,5,Matrix,2]
02-14 03:47:25.403   992   994 I content_query_sample: [content://com.cos.matrix.settings/category?notify=true,,NULL,NULL,4,Matrix,1]
02-14 03:47:25.463   992   994 I content_query_sample: [content://com.cos.matrix.settings/category?notify=true,,NULL,NULL,4,Matrix,1]
02-14 03:47:25.513   992   994 I content_query_sample: [content://com.cos.matrix.settings/category?notify=true,,NULL,NULL,5,Matrix,2]
02-14 03:47:25.543   983   984 I content_query_sample: [content://mail/accounts,_id/_name/_inserver/_providerGroup/_emailaddress/_username/_password/_outusername/_outpassword/_protocol/_easDomain/_inport/_outserver/_outport/_useSSLin/_useSSLout/_useSignature/_signature/_sizelimit/_fetchMailType/_fetchMailNum/_fetchMailDays/_enableSDsave/_deleteFromServer/_poll_frequency_number/_askBeforeDelete/_refreshMailWhenOpenFolder/_provider/_downloadMessageWhenScroll/_threadedMail/_defaultfolderId/_draftfolderId/_trashfolderId/_sentfolderId/_outfolderId/_providerid/_emailnotifications/_lastupdatetime/_desc/_sound/_ringtone/_vibrate/_smtpauth/_sortby/_defaultaccount/_fontSize/_alwaysBccMyself/_replyWithText/_forward_with_attach/_previewLinesNumber/_del/_peakdays/_peaktimestart/_peaktimeend/_peakonfrequency/_peakofffrequency/_easSvrProtocol/_contactGroup/_colorIdx/_syncWithServer/_nextfetchtime,_del <> 1,_id,1604,cosMail,100]
02-14 03:47:25.573   983   984 I content_query_sample: [content://mail/accounts,_id,_defaultaccount = ?,NULL,4,cosMail,1]
02-14 03:47:25.583   992   994 I content_query_sample: [content://com.cos.matrix.settings/category?notify=true,,NULL,NULL,5,Matrix,2]
02-14 03:47:25.613   992   994 I content_query_sample: [content://com.cos.matrix.settings/category?notify=true,,NULL,NULL,5,Matrix,2]
02-14 03:47:25.643   992   994 I content_query_sample: [content://com.cos.matrix.settings/category?notify=true,,NULL,NULL,4,Matrix,1]
02-14 03:47:25.683   992   994 I content_query_sample: [content://com.cos.matrix.settings/category?notify=true,,NULL,NULL,4,Matrix,1]
02-14 03:47:25.723   992   994 I content_query_sample: [content://com.cos.matrix.settings/category?notify=true,,NULL,NULL,3,Matrix,1]
02-14 03:47:26.274   992   994 I content_query_sample: [content://com.cos.matrix.settings/allapp?notify=true,,NULL,NULL,25,Matrix,6]
02-14 03:47:26.344   992   994 I content_update_sample: [content://com.cos.matrix.settings/allapp?notify=true,insert,NULL,33,Matrix,7]
02-14 03:47:26.404   992   994 I content_update_sample: [content://com.cos.matrix.settings/allapp?notify=true,insert,NULL,21,Matrix,5]
02-14 03:47:26.434   992   994 I content_update_sample: [content://com.cos.matrix.settings/allapp?notify=true,insert,NULL,22,Matrix,5]
02-14 03:47:26.464   992   994 I content_update_sample: [content://com.cos.matrix.settings/allapp?notify=true,insert,NULL,21,Matrix,5]
02-14 03:47:26.494   992   994 I content_update_sample: [content://com.cos.matrix.settings/allapp?notify=true,insert,NULL,23,Matrix,5]
02-14 03:47:26.514   672   976 I am_proc_start: [10132,SettingObject,broadcast,SettingObject/.SettingObjectProvider]
02-14 03:47:26.524   672   988 I am_destroy_service: [1338896716,gaia.providers.downloads/.DownloadService,993]
02-14 03:47:26.524   672   782 I am_proc_bound: [1005,SettingObject]
02-14 03:47:26.554   992   994 I content_update_sample: [content://com.cos.matrix.settings/allapp?notify=true,insert,NULL,43,Matrix,9]
02-14 03:47:26.564   992   994 I content_update_sample: [content://com.cos.matrix.settings/allapp?notify=true,insert,NULL,15,Matrix,4]
02-14 03:47:26.634   992   994 I content_update_sample: [content://com.cos.matrix.settings/allapp?notify=true,insert,NULL,21,Matrix,5]
02-14 03:47:26.654   672   672 I am_proc_start: [10062,FOTA,broadcast,FOTA/.StateReportSubscriber]
02-14 03:47:26.654   992   994 I content_update_sample: [content://com.cos.matrix.settings/allapp?notify=true,insert,NULL,17,Matrix,4]
02-14 03:47:26.664   672   988 I am_proc_bound: [1064,FOTA]
02-14 03:47:26.694   992   994 I content_update_sample: [content://com.cos.matrix.settings/allapp?notify=true,insert,NULL,16,Matrix,4]
02-14 03:47:26.744   672   879 I am_create_service: [1336592644,FOTA/.StateReportDelegate,act=android.net.conn.CONNECTIVITY_CHANGE,1064]
02-14 03:47:26.744   992   994 I content_update_sample: [content://com.cos.matrix.settings/allapp?notify=true,insert,NULL,14,Matrix,3]
02-14 03:47:26.764   992   994 I content_query_sample: [content://com.cos.matrix.settings/allapp?notify=true,,itemType = ? AND container = ?,NULL,4,Matrix,1]
02-14 03:47:27.055   992   994 I content_query_sample: [content://com.cos.matrix.settings/allapp?notify=true,,itemType = ? AND container = ?,NULL,6,Matrix,2]
02-14 03:47:27.185   992   994 I am_on_resume_called: MainPage
02-14 03:47:27.615   672   879 I am_proc_start: [10070,GalleryObject,broadcast,GalleryObject/.AppwidgetGalleryProvider]
02-14 03:47:27.615   672   672 I am_proc_bound: [1069,GalleryObject]
02-14 03:47:27.695   672   783 I am_proc_start: [10037,ClockObject,broadcast,ClockObject/.AlarmClockProvider]
02-14 03:47:27.705   672   723 I am_proc_bound: [1078,ClockObject]
02-14 03:47:27.785   672   976 I am_create_service: [1280162404,ClockObject/.ObjectClockUIService,act=AppwidgetClockProvider.UPDATE_CLOCK,1078]
02-14 03:47:27.836   672   997 I am_proc_start: [10031,CalendarObject:receiverprocess,broadcast,CalendarObject/.gaia::calendarobject::CalendarWidgetProvider]
02-14 03:47:27.836   672   723 I am_proc_bound: [1082,CalendarObject:receiverprocess]
02-14 03:47:28.046   672   809 I activity_launch_time: [1304817672,Matrix/.MainPage,4637,4637]
02-14 03:47:28.266   672   723 I am_proc_start: [10038,clouduid,on-hold,]
02-14 03:47:28.306   672   976 I am_proc_bound: [1086,clouduid]
02-14 03:47:28.306   672   976 I am_create_service: [1314002004,cloudservice/.CloudService,,1086]
02-14 03:47:28.356   672   723 I boot_progress_enable_screen: 55690
02-14 03:47:29.017   672   976 I am_proc_start: [10100,.musicplaybackdelegate,service,Music/.MusicPlaybackDelegate]
02-14 03:47:29.047   672   988 I am_proc_bound: [1091,.musicplaybackdelegate]
02-14 03:47:29.057   672   988 I am_create_service: [1291957828,Music/.MusicPlaybackDelegate,act=BIND,1091]
02-14 03:47:29.107   672   782 I am_create_service: [1284186364,cosMail/.mail::MailIntentService,act=android.intent.action.BOOT_COMPLETED,983]
02-14 03:47:29.147   672   672 I am_proc_start: [10159,LtVoice,broadcast,LtVoice/.CommonReceiver]
02-14 03:47:29.157   672   997 I am_proc_bound: [1140,LtVoice]
02-14 03:47:29.207   672   724 I am_create_service: [1306625500,cosMail/.MailService,act=com.htc.android.mail.intent.action.MAIL_SERVICE_RESCHEDULE,983]
02-14 03:47:29.227   983  1143 I content_query_sample: [content://mail/notification,,_type=2,NULL,9,cosMail,2]
02-14 03:47:29.267   983  1143 I content_query_sample: [content://mail/notification,,_type like ?,NULL,11,cosMail,3]
02-14 03:47:29.337   983  1143 I content_query_sample: [content://mail/notification,_accountid/_messageid,_type=1,NULL,25,cosMail,6]
02-14 03:47:29.337   672   988 I am_destroy_service: [1284186364,cosMail/.mail::MailIntentService,983]
02-14 03:47:29.347   983  1152 I content_query_sample: [content://mail/accounts,_id/_name/_inserver/_providerGroup/_emailaddress/_username/_password/_outusername/_outpassword/_protocol/_easDomain/_inport/_outserver/_outport/_useSSLin/_useSSLout/_useSignature/_signature/_sizelimit/_fetchMailType/_fetchMailNum/_fetchMailDays/_enableSDsave/_deleteFromServer/_poll_frequency_number/_askBeforeDelete/_refreshMailWhenOpenFolder/_provider/_downloadMessageWhenScroll/_threadedMail/_defaultfolderId/_draftfolderId/_trashfolderId/_sentfolderId/_outfolderId/_providerid/_emailnotifications/_lastupdatetime/_desc/_sound/_ringtone/_vibrate/_smtpauth/_sortby/_defaultaccount/_fontSize/_alwaysBccMyself/_replyWithText/_forward_with_attach/_previewLinesNumber/_del/_peakdays/_peaktimestart/_peaktimeend/_peakonfrequency/_peakofffrequency/_easSvrProtocol/_contactGroup/_colorIdx/_syncWithServer/_nextfetchtime,_del = -1,NULL,33,cosMail,7]
02-14 03:47:29.397   672   723 I am_destroy_service: [1306625500,cosMail/.MailService,983]
02-14 03:47:29.838   672   879 I am_proc_start: [10159,LtVoice:remote,service,LtVoice/.LtVoiceService]
02-14 03:47:29.848   672   724 I am_proc_bound: [1147,LtVoice:remote]
02-14 03:47:29.848   672   724 I am_create_service: [1337642964,LtVoice/.LtVoiceService,,1147]
02-14 03:47:29.898   672   783 I am_proc_start: [10137,gaia.providers.skin,broadcast,gaia.providers.skin/.SkinReceiver]
02-14 03:47:29.908   672   672 I am_proc_bound: [1019,gaia.providers.skin]
02-14 03:47:30.018   672   988 I am_create_service: [1293713060,Phone/.phone_app::BluetoothHeadsetDelegate,act=android.bluetooth.IBluetoothHeadset,949]
02-14 03:47:31.600   672   987 I screen_toggled: 2
02-14 03:47:31.980  1207  1207 I boot_progress_start: 59325
02-14 03:47:32.380   672   782 I am_proc_start: [10099,Mms,broadcast,Mms/.SmsMessageReceiver]
02-14 03:47:32.531   672   976 I am_proc_bound: [1172,Mms]
02-14 03:47:32.761   672   879 I am_create_service: [1301723564,Mms/.SmsReceiverService,act=android.intent.action.BOOT_COMPLETED,1172]
02-14 03:47:32.791   672   976 I am_create_service: [1300566268,gaia.providers.gaiamedia/.MediaScannerService,,993]
02-14 03:47:32.841   672   988 I am_destroy_service: [1301723564,Mms/.SmsReceiverService,1172]
02-14 03:47:32.951   672   987 I am_proc_start: [10077,HtcResetNotify,broadcast,HtcResetNotify/.BootCompleteReceiver]
02-14 03:47:32.981   672   723 I am_proc_bound: [1179,HtcResetNotify]
02-14 03:47:33.051   672   976 I am_create_service: [1303676588,HtcResetNotify/.ResetNotifyDelegate,act=com.htc.resetnotify.resetnotifyservice,1179]
02-14 03:47:33.101   672   998 I am_proc_start: [10062,CheckinService,service,FOTA/.CheckinDelegate]
02-14 03:47:33.161   672   987 I am_proc_bound: [1214,CheckinService]
02-14 03:47:33.171   672   987 I am_create_service: [1287145412,FOTA/.CheckinDelegate,act=android.intent.action.BOOT_COMPLETED,1214]
02-14 03:47:33.782   672   998 I am_destroy_service: [1303676588,HtcResetNotify/.ResetNotifyDelegate,1179]
02-14 03:47:33.832   672   977 I am_create_service: [1303676588,gaia.providers.downloads/.DownloadService,,993]
02-14 03:47:33.872   672   724 I am_proc_start: [10046,DLNAService:DLNAdelegateprocess,broadcast,DLNAService/.SubscriberHandel]
02-14 03:47:33.872   672   782 I am_proc_bound: [1224,DLNAService:DLNAdelegateprocess]
02-14 03:47:33.952   672   879 I am_create_service: [1286050044,DLNAService/.DLNADelegate,,1224]
02-14 03:47:33.992   672   737 I am_proc_start: [10036,Clock,broadcast,Clock/.CityChangeReceiver]
02-14 03:47:34.022   672   977 I am_proc_bound: [1238,Clock]
02-14 03:47:34.102   672   723 I am_proc_start: [10046,DLNAService:DLNAProviderprocess,content provider,DLNAService/.DLNAServiceProvider]
02-14 03:47:34.102   672   988 I am_proc_bound: [1242,DLNAService:DLNAProviderprocess]
02-14 03:47:34.443   993  1234 I content_query_sample: [content://downloads/all_downloads,,NULL,NULL,580,gaia.process.media,100]
02-14 03:47:34.453   672   976 I am_destroy_service: [1303676588,gaia.providers.downloads/.DownloadService,993]
02-14 03:47:35.153   672   724 I am_proc_start: [10036,Clock:receiverprocess,broadcast,Clock/.TimerReceiver]
02-14 03:47:35.163   672   672 I am_proc_bound: [1249,Clock:receiverprocess]
02-14 03:47:35.303   672   783 I am_create_service: [1287951468,Clock/.TimerService,act=android.intent.action.BOOT_COMPLETED,1238]
02-14 03:47:35.394   672   724 I am_destroy_service: [1287951468,Clock/.TimerService,1238]
02-14 03:47:36.144   672   672 I am_create_service: [1279428164,Clock/.AlarmService,act=android.intent.action.BOOT_COMPLETED,1238]
02-14 03:47:36.224   672   783 I am_proc_start: [10032,gaia.providers.calendar,broadcast,gaia.providers.calendar/.CalendarReceiver]
02-14 03:47:36.255   672   723 I am_proc_bound: [1220,gaia.providers.calendar]
02-14 03:47:36.595   672   879 I am_create_task: 3
02-14 03:47:36.605   672   879 I am_pause_activity: [1304817992,Matrix/.MainPage]
02-14 03:47:37.125   672   734 I am_restart_activity: [1300385568,3,Contacts/.DialerTabPage]
02-14 03:47:37.306   993  1219 I content_update_sample: [content://settings/system,insert,NULL,31,gaia.process.media,7]
02-14 03:47:37.506   992   994 I am_on_paused_called: MainPage
02-14 03:47:37.506   672   672 I am_failed_to_pause: [1304817992,Matrix/.MainPage,]
02-14 03:47:37.796   672   976 I am_create_service: [1277576772,gaia.providers.calendar/.RemoveScheduledAlarmsEmptyService,,1220]
02-14 03:47:37.956   672   723 I am_proc_start: [10030,Calendar,broadcast,Calendar/.gaia::calendar::AlertSubscriber]
02-14 03:47:37.966   672   783 I am_proc_bound: [1259,Calendar]
02-14 03:47:38.387   672   988 I am_create_service: [1299493116,gaia.providers.calendar/.EmptyService,,1220]
02-14 03:47:38.427   672   879 I am_create_service: [1310911572,Calendar/.gaia::calendar::AlertDelegate,act=android.intent.action.BOOT_COMPLETED,1259]
02-14 03:47:38.427  1220  1287 I content_update_sample: [content://com.android.calendar/schedule_alarms_remove,update,NULL,546,gaia.providers.calendar,100]
02-14 03:47:38.427   672   987 I am_destroy_service: [1277576772,gaia.providers.calendar/.RemoveScheduledAlarmsEmptyService,1220]
02-14 03:47:38.477   672   977 I am_proc_start: [10023,Bluetooth,broadcast,Bluetooth/.BluetoothOppSubscriber]
02-14 03:47:38.607   672   997 I am_proc_bound: [1292,Bluetooth]
02-14 03:47:38.647   672   723 I am_destroy_service: [1310911572,Calendar/.gaia::calendar::AlertDelegate,1259]
02-14 03:47:38.847   672   724 I am_proc_start: [10018,gaia.providers.backup,broadcast,gaia.providers.backup/.BootReceiver]
02-14 03:47:38.887   672   976 I am_proc_bound: [1274,gaia.providers.backup]
02-14 03:47:39.098   672   976 I am_proc_start: [10009,AppStore,broadcast,AppStore/.AppStoreSubscriber]
02-14 03:47:39.108   672   879 I am_proc_bound: [1293,AppStore]
02-14 03:47:39.478   672   976 I am_destroy_service: [1299493116,gaia.providers.calendar/.EmptyService,1220]
02-14 03:47:39.628  1220  1285 I content_query_sample: [content://com.android.calendar/calendar_alerts,alarmTime,state=0 AND alarmTime<? AND alarmTime>? AND end>=?,alarmTime ASC,47,gaia.providers.calendar,10]
02-14 03:47:39.638   672   879 I am_create_service: [1297834628,gaia.providers.downloads/.DownloadService,,993]
02-14 03:47:39.668   672   723 I am_proc_start: [10012,gaia.process.acore,broadcast,gaia.providers.contacts/.IccIntentReceiver]
02-14 03:47:39.688   672   672 I am_destroy_service: [1297834628,gaia.providers.downloads/.DownloadService,993]
02-14 03:47:39.698   672   988 I am_proc_bound: [1301,gaia.process.acore]
02-14 03:47:40.799   672   783 I am_create_service: [1301493268,Mms/.SmsReceiverService,act=android.intent.action.SERVICE_STATE,1172]
02-14 03:47:40.869   672   672 I am_proc_start: [10009,AppUpdateDelegate,service,AppStore/.AppUpdateDelegate]
02-14 03:47:40.869   672   976 I am_destroy_service: [1301493268,Mms/.SmsReceiverService,1172]
02-14 03:47:40.889   672   783 I am_proc_bound: [1305,AppUpdateDelegate]
02-14 03:47:40.889   672   783 I am_create_service: [1280623476,AppStore/.AppUpdateDelegate,act=com.gaia.intent.action.UPDATE_APPS,1305]
02-14 03:47:41.170   672   724 I am_destroy_service: [1280623476,AppStore/.AppUpdateDelegate,1305]
02-14 03:47:41.170   672   672 I am_kill : [0,1140,LtVoice,15,too many background]
02-14 03:47:41.220   672   998 I am_proc_died: [1140,LtVoice]
02-14 03:47:41.300   993  1219 I content_update_sample: [content://settings/system,insert,NULL,26,gaia.process.media,6]
02-14 03:47:42.982   978   979 I am_on_resume_called: DialerTabPage
02-14 03:47:43.072   672   672 I am_create_service: [1277623476,gaia.providers.calendar/.CalendarProviderIntentService,act=com.android.providers.calendar.intent.CalendarProvider2,1220]
02-14 03:47:43.132  1220  1332 I content_query_sample: [content://com.android.calendar/calendar_alerts,alarmTime,alarmTime>=3786463112,alarmTime ASC,12,gaia.providers.calendar,3]
02-14 03:47:43.172   672   988 I am_destroy_service: [1277623476,gaia.providers.calendar/.CalendarProviderIntentService,1220]
02-14 03:47:43.622   672   672 I am_pause_activity: [1300385568,Contacts/.DialerTabPage]
02-14 03:47:44.093   672   809 I activity_launch_time: [1300385248,Contacts/.DialerTabPage,6970,6970]
02-14 03:47:44.113   978   979 I am_on_paused_called: DialerTabPage
02-14 03:47:44.123   672   987 I am_resume_activity: [1304817992,2,Matrix/.MainPage]
02-14 03:47:44.203   992   994 I am_on_resume_called: MainPage
02-14 03:47:44.814   978  1336 I content_query_sample: [content://call_log/calls,_id/number/date/duration/type/name/raw_contact_id/type/account_type,,date DESC,1181,Contacts,100]
02-14 03:47:45.034   978  1340 I content_query_sample: [content://call_log/calls,number/date/type/name/raw_contact_id/type/null,,date,689,Contacts,100]
02-14 03:47:45.574   978  1345 I content_query_sample: [content://com.android.contacts/contacts,_id/name_raw_contact_id,,,1188,Contacts,100]
02-14 03:47:45.584   978  1338 I content_query_sample: [content://com.android.contacts/contacts,_id/name_raw_contact_id/display_name/photo_id/sort_key/send_to_voicemail/has_phone_number,,sort_key limit 100,1432,Contacts,100]
02-14 03:47:46.145   978  1336 I content_query_sample: [content://com.android.contacts/profile,_id/lookup/name_raw_contact_id/display_name/display_name_alt/null/null/null/null,,,1064,Contacts,100]
02-14 03:47:50.990   672   909 I backup_start: com.android.internal.backup.LocalTransport
02-14 03:47:50.990   672   909 I backup_initialize: 0
02-14 03:47:51.200   672   909 I content_query_sample: [content://settings/secure,_id/name/value,NULL,NULL,1,system/bin/gaiad,1]
02-14 03:47:52.462   993  1219 I content_update_sample: [content://media/none/media_scanner,delete,NULL,51,gaia.process.media,11]
02-14 03:47:52.472   993  1219 I content_update_sample: [content://media/none/media_scanner,insert,NULL,3,gaia.process.media,1]
02-14 03:47:52.492   993  1219 I content_update_sample: [content://media/,insert,NULL,5,gaia.process.media,2]
02-14 03:47:53.303   672   782 I am_destroy_service: [1300566268,gaia.providers.gaiamedia/.MediaScannerService,993]
02-14 03:47:54.314  1091  1391 I content_query_sample: [content://media/external/audio/media,_id,NULL,title_key,9,.musicplaybackdelegate,2]
02-14 03:47:56.546  1207  1207 I boot_progress_preload_start: 83880
02-14 03:48:07.478  1207  1207 I boot_progress_preload_end: 94820
02-14 03:48:07.678  1446  1460 I boot_progress_system_run: 95024
02-14 03:48:13.224   672   737 I am_proc_start: [1000,com.htc.android.ssdtest,broadcast,com.htc.android.ssdtest/.BootCompleteReceiver]
02-14 03:48:13.284   672   782 I am_proc_bound: [1501,com.htc.android.ssdtest]
02-14 03:48:13.394   672   879 I am_create_service: [1282775676,com.htc.android.ssdtest/.service.DisplayService,,1501]
02-14 03:48:13.444   672   672 I am_proc_start: [1001,com.htc.android.qxdm2sd,broadcast,com.htc.android.qxdm2sd/.BootCompleteReceiver]
02-14 03:48:13.464   672   976 I am_proc_bound: [1518,com.htc.android.qxdm2sd]
02-14 03:48:14.615   672   783 I am_create_service: [1282797668,com.htc.android.ssdtest/.service.FileObserverService,,1501]
02-14 03:48:14.635   672   723 I am_create_service: [1285645524,com.htc.android.ssdtest/.service.ModemRestartMonitorService,,1501]
02-14 03:48:14.655   672   724 I am_destroy_service: [1285645524,com.htc.android.ssdtest/.service.ModemRestartMonitorService,1501]
02-14 03:49:15.691   672   819 I power_sleep_requested: 0
02-14 03:49:15.691   672   819 I power_screen_state: [0,2,0,0]
02-14 03:49:15.701   672   819 I power_screen_broadcast_send: 1
02-14 03:49:15.701   672   806 I screen_toggled: 0
02-14 03:49:15.791   672   806 I am_pause_activity: [1304817992,Matrix/.MainPage]
02-14 03:49:15.961   672   806 I power_screen_broadcast_done: [0,256,1]
02-14 03:49:16.091   992   994 I am_on_paused_called: MainPage
02-14 04:31:32.190   672   880 I netstats_mobile_sample: [0,0,0,0,0,0,0,0,0,0,0,0,-1]
02-14 04:31:32.200   672   880 I netstats_wifi_sample: [0,0,0,0,0,0,0,0,0,0,0,0,-1]
02-14 04:31:32.810   672   880 I netstats_mobile_sample: [0,0,0,0,0,0,0,0,0,0,0,0,-1]
02-14 04:31:32.810   672   880 I netstats_wifi_sample: [0,0,0,0,0,0,0,0,0,0,0,0,-1]
02-14 04:47:52.070   672   909 I backup_start: com.android.internal.backup.LocalTransport
02-14 04:47:52.310   672   909 I content_query_sample: [content://settings/system,_id/name/value,NULL,NULL,2,system/bin/gaiad,1]
02-14 04:47:52.320   672   909 I content_query_sample: [content://settings/secure,_id/name/value,NULL,NULL,1,system/bin/gaiad,1]
02-14 05:01:32.790   672   880 I netstats_mobile_sample: [0,0,0,0,0,0,0,0,0,0,0,0,-1]
02-14 05:01:32.790   672   880 I netstats_wifi_sample: [0,0,0,0,0,0,0,0,0,0,0,0,-1]
02-14 05:31:33.210   672   880 I netstats_mobile_sample: [0,0,0,0,0,0,0,0,0,0,0,0,-1]
02-14 05:31:33.220   672   880 I netstats_wifi_sample: [0,0,0,0,0,0,0,0,0,0,0,0,-1]
02-14 06:01:32.760   672   880 I netstats_mobile_sample: [0,0,0,0,0,0,0,0,0,0,0,0,-1]
02-14 06:01:32.760   672   880 I netstats_wifi_sample: [0,0,0,0,0,0,0,0,0,0,0,0,-1]
02-14 06:31:33.190   672   880 I netstats_mobile_sample: [0,0,0,0,0,0,0,0,0,0,0,0,-1]
02-14 06:31:33.190   672   880 I netstats_wifi_sample: [0,0,0,0,0,0,0,0,0,0,0,0,-1]
02-14 07:01:32.810   672   880 I netstats_mobile_sample: [0,0,0,0,0,0,0,0,0,0,0,0,-1]
02-14 07:01:32.820   672   880 I netstats_wifi_sample: [0,0,0,0,0,0,0,0,0,0,0,0,-1]
02-14 07:31:33.220   672   880 I netstats_mobile_sample: [0,0,0,0,0,0,0,0,0,0,0,0,-1]
02-14 07:31:33.220   672   880 I netstats_wifi_sample: [0,0,0,0,0,0,0,0,0,0,0,0,-1]
02-14 08:01:32.810   672   880 I netstats_mobile_sample: [0,0,0,0,0,0,0,0,0,0,0,0,-1]
02-14 08:01:32.820   672   880 I netstats_wifi_sample: [0,0,0,0,0,0,0,0,0,0,0,0,-1]
02-14 08:21:51.200   672   819 I power_screen_state: [1,3,0,0]
02-14 08:21:51.200   672   819 I power_screen_broadcast_send: 1
02-14 08:21:51.200   672   806 I power_screen_broadcast_send: 2
02-14 08:21:51.200   672   806 I screen_toggled: 1
02-14 08:21:51.360   672   724 I power_screen_broadcast_stop: [4,2]
02-14 08:21:51.470   672   806 I power_screen_broadcast_done: [1,274,1]
02-14 08:21:52.561   672   819 I power_sleep_requested: 1
02-14 08:21:52.561   672   819 I power_screen_state: [0,2,0,0]
02-14 08:21:52.561   672   819 I power_screen_broadcast_send: 1
02-14 08:21:52.561   672   806 I screen_toggled: 0
02-14 08:21:52.741   672   806 I power_screen_broadcast_done: [0,175,1]
02-14 08:31:34.250   672   880 I netstats_mobile_sample: [0,0,0,0,0,0,0,0,0,0,0,0,-1]
02-14 08:31:34.250   672   880 I netstats_wifi_sample: [0,0,0,0,0,0,0,0,0,0,0,0,-1]
02-14 09:01:33.170   672   880 I netstats_mobile_sample: [0,0,0,0,0,0,0,0,0,0,0,0,-1]
02-14 09:01:33.170   672   880 I netstats_wifi_sample: [0,0,0,0,0,0,0,0,0,0,0,0,-1]
02-14 09:31:32.800   672   880 I netstats_mobile_sample: [0,0,0,0,0,0,0,0,0,0,0,0,-1]
02-14 09:31:32.810   672   880 I netstats_wifi_sample: [0,0,0,0,0,0,0,0,0,0,0,0,-1]
02-14 10:01:33.170   672   880 I netstats_mobile_sample: [0,0,0,0,0,0,0,0,0,0,0,0,-1]
02-14 10:01:33.170   672   880 I netstats_wifi_sample: [0,0,0,0,0,0,0,0,0,0,0,0,-1]
02-14 10:31:32.840   672   880 I netstats_mobile_sample: [0,0,0,0,0,0,0,0,0,0,0,0,-1]
02-14 10:31:32.840   672   880 I netstats_wifi_sample: [0,0,0,0,0,0,0,0,0,0,0,0,-1]
02-14 11:01:33.180   672   880 I netstats_mobile_sample: [0,0,0,0,0,0,0,0,0,0,0,0,-1]
02-14 11:01:33.190   672   880 I netstats_wifi_sample: [0,0,0,0,0,0,0,0,0,0,0,0,-1]
02-14 11:31:32.810   672   880 I netstats_mobile_sample: [0,0,0,0,0,0,0,0,0,0,0,0,-1]
02-14 11:31:32.820   672   880 I netstats_wifi_sample: [0,0,0,0,0,0,0,0,0,0,0,0,-1]
02-14 12:01:33.250   672   880 I netstats_mobile_sample: [0,0,0,0,0,0,0,0,0,0,0,0,-1]
02-14 12:01:33.250   672   880 I netstats_wifi_sample: [0,0,0,0,0,0,0,0,0,0,0,0,-1]
02-14 12:31:32.810   672   880 I netstats_mobile_sample: [0,0,0,0,0,0,0,0,0,0,0,0,-1]
02-14 12:31:32.820   672   880 I netstats_wifi_sample: [0,0,0,0,0,0,0,0,0,0,0,0,-1]
02-14 13:01:33.220   672   880 I netstats_mobile_sample: [0,0,0,0,0,0,0,0,0,0,0,0,-1]
02-14 13:01:33.230   672   880 I netstats_wifi_sample: [0,0,0,0,0,0,0,0,0,0,0,0,-1]
02-14 13:31:32.810   672   880 I netstats_mobile_sample: [0,0,0,0,0,0,0,0,0,0,0,0,-1]
02-14 13:31:32.820   672   880 I netstats_wifi_sample: [0,0,0,0,0,0,0,0,0,0,0,0,-1]
02-14 14:01:33.180   672   880 I netstats_mobile_sample: [0,0,0,0,0,0,0,0,0,0,0,0,-1]
02-14 14:01:33.180   672   880 I netstats_wifi_sample: [0,0,0,0,0,0,0,0,0,0,0,0,-1]
02-14 14:31:32.820   672   880 I netstats_mobile_sample: [0,0,0,0,0,0,0,0,0,0,0,0,-1]
02-14 14:31:32.830   672   880 I netstats_wifi_sample: [0,0,0,0,0,0,0,0,0,0,0,0,-1]
02-14 15:01:33.170   672   880 I netstats_mobile_sample: [0,0,0,0,0,0,0,0,0,0,0,0,-1]
02-14 15:01:33.170   672   880 I netstats_wifi_sample: [0,0,0,0,0,0,0,0,0,0,0,0,-1]
02-14 15:31:32.790   672   880 I netstats_mobile_sample: [0,0,0,0,0,0,0,0,0,0,0,0,-1]
02-14 15:31:32.800   672   880 I netstats_wifi_sample: [0,0,0,0,0,0,0,0,0,0,0,0,-1]
02-14 16:01:33.170   672   880 I netstats_mobile_sample: [0,0,0,0,0,0,0,0,0,0,0,0,-1]
02-14 16:01:33.170   672   880 I netstats_wifi_sample: [0,0,0,0,0,0,0,0,0,0,0,0,-1]
02-14 16:31:32.810   672   880 I netstats_mobile_sample: [0,0,0,0,0,0,0,0,0,0,0,0,-1]
02-14 16:31:32.810   672   880 I netstats_wifi_sample: [0,0,0,0,0,0,0,0,0,0,0,0,-1]
02-14 17:01:33.190   672   880 I netstats_mobile_sample: [0,0,0,0,0,0,0,0,0,0,0,0,-1]
02-14 17:01:33.190   672   880 I netstats_wifi_sample: [0,0,0,0,0,0,0,0,0,0,0,0,-1]
02-14 17:31:32.800   672   880 I netstats_mobile_sample: [0,0,0,0,0,0,0,0,0,0,0,0,-1]
02-14 17:31:32.810   672   880 I netstats_wifi_sample: [0,0,0,0,0,0,0,0,0,0,0,0,-1]
02-14 18:01:33.180   672   880 I netstats_mobile_sample: [0,0,0,0,0,0,0,0,0,0,0,0,-1]
02-14 18:01:33.180   672   880 I netstats_wifi_sample: [0,0,0,0,0,0,0,0,0,0,0,0,-1]
02-14 18:31:32.800   672   880 I netstats_mobile_sample: [0,0,0,0,0,0,0,0,0,0,0,0,-1]
02-14 18:31:32.800   672   880 I netstats_wifi_sample: [0,0,0,0,0,0,0,0,0,0,0,0,-1]
02-14 19:01:33.180   672   880 I netstats_mobile_sample: [0,0,0,0,0,0,0,0,0,0,0,0,-1]
02-14 19:01:33.180   672   880 I netstats_wifi_sample: [0,0,0,0,0,0,0,0,0,0,0,0,-1]
02-14 19:31:32.800   672   880 I netstats_mobile_sample: [0,0,0,0,0,0,0,0,0,0,0,0,-1]
02-14 19:31:32.800   672   880 I netstats_wifi_sample: [0,0,0,0,0,0,0,0,0,0,0,0,-1]
02-14 20:01:33.180   672   880 I netstats_mobile_sample: [0,0,0,0,0,0,0,0,0,0,0,0,-1]
02-14 20:01:33.180   672   880 I netstats_wifi_sample: [0,0,0,0,0,0,0,0,0,0,0,0,-1]
02-14 20:31:33.200   672   880 I netstats_mobile_sample: [0,0,0,0,0,0,0,0,0,0,0,0,-1]
02-14 20:31:33.200   672   880 I netstats_wifi_sample: [0,0,0,0,0,0,0,0,0,0,0,0,-1]
02-14 21:01:33.180   672   880 I netstats_mobile_sample: [0,0,0,0,0,0,0,0,0,0,0,0,-1]
02-14 21:01:33.180   672   880 I netstats_wifi_sample: [0,0,0,0,0,0,0,0,0,0,0,0,-1]
02-14 21:31:32.810   672   880 I netstats_mobile_sample: [0,0,0,0,0,0,0,0,0,0,0,0,-1]
02-14 21:31:32.820   672   880 I netstats_wifi_sample: [0,0,0,0,0,0,0,0,0,0,0,0,-1]
02-14 22:01:33.190   672   880 I netstats_mobile_sample: [0,0,0,0,0,0,0,0,0,0,0,0,-1]
02-14 22:01:33.200   672   880 I netstats_wifi_sample: [0,0,0,0,0,0,0,0,0,0,0,0,-1]
02-14 22:31:33.200   672   880 I netstats_mobile_sample: [0,0,0,0,0,0,0,0,0,0,0,0,-1]
02-14 22:31:33.210   672   880 I netstats_wifi_sample: [0,0,0,0,0,0,0,0,0,0,0,0,-1]
02-14 23:01:33.180   672   880 I netstats_mobile_sample: [0,0,0,0,0,0,0,0,0,0,0,0,-1]
02-14 23:01:33.180   672   880 I netstats_wifi_sample: [0,0,0,0,0,0,0,0,0,0,0,0,-1]
02-14 23:31:32.830   672   880 I netstats_mobile_sample: [0,0,0,0,0,0,0,0,0,0,0,0,-1]
02-14 23:31:32.830   672   880 I netstats_wifi_sample: [0,0,0,0,0,0,0,0,0,0,0,0,-1]
02-15 00:01:33.210   672   997 I am_proc_start: [10045,com.htc.CruiserPwrExpert,broadcast,com.htc.CruiserPwrExpert/.CruiserPwrExpertReceiver]
02-15 00:01:33.220   672  2662 I am_proc_bound: [4093,com.htc.CruiserPwrExpert]
02-15 00:01:33.470   672   723 I am_create_service: [1282528908,com.htc.CruiserPwrExpert/.CruiserPwrExpertService,act=android.intent.action.DATE_CHANGED,4093]
02-15 00:01:35.211   672   880 I netstats_mobile_sample: [0,0,0,0,0,0,0,0,0,0,0,0,-1]
02-15 00:01:35.221   672   880 I netstats_wifi_sample: [0,0,0,0,0,0,0,0,0,0,0,0,-1]
02-15 00:31:33.190   672   880 I netstats_mobile_sample: [0,0,0,0,0,0,0,0,0,0,0,0,-1]
02-15 00:31:33.190   672   880 I netstats_wifi_sample: [0,0,0,0,0,0,0,0,0,0,0,0,-1]
02-15 01:01:33.160   672   880 I netstats_mobile_sample: [0,0,0,0,0,0,0,0,0,0,0,0,-1]
02-15 01:01:33.160   672   880 I netstats_wifi_sample: [0,0,0,0,0,0,0,0,0,0,0,0,-1]
02-15 01:31:32.780   672   880 I netstats_mobile_sample: [0,0,0,0,0,0,0,0,0,0,0,0,-1]
02-15 01:31:32.790   672   880 I netstats_wifi_sample: [0,0,0,0,0,0,0,0,0,0,0,0,-1]
02-15 01:48:48.180   672   879 I am_create_service: [1282529604,gaia.providers.calendar/.CalendarProviderIntentService,act=com.android.providers.calendar.intent.CalendarProvider2,1220]
02-15 02:01:33.030   672   672 I am_destroy_service: [1282529604,gaia.providers.calendar/.CalendarProviderIntentService,1220]
02-15 02:01:33.190   672   880 I netstats_mobile_sample: [0,0,0,0,0,0,0,0,0,0,0,0,-1]
02-15 02:01:33.200   672   880 I netstats_wifi_sample: [0,0,0,0,0,0,0,0,0,0,0,0,-1]
02-15 02:31:33.190   672   880 I netstats_mobile_sample: [0,0,0,0,0,0,0,0,0,0,0,0,-1]
02-15 02:31:33.190   672   880 I netstats_wifi_sample: [0,0,0,0,0,0,0,0,0,0,0,0,-1]
02-15 03:01:33.170   672   880 I netstats_mobile_sample: [0,0,0,0,0,0,0,0,0,0,0,0,-1]
02-15 03:01:33.180   672   880 I netstats_wifi_sample: [0,0,0,0,0,0,0,0,0,0,0,0,-1]
02-15 03:31:32.800   672   880 I netstats_mobile_sample: [0,0,0,0,0,0,0,0,0,0,0,0,-1]
02-15 03:31:32.800   672   880 I netstats_wifi_sample: [0,0,0,0,0,0,0,0,0,0,0,0,-1]
02-15 04:01:33.180   672   880 I netstats_mobile_sample: [0,0,0,0,0,0,0,0,0,0,0,0,-1]
02-15 04:01:33.180   672   880 I netstats_wifi_sample: [0,0,0,0,0,0,0,0,0,0,0,0,-1]
02-15 04:31:33.290   672   880 I netstats_mobile_sample: [0,0,0,0,0,0,0,0,0,0,0,0,-1]
02-15 04:31:33.290   672   880 I netstats_wifi_sample: [0,0,0,0,0,0,0,0,0,0,0,0,-1]
02-15 05:01:33.200   672   880 I netstats_mobile_sample: [0,0,0,0,0,0,0,0,0,0,0,0,-1]
02-15 05:01:33.200   672   880 I netstats_wifi_sample: [0,0,0,0,0,0,0,0,0,0,0,0,-1]
02-15 05:31:32.800   672   880 I netstats_mobile_sample: [0,0,0,0,0,0,0,0,0,0,0,0,-1]
02-15 05:31:32.810   672   880 I netstats_wifi_sample: [0,0,0,0,0,0,0,0,0,0,0,0,-1]
02-15 06:01:33.170   672   880 I netstats_mobile_sample: [0,0,0,0,0,0,0,0,0,0,0,0,-1]
02-15 06:01:33.180   672   880 I netstats_wifi_sample: [0,0,0,0,0,0,0,0,0,0,0,0,-1]
02-15 06:31:32.800   672   880 I netstats_mobile_sample: [0,0,0,0,0,0,0,0,0,0,0,0,-1]
02-15 06:31:32.810   672   880 I netstats_wifi_sample: [0,0,0,0,0,0,0,0,0,0,0,0,-1]
02-15 07:01:33.160   672   880 I netstats_mobile_sample: [0,0,0,0,0,0,0,0,0,0,0,0,-1]
02-15 07:01:33.160   672   880 I netstats_wifi_sample: [0,0,0,0,0,0,0,0,0,0,0,0,-1]
02-15 07:31:32.800   672   880 I netstats_mobile_sample: [0,0,0,0,0,0,0,0,0,0,0,0,-1]
02-15 07:31:32.810   672   880 I netstats_wifi_sample: [0,0,0,0,0,0,0,0,0,0,0,0,-1]
02-15 08:01:33.170   672   880 I netstats_mobile_sample: [0,0,0,0,0,0,0,0,0,0,0,0,-1]
02-15 08:01:33.170   672   880 I netstats_wifi_sample: [0,0,0,0,0,0,0,0,0,0,0,0,-1]
02-15 08:31:33.220   672   880 I netstats_mobile_sample: [0,0,0,0,0,0,0,0,0,0,0,0,-1]
02-15 08:31:33.220   672   880 I netstats_wifi_sample: [0,0,0,0,0,0,0,0,0,0,0,0,-1]
02-15 09:01:33.170   672   880 I netstats_mobile_sample: [0,0,0,0,0,0,0,0,0,0,0,0,-1]
02-15 09:01:33.180   672   880 I netstats_wifi_sample: [0,0,0,0,0,0,0,0,0,0,0,0,-1]
02-15 09:31:32.830   672   880 I netstats_mobile_sample: [0,0,0,0,0,0,0,0,0,0,0,0,-1]
02-15 09:31:32.830   672   880 I netstats_wifi_sample: [0,0,0,0,0,0,0,0,0,0,0,0,-1]
02-15 10:01:33.170   672   880 I netstats_mobile_sample: [0,0,0,0,0,0,0,0,0,0,0,0,-1]
02-15 10:01:33.170   672   880 I netstats_wifi_sample: [0,0,0,0,0,0,0,0,0,0,0,0,-1]
02-15 10:31:32.810   672   880 I netstats_mobile_sample: [0,0,0,0,0,0,0,0,0,0,0,0,-1]
02-15 10:31:32.820   672   880 I netstats_wifi_sample: [0,0,0,0,0,0,0,0,0,0,0,0,-1]
02-15 11:01:33.190   672   880 I netstats_mobile_sample: [0,0,0,0,0,0,0,0,0,0,0,0,-1]
02-15 11:01:33.190   672   880 I netstats_wifi_sample: [0,0,0,0,0,0,0,0,0,0,0,0,-1]
02-15 11:31:33.240   672   880 I netstats_mobile_sample: [0,0,0,0,0,0,0,0,0,0,0,0,-1]
02-15 11:31:33.240   672   880 I netstats_wifi_sample: [0,0,0,0,0,0,0,0,0,0,0,0,-1]
02-15 12:01:33.170   672   880 I netstats_mobile_sample: [0,0,0,0,0,0,0,0,0,0,0,0,-1]
02-15 12:01:33.170   672   880 I netstats_wifi_sample: [0,0,0,0,0,0,0,0,0,0,0,0,-1]
02-15 12:31:32.810   672   880 I netstats_mobile_sample: [0,0,0,0,0,0,0,0,0,0,0,0,-1]
02-15 12:31:32.810   672   880 I netstats_wifi_sample: [0,0,0,0,0,0,0,0,0,0,0,0,-1]
02-15 13:01:33.170   672   880 I netstats_mobile_sample: [0,0,0,0,0,0,0,0,0,0,0,0,-1]
02-15 13:01:33.180   672   880 I netstats_wifi_sample: [0,0,0,0,0,0,0,0,0,0,0,0,-1]
02-15 13:31:32.830   672   880 I netstats_mobile_sample: [0,0,0,0,0,0,0,0,0,0,0,0,-1]
02-15 13:31:32.830   672   880 I netstats_wifi_sample: [0,0,0,0,0,0,0,0,0,0,0,0,-1]
02-15 14:01:33.170   672   880 I netstats_mobile_sample: [0,0,0,0,0,0,0,0,0,0,0,0,-1]
02-15 14:01:33.170   672   880 I netstats_wifi_sample: [0,0,0,0,0,0,0,0,0,0,0,0,-1]
02-15 14:31:32.810   672   880 I netstats_mobile_sample: [0,0,0,0,0,0,0,0,0,0,0,0,-1]
02-15 14:31:32.810   672   880 I netstats_wifi_sample: [0,0,0,0,0,0,0,0,0,0,0,0,-1]
02-15 15:01:33.170   672   880 I netstats_mobile_sample: [0,0,0,0,0,0,0,0,0,0,0,0,-1]
02-15 15:01:33.170   672   880 I netstats_wifi_sample: [0,0,0,0,0,0,0,0,0,0,0,0,-1]
02-15 15:31:32.820   672   880 I netstats_mobile_sample: [0,0,0,0,0,0,0,0,0,0,0,0,-1]
02-15 15:31:32.820   672   880 I netstats_wifi_sample: [0,0,0,0,0,0,0,0,0,0,0,0,-1]
02-15 16:01:33.160   672   880 I netstats_mobile_sample: [0,0,0,0,0,0,0,0,0,0,0,0,-1]
02-15 16:01:33.160   672   880 I netstats_wifi_sample: [0,0,0,0,0,0,0,0,0,0,0,0,-1]
02-15 16:31:32.800   672   880 I netstats_mobile_sample: [0,0,0,0,0,0,0,0,0,0,0,0,-1]
02-15 16:31:32.810   672   880 I netstats_wifi_sample: [0,0,0,0,0,0,0,0,0,0,0,0,-1]
02-15 17:01:33.190   672   880 I netstats_mobile_sample: [0,0,0,0,0,0,0,0,0,0,0,0,-1]
02-15 17:01:33.190   672   880 I netstats_wifi_sample: [0,0,0,0,0,0,0,0,0,0,0,0,-1]
02-15 17:31:32.800   672   880 I netstats_mobile_sample: [0,0,0,0,0,0,0,0,0,0,0,0,-1]
02-15 17:31:32.810   672   880 I netstats_wifi_sample: [0,0,0,0,0,0,0,0,0,0,0,0,-1]
02-15 18:01:33.170   672   880 I netstats_mobile_sample: [0,0,0,0,0,0,0,0,0,0,0,0,-1]
02-15 18:01:33.170   672   880 I netstats_wifi_sample: [0,0,0,0,0,0,0,0,0,0,0,0,-1]
02-15 18:31:32.840   672   880 I netstats_mobile_sample: [0,0,0,0,0,0,0,0,0,0,0,0,-1]
02-15 18:31:32.850   672   880 I netstats_wifi_sample: [0,0,0,0,0,0,0,0,0,0,0,0,-1]
02-15 19:01:33.190   672   880 I netstats_mobile_sample: [0,0,0,0,0,0,0,0,0,0,0,0,-1]
02-15 19:01:33.190   672   880 I netstats_wifi_sample: [0,0,0,0,0,0,0,0,0,0,0,0,-1]
02-15 19:31:32.780   672   880 I netstats_mobile_sample: [0,0,0,0,0,0,0,0,0,0,0,0,-1]
02-15 19:31:32.790   672   880 I netstats_wifi_sample: [0,0,0,0,0,0,0,0,0,0,0,0,-1]
02-15 20:01:33.170   672   880 I netstats_mobile_sample: [0,0,0,0,0,0,0,0,0,0,0,0,-1]
02-15 20:01:33.170   672   880 I netstats_wifi_sample: [0,0,0,0,0,0,0,0,0,0,0,0,-1]
02-15 20:31:32.800   672   880 I netstats_mobile_sample: [0,0,0,0,0,0,0,0,0,0,0,0,-1]
02-15 20:31:32.810   672   880 I netstats_wifi_sample: [0,0,0,0,0,0,0,0,0,0,0,0,-1]
02-15 21:01:33.160   672   880 I netstats_mobile_sample: [0,0,0,0,0,0,0,0,0,0,0,0,-1]
02-15 21:01:33.160   672   880 I netstats_wifi_sample: [0,0,0,0,0,0,0,0,0,0,0,0,-1]
02-15 21:31:32.810   672   880 I netstats_mobile_sample: [0,0,0,0,0,0,0,0,0,0,0,0,-1]
02-15 21:31:32.810   672   880 I netstats_wifi_sample: [0,0,0,0,0,0,0,0,0,0,0,0,-1]
02-15 22:01:33.180   672   880 I netstats_mobile_sample: [0,0,0,0,0,0,0,0,0,0,0,0,-1]
02-15 22:01:33.180   672   880 I netstats_wifi_sample: [0,0,0,0,0,0,0,0,0,0,0,0,-1]
02-15 22:31:32.800   672   880 I netstats_mobile_sample: [0,0,0,0,0,0,0,0,0,0,0,0,-1]
02-15 22:31:32.800   672   880 I netstats_wifi_sample: [0,0,0,0,0,0,0,0,0,0,0,0,-1]
02-15 23:01:33.170   672   880 I netstats_mobile_sample: [0,0,0,0,0,0,0,0,0,0,0,0,-1]
02-15 23:01:33.170   672   880 I netstats_wifi_sample: [0,0,0,0,0,0,0,0,0,0,0,0,-1]
02-15 23:31:33.170   672   880 I netstats_mobile_sample: [0,0,0,0,0,0,0,0,0,0,0,0,-1]
02-15 23:31:33.170   672   880 I netstats_wifi_sample: [0,0,0,0,0,0,0,0,0,0,0,0,-1]
02-15 23:49:48.240  1220  1270 I content_update_sample: [content://com.android.calendar/schedule_alarms,update,NULL,5,gaia.providers.calendar,2]
02-15 23:49:53.300   672  4818 I am_create_service: [1279296252,gaia.providers.calendar/.CalendarProviderIntentService,act=com.android.providers.calendar.intent.CalendarProvider2,1220]
02-16 00:01:32.020   672   724 I am_destroy_service: [1279296252,gaia.providers.calendar/.CalendarProviderIntentService,1220]
02-16 00:01:33.871   672   880 I netstats_mobile_sample: [0,0,0,0,0,0,0,0,0,0,0,0,-1]
02-16 00:01:33.871   672   880 I netstats_wifi_sample: [0,0,0,0,0,0,0,0,0,0,0,0,-1]
02-16 00:31:33.160   672   880 I netstats_mobile_sample: [0,0,0,0,0,0,0,0,0,0,0,0,-1]
02-16 00:31:33.160   672   880 I netstats_wifi_sample: [0,0,0,0,0,0,0,0,0,0,0,0,-1]
02-16 01:01:33.200   672   880 I netstats_mobile_sample: [0,0,0,0,0,0,0,0,0,0,0,0,-1]
02-16 01:01:33.200   672   880 I netstats_wifi_sample: [0,0,0,0,0,0,0,0,0,0,0,0,-1]
02-16 01:31:32.810   672   880 I netstats_mobile_sample: [0,0,0,0,0,0,0,0,0,0,0,0,-1]
02-16 01:31:32.820   672   880 I netstats_wifi_sample: [0,0,0,0,0,0,0,0,0,0,0,0,-1]
02-16 02:01:33.220   672   880 I netstats_mobile_sample: [0,0,0,0,0,0,0,0,0,0,0,0,-1]
02-16 02:01:33.220   672   880 I netstats_wifi_sample: [0,0,0,0,0,0,0,0,0,0,0,0,-1]
02-16 02:31:33.220   672   880 I netstats_mobile_sample: [0,0,0,0,0,0,0,0,0,0,0,0,-1]
02-16 02:31:33.230   672   880 I netstats_wifi_sample: [0,0,0,0,0,0,0,0,0,0,0,0,-1]
02-16 03:01:33.160   672   880 I netstats_mobile_sample: [0,0,0,0,0,0,0,0,0,0,0,0,-1]
02-16 03:01:33.160   672   880 I netstats_wifi_sample: [0,0,0,0,0,0,0,0,0,0,0,0,-1]
02-16 03:31:32.820   672   880 I netstats_mobile_sample: [0,0,0,0,0,0,0,0,0,0,0,0,-1]
02-16 03:31:32.820   672   880 I netstats_wifi_sample: [0,0,0,0,0,0,0,0,0,0,0,0,-1]
02-16 04:01:33.200   672   880 I netstats_mobile_sample: [0,0,0,0,0,0,0,0,0,0,0,0,-1]
02-16 04:01:33.200   672   880 I netstats_wifi_sample: [0,0,0,0,0,0,0,0,0,0,0,0,-1]
02-16 04:31:32.800   672   880 I netstats_mobile_sample: [0,0,0,0,0,0,0,0,0,0,0,0,-1]
02-16 04:31:32.800   672   880 I netstats_wifi_sample: [0,0,0,0,0,0,0,0,0,0,0,0,-1]
02-16 05:01:33.170   672   880 I netstats_mobile_sample: [0,0,0,0,0,0,0,0,0,0,0,0,-1]
02-16 05:01:33.170   672   880 I netstats_wifi_sample: [0,0,0,0,0,0,0,0,0,0,0,0,-1]
02-16 05:31:32.830   672   880 I netstats_mobile_sample: [0,0,0,0,0,0,0,0,0,0,0,0,-1]
02-16 05:31:32.830   672   880 I netstats_wifi_sample: [0,0,0,0,0,0,0,0,0,0,0,0,-1]
02-16 06:01:33.220   672   880 I netstats_mobile_sample: [0,0,0,0,0,0,0,0,0,0,0,0,-1]
02-16 06:01:33.220   672   880 I netstats_wifi_sample: [0,0,0,0,0,0,0,0,0,0,0,0,-1]
02-16 06:31:32.810   672   880 I netstats_mobile_sample: [0,0,0,0,0,0,0,0,0,0,0,0,-1]
02-16 06:31:32.810   672   880 I netstats_wifi_sample: [0,0,0,0,0,0,0,0,0,0,0,0,-1]
02-16 07:01:33.190   672   880 I netstats_mobile_sample: [0,0,0,0,0,0,0,0,0,0,0,0,-1]
02-16 07:01:33.190   672   880 I netstats_wifi_sample: [0,0,0,0,0,0,0,0,0,0,0,0,-1]
02-16 07:31:32.800   672   880 I netstats_mobile_sample: [0,0,0,0,0,0,0,0,0,0,0,0,-1]
02-16 07:31:32.800   672   880 I netstats_wifi_sample: [0,0,0,0,0,0,0,0,0,0,0,0,-1]
02-16 08:01:33.190   672   880 I netstats_mobile_sample: [0,0,0,0,0,0,0,0,0,0,0,0,-1]
02-16 08:01:33.190   672   880 I netstats_wifi_sample: [0,0,0,0,0,0,0,0,0,0,0,0,-1]
02-16 08:31:32.810   672   880 I netstats_mobile_sample: [0,0,0,0,0,0,0,0,0,0,0,0,-1]
02-16 08:31:32.820   672   880 I netstats_wifi_sample: [0,0,0,0,0,0,0,0,0,0,0,0,-1]
02-16 09:01:33.190   672   880 I netstats_mobile_sample: [0,0,0,0,0,0,0,0,0,0,0,0,-1]
02-16 09:01:33.190   672   880 I netstats_wifi_sample: [0,0,0,0,0,0,0,0,0,0,0,0,-1]
02-16 09:31:32.800   672   880 I netstats_mobile_sample: [0,0,0,0,0,0,0,0,0,0,0,0,-1]
02-16 09:31:32.810   672   880 I netstats_wifi_sample: [0,0,0,0,0,0,0,0,0,0,0,0,-1]
02-16 10:01:33.190   672   880 I netstats_mobile_sample: [0,0,0,0,0,0,0,0,0,0,0,0,-1]
02-16 10:01:33.190   672   880 I netstats_wifi_sample: [0,0,0,0,0,0,0,0,0,0,0,0,-1]
02-16 10:31:32.800   672   880 I netstats_mobile_sample: [0,0,0,0,0,0,0,0,0,0,0,0,-1]
02-16 10:31:32.810   672   880 I netstats_wifi_sample: [0,0,0,0,0,0,0,0,0,0,0,0,-1]
02-16 11:01:33.180   672   880 I netstats_mobile_sample: [0,0,0,0,0,0,0,0,0,0,0,0,-1]
02-16 11:01:33.180   672   880 I netstats_wifi_sample: [0,0,0,0,0,0,0,0,0,0,0,0,-1]
02-16 11:31:32.840   672   880 I netstats_mobile_sample: [0,0,0,0,0,0,0,0,0,0,0,0,-1]
02-16 11:31:32.840   672   880 I netstats_wifi_sample: [0,0,0,0,0,0,0,0,0,0,0,0,-1]
02-16 12:01:33.170   672   880 I netstats_mobile_sample: [0,0,0,0,0,0,0,0,0,0,0,0,-1]
02-16 12:01:33.170   672   880 I netstats_wifi_sample: [0,0,0,0,0,0,0,0,0,0,0,0,-1]
02-16 12:31:32.800   672   880 I netstats_mobile_sample: [0,0,0,0,0,0,0,0,0,0,0,0,-1]
02-16 12:31:32.810   672   880 I netstats_wifi_sample: [0,0,0,0,0,0,0,0,0,0,0,0,-1]
02-16 13:01:33.170   672   880 I netstats_mobile_sample: [0,0,0,0,0,0,0,0,0,0,0,0,-1]
02-16 13:01:33.170   672   880 I netstats_wifi_sample: [0,0,0,0,0,0,0,0,0,0,0,0,-1]
02-16 13:31:32.820   672   880 I netstats_mobile_sample: [0,0,0,0,0,0,0,0,0,0,0,0,-1]
02-16 13:31:32.820   672   880 I netstats_wifi_sample: [0,0,0,0,0,0,0,0,0,0,0,0,-1]
02-16 14:01:33.180   672   880 I netstats_mobile_sample: [0,0,0,0,0,0,0,0,0,0,0,0,-1]
02-16 14:01:33.180   672   880 I netstats_wifi_sample: [0,0,0,0,0,0,0,0,0,0,0,0,-1]
02-16 14:31:32.800   672   880 I netstats_mobile_sample: [0,0,0,0,0,0,0,0,0,0,0,0,-1]
02-16 14:31:32.810   672   880 I netstats_wifi_sample: [0,0,0,0,0,0,0,0,0,0,0,0,-1]
02-16 15:01:33.180   672   880 I netstats_mobile_sample: [0,0,0,0,0,0,0,0,0,0,0,0,-1]
02-16 15:01:33.180   672   880 I netstats_wifi_sample: [0,0,0,0,0,0,0,0,0,0,0,0,-1]
02-16 15:31:32.810   672   880 I netstats_mobile_sample: [0,0,0,0,0,0,0,0,0,0,0,0,-1]
02-16 15:31:32.820   672   880 I netstats_wifi_sample: [0,0,0,0,0,0,0,0,0,0,0,0,-1]
02-16 16:01:33.190   672   880 I netstats_mobile_sample: [0,0,0,0,0,0,0,0,0,0,0,0,-1]
02-16 16:01:33.190   672   880 I netstats_wifi_sample: [0,0,0,0,0,0,0,0,0,0,0,0,-1]
02-16 16:31:32.800   672   880 I netstats_mobile_sample: [0,0,0,0,0,0,0,0,0,0,0,0,-1]
02-16 16:31:32.810   672   880 I netstats_wifi_sample: [0,0,0,0,0,0,0,0,0,0,0,0,-1]
02-16 17:01:33.190   672   880 I netstats_mobile_sample: [0,0,0,0,0,0,0,0,0,0,0,0,-1]
02-16 17:01:33.200   672   880 I netstats_wifi_sample: [0,0,0,0,0,0,0,0,0,0,0,0,-1]
02-16 17:31:32.810   672   880 I netstats_mobile_sample: [0,0,0,0,0,0,0,0,0,0,0,0,-1]
02-16 17:31:32.820   672   880 I netstats_wifi_sample: [0,0,0,0,0,0,0,0,0,0,0,0,-1]
02-16 18:01:33.190   672   880 I netstats_mobile_sample: [0,0,0,0,0,0,0,0,0,0,0,0,-1]
02-16 18:01:33.200   672   880 I netstats_wifi_sample: [0,0,0,0,0,0,0,0,0,0,0,0,-1]
02-16 18:31:32.810   672   880 I netstats_mobile_sample: [0,0,0,0,0,0,0,0,0,0,0,0,-1]
02-16 18:31:32.810   672   880 I netstats_wifi_sample: [0,0,0,0,0,0,0,0,0,0,0,0,-1]
02-16 19:01:33.190   672   880 I netstats_mobile_sample: [0,0,0,0,0,0,0,0,0,0,0,0,-1]
02-16 19:01:33.190   672   880 I netstats_wifi_sample: [0,0,0,0,0,0,0,0,0,0,0,0,-1]
02-16 19:31:32.810   672   880 I netstats_mobile_sample: [0,0,0,0,0,0,0,0,0,0,0,0,-1]
02-16 19:31:32.820   672   880 I netstats_wifi_sample: [0,0,0,0,0,0,0,0,0,0,0,0,-1]
02-16 20:01:33.190   672   880 I netstats_mobile_sample: [0,0,0,0,0,0,0,0,0,0,0,0,-1]
02-16 20:01:33.190   672   880 I netstats_wifi_sample: [0,0,0,0,0,0,0,0,0,0,0,0,-1]
02-16 20:31:32.810   672   880 I netstats_mobile_sample: [0,0,0,0,0,0,0,0,0,0,0,0,-1]
02-16 20:31:32.810   672   880 I netstats_wifi_sample: [0,0,0,0,0,0,0,0,0,0,0,0,-1]
02-16 21:01:33.180   672   880 I netstats_mobile_sample: [0,0,0,0,0,0,0,0,0,0,0,0,-1]
02-16 21:01:33.180   672   880 I netstats_wifi_sample: [0,0,0,0,0,0,0,0,0,0,0,0,-1]
02-16 21:31:32.810   672   880 I netstats_mobile_sample: [0,0,0,0,0,0,0,0,0,0,0,0,-1]
02-16 21:31:32.810   672   880 I netstats_wifi_sample: [0,0,0,0,0,0,0,0,0,0,0,0,-1]
02-16 21:50:53.410  1220  1270 I content_update_sample: [content://com.android.calendar/schedule_alarms,update,NULL,22,gaia.providers.calendar,5]
