02-22 14:31:32.810   672   880 I netstats_wifi_sample: [0,0,0,0,0,0,0,0,0,0,0,0,-1]
02-22 15:01:33.180   672   880 I netstats_mobile_sample: [0,0,0,0,0,0,0,0,0,0,0,0,-1]
02-22 15:01:33.190   672   880 I netstats_wifi_sample: [0,0,0,0,0,0,0,0,0,0,0,0,-1]
02-22 15:31:32.800   672   880 I netstats_mobile_sample: [0,0,0,0,0,0,0,0,0,0,0,0,-1]
02-22 15:31:32.800   672   880 I netstats_wifi_sample: [0,0,0,0,0,0,0,0,0,0,0,0,-1]
02-22 16:01:33.170   672   880 I netstats_mobile_sample: [0,0,0,0,0,0,0,0,0,0,0,0,-1]
02-22 16:01:33.170   672   880 I netstats_wifi_sample: [0,0,0,0,0,0,0,0,0,0,0,0,-1]
02-22 16:31:32.840   672   880 I netstats_mobile_sample: [0,0,0,0,0,0,0,0,0,0,0,0,-1]
02-22 16:31:32.840   672   880 I netstats_wifi_sample: [0,0,0,0,0,0,0,0,0,0,0,0,-1]
02-22 17:01:33.170   672   880 I netstats_mobile_sample: [0,0,0,0,0,0,0,0,0,0,0,0,-1]
02-22 17:01:33.170   672   880 I netstats_wifi_sample: [0,0,0,0,0,0,0,0,0,0,0,0,-1]
02-22 17:31:33.250   672   880 I netstats_mobile_sample: [0,0,0,0,0,0,0,0,0,0,0,0,-1]
02-22 17:31:33.260   672   880 I netstats_wifi_sample: [0,0,0,0,0,0,0,0,0,0,0,0,-1]
02-22 18:01:33.160   672   880 I netstats_mobile_sample: [0,0,0,0,0,0,0,0,0,0,0,0,-1]
02-22 18:01:33.160   672   880 I netstats_wifi_sample: [0,0,0,0,0,0,0,0,0,0,0,0,-1]
02-22 18:31:32.810   672   880 I netstats_mobile_sample: [0,0,0,0,0,0,0,0,0,0,0,0,-1]
02-22 18:31:32.820   672   880 I netstats_wifi_sample: [0,0,0,0,0,0,0,0,0,0,0,0,-1]
02-22 19:01:33.160   672   880 I netstats_mobile_sample: [0,0,0,0,0,0,0,0,0,0,0,0,-1]
02-22 19:01:33.160   672   880 I netstats_wifi_sample: [0,0,0,0,0,0,0,0,0,0,0,0,-1]
02-22 19:31:32.810   672   880 I netstats_mobile_sample: [0,0,0,0,0,0,0,0,0,0,0,0,-1]
02-22 19:31:32.820   672   880 I netstats_wifi_sample: [0,0,0,0,0,0,0,0,0,0,0,0,-1]
02-22 20:01:33.180   672   880 I netstats_mobile_sample: [0,0,0,0,0,0,0,0,0,0,0,0,-1]
02-22 20:01:33.180   672   880 I netstats_wifi_sample: [0,0,0,0,0,0,0,0,0,0,0,0,-1]
02-22 20:31:32.810   672   880 I netstats_mobile_sample: [0,0,0,0,0,0,0,0,0,0,0,0,-1]
02-22 20:31:32.810   672   880 I netstats_wifi_sample: [0,0,0,0,0,0,0,0,0,0,0,0,-1]
02-22 21:01:33.170   672   880 I netstats_mobile_sample: [0,0,0,0,0,0,0,0,0,0,0,0,-1]
02-22 21:01:33.170   672   880 I netstats_wifi_sample: [0,0,0,0,0,0,0,0,0,0,0,0,-1]
02-22 21:31:32.810   672   880 I netstats_mobile_sample: [0,0,0,0,0,0,0,0,0,0,0,0,-1]
02-22 21:31:32.810   672   880 I netstats_wifi_sample: [0,0,0,0,0,0,0,0,0,0,0,0,-1]
02-22 22:01:33.170   672   880 I netstats_mobile_sample: [0,0,0,0,0,0,0,0,0,0,0,0,-1]
02-22 22:01:33.170   672   880 I netstats_wifi_sample: [0,0,0,0,0,0,0,0,0,0,0,0,-1]
02-22 22:31:32.820   672   880 I netstats_mobile_sample: [0,0,0,0,0,0,0,0,0,0,0,0,-1]
02-22 22:31:32.820   672   880 I netstats_wifi_sample: [0,0,0,0,0,0,0,0,0,0,0,0,-1]
02-22 23:01:33.170   672   880 I netstats_mobile_sample: [0,0,0,0,0,0,0,0,0,0,0,0,-1]
02-22 23:01:33.170   672   880 I netstats_wifi_sample: [0,0,0,0,0,0,0,0,0,0,0,0,-1]
02-22 23:31:32.810   672   880 I netstats_mobile_sample: [0,0,0,0,0,0,0,0,0,0,0,0,-1]
02-22 23:31:32.820   672   880 I netstats_wifi_sample: [0,0,0,0,0,0,0,0,0,0,0,0,-1]
02-23 00:01:34.791   672   880 I netstats_mobile_sample: [0,0,0,0,0,0,0,0,0,0,0,0,-1]
02-23 00:01:34.791   672   880 I netstats_wifi_sample: [0,0,0,0,0,0,0,0,0,0,0,0,-1]
02-23 00:31:32.820   672   880 I netstats_mobile_sample: [0,0,0,0,0,0,0,0,0,0,0,0,-1]
02-23 00:31:32.820   672   880 I netstats_wifi_sample: [0,0,0,0,0,0,0,0,0,0,0,0,-1]
02-23 01:01:33.190   672   880 I netstats_mobile_sample: [0,0,0,0,0,0,0,0,0,0,0,0,-1]
02-23 01:01:33.190   672   880 I netstats_wifi_sample: [0,0,0,0,0,0,0,0,0,0,0,0,-1]
02-23 01:22:10.701  4093 26642 I content_update_sample: [content://com.htc.provider.CruiserPwrExpert/battery,insert,,24,,5]
02-23 01:22:12.503  4093 26642 I content_update_sample: [content://com.htc.provider.CruiserPwrExpert/uid_top_usage,delete,,18,,4]
02-23 01:31:33.160   672   880 I netstats_mobile_sample: [0,0,0,0,0,0,0,0,0,0,0,0,-1]
02-23 01:31:33.160   672   880 I netstats_wifi_sample: [0,0,0,0,0,0,0,0,0,0,0,0,-1]
02-23 02:01:33.190   672   880 I netstats_mobile_sample: [0,0,0,0,0,0,0,0,0,0,0,0,-1]
02-23 02:01:33.190   672   880 I netstats_wifi_sample: [0,0,0,0,0,0,0,0,0,0,0,0,-1]
02-23 02:31:33.270   672   880 I netstats_mobile_sample: [0,0,0,0,0,0,0,0,0,0,0,0,-1]
02-23 02:31:33.270   672   880 I netstats_wifi_sample: [0,0,0,0,0,0,0,0,0,0,0,0,-1]
02-23 03:01:33.170   672   880 I netstats_mobile_sample: [0,0,0,0,0,0,0,0,0,0,0,0,-1]
02-23 03:01:33.170   672   880 I netstats_wifi_sample: [0,0,0,0,0,0,0,0,0,0,0,0,-1]
02-23 03:31:33.160   672   880 I netstats_mobile_sample: [0,0,0,0,0,0,0,0,0,0,0,0,-1]
02-23 03:31:33.170   672   880 I netstats_wifi_sample: [0,0,0,0,0,0,0,0,0,0,0,0,-1]
02-23 04:01:33.170   672   880 I netstats_mobile_sample: [0,0,0,0,0,0,0,0,0,0,0,0,-1]
02-23 04:01:33.170   672   880 I netstats_wifi_sample: [0,0,0,0,0,0,0,0,0,0,0,0,-1]
02-23 04:31:33.220   672   880 I netstats_mobile_sample: [0,0,0,0,0,0,0,0,0,0,0,0,-1]
02-23 04:31:33.220   672   880 I netstats_wifi_sample: [0,0,0,0,0,0,0,0,0,0,0,0,-1]
02-23 05:01:33.180   672   880 I netstats_mobile_sample: [0,0,0,0,0,0,0,0,0,0,0,0,-1]
02-23 05:01:33.190   672   880 I netstats_wifi_sample: [0,0,0,0,0,0,0,0,0,0,0,0,-1]
02-23 05:31:33.240   672   880 I netstats_mobile_sample: [0,0,0,0,0,0,0,0,0,0,0,0,-1]
02-23 05:31:33.240   672   880 I netstats_wifi_sample: [0,0,0,0,0,0,0,0,0,0,0,0,-1]
02-23 06:01:33.170   672   880 I netstats_mobile_sample: [0,0,0,0,0,0,0,0,0,0,0,0,-1]
02-23 06:01:33.170   672   880 I netstats_wifi_sample: [0,0,0,0,0,0,0,0,0,0,0,0,-1]
02-23 06:31:33.200   672   880 I netstats_mobile_sample: [0,0,0,0,0,0,0,0,0,0,0,0,-1]
02-23 06:31:33.200   672   880 I netstats_wifi_sample: [0,0,0,0,0,0,0,0,0,0,0,0,-1]
02-23 07:01:33.170   672   880 I netstats_mobile_sample: [0,0,0,0,0,0,0,0,0,0,0,0,-1]
02-23 07:01:33.170   672   880 I netstats_wifi_sample: [0,0,0,0,0,0,0,0,0,0,0,0,-1]
02-23 07:31:33.220   672   880 I netstats_mobile_sample: [0,0,0,0,0,0,0,0,0,0,0,0,-1]
02-23 07:31:33.220   672   880 I netstats_wifi_sample: [0,0,0,0,0,0,0,0,0,0,0,0,-1]
02-23 07:58:30.180  1220  1270 I content_update_sample: [content://com.android.calendar/schedule_alarms,update,NULL,7,gaia.providers.calendar,2]
02-23 07:58:35.230   672   724 I am_create_service: [1299061476,gaia.providers.calendar/.CalendarProviderIntentService,act=com.android.providers.calendar.intent.CalendarProvider2,1220]
02-23 07:58:35.610   672   723 I am_destroy_service: [1299061476,gaia.providers.calendar/.CalendarProviderIntentService,1220]
02-23 08:01:32.790   672   880 I netstats_mobile_sample: [0,0,0,0,0,0,0,0,0,0,0,0,-1]
02-23 08:01:32.800   672   880 I netstats_wifi_sample: [0,0,0,0,0,0,0,0,0,0,0,0,-1]
02-23 08:31:33.180   672   880 I netstats_mobile_sample: [0,0,0,0,0,0,0,0,0,0,0,0,-1]
02-23 08:31:33.180   672   880 I netstats_wifi_sample: [0,0,0,0,0,0,0,0,0,0,0,0,-1]
02-23 09:01:33.170   672   880 I netstats_mobile_sample: [0,0,0,0,0,0,0,0,0,0,0,0,-1]
02-23 09:01:33.170   672   880 I netstats_wifi_sample: [0,0,0,0,0,0,0,0,0,0,0,0,-1]
02-23 09:31:33.230   672   880 I netstats_mobile_sample: [0,0,0,0,0,0,0,0,0,0,0,0,-1]
02-23 09:31:33.230   672   880 I netstats_wifi_sample: [0,0,0,0,0,0,0,0,0,0,0,0,-1]
02-23 10:01:33.170   672   880 I netstats_mobile_sample: [0,0,0,0,0,0,0,0,0,0,0,0,-1]
02-23 10:01:33.170   672   880 I netstats_wifi_sample: [0,0,0,0,0,0,0,0,0,0,0,0,-1]
02-23 10:22:12.300   672   795 I am_create_task: 4
02-23 10:22:12.300   672   795 I am_restart_activity: [1284572464,4,android/com.android.server.ShutdownActivity]
02-23 10:22:12.300   672   795 I am_pause_activity: [1284572464,android/com.android.server.ShutdownActivity]
02-23 10:22:12.540   672   737 I am_finish_activity: [1284572464,4,android/com.android.server.ShutdownActivity,app-request]
02-23 10:22:12.550   672   737 I am_resume_activity: [1304817992,2,Matrix/.MainPage]
02-23 10:22:12.550   672   737 I am_pause_activity: [1304817992,Matrix/.MainPage]
02-23 10:22:12.600   992   994 I am_on_resume_called: MainPage
02-23 10:28:05.030   672   734 I am_destroy_activity: [1284572464,4,android/com.android.server.ShutdownActivity]
02-23 10:31:33.110   992   994 I am_on_paused_called: MainPage
02-23 10:31:33.120   672   977 I am_failed_to_pause: [1304817992,Matrix/.MainPage,]
02-23 10:31:33.360   672   880 I netstats_mobile_sample: [0,0,0,0,0,0,0,0,0,0,0,0,-1]
02-23 10:31:33.370   672   880 I netstats_wifi_sample: [0,0,0,0,0,0,0,0,0,0,0,0,-1]
02-23 10:32:12.600   672   795 I am_create_task: 5
02-23 10:32:12.610   672   795 I am_restart_activity: [1290789192,5,android/com.android.server.ShutdownActivity]
02-23 10:32:12.610   672   795 I am_pause_activity: [1290789192,android/com.android.server.ShutdownActivity]
02-23 10:32:12.820   672   737 I am_finish_activity: [1290789192,5,android/com.android.server.ShutdownActivity,app-request]
02-23 10:32:12.830   672   737 I am_resume_activity: [1304817992,2,Matrix/.MainPage]
02-23 10:32:12.830   672   737 I am_pause_activity: [1304817992,Matrix/.MainPage]
02-23 10:47:51.050   992   994 I am_on_resume_called: MainPage
02-23 10:47:51.130   672   734 I am_destroy_activity: [1290789192,5,android/com.android.server.ShutdownActivity]
02-23 11:01:33.040   992   994 I am_on_paused_called: MainPage
02-23 11:01:33.040   672   879 I am_failed_to_pause: [1304817992,Matrix/.MainPage,]
02-23 11:01:33.310   672   880 I netstats_mobile_sample: [0,0,0,0,0,0,0,0,0,0,0,0,-1]
02-23 11:01:33.320   672   880 I netstats_wifi_sample: [0,0,0,0,0,0,0,0,0,0,0,0,-1]
02-23 11:31:33.230   672   880 I netstats_mobile_sample: [0,0,0,0,0,0,0,0,0,0,0,0,-1]
02-23 11:31:33.230   672   880 I netstats_wifi_sample: [0,0,0,0,0,0,0,0,0,0,0,0,-1]
02-23 12:01:33.180   672   880 I netstats_mobile_sample: [0,0,0,0,0,0,0,0,0,0,0,0,-1]
02-23 12:01:33.190   672   880 I netstats_wifi_sample: [0,0,0,0,0,0,0,0,0,0,0,0,-1]
02-23 12:31:32.210   672   795 I am_create_task: 6
02-23 12:31:32.210   672   795 I am_restart_activity: [1295435464,6,android/com.android.server.ShutdownActivity]
02-23 12:31:32.210   672   795 I am_pause_activity: [1295435464,android/com.android.server.ShutdownActivity]
02-23 12:31:32.600   672   737 I am_finish_activity: [1295435464,6,android/com.android.server.ShutdownActivity,app-request]
02-23 12:31:32.720   672   734 I am_resume_activity: [1304817992,2,Matrix/.MainPage]
02-23 12:31:32.720   672   734 I am_pause_activity: [1304817992,Matrix/.MainPage]
02-23 12:31:32.770   992   994 I am_on_resume_called: MainPage
02-23 12:31:33.020   992   994 I am_on_paused_called: MainPage
02-23 12:31:33.030   672   795 I am_create_task: 7
02-23 12:31:33.030   672   737 I am_failed_to_pause: [1295435464,android/com.android.server.ShutdownActivity,Matrix/.MainPage]
02-23 12:31:33.040   672  4818 I am_restart_activity: [1281863296,7,android/com.android.server.ShutdownActivity]
02-23 12:31:33.040   672  4818 I am_pause_activity: [1281863296,android/com.android.server.ShutdownActivity]
02-23 12:31:33.090   672   734 I am_destroy_activity: [1295435464,6,android/com.android.server.ShutdownActivity]
02-23 12:31:33.190   672   880 I netstats_mobile_sample: [0,0,0,0,0,0,0,0,0,0,0,0,-1]
02-23 12:31:33.200   672   880 I netstats_wifi_sample: [0,0,0,0,0,0,0,0,0,0,0,0,-1]
02-23 12:37:13.180   672   737 I am_finish_activity: [1281863296,7,android/com.android.server.ShutdownActivity,app-request]
02-23 12:37:13.190   672   737 I am_resume_activity: [1304817992,2,Matrix/.MainPage]
02-23 12:37:13.190   672   737 I am_pause_activity: [1304817992,Matrix/.MainPage]
02-23 12:37:13.190   672   737 I am_failed_to_pause: [1281863296,android/com.android.server.ShutdownActivity,Matrix/.MainPage]
02-23 12:37:13.230   992   994 I am_on_resume_called: MainPage
02-23 12:47:51.000   672   734 I am_destroy_activity: [1281863296,7,android/com.android.server.ShutdownActivity]
02-23 12:47:51.170   992   994 I am_on_paused_called: MainPage
02-23 12:47:51.180   672  3170 I am_failed_to_pause: [1304817992,Matrix/.MainPage,]
02-23 13:01:33.230   672   880 I netstats_mobile_sample: [0,0,0,0,0,0,0,0,0,0,0,0,-1]
02-23 13:01:33.230   672   880 I netstats_wifi_sample: [0,0,0,0,0,0,0,0,0,0,0,0,-1]
02-23 13:31:32.780   672   880 I netstats_mobile_sample: [0,0,0,0,0,0,0,0,0,0,0,0,-1]
02-23 13:31:32.780   672   880 I netstats_wifi_sample: [0,0,0,0,0,0,0,0,0,0,0,0,-1]
02-23 13:52:13.060   672   795 I am_create_task: 8
02-23 13:52:13.060   672   795 I am_restart_activity: [1329235176,8,android/com.android.server.ShutdownActivity]
02-23 13:52:13.080   672   795 I am_pause_activity: [1329235176,android/com.android.server.ShutdownActivity]
02-23 13:52:13.500   672   737 I am_finish_activity: [1329235176,8,android/com.android.server.ShutdownActivity,app-request]
02-23 13:52:13.590   672   734 I am_resume_activity: [1304817992,2,Matrix/.MainPage]
02-23 13:52:13.590   672   734 I am_pause_activity: [1304817992,Matrix/.MainPage]
02-23 13:52:13.640   992   994 I am_on_resume_called: MainPage
02-23 13:52:13.860   992   994 I am_on_paused_called: MainPage
02-23 13:52:13.910   672   795 I am_create_task: 9
02-23 13:52:13.910   672   737 I am_failed_to_pause: [1329235176,android/com.android.server.ShutdownActivity,Matrix/.MainPage]
02-23 13:52:13.910   672   879 I am_restart_activity: [1280063608,9,android/com.android.server.ShutdownActivity]
02-23 13:52:13.920   672   879 I am_pause_activity: [1280063608,android/com.android.server.ShutdownActivity]
02-23 13:52:13.920   672   734 I am_destroy_activity: [1329235176,8,android/com.android.server.ShutdownActivity]
02-23 13:52:14.240   672   737 I am_finish_activity: [1280063608,9,android/com.android.server.ShutdownActivity,app-request]
02-23 13:52:14.250   672   737 I am_resume_activity: [1304817992,2,Matrix/.MainPage]
02-23 13:52:14.250   672   737 I am_pause_activity: [1304817992,Matrix/.MainPage]
02-23 14:01:33.050   992   994 I am_on_resume_called: MainPage
02-23 14:01:33.130   672   734 I am_destroy_activity: [1280063608,9,android/com.android.server.ShutdownActivity]
02-23 14:01:33.350   992   994 I am_on_paused_called: MainPage
02-23 14:01:33.350   672   997 I am_failed_to_pause: [1304817992,Matrix/.MainPage,]
02-23 14:01:33.510   672   880 I netstats_mobile_sample: [0,0,0,0,0,0,0,0,0,0,0,0,-1]
02-23 14:01:33.510   672   880 I netstats_wifi_sample: [0,0,0,0,0,0,0,0,0,0,0,0,-1]
02-23 14:31:33.190   672   880 I netstats_mobile_sample: [0,0,0,0,0,0,0,0,0,0,0,0,-1]
02-23 14:31:33.190   672   880 I netstats_wifi_sample: [0,0,0,0,0,0,0,0,0,0,0,0,-1]
02-23 14:42:13.884   672   795 I am_create_task: 10
02-23 14:42:13.894   672   795 I am_restart_activity: [1280063048,10,android/com.android.server.ShutdownActivity]
02-23 14:42:13.894   672   795 I am_pause_activity: [1280063048,android/com.android.server.ShutdownActivity]
