03-03 08:36:21.362   214   659 D QC-QMI  : QMI platform I/O... blocking on read  port[/dev/hsicctl0] conn_id[9]
03-03 08:36:21.362   214   659 D QC-QMI  : qmi_qmux: TX/RX - RX 37 bytes on conn_id=9
03-03 08:36:21.362   214   659 D QC-QMI  : QMI_Msg Len: [37], Serv_ID: [PBM(0xc)], Msg_ID: [EMERGENCY_LIST_IND(0xc)], Trans_ID: [0][Indication], Conn_ID:[9]
03-03 08:36:21.362   214   659 D QC-QMI  : 01 24 00 80 0C 01 04 00 00 0C 00 18 00 13 09 00 02 03 39 31 31 03 31 31 32 01 09 00 02 03 39 31 
03-03 08:36:21.362   214   659 D QC-QMI  : 31 03 31 31 32 
03-03 08:36:21.362   214   659 D QC-QMI  : qmuxd: TX message on fd=19, to clientID = 1, len=71
03-03 08:36:21.362   214   659 D QC-QMI  : QMI platform I/O... blocking on poll fds
03-03 08:36:21.362   210   669 D QC-QMI  : qmi_client [210] 1: Received 71 bytes on fd = 23
03-03 08:36:21.362   210   669 D QC-QMI  : qmi_service.c RX indication for conn=9, srvc=12
03-03 08:36:21.362   210   669 D QC-QMI  : Processing indication: Mesage4 ID=  12, Service ID = 12
03-03 08:36:21.362   210   669 D QC-QMI  : Client 9010c00 gets indication callback
03-03 08:36:21.362   210   669 I RILC    : qmi_ril(0/210): RIL[0][qmi_cb] qcril_qmi_pbm_unsol_ind_cb: function entry
03-03 08:36:21.362   210   669 I RILC    : qmi_ril(0/210): RIL[0][qmi_cb] qcril_qmi_pbm_emergency_list_ind_hdlr: function entry
03-03 08:36:21.362   210   669 I RILC    : qmi_ril(0/210): RIL[0][qmi_cb] qcril_qmi_nas_is_radio_power_check_enabled: function exit with ret 0
03-03 08:36:21.362   210   669 I RILC    : qmi_ril(0/210): RIL[0][qmi_cb] qcril_qmi_pbm_emergency_list_ind_hdlr: current ril.ecclist= 
03-03 08:36:21.362   210   669 I RILC    : qmi_ril(0/210): RIL[0][qmi_cb] qcril_qmi_pbm_emergency_list_ind_hdlr: Update emergency number from emer_num. prop_val is : 911,112
03-03 08:36:21.362   210   669 I RILC    : qmi_ril(0/210): RIL[0][qmi_cb] qcril_qmi_pbm_emergency_list_ind_hdlr: Update emergency number from global_ecc_num. prop_val is : 911,112,112,911
03-03 08:36:21.362   210   669 I RILC    : qmi_ril(0/210): RIL[0][qmi_cb] qcril_uim_instance_id_to_slot: Slot found: 0x0
03-03 08:36:21.362   210   669 I RILC    : qmi_ril(0/210): RIL[0][qmi_cb] qcril_qmi_pbm_emergency_list_ind_hdlr: Update emergency number from gsm no-sim. prop_val is : 911,112,112,911,000,08,110,999,118,119
03-03 08:36:21.362   210   669 D RILC    : qmi_ril(0/210): RIL[0][qmi_cb] qcril_qmi_pbm_emergency_list_ind_hdlr: card_state=2, pref_net=0
03-03 08:36:21.362   210   669 I RILC    : qmi_ril(0/210): RIL[0][qmi_cb] qcril_qmi_pbm_emergency_list_ind_hdlr: Update emergency number from cus_ecc_num, temp_eclist=911,112,112,911,000,08,110,999,118,119
03-03 08:36:21.362   210   669 D RILC    : qmi_ril(0/210): RIL[0][qmi_cb] qcril_qmi_pbm_emergency_list_ind_hdlr: wp_feature=0, card_state=2, pref_net=0
03-03 08:36:21.362   210   669 I RILC    : qmi_ril(0/210): RIL[0][qmi_cb] qcril_qmi_pbm_emergency_list_ind_hdlr: Update emergency number from cus_nosim_num, temp_eclist=911,112,112,911,000,08,110,999,118,119
03-03 08:36:21.362   210   669 I RILC    : qmi_ril(0/210): RIL[0][qmi_cb] qcril_qmi_pbm_emergency_list_ind_hdlr: Update emergency number from OEM cid=[ALL]. temp_eclist is : 911,112,112,911,000,08,110,999,118,119
03-03 08:36:21.362   210   669 I RILC    : qmi_ril(0/210): RIL[0][qmi_cb] qcril_qmi_pbm_emergency_list_ind_hdlr: Update emergency number from OEM carrier=[ro.ril.ecc.ALL]. temp_eclist is : 911,112,112,911,000,08,110,999,118,119
03-03 08:36:21.362   210   669 I RILC    : qmi_ril(0/210): RIL[0][qmi_cb] qcril_qmi_pbm_emergency_list_ind_hdlr: Updated ril.ecclist= 911,112,000,08,110,999,118,119
03-03 08:36:21.362   210   669 I RILC    : qmi_ril(0/210): RIL[0][qmi_cb] qcril_qmi_pbm_emergency_list_ind_hdlr: function exit
03-03 08:36:21.362   210   669 I RILC    : qmi_ril(0/210): RIL[0][qmi_cb] qcril_qmi_pbm_unsol_ind_cb: function exit with ret 0
03-03 08:36:21.382   214   659 D QC-QMI  : QMI platform I/O... blocking on read  port[/dev/hsicctl0] conn_id[9]
03-03 08:36:21.382   214   659 D QC-QMI  : qmi_qmux: TX/RX - RX 37 bytes on conn_id=9
03-03 08:36:21.382   214   659 D QC-QMI  : QMI_Msg Len: [37], Serv_ID: [PBM(0xc)], Msg_ID: [EMERGENCY_LIST_IND(0xc)], Trans_ID: [0][Indication], Conn_ID:[9]
03-03 08:36:21.382   214   659 D QC-QMI  : 01 24 00 80 0C 01 04 00 00 0C 00 18 00 13 09 00 02 03 39 31 31 03 31 31 32 01 09 00 02 03 39 31 
03-03 08:36:21.382   214   659 D QC-QMI  : 31 03 31 31 32 
03-03 08:36:21.382   214   659 D QC-QMI  : qmuxd: TX message on fd=19, to clientID = 1, len=71
03-03 08:36:21.382   214   659 D QC-QMI  : QMI platform I/O... blocking on poll fds
03-03 08:36:21.382   210   669 D QC-QMI  : qmi_client [210] 1: Received 71 bytes on fd = 23
03-03 08:36:21.382   210   669 D QC-QMI  : qmi_service.c RX indication for conn=9, srvc=12
03-03 08:36:21.382   210   669 D QC-QMI  : Processing indication: Mesage4 ID=  12, Service ID = 12
03-03 08:36:21.382   210   669 D QC-QMI  : Client 9010c00 gets indication callback
03-03 08:36:21.382   210   669 I RILC    : qmi_ril(0/210): RIL[0][qmi_cb] qcril_qmi_pbm_unsol_ind_cb: function entry
03-03 08:36:21.382   210   669 I RILC    : qmi_ril(0/210): RIL[0][qmi_cb] qcril_qmi_pbm_emergency_list_ind_hdlr: function entry
03-03 08:36:21.382   210   669 I RILC    : qmi_ril(0/210): RIL[0][qmi_cb] qcril_qmi_nas_is_radio_power_check_enabled: function exit with ret 0
03-03 08:36:21.382   210   669 I RILC    : qmi_ril(0/210): RIL[0][qmi_cb] qcril_qmi_pbm_emergency_list_ind_hdlr: current ril.ecclist= 911,112,000,08,110,999,118,119
03-03 08:36:21.382   210   669 I RILC    : qmi_ril(0/210): RIL[0][qmi_cb] qcril_qmi_pbm_emergency_list_ind_hdlr: Update emergency number from emer_num. prop_val is : 911,112
03-03 08:36:21.382   210   669 I RILC    : qmi_ril(0/210): RIL[0][qmi_cb] qcril_qmi_pbm_emergency_list_ind_hdlr: Update emergency number from global_ecc_num. prop_val is : 911,112,112,911
03-03 08:36:21.382   210   669 I RILC    : qmi_ril(0/210): RIL[0][qmi_cb] qcril_uim_instance_id_to_slot: Slot found: 0x0
03-03 08:36:21.382   210   669 I RILC    : qmi_ril(0/210): RIL[0][qmi_cb] qcril_qmi_pbm_emergency_list_ind_hdlr: Update emergency number from gsm no-sim. prop_val is : 911,112,112,911,000,08,110,999,118,119
03-03 08:36:21.382   210   669 D RILC    : qmi_ril(0/210): RIL[0][qmi_cb] qcril_qmi_pbm_emergency_list_ind_hdlr: card_state=2, pref_net=0
03-03 08:36:21.382   210   669 I RILC    : qmi_ril(0/210): RIL[0][qmi_cb] qcril_qmi_pbm_emergency_list_ind_hdlr: Update emergency number from cus_ecc_num, temp_eclist=911,112,112,911,000,08,110,999,118,119
03-03 08:36:21.382   210   669 D RILC    : qmi_ril(0/210): RIL[0][qmi_cb] qcril_qmi_pbm_emergency_list_ind_hdlr: wp_feature=0, card_state=2, pref_net=0
03-03 08:36:21.382   210   669 I RILC    : qmi_ril(0/210): RIL[0][qmi_cb] qcril_qmi_pbm_emergency_list_ind_hdlr: Update emergency number from cus_nosim_num, temp_eclist=911,112,112,911,000,08,110,999,118,119
03-03 08:36:21.382   210   669 I RILC    : qmi_ril(0/210): RIL[0][qmi_cb] qcril_qmi_pbm_emergency_list_ind_hdlr: Update emergency number from OEM cid=[ALL]. temp_eclist is : 911,112,112,911,000,08,110,999,118,119
03-03 08:36:21.382   210   669 I RILC    : qmi_ril(0/210): RIL[0][qmi_cb] qcril_qmi_pbm_emergency_list_ind_hdlr: Update emergency number from OEM carrier=[ro.ril.ecc.ALL]. temp_eclist is : 911,112,112,911,000,08,110,999,118,119
03-03 08:36:21.382   210   669 I RILC    : qmi_ril(0/210): RIL[0][qmi_cb] qcril_qmi_pbm_emergency_list_ind_hdlr: Updated ril.ecclist= 911,112,000,08,110,999,118,119
03-03 08:36:21.382   210   669 I RILC    : qmi_ril(0/210): RIL[0][qmi_cb] qcril_qmi_pbm_emergency_list_ind_hdlr: function exit
03-03 08:36:21.382   210   669 I RILC    : qmi_ril(0/210): RIL[0][qmi_cb] qcril_qmi_pbm_unsol_ind_cb: function exit with ret 0
03-03 08:36:21.402   214   659 D QC-QMI  : QMI platform I/O... blocking on read  port[/dev/hsicctl0] conn_id[9]
03-03 08:36:21.402   214   659 D QC-QMI  : qmi_qmux: TX/RX - RX 37 bytes on conn_id=9
03-03 08:36:21.402   214   659 D QC-QMI  : QMI_Msg Len: [37], Serv_ID: [PBM(0xc)], Msg_ID: [EMERGENCY_LIST_IND(0xc)], Trans_ID: [0][Indication], Conn_ID:[9]
03-03 08:36:21.402   214   659 D QC-QMI  : 01 24 00 80 0C 01 04 00 00 0C 00 18 00 13 09 00 02 03 39 31 31 03 31 31 32 01 09 00 02 03 39 31 
03-03 08:36:21.402   214   659 D QC-QMI  : 31 03 31 31 32 
03-03 08:36:21.402   214   659 D QC-QMI  : qmuxd: TX message on fd=19, to clientID = 1, len=71
03-03 08:36:21.402   214   659 D QC-QMI  : QMI platform I/O... blocking on poll fds
03-03 08:36:21.402   210   669 D QC-QMI  : qmi_client [210] 1: Received 71 bytes on fd = 23
03-03 08:36:21.402   210   669 D QC-QMI  : qmi_service.c RX indication for conn=9, srvc=12
03-03 08:36:21.402   210   669 D QC-QMI  : Processing indication: Mesage4 ID=  12, Service ID = 12
03-03 08:36:21.402   210   669 D QC-QMI  : Client 9010c00 gets indication callback
03-03 08:36:21.402   210   669 I RILC    : qmi_ril(0/210): RIL[0][qmi_cb] qcril_qmi_pbm_unsol_ind_cb: function entry
03-03 08:36:21.402   210   669 I RILC    : qmi_ril(0/210): RIL[0][qmi_cb] qcril_qmi_pbm_emergency_list_ind_hdlr: function entry
03-03 08:36:21.402   210   669 I RILC    : qmi_ril(0/210): RIL[0][qmi_cb] qcril_qmi_nas_is_radio_power_check_enabled: function exit with ret 0
03-03 08:36:21.402   210   669 I RILC    : qmi_ril(0/210): RIL[0][qmi_cb] qcril_qmi_pbm_emergency_list_ind_hdlr: current ril.ecclist= 911,112,000,08,110,999,118,119
03-03 08:36:21.402   210   669 I RILC    : qmi_ril(0/210): RIL[0][qmi_cb] qcril_qmi_pbm_emergency_list_ind_hdlr: Update emergency number from emer_num. prop_val is : 911,112
03-03 08:36:21.402   210   669 I RILC    : qmi_ril(0/210): RIL[0][qmi_cb] qcril_qmi_pbm_emergency_list_ind_hdlr: Update emergency number from global_ecc_num. prop_val is : 911,112,112,911
03-03 08:36:21.402   210   669 I RILC    : qmi_ril(0/210): RIL[0][qmi_cb] qcril_uim_instance_id_to_slot: Slot found: 0x0
03-03 08:36:21.402   210   669 I RILC    : qmi_ril(0/210): RIL[0][qmi_cb] qcril_qmi_pbm_emergency_list_ind_hdlr: Update emergency number from gsm no-sim. prop_val is : 911,112,112,911,000,08,110,999,118,119
03-03 08:36:21.402   210   669 D RILC    : qmi_ril(0/210): RIL[0][qmi_cb] qcril_qmi_pbm_emergency_list_ind_hdlr: card_state=2, pref_net=0
03-03 08:36:21.402   210   669 I RILC    : qmi_ril(0/210): RIL[0][qmi_cb] qcril_qmi_pbm_emergency_list_ind_hdlr: Update emergency number from cus_ecc_num, temp_eclist=911,112,112,911,000,08,110,999,118,119
03-03 08:36:21.402   210   669 D RILC    : qmi_ril(0/210): RIL[0][qmi_cb] qcril_qmi_pbm_emergency_list_ind_hdlr: wp_feature=0, card_state=2, pref_net=0
03-03 08:36:21.402   210   669 I RILC    : qmi_ril(0/210): RIL[0][qmi_cb] qcril_qmi_pbm_emergency_list_ind_hdlr: Update emergency number from cus_nosim_num, temp_eclist=911,112,112,911,000,08,110,999,118,119
03-03 08:36:21.402   210   669 I RILC    : qmi_ril(0/210): RIL[0][qmi_cb] qcril_qmi_pbm_emergency_list_ind_hdlr: Update emergency number from OEM cid=[ALL]. temp_eclist is : 911,112,112,911,000,08,110,999,118,119
03-03 08:36:21.402   210   669 I RILC    : qmi_ril(0/210): RIL[0][qmi_cb] qcril_qmi_pbm_emergency_list_ind_hdlr: Update emergency number from OEM carrier=[ro.ril.ecc.ALL]. temp_eclist is : 911,112,112,911,000,08,110,999,118,119
03-03 08:36:21.402   210   669 I RILC    : qmi_ril(0/210): RIL[0][qmi_cb] qcril_qmi_pbm_emergency_list_ind_hdlr: Updated ril.ecclist= 911,112,000,08,110,999,118,119
03-03 08:36:21.402   210   669 I RILC    : qmi_ril(0/210): RIL[0][qmi_cb] qcril_qmi_pbm_emergency_list_ind_hdlr: function exit
03-03 08:36:21.402   210   669 I RILC    : qmi_ril(0/210): RIL[0][qmi_cb] qcril_qmi_pbm_unsol_ind_cb: function exit with ret 0
03-03 08:36:21.412   214   659 D QC-QMI  : QMI platform I/O... blocking on read  port[/dev/hsicctl0] conn_id[9]
03-03 08:36:21.412   214   659 D QC-QMI  : qmi_qmux: TX/RX - RX 20 bytes on conn_id=9
03-03 08:36:21.412   214   659 D QC-QMI  : QMI_Msg Len: [20], Serv_ID: [DMS(0x2)], Msg_ID: [GET_CURRENT_PRL_INFO(0x53)], Trans_ID: [5][Response], Conn_ID:[9]
03-03 08:36:21.412   214   659 D QC-QMI  : 01 13 00 80 02 01 02 05 00 53 00 07 00 02 04 00 01 00 4A 00 
03-03 08:36:21.412   214   659 D QC-QMI  : qmuxd: TX message on fd=19, to clientID = 1, len=54
03-03 08:36:21.412   214   659 D QC-QMI  : QMI platform I/O... blocking on poll fds
03-03 08:36:21.412   210   669 D QC-QMI  : qmi_client [210] 1: Received 54 bytes on fd = 23
03-03 08:36:21.412   210   669 D QC-QMI  :  API Flag .............. 1 
03-03 08:36:21.412   210   669 D QC-QMI  :  Message ID ............... 83 
03-03 08:36:21.412   210   383 I RILC    : qmi_ril(0/210): RIL[0][event] qcril_qmi_util_convert_qmi_response_codes_to_ril_result_ex: ctx check 0
03-03 08:36:21.412   210   383 I RILC    : qmi_ril(0/210): RIL[0][event] qcril_qmi_nas_dms_fetch_cur_prl_version: function exit with ret 2
03-03 08:36:21.412   210   383 I RILC    : qmi_ril(0/210): RIL[0][event] qcril_qmi_nas_dms_handle_prl_change_helper: function exit
03-03 08:36:21.412   210   383 I RILC    : qmi_ril(0/210): RIL[0][event] qcril_qmi_nas_dms_handle_fetch_prl_request: function exit
03-03 08:36:21.412   210   383 I RILC    : qmi_ril(0/210): RIL[0][event] qcril_process_event: Exit QCRIL_EVT_QMI_RIL_PRL_VER_FETCH_ATTEMPT, err_no 0
03-03 08:36:21.412   210   383 D RILC    : qmi_ril(0/210): RIL[0][event] qcril_event_main: Waiting...
03-03 08:36:21.462   210   673 I RILC    : qmi_ril(0/210): RIL[0][coex_opener] qcril_qmi_coex_riva_port_open_handler: Unable to open SMD RIVA port -1, attempt #14
03-03 08:36:21.963   210   673 I RILC    : qmi_ril(0/210): RIL[0][coex_opener] qcril_qmi_coex_riva_port_open_handler: Unable to open SMD RIVA port -1, attempt #15
03-03 08:36:22.463   210   673 I RILC    : qmi_ril(0/210): RIL[0][coex_opener] qcril_qmi_coex_riva_port_open_handler: Unable to open SMD RIVA port -1, attempt #16
03-03 08:36:22.964   210   673 I RILC    : qmi_ril(0/210): RIL[0][coex_opener] qcril_qmi_coex_riva_port_open_handler: Unable to open SMD RIVA port -1, attempt #17
03-03 08:36:23.464   210   673 I RILC    : qmi_ril(0/210): RIL[0][coex_opener] qcril_qmi_coex_riva_port_open_handler: Unable to open SMD RIVA port -1, attempt #18
03-03 08:36:23.965   210   673 I RILC    : qmi_ril(0/210): RIL[0][coex_opener] qcril_qmi_coex_riva_port_open_handler: Unable to open SMD RIVA port -1, attempt #19
03-03 08:36:24.465   210   673 I RILC    : qmi_ril(0/210): RIL[0][coex_opener] qcril_qmi_coex_riva_port_open_handler: Unable to open SMD RIVA port -1, attempt #20
03-03 08:36:24.966   210   673 I RILC    : qmi_ril(0/210): RIL[0][coex_opener] qcril_qmi_coex_riva_port_open_handler: Unable to open SMD RIVA port -1, attempt #21
03-03 08:36:25.066   214   659 D QC-QMI  : QMI platform I/O... blocking on read  port[/dev/hsicctl0] conn_id[9]
03-03 08:36:25.066   214   659 D QC-QMI  : qmi_qmux: TX/RX - RX 18 bytes on conn_id=9
03-03 08:36:25.066   214   659 D QC-QMI  : QMI_Msg Len: [18], Serv_ID: [EXTEND(0xe5)], Msg_ID: [UMTS_SIM_BACKCOVER_IND(0x19b)], Trans_ID: [0][Indication], Conn_ID:[9]
03-03 08:36:25.066   214   659 D QC-QMI  : 01 11 00 80 E5 01 04 00 00 9B 01 05 00 20 02 00 04 00 
03-03 08:36:25.066   214   659 D QC-QMI  : qmuxd: TX message on fd=19, to clientID = 1, len=52
03-03 08:36:25.066   214   659 D QC-QMI  : QMI platform I/O... blocking on poll fds
03-03 08:36:25.066   210   669 D QC-QMI  : qmi_client [210] 1: Received 52 bytes on fd = 23
03-03 08:36:25.066   210   669 D QC-QMI  : qmi_service.c RX indication for conn=9, srvc=229
03-03 08:36:25.066   210   669 D QC-QMI  : Processing indication: Mesage4 ID=  411, Service ID = 229
03-03 08:36:25.066   210   669 D QC-QMI  : Client 901e500 gets indication callback
03-03 08:36:25.066   210   669 I RILC    : qmi_ril(0/210): RIL[0][qmi_cb] qcril_qmi_extend_unsol_ind_cb: qcril_qmi_extend_unsol_ind_cb
03-03 08:36:25.066   210   669 I RILC    : qmi_ril(0/210): RIL[0][qmi_cb] qcril_qmi_extend_htc_sim_backcover_ind_hdlr: UMTS sim hotswap state = 4
03-03 08:36:25.066   210   669 D RILC    : qmi_ril(0/210): RIL[0][qmi_cb] qcril_qmi_extend_htc_sim_backcover_ind_hdlr: SIMHOTSWAP (QCT)=REMOVE
03-03 08:36:25.066   210   669 I RILC    : qmi_ril(0/210): RIL[0][qmi_cb] qmi_ril_check_android_unsol_resp_dispatchable: function exit with ret 1
03-03 08:36:25.066   210   669 D RILC    : qmi_ril(0/210): RIL[0][qmi_cb] qcril_send_unsol_response_epilog: UI <--- RIL_UNSOL_EXTEND_BASE + 51 (3051) --- RIL [RID 0, Len 4, (null)]
03-03 08:36:25.066   210   669 E RILC    : unsupported unsolicited response code 3051
03-03 08:36:25.066   210   669 I RILC    : qmi_ril(0/210): RIL[0][qmi_cb] qcril_qmi_extend_htc_sim_backcover_ind_hdlr: qcril_qmi_extend_htc_sim_backcover_ind_hdlr: exit success
03-03 08:36:25.086   214   659 D QC-QMI  : QMI platform I/O... blocking on read  port[/dev/hsicctl0] conn_id[9]
03-03 08:36:25.086   214   659 D QC-QMI  : qmi_qmux: TX/RX - RX 31 bytes on conn_id=9
03-03 08:36:25.086   214   659 D QC-QMI  : QMI_Msg Len: [31], Serv_ID: [UIM(0xb)], Msg_ID: [STATUS_CHANGE_IND(0x32)], Trans_ID: [0][Indication], Conn_ID:[9]
03-03 08:36:25.086   214   659 D QC-QMI  : 01 1E 00 80 0B 01 04 00 00 32 00 12 00 10 0F 00 FF FF FF FF FF FF FF FF 01 00 00 00 00 00 00 
03-03 08:36:25.086   214   659 D QC-QMI  : qmuxd: TX message on fd=19, to clientID = 1, len=65
03-03 08:36:25.086   214   659 D QC-QMI  : QMI platform I/O... blocking on poll fds
03-03 08:36:25.086   210   669 D QC-QMI  : qmi_client [210] 1: Received 65 bytes on fd = 23
03-03 08:36:25.086   210   669 D QC-QMI  : qmi_service.c RX indication for conn=9, srvc=11
03-03 08:36:25.086   210   669 D QC-QMI  : Processing indication: Mesage4 ID=  50, Service ID = 11
03-03 08:36:25.086   210   669 D QC-QMI  : Client 9010b00 gets indication callback
03-03 08:36:25.086   210   669 I RILC    : qmi_ril(0/210): RIL[0][qmi_cb] qmi_client_indication_cb: qmi_client_indication_cb, msg_id: 0x32
03-03 08:36:25.086   210   669 I RILC    : qmi_ril(0/210): RIL[0][qmi_cb] qmi_client_indication_cb: .. operational state 3
03-03 08:36:25.086   210   669 I RILC    : qmi_ril(0/210): RIL[0][qmi_cb] qcril_uim_indication_cb: qcril_uim_indication_cb: ind = 0x1
03-03 08:36:25.086   210   669 I RILC    : qmi_ril(0/210): RIL[0][qmi_cb] qcril_uim_indication_cb: qcril_uim_indication_cb qcril_event_queue
03-03 08:36:25.086   210   669 D RILC    : qmi_ril(0/210): RIL[0][qmi_cb] qcril_event_queue: RID 0 MID 0 Queued event UIM_QMI_INDICATION (1160 bytes)(obj 0x4150afb8)
03-03 08:36:25.086   210   383 D RILC    : qmi_ril(0/210): RIL[0][event] qcril_event_main: 1 items on queue
03-03 08:36:25.086   210   383 D RILC    : qmi_ril(0/210): RIL[0][event] qcril_event_main: RID 0 MID 0 De-queued event UIM_QMI_INDICATION (196610)(obj 0x4150afb8)
03-03 08:36:25.086   210   383 D RILC    : qmi_ril(0/210): RIL[0][event] qcril_process_event: RIL <--- UIM_QMI_INDICATION(196610), RID 0, MID 0 --- AMSS
03-03 08:36:25.086   210   383 I RILC    : qmi_ril(0/210): RIL[0][event] qcril_uim_process_qmi_indication: qcril_uim_process_qmi_indication
03-03 08:36:25.086   210   383 I RILC    : qmi_ril(0/210): RIL[0][event] qcril_uim_process_status_change_ind: qcril_uim_process_status_change_ind
03-03 08:36:25.086   210   383 I RILC    : qmi_ril(0/210): RIL[0][event] qcril_uim_process_status_change_ind: curr modem state 0x3d845d, curr pri GW sim state 0x1, curr pri CDMA sim state 0x1, curr sec GW sim state 0x1 curr sec CDMA sim state 0x1
03-03 08:36:25.086   210   383 D RILC    : qmi_ril(0/210): RIL[0][event] qcril_uim_has_card_status_changed: card state changed: 0x2 -> 0x0
03-03 08:36:25.086   210   383 D RILC    : qmi_ril(0/210): RIL[0][event] qcril_uim_process_status_change_ind: old card_state 0x2, old card_error 0x3, new card_state 0x0, new card_error 0x0
03-03 08:36:25.086   210   383 D RILC    : qmi_ril(0/210): RIL[0][event] qcril_uim_handle_card_state_change: Card status: 0x2 -> 0x0
03-03 08:36:25.086   210   383 D RILC    : qmi_ril(0/210): RIL[0][event] qcril_process_event: RIL --- QCRIL_EVT_PBM_CARD_ERROR(397315), RID 0, MID 0 ---> RIL
03-03 08:36:25.086   210   383 D RILC    : qmi_ril(0/210): RIL[0][event] qcril_uim_update_pbm_card_event: PBM_HANDLE_CARD 397315 processing Failed!
03-03 08:36:25.086   210   383 D RILC    : qmi_ril(0/210): RIL[0][event] qcril_process_event: RIL <--- CM_CARD_STATUS_UPDATED(94209), RID 0, MID 0 --- AMSS
03-03 08:36:25.086   210   383 I RILC    : qmi_ril(0/210): RIL[0][event] qcril_qmi_nas_dms_event_card_status_updated: function entry
03-03 08:36:25.086   210   383 I RILC    : qmi_ril(0/210): RIL[0][event] qcril_qmi_nas_dms_event_card_status_updated: entered slot 0
03-03 08:36:25.086   210   383 I RILC    : qmi_ril(0/210): RIL[0][event] qcril_qmi_nas_dms_event_card_status_updated: Slot 0 Card status: NONE --> NONE
03-03 08:36:25.086   210   383 I RILC    : qmi_ril(0/210): RIL[0][event] qcril_qmi_nas_dms_update_card_status_initiate_prl_fetch: function entry
03-03 08:36:25.086   210   383 I RILC    : qmi_ril(0/210): RIL[0][event] qcril_qmi_nas_dms_update_card_status: function entry
03-03 08:36:25.086   210   383 I RILC    : qmi_ril(0/210): RIL[0][event] qcril_qmi_nas_dms_update_card_status:  qmi_ril: RID 0 Slot 0, Pwr oprt in progress 0, Card status NONE[9]
03-03 08:36:25.086   210   383 I RILC    : qmi_ril(0/210): RIL[0][event] qcril_qmi_nas_dms_update_card_status: function exit
03-03 08:36:25.086   210   383 I RILC    : qmi_ril(0/210): RIL[0][event] qcril_qmi_dms_is_prl_info_available: function entry
03-03 08:36:25.086   210   383 I RILC    : qmi_ril(0/210): RIL[0][event] qcril_qmi_dms_is_prl_info_available: function exit with ret 0
03-03 08:36:25.086   210   383 I RILC    : qmi_ril(0/210): RIL[0][event] qcril_qmi_nas_dms_initiate_prl_ver_fetch_attenpt_if_needed: is_set: 0
03-03 08:36:25.086   210   383 D RILC    : qmi_ril(0/210): RIL[0][event] qcril_event_queue: Event [QCRIL_EVT_QMI_RIL_PRL_VER_FETCH_ATTEMPT, a0025] data was NULL
03-03 08:36:25.086   210   383 D RILC    : qmi_ril(0/210): RIL[0][event] qcril_event_queue: RID 0 MID 0 Queued event QCRIL_EVT_QMI_RIL_PRL_VER_FETCH_ATTEMPT (0 bytes)(obj 0x41179438)
03-03 08:36:25.086   210   383 I RILC    : qmi_ril(0/210): RIL[0][event] qcril_qmi_nas_dms_update_card_status_initiate_prl_fetch: function exit
03-03 08:36:25.086   210   383 I RILC    : qmi_ril(0/210): RIL[0][event] qcril_qmi_nas_dms_event_card_status_updated: card status changed 0
03-03 08:36:25.086   210   383 I RILC    : qmi_ril(0/210): RIL[0][event] qcril_reqlist_find_by_event: [RID 0] Not found ReqList entry waiting for RIL_REQUEST_OEM_HOOK_RAW(INFORM_SHUTDOWN) (524298)
03-03 08:36:25.086   210   383 I RILC    : qmi_ril(0/210): RIL[0][event] qcril_qmi_nas_dms_event_card_status_updated: found qcril request 1
03-03 08:36:25.086   210   383 I RILC    : qmi_ril(0/210): RIL[0][event] qcril_qmi_nas_dms_event_card_status_updated: function exit
03-03 08:36:25.086   210   383 I RILC    : qmi_ril(0/210): RIL[0][event] qcril_process_event: Exit CM_CARD_STATUS_UPDATED, err_no 0
03-03 08:36:25.086   210   383 I RILC    : qmi_ril(0/210): RIL[0][event] qcril_scws_card_error: qcril_scws_card_error, slot_id: 0x0 
03-03 08:36:25.086   210   383 I RILC    : qmi_ril(0/210): RIL[0][event] qcril_uim_handle_card_state_change: Setting QMI_UIM_CARD_STATE_ABSENT, card_error: 0, Slot: 0 
03-03 08:36:25.086   210   383 I RILC    : qmi_ril(0/210): RIL[0][event] qcril_uim_refresh_register: Session type not valid for refresh registration: 0x0
03-03 08:36:25.086   210   383 I RILC    : qmi_ril(0/210): RIL[0][event] qcril_uim_refresh_register: Session type not valid for refresh registration: 0x1
03-03 08:36:25.086   210   383 I RILC    : qmi_ril(0/210): RIL[0][event] qmi_ril_check_android_unsol_resp_dispatchable: function exit with ret 1
03-03 08:36:25.086   210   383 D RILC    : qmi_ril(0/210): RIL[0][event] qcril_send_unsol_response_epilog: UI <--- RIL_UNSOL_RESPONSE_SIM_STATUS_CHANGED (1019) --- RIL [RID 0, Len 0, (null)]
03-03 08:36:25.086   210   383 D RILC    : [UNSL]< UNSOL_RESPONSE_SIM_STATUS_CHANGED 
03-03 08:36:25.086   210   383 I RILC    : qmi_ril(0/210): RIL[0][event] qcril_uim_print_card_status: qcril_uim_print_card_status
03-03 08:36:25.086   210   383 D RILC    : qmi_ril(0/210): RIL[0][event] qcril_uim_print_card_status: Index of GW primary prov: 0Xffff, 1X primary prov: 0Xffff 
03-03 08:36:25.086   210   383 D RILC    : qmi_ril(0/210): RIL[0][event] qcril_uim_print_card_status: Index of GW secondary prov: 0Xffff, 1X secondary prov: 0Xffff 
03-03 08:36:25.086   210   383 D RILC    : qmi_ril(0/210): RIL[0][event] qcril_uim_print_card_status: Number of slots: 1 
03-03 08:36:25.086   210   383 D RILC    : qmi_ril(0/210): RIL[0][event] qcril_uim_print_card_status: card[0].card_state: 0, upin_state: 0, upin_num_retries: 0, upuk_num_retries: 0, card_error: 0 
03-03 08:36:25.086   210   383 D RILC    : qmi_ril(0/210): RIL[0][event] qcril_uim_print_card_status: Number of apps: 0 
03-03 08:36:25.086   210   383 I RILC    : qmi_ril(0/210): RIL[0][event] qcril_uim_process_status_change_ind:  new modem state 0x3d845d, new pri GW sim state 0x1, new pri CDMA sim state 0x1, new sec GW sim state 0x1 curr sec CDMA sim state 0x1
03-03 08:36:25.086   210   383 I RILC    : qmi_ril(0/210): RIL[0][event] qcril_process_event: Exit UIM_QMI_INDICATION, err_no 0
03-03 08:36:25.086   210   383 D RILC    : qmi_ril(0/210): RIL[0][event] qcril_event_main: RID 0 MID 0 De-queued event QCRIL_EVT_QMI_RIL_PRL_VER_FETCH_ATTEMPT (655397)(obj 0x41179438)
03-03 08:36:25.086   210   383 D RILC    : qmi_ril(0/210): RIL[0][event] qcril_process_event: RIL <--- QCRIL_EVT_QMI_RIL_PRL_VER_FETCH_ATTEMPT(655397), RID 0, MID 0 --- AMSS
03-03 08:36:25.086   210   383 I RILC    : qmi_ril(0/210): RIL[0][event] qcril_qmi_nas_dms_handle_fetch_prl_request: function entry
03-03 08:36:25.086   210   383 I RILC    : qmi_ril(0/210): RIL[0][event] qcril_qmi_nas_dms_handle_prl_change_helper: function entry
03-03 08:36:25.086   210   383 D QC-QMI  : Setting the api flag to : 1
03-03 08:36:25.086   210   383 D QC-QMI  : qmi_client [210] 1: sending 47 bytes on fd = 23
03-03 08:36:25.086   214   214 D QC-QMI  : qmuxd: RX 47 bytes on fd=19 from qmux_client_id=1
03-03 08:36:25.086   214   214 D QC-QMI  : qmi_qmux: TX/RX - TX 13 bytes on conn_id=9
03-03 08:36:25.086   214   214 D QC-QMI  : QMI_Msg Len: [13], Serv_ID: [DMS(0x2)], Msg_ID: [GET_CURRENT_PRL_INFO(0x53)], Trans_ID: [6][Request], Conn_ID:[9]
03-03 08:36:25.086   214   214 D QC-QMI  : 01 0C 00 00 02 01 00 06 00 53 00 00 00 
03-03 08:36:25.096   214   659 D QC-QMI  : QMI platform I/O... blocking on read  port[/dev/hsicctl0] conn_id[9]
03-03 08:36:25.096   214   659 D QC-QMI  : qmi_qmux: TX/RX - RX 37 bytes on conn_id=9
03-03 08:36:25.096   214   659 D QC-QMI  : QMI_Msg Len: [37], Serv_ID: [PBM(0xc)], Msg_ID: [EMERGENCY_LIST_IND(0xc)], Trans_ID: [0][Indication], Conn_ID:[9]
03-03 08:36:25.096   214   659 D QC-QMI  : 01 24 00 80 0C 01 04 00 00 0C 00 18 00 13 09 00 02 03 39 31 31 03 31 31 32 01 09 00 02 03 39 31 
03-03 08:36:25.096   214   659 D QC-QMI  : 31 03 31 31 32 
03-03 08:36:25.096   214   659 D QC-QMI  : qmuxd: TX message on fd=19, to clientID = 1, len=71
03-03 08:36:25.096   214   659 D QC-QMI  : QMI platform I/O... blocking on poll fds
03-03 08:36:25.096   210   669 D QC-QMI  : qmi_client [210] 1: Received 71 bytes on fd = 23
03-03 08:36:25.096   210   669 D QC-QMI  : qmi_service.c RX indication for conn=9, srvc=12
03-03 08:36:25.096   210   669 D QC-QMI  : Processing indication: Mesage4 ID=  12, Service ID = 12
03-03 08:36:25.096   210   669 D QC-QMI  : Client 9010c00 gets indication callback
03-03 08:36:25.096   210   669 I RILC    : qmi_ril(0/210): RIL[0][qmi_cb] qcril_qmi_pbm_unsol_ind_cb: function entry
03-03 08:36:25.096   210   669 I RILC    : qmi_ril(0/210): RIL[0][qmi_cb] qcril_qmi_pbm_emergency_list_ind_hdlr: function entry
03-03 08:36:25.096   210   669 I RILC    : qmi_ril(0/210): RIL[0][qmi_cb] qcril_qmi_nas_is_radio_power_check_enabled: function exit with ret 0
03-03 08:36:25.096   210   669 I RILC    : qmi_ril(0/210): RIL[0][qmi_cb] qcril_qmi_pbm_emergency_list_ind_hdlr: current ril.ecclist= 911,112,000,08,110,999,118,119
03-03 08:36:25.096   210   669 I RILC    : qmi_ril(0/210): RIL[0][qmi_cb] qcril_qmi_pbm_emergency_list_ind_hdlr: Update emergency number from emer_num. prop_val is : 911,112
03-03 08:36:25.096   210   669 I RILC    : qmi_ril(0/210): RIL[0][qmi_cb] qcril_qmi_pbm_emergency_list_ind_hdlr: Update emergency number from global_ecc_num. prop_val is : 911,112,112,911
03-03 08:36:25.096   210   669 I RILC    : qmi_ril(0/210): RIL[0][qmi_cb] qcril_uim_instance_id_to_slot: Slot found: 0x0
03-03 08:36:25.096   210   669 I RILC    : qmi_ril(0/210): RIL[0][qmi_cb] qcril_qmi_pbm_emergency_list_ind_hdlr: Update emergency number from gsm no-sim. prop_val is : 911,112,112,911,000,08,110,999,118,119
03-03 08:36:25.096   210   669 D RILC    : qmi_ril(0/210): RIL[0][qmi_cb] qcril_qmi_pbm_emergency_list_ind_hdlr: card_state=0, pref_net=0
03-03 08:36:25.096   210   669 I RILC    : qmi_ril(0/210): RIL[0][qmi_cb] qcril_qmi_pbm_emergency_list_ind_hdlr: Update emergency number from cus_ecc_num, temp_eclist=911,112,112,911,000,08,110,999,118,119
03-03 08:36:25.096   210   669 D RILC    : qmi_ril(0/210): RIL[0][qmi_cb] qcril_qmi_pbm_emergency_list_ind_hdlr: wp_feature=0, card_state=0, pref_net=0
03-03 08:36:25.096   210   669 I RILC    : qmi_ril(0/210): RIL[0][qmi_cb] qcril_qmi_pbm_emergency_list_ind_hdlr: Update emergency number from cus_nosim_num, temp_eclist=911,112,112,911,000,08,110,999,118,119
03-03 08:36:25.096   210   669 I RILC    : qmi_ril(0/210): RIL[0][qmi_cb] qcril_qmi_pbm_emergency_list_ind_hdlr: Update emergency number from OEM cid=[ALL]. temp_eclist is : 911,112,112,911,000,08,110,999,118,119
03-03 08:36:25.096   210   669 I RILC    : qmi_ril(0/210): RIL[0][qmi_cb] qcril_qmi_pbm_emergency_list_ind_hdlr: Update emergency number from OEM carrier=[ro.ril.ecc.ALL]. temp_eclist is : 911,112,112,911,000,08,110,999,118,119
03-03 08:36:25.096   210   669 I RILC    : qmi_ril(0/210): RIL[0][qmi_cb] qcril_qmi_pbm_emergency_list_ind_hdlr: Updated ril.ecclist= 911,112,000,08,110,999,118,119
03-03 08:36:25.096   210   669 I RILC    : qmi_ril(0/210): RIL[0][qmi_cb] qcril_qmi_pbm_emergency_list_ind_hdlr: function exit
03-03 08:36:25.096   210   669 I RILC    : qmi_ril(0/210): RIL[0][qmi_cb] qcril_qmi_pbm_unsol_ind_cb: function exit with ret 0
03-03 08:36:25.116   214   659 D QC-QMI  : QMI platform I/O... blocking on read  port[/dev/hsicctl0] conn_id[9]
03-03 08:36:25.116   214   659 D QC-QMI  : qmi_qmux: TX/RX - RX 37 bytes on conn_id=9
03-03 08:36:25.116   214   659 D QC-QMI  : QMI_Msg Len: [37], Serv_ID: [PBM(0xc)], Msg_ID: [EMERGENCY_LIST_IND(0xc)], Trans_ID: [0][Indication], Conn_ID:[9]
03-03 08:36:25.116   214   659 D QC-QMI  : 01 24 00 80 0C 01 04 00 00 0C 00 18 00 13 09 00 02 03 39 31 31 03 31 31 32 01 09 00 02 03 39 31 
03-03 08:36:25.116   214   659 D QC-QMI  : 31 03 31 31 32 
03-03 08:36:25.116   214   659 D QC-QMI  : qmuxd: TX message on fd=19, to clientID = 1, len=71
03-03 08:36:25.116   214   659 D QC-QMI  : QMI platform I/O... blocking on poll fds
03-03 08:36:25.116   210   669 D QC-QMI  : qmi_client [210] 1: Received 71 bytes on fd = 23
03-03 08:36:25.116   210   669 D QC-QMI  : qmi_service.c RX indication for conn=9, srvc=12
03-03 08:36:25.116   210   669 D QC-QMI  : Processing indication: Mesage4 ID=  12, Service ID = 12
03-03 08:36:25.116   210   669 D QC-QMI  : Client 9010c00 gets indication callback
03-03 08:36:25.116   210   669 I RILC    : qmi_ril(0/210): RIL[0][qmi_cb] qcril_qmi_pbm_unsol_ind_cb: function entry
03-03 08:36:25.116   210   669 I RILC    : qmi_ril(0/210): RIL[0][qmi_cb] qcril_qmi_pbm_emergency_list_ind_hdlr: function entry
03-03 08:36:25.116   210   669 I RILC    : qmi_ril(0/210): RIL[0][qmi_cb] qcril_qmi_nas_is_radio_power_check_enabled: function exit with ret 0
03-03 08:36:25.116   210   669 I RILC    : qmi_ril(0/210): RIL[0][qmi_cb] qcril_qmi_pbm_emergency_list_ind_hdlr: current ril.ecclist= 911,112,000,08,110,999,118,119
03-03 08:36:25.116   210   669 I RILC    : qmi_ril(0/210): RIL[0][qmi_cb] qcril_qmi_pbm_emergency_list_ind_hdlr: Update emergency number from emer_num. prop_val is : 911,112
03-03 08:36:25.116   210   669 I RILC    : qmi_ril(0/210): RIL[0][qmi_cb] qcril_qmi_pbm_emergency_list_ind_hdlr: Update emergency number from global_ecc_num. prop_val is : 911,112,112,911
03-03 08:36:25.116   210   669 I RILC    : qmi_ril(0/210): RIL[0][qmi_cb] qcril_uim_instance_id_to_slot: Slot found: 0x0
03-03 08:36:25.116   210   669 I RILC    : qmi_ril(0/210): RIL[0][qmi_cb] qcril_qmi_pbm_emergency_list_ind_hdlr: Update emergency number from gsm no-sim. prop_val is : 911,112,112,911,000,08,110,999,118,119
03-03 08:36:25.116   210   669 D RILC    : qmi_ril(0/210): RIL[0][qmi_cb] qcril_qmi_pbm_emergency_list_ind_hdlr: card_state=0, pref_net=0
03-03 08:36:25.116   210   669 I RILC    : qmi_ril(0/210): RIL[0][qmi_cb] qcril_qmi_pbm_emergency_list_ind_hdlr: Update emergency number from cus_ecc_num, temp_eclist=911,112,112,911,000,08,110,999,118,119
03-03 08:36:25.116   210   669 D RILC    : qmi_ril(0/210): RIL[0][qmi_cb] qcril_qmi_pbm_emergency_list_ind_hdlr: wp_feature=0, card_state=0, pref_net=0
03-03 08:36:25.116   210   669 I RILC    : qmi_ril(0/210): RIL[0][qmi_cb] qcril_qmi_pbm_emergency_list_ind_hdlr: Update emergency number from cus_nosim_num, temp_eclist=911,112,112,911,000,08,110,999,118,119
03-03 08:36:25.116   210   669 I RILC    : qmi_ril(0/210): RIL[0][qmi_cb] qcril_qmi_pbm_emergency_list_ind_hdlr: Update emergency number from OEM cid=[ALL]. temp_eclist is : 911,112,112,911,000,08,110,999,118,119
03-03 08:36:25.116   210   669 I RILC    : qmi_ril(0/210): RIL[0][qmi_cb] qcril_qmi_pbm_emergency_list_ind_hdlr: Update emergency number from OEM carrier=[ro.ril.ecc.ALL]. temp_eclist is : 911,112,112,911,000,08,110,999,118,119
03-03 08:36:25.116   210   669 I RILC    : qmi_ril(0/210): RIL[0][qmi_cb] qcril_qmi_pbm_emergency_list_ind_hdlr: Updated ril.ecclist= 911,112,000,08,110,999,118,119
03-03 08:36:25.116   210   669 I RILC    : qmi_ril(0/210): RIL[0][qmi_cb] qcril_qmi_pbm_emergency_list_ind_hdlr: function exit
03-03 08:36:25.116   210   669 I RILC    : qmi_ril(0/210): RIL[0][qmi_cb] qcril_qmi_pbm_unsol_ind_cb: function exit with ret 0
03-03 08:36:25.136   214   659 D QC-QMI  : QMI platform I/O... blocking on read  port[/dev/hsicctl0] conn_id[9]
03-03 08:36:25.136   214   659 D QC-QMI  : qmi_qmux: TX/RX - RX 20 bytes on conn_id=9
03-03 08:36:25.136   214   659 D QC-QMI  : QMI_Msg Len: [20], Serv_ID: [DMS(0x2)], Msg_ID: [GET_CURRENT_PRL_INFO(0x53)], Trans_ID: [6][Response], Conn_ID:[9]
03-03 08:36:25.136   214   659 D QC-QMI  : 01 13 00 80 02 01 02 06 00 53 00 07 00 02 04 00 01 00 4A 00 
03-03 08:36:25.136   214   659 D QC-QMI  : qmuxd: TX message on fd=19, to clientID = 1, len=54
03-03 08:36:25.136   214   659 D QC-QMI  : QMI platform I/O... blocking on poll fds
03-03 08:36:25.136   210   669 D QC-QMI  : qmi_client [210] 1: Received 54 bytes on fd = 23
03-03 08:36:25.136   210   669 D QC-QMI  :  API Flag .............. 1 
03-03 08:36:25.136   210   669 D QC-QMI  :  Message ID ............... 83 
03-03 08:36:25.136   210   383 I RILC    : qmi_ril(0/210): RIL[0][event] qcril_qmi_util_convert_qmi_response_codes_to_ril_result_ex: ctx check 0
03-03 08:36:25.136   210   383 I RILC    : qmi_ril(0/210): RIL[0][event] qcril_qmi_nas_dms_fetch_cur_prl_version: function exit with ret 2
03-03 08:36:25.136   210   383 I RILC    : qmi_ril(0/210): RIL[0][event] qcril_qmi_nas_dms_handle_prl_change_helper: function exit
03-03 08:36:25.136   210   383 I RILC    : qmi_ril(0/210): RIL[0][event] qcril_qmi_nas_dms_handle_fetch_prl_request: function exit
03-03 08:36:25.136   210   383 I RILC    : qmi_ril(0/210): RIL[0][event] qcril_process_event: Exit QCRIL_EVT_QMI_RIL_PRL_VER_FETCH_ATTEMPT, err_no 0
03-03 08:36:25.136   210   383 D RILC    : qmi_ril(0/210): RIL[0][event] qcril_event_main: Waiting...
03-03 08:36:25.466   210   673 I RILC    : qmi_ril(0/210): RIL[0][coex_opener] qcril_qmi_coex_riva_port_open_handler: Unable to open SMD RIVA port -1, attempt #22
03-03 08:36:25.967   210   673 I RILC    : qmi_ril(0/210): RIL[0][coex_opener] qcril_qmi_coex_riva_port_open_handler: Unable to open SMD RIVA port -1, attempt #23
03-03 08:36:26.467   210   673 I RILC    : qmi_ril(0/210): RIL[0][coex_opener] qcril_qmi_coex_riva_port_open_handler: Unable to open SMD RIVA port -1, attempt #24
03-03 08:36:26.968   210   673 I RILC    : qmi_ril(0/210): RIL[0][coex_opener] qcril_qmi_coex_riva_port_open_handler: Unable to open SMD RIVA port -1, attempt #25
03-03 08:36:27.478   210   673 I RILC    : qmi_ril(0/210): RIL[0][coex_opener] qcril_qmi_coex_riva_port_open_handler: Unable to open SMD RIVA port -1, attempt #26
03-03 08:36:27.979   210   673 I RILC    : qmi_ril(0/210): RIL[0][coex_opener] qcril_qmi_coex_riva_port_open_handler: Unable to open SMD RIVA port -1, attempt #27
03-03 08:36:28.480   210   673 I RILC    : qmi_ril(0/210): RIL[0][coex_opener] qcril_qmi_coex_riva_port_open_handler: Unable to open SMD RIVA port -1, attempt #28
03-03 08:36:28.970   210   673 I RILC    : qmi_ril(0/210): RIL[0][coex_opener] qcril_qmi_coex_riva_port_open_handler: Unable to open SMD RIVA port -1, attempt #29
03-03 08:36:29.471   210   673 I RILC    : qmi_ril(0/210): RIL[0][coex_opener] qcril_qmi_coex_riva_port_open_handler: Unable to open SMD RIVA port -1, attempt #30
03-03 08:36:29.971   210   673 I RILC    : qmi_ril(0/210): RIL[0][coex_opener] qcril_qmi_coex_riva_port_open_handler: Unable to open SMD RIVA port -1, attempt #31
03-03 08:36:30.472   210   673 I RILC    : qmi_ril(0/210): RIL[0][coex_opener] qcril_qmi_coex_riva_port_open_handler: Unable to open SMD RIVA port -1, attempt #32
03-03 08:36:30.972   210   673 I RILC    : qmi_ril(0/210): RIL[0][coex_opener] qcril_qmi_coex_riva_port_open_handler: Unable to open SMD RIVA port -1, attempt #33
03-03 08:36:31.473   210   673 I RILC    : qmi_ril(0/210): RIL[0][coex_opener] qcril_qmi_coex_riva_port_open_handler: Unable to open SMD RIVA port -1, attempt #34
03-03 08:36:31.983   210   673 I RILC    : qmi_ril(0/210): RIL[0][coex_opener] qcril_qmi_coex_riva_port_open_handler: Unable to open SMD RIVA port -1, attempt #35
03-03 08:36:32.484   210   673 I RILC    : qmi_ril(0/210): RIL[0][coex_opener] qcril_qmi_coex_riva_port_open_handler: Unable to open SMD RIVA port -1, attempt #36
03-03 08:36:32.984   210   673 I RILC    : qmi_ril(0/210): RIL[0][coex_opener] qcril_qmi_coex_riva_port_open_handler: Unable to open SMD RIVA port -1, attempt #37
03-03 08:36:33.485   210   673 I RILC    : qmi_ril(0/210): RIL[0][coex_opener] qcril_qmi_coex_riva_port_open_handler: Unable to open SMD RIVA port -1, attempt #38
03-03 08:36:33.765   214   659 D QC-QMI  : QMI platform I/O... blocking on read  port[/dev/hsicctl0] conn_id[9]
03-03 08:36:33.765   214   659 D QC-QMI  : qmi_qmux: TX/RX - RX 18 bytes on conn_id=9
03-03 08:36:33.765   214   659 D QC-QMI  : QMI_Msg Len: [18], Serv_ID: [EXTEND(0xe5)], Msg_ID: [UMTS_SIM_BACKCOVER_IND(0x19b)], Trans_ID: [0][Indication], Conn_ID:[9]
03-03 08:36:33.765   214   659 D QC-QMI  : 01 11 00 80 E5 01 04 00 00 9B 01 05 00 20 02 00 03 00 
03-03 08:36:33.765   214   659 D QC-QMI  : qmuxd: TX message on fd=19, to clientID = 1, len=52
03-03 08:36:33.765   214   659 D QC-QMI  : QMI platform I/O... blocking on poll fds
03-03 08:36:33.765   210   669 D QC-QMI  : qmi_client [210] 1: Received 52 bytes on fd = 23
03-03 08:36:33.765   210   669 D QC-QMI  : qmi_service.c RX indication for conn=9, srvc=229
03-03 08:36:33.765   210   669 D QC-QMI  : Processing indication: Mesage4 ID=  411, Service ID = 229
03-03 08:36:33.765   210   669 D QC-QMI  : Client 901e500 gets indication callback
03-03 08:36:33.765   210   669 I RILC    : qmi_ril(0/210): RIL[0][qmi_cb] qcril_qmi_extend_unsol_ind_cb: qcril_qmi_extend_unsol_ind_cb
03-03 08:36:33.765   210   669 I RILC    : qmi_ril(0/210): RIL[0][qmi_cb] qcril_qmi_extend_htc_sim_backcover_ind_hdlr: UMTS sim hotswap state = 3
03-03 08:36:33.765   210   669 D RILC    : qmi_ril(0/210): RIL[0][qmi_cb] qcril_qmi_extend_htc_sim_backcover_ind_hdlr: SIMHOTSWAP (QCT)=INSERT
03-03 08:36:33.765   210   669 I RILC    : qmi_ril(0/210): RIL[0][qmi_cb] qcril_qmi_nas_dms_is_in_online_mode: function exit with ret 0
03-03 08:36:33.775   210   669 I RILC    : qmi_ril(0/210): RIL[0][qmi_cb] qcril_qmi_nas_dms_is_in_online_mode: function exit with ret 0
03-03 08:36:33.775   210   669 D RILC    : qmi_ril(0/210): RIL[0][qmi_cb] qcril_qmi_extend_htc_sim_backcover_ind_hdlr: nosimpoweroff_state: 0
03-03 08:36:33.775   210   669 D RILC    : qmi_ril(0/210): RIL[0][qmi_cb] qcril_qmi_extend_htc_sim_backcover_ind_hdlr: Card power down when receive INSERT event in LPM
03-03 08:36:33.775   210   669 D RILC    : qmi_ril(0/210): RIL[0][qmi_cb] qcril_process_event: RIL --- INTERNAL_MMGSDI_CARD_POWER_DOWN(200707), RID 0, MID 0 ---> RIL
03-03 08:36:33.775   210   669 I RILC    : qmi_ril(0/210): RIL[0][qmi_cb] qcril_uim_process_internal_command: qcril_uim_process_internal_command
03-03 08:36:33.775   210   669 D RILC    : qmi_ril(0/210): RIL[0][qmi_cb] qcril_uim_process_internal_command: Card power down , slot 0
03-03 08:36:33.775   210   669 I RILC    : qmi_ril(0/210): RIL[0][qmi_cb] qcril_uim_queue_send_request: Pending QMI commands: 0 -> Sending to modem for token: 65534
03-03 08:36:33.775   210   669 D QC-QMI  :  Getting maximum message length
03-03 08:36:33.775   210   669 D QC-QMI  :  The maximum message length is : 4
03-03 08:36:33.775   210   669 D QC-QMI  :  Service id: 11
03-03 08:36:33.775   210   669 D QC-QMI  : Encoding buffer 
03-03 08:36:33.775   210   669 D QC-QMI  :  4 bytes encoded 
03-03 08:36:33.775   210   669 D QC-QMI  :  Setting up transaction 
03-03 08:36:33.775   210   669 D QC-QMI  :  Message ID .....................48
03-03 08:36:33.775   210   669 D QC-QMI  :  Setting up api flag ........... 1
03-03 08:36:33.775   210   669 D QC-QMI  :  Sending message 
03-03 08:36:33.775   210   669 D QC-QMI  : qmi_client [210] 1: sending 51 bytes on fd = 23
03-03 08:36:33.775   210   669 D QC-QMI  :  Releasing Transaction 
03-03 08:36:33.775   214   214 D QC-QMI  : qmuxd: RX 51 bytes on fd=19 from qmux_client_id=1
03-03 08:36:33.775   214   214 D QC-QMI  : qmi_qmux: TX/RX - TX 17 bytes on conn_id=9
03-03 08:36:33.775   214   214 D QC-QMI  : QMI_Msg Len: [17], Serv_ID: [UIM(0xb)], Msg_ID: [POWER_DOWN(0x30)], Trans_ID: [3][Request], Conn_ID:[9]
03-03 08:36:33.775   214   214 D QC-QMI  : 01 10 00 00 0B 01 00 03 00 30 00 04 00 01 01 00 01 
03-03 08:36:33.775   210   669 I RILC    : qmi_ril(0/210): RIL[0][qmi_cb] qcril_process_event: Exit INTERNAL_MMGSDI_CARD_POWER_DOWN, err_no 0
03-03 08:36:33.775   210   669 I RILC    : qmi_ril(0/210): RIL[0][qmi_cb] qmi_ril_check_android_unsol_resp_dispatchable: function exit with ret 1
03-03 08:36:33.775   210   669 D RILC    : qmi_ril(0/210): RIL[0][qmi_cb] qcril_send_unsol_response_epilog: UI <--- RIL_UNSOL_EXTEND_BASE + 51 (3051) --- RIL [RID 0, Len 4, (null)]
03-03 08:36:33.775   210   669 E RILC    : unsupported unsolicited response code 3051
03-03 08:36:33.775   210   669 I RILC    : qmi_ril(0/210): RIL[0][qmi_cb] qcril_qmi_extend_htc_sim_backcover_ind_hdlr: qcril_qmi_extend_htc_sim_backcover_ind_hdlr: exit success
03-03 08:36:33.875   214   659 D QC-QMI  : QMI platform I/O... blocking on read  port[/dev/hsicctl0] conn_id[9]
03-03 08:36:33.875   214   659 D QC-QMI  : qmi_qmux: TX/RX - RX 31 bytes on conn_id=9
03-03 08:36:33.875   214   659 D QC-QMI  : QMI_Msg Len: [31], Serv_ID: [UIM(0xb)], Msg_ID: [STATUS_CHANGE_IND(0x32)], Trans_ID: [0][Indication], Conn_ID:[9]
03-03 08:36:33.875   214   659 D QC-QMI  : 01 1E 00 80 0B 01 04 00 00 32 00 12 00 10 0F 00 FF FF FF FF FF FF FF FF 01 02 00 00 00 01 00 
03-03 08:36:33.875   214   659 D QC-QMI  : qmuxd: TX message on fd=19, to clientID = 1, len=65
03-03 08:36:33.875   214   659 D QC-QMI  : QMI platform I/O... blocking on poll fds
03-03 08:36:33.875   210   669 D QC-QMI  : qmi_client [210] 1: Received 65 bytes on fd = 23
03-03 08:36:33.875   210   669 D QC-QMI  : qmi_service.c RX indication for conn=9, srvc=11
03-03 08:36:33.875   210   669 D QC-QMI  : Processing indication: Mesage4 ID=  50, Service ID = 11
03-03 08:36:33.875   210   669 D QC-QMI  : Client 9010b00 gets indication callback
03-03 08:36:33.875   210   669 I RILC    : qmi_ril(0/210): RIL[0][qmi_cb] qmi_client_indication_cb: qmi_client_indication_cb, msg_id: 0x32
03-03 08:36:33.875   210   669 I RILC    : qmi_ril(0/210): RIL[0][qmi_cb] qmi_client_indication_cb: .. operational state 3
03-03 08:36:33.875   210   669 I RILC    : qmi_ril(0/210): RIL[0][qmi_cb] qcril_uim_indication_cb: qcril_uim_indication_cb: ind = 0x1
03-03 08:36:33.875   210   669 I RILC    : qmi_ril(0/210): RIL[0][qmi_cb] qcril_uim_indication_cb: qcril_uim_indication_cb qcril_event_queue
03-03 08:36:33.875   210   669 D RILC    : qmi_ril(0/210): RIL[0][qmi_cb] qcril_event_queue: RID 0 MID 0 Queued event UIM_QMI_INDICATION (1160 bytes)(obj 0x4150afb8)
03-03 08:36:33.875   210   383 D RILC    : qmi_ril(0/210): RIL[0][event] qcril_event_main: 1 items on queue
03-03 08:36:33.875   210   383 D RILC    : qmi_ril(0/210): RIL[0][event] qcril_event_main: RID 0 MID 0 De-queued event UIM_QMI_INDICATION (196610)(obj 0x4150afb8)
03-03 08:36:33.875   210   383 D RILC    : qmi_ril(0/210): RIL[0][event] qcril_process_event: RIL <--- UIM_QMI_INDICATION(196610), RID 0, MID 0 --- AMSS
03-03 08:36:33.875   210   383 I RILC    : qmi_ril(0/210): RIL[0][event] qcril_uim_process_qmi_indication: qcril_uim_process_qmi_indication
03-03 08:36:33.875   210   383 I RILC    : qmi_ril(0/210): RIL[0][event] qcril_uim_process_status_change_ind: qcril_uim_process_status_change_ind
03-03 08:36:33.875   210   383 I RILC    : qmi_ril(0/210): RIL[0][event] qcril_uim_process_status_change_ind: curr modem state 0x3d845d, curr pri GW sim state 0x1, curr pri CDMA sim state 0x1, curr sec GW sim state 0x1 curr sec CDMA sim state 0x1
03-03 08:36:33.875   210   383 D RILC    : qmi_ril(0/210): RIL[0][event] qcril_uim_has_card_status_changed: card state changed: 0x0 -> 0x2
03-03 08:36:33.875   210   383 D RILC    : qmi_ril(0/210): RIL[0][event] qcril_uim_process_status_change_ind: old card_state 0x0, old card_error 0x0, new card_state 0x2, new card_error 0x1
03-03 08:36:33.875   210   383 D RILC    : qmi_ril(0/210): RIL[0][event] qcril_uim_handle_card_state_change: Card status: 0x0 -> 0x2
03-03 08:36:33.875   210   383 D RILC    : qmi_ril(0/210): RIL[0][event] qcril_process_event: RIL --- QCRIL_EVT_PBM_CARD_ERROR(397315), RID 0, MID 0 ---> RIL
03-03 08:36:33.875   210   383 D RILC    : qmi_ril(0/210): RIL[0][event] qcril_uim_update_pbm_card_event: PBM_HANDLE_CARD 397315 processing Failed!
03-03 08:36:33.875   210   383 D RILC    : qmi_ril(0/210): RIL[0][event] qcril_process_event: RIL <--- CM_CARD_STATUS_UPDATED(94209), RID 0, MID 0 --- AMSS
03-03 08:36:33.875   210   383 I RILC    : qmi_ril(0/210): RIL[0][event] qcril_qmi_nas_dms_event_card_status_updated: function entry
03-03 08:36:33.875   210   383 I RILC    : qmi_ril(0/210): RIL[0][event] qcril_qmi_nas_dms_event_card_status_updated: entered slot 0
03-03 08:36:33.875   210   383 I RILC    : qmi_ril(0/210): RIL[0][event] qcril_qmi_nas_dms_event_card_status_updated: Slot 0 Card status: NONE --> DOWN
03-03 08:36:33.875   210   383 I RILC    : qmi_ril(0/210): RIL[0][event] qcril_qmi_nas_dms_update_card_status_initiate_prl_fetch: function entry
03-03 08:36:33.875   210   383 I RILC    : qmi_ril(0/210): RIL[0][event] qcril_qmi_nas_dms_update_card_status: function entry
03-03 08:36:33.875   210   383 I RILC    : qmi_ril(0/210): RIL[0][event] qcril_qmi_nas_dms_update_card_status:  qmi_ril: RID 0 Slot 0, Pwr oprt in progress 0, Card status DOWN[2]
03-03 08:36:33.875   210   383 I RILC    : qmi_ril(0/210): RIL[0][event] qcril_qmi_nas_dms_update_card_status: function exit
03-03 08:36:33.875   210   383 I RILC    : qmi_ril(0/210): RIL[0][event] qcril_qmi_dms_is_prl_info_available: function entry
03-03 08:36:33.875   210   383 I RILC    : qmi_ril(0/210): RIL[0][event] qcril_qmi_dms_is_prl_info_available: function exit with ret 0
03-03 08:36:33.875   210   383 I RILC    : qmi_ril(0/210): RIL[0][event] qcril_qmi_nas_dms_initiate_prl_ver_fetch_attenpt_if_needed: is_set: 0
03-03 08:36:33.875   210   383 D RILC    : qmi_ril(0/210): RIL[0][event] qcril_event_queue: Event [QCRIL_EVT_QMI_RIL_PRL_VER_FETCH_ATTEMPT, a0025] data was NULL
03-03 08:36:33.875   210   383 D RILC    : qmi_ril(0/210): RIL[0][event] qcril_event_queue: RID 0 MID 0 Queued event QCRIL_EVT_QMI_RIL_PRL_VER_FETCH_ATTEMPT (0 bytes)(obj 0x41a2aec0)
03-03 08:36:33.875   210   383 I RILC    : qmi_ril(0/210): RIL[0][event] qcril_qmi_nas_dms_update_card_status_initiate_prl_fetch: function exit
03-03 08:36:33.875   210   383 I RILC    : qmi_ril(0/210): RIL[0][event] qcril_qmi_nas_dms_event_card_status_updated: card status changed 1
03-03 08:36:33.875   210   383 I RILC    : qmi_ril(0/210): RIL[0][event] qcril_reqlist_find_by_event: [RID 0] Not found ReqList entry waiting for RIL_REQUEST_OEM_HOOK_RAW(INFORM_SHUTDOWN) (524298)
03-03 08:36:33.875   210   383 I RILC    : qmi_ril(0/210): RIL[0][event] qcril_qmi_nas_dms_event_card_status_updated: found qcril request 1
03-03 08:36:33.875   210   383 I RILC    : qmi_ril(0/210): RIL[0][event] qcril_qmi_nas_dms_event_card_status_updated: function exit
03-03 08:36:33.875   210   383 I RILC    : qmi_ril(0/210): RIL[0][event] qcril_process_event: Exit CM_CARD_STATUS_UPDATED, err_no 0
03-03 08:36:33.875   210   383 I RILC    : qmi_ril(0/210): RIL[0][event] qcril_scws_card_error: qcril_scws_card_error, slot_id: 0x0 
03-03 08:36:33.875   210   383 I RILC    : qmi_ril(0/210): RIL[0][event] qcril_uim_handle_card_state_change: Setting QMI_UIM_CARD_STATE_ABSENT, card_error: 1, Slot: 0 
03-03 08:36:33.875   210   383 I RILC    : qmi_ril(0/210): RIL[0][event] qcril_uim_refresh_register: Session type not valid for refresh registration: 0x0
