02-14 03:47:31.850   210   648 D RILC    : qmi_ril(0/210): RIL[0][qmi_cb] qcril_event_queue: Event [QCRIL_EVT_QMI_RIL_POST_VOICE_RTE_CHANGE_IND, a0029] data was NULL
02-14 03:47:31.850   210   316 D RILC    : qmi_ril(0/210): RIL[0][event] qcril_event_main: 1 items on queue
02-14 03:47:31.850   210   316 D RILC    : qmi_ril(0/210): RIL[0][event] qcril_event_main: RID 0 MID 0 De-queued event QCRIL_EVT_QMI_RIL_POST_VOICE_RTE_CHANGE_IND (655401)(obj 0x41700ec8)
02-14 03:47:31.850   210   316 D RILC    : qmi_ril(0/210): RIL[0][event] qcril_process_event: RIL <--- QCRIL_EVT_QMI_RIL_POST_VOICE_RTE_CHANGE_IND(655401), RID 0, MID 0 --- AMSS
02-14 03:47:31.850   210   316 I RILC    : qmi_ril(0/210): RIL[0][event] qcril_qmi_nas_post_voice_rte_change_ind_handler: function entry
02-14 03:47:31.850   210   316 I RILC    : qmi_ril(0/210): RIL[0][event] qcril_qmi_get_voice_radio_technology: function entry
02-14 03:47:31.850   210   316 I RILC    : qmi_ril(0/210): RIL[0][event] qcril_qmi_get_voice_radio_technology: .. is ICS 1
02-14 03:47:31.850   210   316 I RILC    : qmi_ril(0/210): RIL[0][event] qcril_qmi_get_voice_radio_technology: .. domestic radio tech 1
02-14 03:47:31.850   210   316 I RILC    : qmi_ril(0/210): RIL[0][event] qcril_qmi_get_voice_radio_technology: .. mode_pref valid 1
02-14 03:47:31.850   210   316 I RILC    : qmi_ril(0/210): RIL[0][event] qcril_qmi_get_voice_radio_technology: .. mode_pref 12
02-14 03:47:31.850   210   316 I RILC    : qmi_ril(0/210): RIL[0][event] qcril_qmi_get_voice_radio_technology: .. nas_cached_info.ims_rte 0 
02-14 03:47:31.850   210   316 I RILC    : qmi_ril(0/210): RIL[0][event] qcril_qmi_get_voice_radio_technology: .. nas_cached_info.voice_rte 3
02-14 03:47:31.850   210   316 I RILC    : qmi_ril(0/210): RIL[0][event] qcril_qmi_get_voice_radio_technology: .. nas_common_info.voice_radio_tech_logic_change 0
02-14 03:47:31.850   210   316 I RILC    : qmi_ril(0/210): RIL[0][event] qcril_qmi_get_voice_radio_technology: .. pre-intermediate answer_generated 1, response 3
02-14 03:47:31.850   210   316 I RILC    : qmi_ril(0/210): RIL[0][event] qmi_ril_voice_is_under_any_emergency_calls: function entry
02-14 03:47:31.850   210   316 I RILC    : qmi_ril(0/210): RIL[0][event] qmi_ril_voice_is_under_any_emergency_calls: function exit with ret 0
02-14 03:47:31.850   210   316 I RILC    : qmi_ril(0/210): RIL[0][event] qcril_qmi_get_voice_radio_technology: .. post-pre-intermediate answer_generated 1, response 3
02-14 03:47:31.850   210   316 I RILC    : qmi_ril(0/210): RIL[0][event] qcril_qmi_get_voice_radio_technology: .. intermediate answer_generated 1, response 3
02-14 03:47:31.850   210   316 I RILC    : qmi_ril(0/210): RIL[0][event] qcril_qmi_get_voice_radio_technology: .. result 3, answer_generated 1
02-14 03:47:31.850   210   316 I RILC    : qmi_ril(0/210): RIL[0][event] qcril_qmi_get_voice_radio_technology: function exit with ret 0
02-14 03:47:31.850   210   316 I RILC    : qmi_ril(0/210): RIL[0][event] qcril_qmi_nas_set_calculated_voice_radio_tech: entered voice_radio_tech 3
02-14 03:47:31.850   210   316 I RILC    : qmi_ril(0/210): RIL[0][event] qcril_qmi_nas_set_calculated_voice_radio_tech: function exit
02-14 03:47:31.850   210   316 I RILC    : qmi_ril(0/210): RIL[0][event] qcril_qmi_nas_evaluate_voice_rte_propagation: function entry
02-14 03:47:31.850   210   316 I RILC    : qmi_ril(0/210): RIL[0][event] qcril_qmi_voice_nas_control_get_current_calls_number: function entry
02-14 03:47:31.850   210   316 I RILC    : qmi_ril(0/210): RIL[0][event] qcril_qmi_voice_nas_control_get_current_calls_number: function exit with ret 0
02-14 03:47:31.850   210   316 I RILC    : qmi_ril(0/210): RIL[0][event] qcril_qmi_data_nas_control_get_current_calls_number: function entry
02-14 03:47:31.850   210   316 I RILC    : qmi_ril(0/210): RIL[0][event] qcril_data_get_active_calls: qcril_data_get_active_calls : ENTRY
02-14 03:47:31.850   210   316 I RILC    : qmi_ril(0/210): RIL[0][event] qcril_data_get_active_calls: >>>>>> LOCK QCRIL_DATA MUTEX 41450c98
02-14 03:47:31.850   210   316 I RILC    : qmi_ril(0/210): RIL[0][event] qcril_data_get_active_calls: <<<<<< UNLOCK QCRIL_DATA MUTEX 41450c98
02-14 03:47:31.850   210   316 I RILC    : qmi_ril(0/210): RIL[0][event] qcril_data_get_active_calls: Query reported [0] call records, table[0x0]
02-14 03:47:31.850   210   316 I RILC    : qmi_ril(0/210): RIL[0][event] qcril_data_get_active_calls: qcril_data_get_active_calls : EXIT
02-14 03:47:31.850   210   316 I RILC    : qmi_ril(0/210): RIL[0][event] qcril_qmi_data_nas_control_get_current_calls_number: function exit with ret 0
02-14 03:47:31.850   210   316 I RILC    : qmi_ril(0/210): RIL[0][event] qcril_qmi_nas_get_reported_voice_radio_tech: function entry
02-14 03:47:31.850   210   316 I RILC    : qmi_ril(0/210): RIL[0][event] qcril_qmi_nas_get_reported_voice_radio_tech: completed with voice_radio_tech 3
02-14 03:47:31.850   210   316 I RILC    : qmi_ril(0/210): RIL[0][event] qcril_qmi_voice_nas_control_convert_radio_tech_to_radio_tech_family: entered voice_radio_tech 3
02-14 03:47:31.850   210   316 I RILC    : qmi_ril(0/210): RIL[0][event] qcril_qmi_voice_nas_control_convert_radio_tech_to_radio_tech_family: function exit with ret 1
02-14 03:47:31.850   210   316 I RILC    : qmi_ril(0/210): RIL[0][event] qcril_qmi_nas_get_calculated_voice_radio_tech: function entry
02-14 03:47:31.850   210   316 I RILC    : qmi_ril(0/210): RIL[0][event] qcril_qmi_nas_get_calculated_voice_radio_tech: completed with voice_radio_tech 3
02-14 03:47:31.850   210   316 I RILC    : qmi_ril(0/210): RIL[0][event] qcril_qmi_voice_nas_control_convert_radio_tech_to_radio_tech_family: entered voice_radio_tech 3
02-14 03:47:31.850   210   316 I RILC    : qmi_ril(0/210): RIL[0][event] qcril_qmi_voice_nas_control_convert_radio_tech_to_radio_tech_family: function exit with ret 1
02-14 03:47:31.850   210   316 I RILC    : qmi_ril(0/210): RIL[0][event] qcril_qmi_nas_evaluate_voice_rte_propagation: voice rat confd 2
02-14 03:47:31.850   210   316 I RILC    : qmi_ril(0/210): RIL[0][event] qmi_ril_voice_is_eme_oos: function entry
02-14 03:47:31.850   210   316 I RILC    : qmi_ril(0/210): RIL[0][event] qcril_qmi_voice_voip_find_call_info_entry_by_elaboration_any_subset: entry with pattern 33554432
02-14 03:47:31.850   210   316 I RILC    : qmi_ril(0/210): RIL[0][event] qcril_qmi_voice_voip_find_call_info_entry_by_elaboration_any_subset: function exit with ret 0
02-14 03:47:31.850   210   316 I RILC    : qmi_ril(0/210): RIL[0][event] qmi_ril_voice_is_eme_oos: function exit with ret 0
02-14 03:47:31.850   210   316 I RILC    : qmi_ril(0/210): RIL[0][event] qcril_qmi_nas_evaluate_voice_rte_propagation: num of voice calls 0, num of data calls 0, skip_data_call_check 0, is eme oos 0, rat confd 2
02-14 03:47:31.850   210   316 I RILC    : qmi_ril(0/210): RIL[0][event] qcril_qmi_nas_evaluate_voice_rte_propagation: reported tech 3, family 1 - calculated tech 3, family 1
02-14 03:47:31.850   210   316 I RILC    : qmi_ril(0/210): RIL[0][event] qcril_qmi_nas_evaluate_voice_rte_propagation: function exit
02-14 03:47:31.850   210   316 I RILC    : qmi_ril(0/210): RIL[0][event] qcril_qmi_nas_post_voice_rte_change_ind_handler: function exit
02-14 03:47:31.850   210   316 I RILC    : qmi_ril(0/210): RIL[0][event] qcril_process_event: Exit QCRIL_EVT_QMI_RIL_POST_VOICE_RTE_CHANGE_IND, err_no 0
02-14 03:47:31.850   210   316 D RILC    : qmi_ril(0/210): RIL[0][event] qcril_event_main: Waiting...
02-14 03:47:31.860   210   648 D RILC    : qmi_ril(0/210): RIL[0][qmi_cb] qcril_event_queue: RID 0 MID 0 Queued event QCRIL_EVT_QMI_RIL_POST_VOICE_RTE_CHANGE_IND (0 bytes)(obj 0x41700ec8)
02-14 03:47:31.860   210   648 I RILC    : qmi_ril(0/210): RIL[0][qmi_cb] qcril_qmi_nas_initiate_voice_rte_change_propagation: function exit
02-14 03:47:31.860   214   643 D QC-QMI  : QMI platform I/O... blocking on read  port[/dev/hsicctl0] conn_id[9]
02-14 03:47:31.860   214   643 D QC-QMI  : qmi_qmux: TX/RX - RX 21 bytes on conn_id=9
02-14 03:47:31.860   214   643 D QC-QMI  : QMI_Msg Len: [21], Serv_ID: [NAS(0x3)], Msg_ID: [<unknown>(0x66)], Trans_ID: [0][Indication], Conn_ID:[9]
02-14 03:47:31.860   214   643 D QC-QMI  : 01 14 00 80 03 01 04 00 00 66 00 08 00 01 05 00 05 50 00 5C 29 
02-14 03:47:31.860   214   643 D QC-QMI  : qmuxd: TX message on fd=19, to clientID = 1, len=55
02-14 03:47:31.860   214   643 D QC-QMI  : QMI platform I/O... blocking on poll fds
02-14 03:47:31.860   210   648 D QC-QMI  : qmi_client [210] 1: Received 55 bytes on fd = 23
02-14 03:47:31.860   210   648 D QC-QMI  : qmi_service.c RX indication for conn=9, srvc=3
02-14 03:47:31.860   210   648 D QC-QMI  : Processing indication: Mesage4 ID=  102, Service ID = 3
02-14 03:47:31.860   210   648 D QC-QMI  : Client 9010300 gets indication callback
02-14 03:47:31.860   210   648 I RILC    : qmi_ril(0/210): RIL[0][qmi_cb] qcril_qmi_nas_unsolicited_indication_cb: invoked msg 0x66
02-14 03:47:31.860   210   648 I RILC    : qmi_ril(0/210): RIL[0][qmi_cb] qcril_qmi_nas_is_considered_registered: .. cache valid 1
02-14 03:47:31.860   210   648 I RILC    : qmi_ril(0/210): RIL[0][qmi_cb] qcril_qmi_nas_rf_band_info_ind_handler: function entry
02-14 03:47:31.860   210   648 I RILC    : qmi_ril(0/210): RIL[0][qmi_cb] qcril_qmi_nas_rf_band_info_ind_handler: function exit
02-14 03:47:31.860   210   648 I RILC    : qmi_ril(0/210): RIL[0][qmi_cb] qcril_qmi_nas_unsolicited_indication_cb: .. operational state 3
02-14 03:47:31.870   210   313 D RILC    : [0026]> OPERATOR 
02-14 03:47:31.870   210   313 D RILC    : qmi_ril(0/210): RIL[0][main] onRequest: UI --- RIL_REQUEST_OPERATOR (22) ---> RIL [RID 0, token id 26, data len 0]
02-14 03:47:31.870   210   313 D RILC    : qmi_ril(0/210): RIL[0][main] onRequest: handling caps 40001608 hex
02-14 03:47:31.870   210   313 I RILC    : qmi_ril(0/210): RIL[0][main] qmi_ril_fw_create_android_live_params_copy: function exit with ret 3
02-14 03:47:31.870   210   313 D RILC    : qmi_ril(0/210): RIL[0][main] onRequest: method 3, datalen 0
02-14 03:47:31.870   210   313 D RILC    : qmi_ril(0/210): RIL[0][main] onRequest: clean family 0
02-14 03:47:31.870   210   313 D RILC    : qmi_ril(0/210): RIL[0][main] onRequest: already waiting for exec 0
02-14 03:47:31.870   210   313 D RILC    : qmi_ril(0/210): RIL[0][main] onRequest: android_request_param_holder 416fccd0 hex
02-14 03:47:31.870   210   313 D RILC    : qmi_ril(0/210): RIL[0][main] onRequest: pending req kind 0 hex, awaitingexec req kind 0 hex
02-14 03:47:31.870   210   313 D RILC    : qmi_ril(0/210): RIL[0][main] onRequest: token under exec 26
02-14 03:47:31.870   210   313 D RILC    : qmi_ril(0/210): RIL[0][main] onRequest: pre-exec token id 26, a-r-id 22, audit 0, nrender 0
02-14 03:47:31.870   210   313 D RILC    : qmi_ril(0/210): RIL[0][main] qmi_ril_fw_android_request_render_execution: rendering exec for token id 26
02-14 03:47:31.870   210   313 I RILC    : qmi_ril(0/210): RIL[0][main] qmi_ril_fw_create_android_live_params_copy: function exit with ret 3
02-14 03:47:31.870   210   313 D RILC    : qmi_ril(0/210): RIL[0][main] onRequest: dispatch outcome = 0
02-14 03:47:31.870   210  1208 I RILC    : qmi_ril(0/210): RIL[0][cmd-22(296)] qmi_ril_fw_dedicated_request_exec_thread:  ..operational state 3
02-14 03:47:31.870   210  1208 I RILC    : qmi_ril(0/210): RIL[0][cmd-22(296)] qcril_qmi_nas_request_operator: function entry
02-14 03:47:31.870   210  1208 I RILC    : qmi_ril(0/210): RIL[0][cmd-22(296)] qcril_qmi_nas_request_operator: ..if_att_feature = 0
02-14 03:47:31.870   210  1208 I RILC    : qmi_ril(0/210): RIL[0][cmd-22(296)] qcril_qmi_nas_is_considered_registered: .. cache valid 1
02-14 03:47:31.870   210  1208 I RILC    : qmi_ril(0/210): RIL[0][cmd-22(296)] qcril_qmi_nas_request_operator: now registered 0
02-14 03:47:31.870   210  1208 I RILC    : qmi_ril(0/210): RIL[0][cmd-22(296)] qcril_qmi_nas_request_operator: .. res empty as not in full service
02-14 03:47:31.870   210  1208 D RILC    : qmi_ril(0/210): RIL[0][cmd-22(296)] qcril_send_request_response: UI <--- RIL_REQUEST_OPERATOR (22) Complete --- RIL [RID 0, Token id 26, Success, Len 12 ]
02-14 03:47:31.870   210  1208 I RILC    : qmi_ril(0/210): RIL[0][cmd-22(296)] qcril_reqlist_free: function exit with ret 1
02-14 03:47:31.870   210  1208 D RILC    : qmi_ril(0/210): RIL[0][cmd-22(296)] qmi_ril_fw_send_request_response_epilog: token under exec 26, completion token id 26
02-14 03:47:31.870   210  1208 D RILC    : qmi_ril(0/210): RIL[0][cmd-22(296)] qmi_ril_fw_send_request_response_epilog: postage resp to token id 26, a-r-id 22 (intermed. 22)
02-14 03:47:31.870   210  1208 D RILC    : [0026]< OPERATOR {(null),(null),(null)}
02-14 03:47:31.870   210  1208 I RILC    : qmi_ril(0/210): RIL[0][cmd-22(296)] qcril_qmi_nas_request_operator: complete with 0
02-14 03:47:31.870   210  1208 D RILC    : qmi_ril(0/210): RIL[0][cmd-22(296)] qmi_ril_fw_destroy_android_live_params_copy: a-r-id 22, appron 3
02-14 03:47:31.870   210   313 D RILC    : [0027]> VOICE_REGISTRATION_STATE 
02-14 03:47:31.870   210   313 D RILC    : qmi_ril(0/210): RIL[0][main] onRequest: UI --- RIL_REQUEST_REGISTRATION_STATE (20) ---> RIL [RID 0, token id 27, data len 0]
02-14 03:47:31.870   210   313 D RILC    : qmi_ril(0/210): RIL[0][main] onRequest: handling caps 40001408 hex
02-14 03:47:31.870   210   313 I RILC    : qmi_ril(0/210): RIL[0][main] qmi_ril_fw_create_android_live_params_copy: function exit with ret 3
02-14 03:47:31.870   210   313 D RILC    : qmi_ril(0/210): RIL[0][main] onRequest: method 3, datalen 0
02-14 03:47:31.870   210   313 D RILC    : qmi_ril(0/210): RIL[0][main] onRequest: clean family 0
02-14 03:47:31.870   210   313 D RILC    : qmi_ril(0/210): RIL[0][main] onRequest: already waiting for exec 0
02-14 03:47:31.870   210   313 D RILC    : qmi_ril(0/210): RIL[0][main] onRequest: android_request_param_holder 416fcbc0 hex
02-14 03:47:31.870   210   313 D RILC    : qmi_ril(0/210): RIL[0][main] onRequest: pending req kind 0 hex, awaitingexec req kind 0 hex
02-14 03:47:31.870   210   313 D RILC    : qmi_ril(0/210): RIL[0][main] onRequest: token under exec 27
02-14 03:47:31.870   210   313 D RILC    : qmi_ril(0/210): RIL[0][main] onRequest: pre-exec token id 27, a-r-id 20, audit 0, nrender 0
02-14 03:47:31.870   210   313 D RILC    : qmi_ril(0/210): RIL[0][main] qmi_ril_fw_android_request_render_execution: rendering exec for token id 27
02-14 03:47:31.870   210   313 I RILC    : qmi_ril(0/210): RIL[0][main] qmi_ril_fw_create_android_live_params_copy: function exit with ret 3
02-14 03:47:31.870   210   313 D RILC    : qmi_ril(0/210): RIL[0][main] onRequest: dispatch outcome = 0
02-14 03:47:31.880   210  1209 I RILC    : qmi_ril(0/210): RIL[0][cmd-20(296)] qmi_ril_fw_dedicated_request_exec_thread:  ..operational state 3
02-14 03:47:31.880   210  1209 I RILC    : qmi_ril(0/210): RIL[0][cmd-20(296)] qcril_qmi_nas_request_registration_state: .. request need 0, vrte 3, irte 0
02-14 03:47:31.880   210  1209 I RILC    : qmi_ril(0/210): RIL[0][cmd-20(296)] qcril_qmi_nas_request_registration_state:  ... <srv_status,sys_info> val: CDMA<0,0>, HDR<0,0>, GSM<1,0>, WCDMA<1,1>, LTE<0,0>
02-14 03:47:31.880   210  1209 I RILC    : qmi_ril(0/210): RIL[0][cmd-20(296)] qcril_qmi_nas_request_registration_state:  .. prep WCDMA
02-14 03:47:31.880   210  1209 I RILC    : qmi_ril(0/210): RIL[0][cmd-20(296)] qcril_qmi_nas_get_nw_selection_mode: returning pref 0 
02-14 03:47:31.880   210  1209 D RILC    : qmi_ril(0/210): RIL[0][cmd-20(296)] qcril_qmi_nas_util_convert_nas_srv_status_to_ril_reg_status: reg_status: 1,4,1,0,0,1,0,0,-1,12
02-14 03:47:31.880   210  1209 I RILC    : qmi_ril(0/210): RIL[0][cmd-20(296)] qcril_qmi_nas_request_registration_state:  ... so far ss, vrte 3, 3
02-14 03:47:31.880   210  1209 I RILC    : qmi_ril(0/210): RIL[0][cmd-20(296)] qcril_qmi_nas_request_registration_state: .. adjusting for reg reject 0, status 12
02-14 03:47:31.880   210  1209 I RILC    : qmi_ril(0/210): RIL[0][cmd-20(296)] qcril_qmi_nas_request_registration_state: cur reg state 12
02-14 03:47:31.880   210  1209 I RILC    : qmi_ril(0/210): RIL[0][cmd-20(296)] qcril_qmi_nas_request_registration_state:  ... so far in_service 0
02-14 03:47:31.880   210  1209 I RILC    : qmi_ril(0/210): RIL[0][cmd-20(296)] qcril_qmi_nas_request_registration_state: .. in transfer reg reject 0
02-14 03:47:31.880   210  1209 D QC-QMI  : Setting the api flag to : 1
02-14 03:47:31.880   210  1209 D QC-QMI  : qmi_client [210] 1: sending 47 bytes on fd = 23
02-14 03:47:31.880   214   214 D QC-QMI  : qmuxd: RX 47 bytes on fd=19 from qmux_client_id=1
02-14 03:47:31.880   214   214 D QC-QMI  : qmi_qmux: TX/RX - TX 13 bytes on conn_id=9
02-14 03:47:31.880   214   214 D QC-QMI  : QMI_Msg Len: [13], Serv_ID: [EXTEND(0xe5)], Msg_ID: [GET_REGISTRATION_ROAMING_STATUS(0xcf)], Trans_ID: [11][Request], Conn_ID:[9]
02-14 03:47:31.880   214   214 D QC-QMI  : 01 0C 00 00 E5 01 00 0B 00 CF 00 00 00 
02-14 03:47:31.880   210   313 D RILC    : [0028]> DATA_REGISTRATION_STATE 
02-14 03:47:31.880   210   313 D RILC    : qmi_ril(0/210): RIL[0][main] onRequest: UI --- RIL_REQUEST_DATA_REGISTRATION_STATE (21) ---> RIL [RID 0, token id 28, data len 0]
02-14 03:47:31.880   210   313 D RILC    : qmi_ril(0/210): RIL[0][main] onRequest: handling caps 40001508 hex
02-14 03:47:31.880   210   313 I RILC    : qmi_ril(0/210): RIL[0][main] qmi_ril_fw_create_android_live_params_copy: function exit with ret 3
02-14 03:47:31.880   210   313 D RILC    : qmi_ril(0/210): RIL[0][main] onRequest: method 3, datalen 0
02-14 03:47:31.880   210   313 D RILC    : qmi_ril(0/210): RIL[0][main] onRequest: clean family 0
02-14 03:47:31.880   210   313 D RILC    : qmi_ril(0/210): RIL[0][main] onRequest: already waiting for exec 0
02-14 03:47:31.880   210   313 D RILC    : qmi_ril(0/210): RIL[0][main] onRequest: android_request_param_holder 416fcc48 hex
02-14 03:47:31.880   210   313 D RILC    : qmi_ril(0/210): RIL[0][main] onRequest: pending req kind 0 hex, awaitingexec req kind 0 hex
02-14 03:47:31.880   210   313 D RILC    : qmi_ril(0/210): RIL[0][main] onRequest: token under exec 28
02-14 03:47:31.880   210   313 D RILC    : qmi_ril(0/210): RIL[0][main] onRequest: pre-exec token id 28, a-r-id 21, audit 0, nrender 0
02-14 03:47:31.880   210   313 D RILC    : qmi_ril(0/210): RIL[0][main] qmi_ril_fw_android_request_render_execution: rendering exec for token id 28
02-14 03:47:31.880   210   313 I RILC    : qmi_ril(0/210): RIL[0][main] qmi_ril_fw_create_android_live_params_copy: function exit with ret 3
02-14 03:47:31.880   210   313 D RILC    : qmi_ril(0/210): RIL[0][main] onRequest: dispatch outcome = 0
02-14 03:47:31.880   210  1210 I RILC    : qmi_ril(0/210): RIL[0][cmd-21(568)] qmi_ril_fw_dedicated_request_exec_thread:  ..operational state 3
02-14 03:47:31.880   210   313 D RILC    : [0029]> QUERY_NETWORK_SELECTION_MODE 
02-14 03:47:31.880   210   313 D RILC    : qmi_ril(0/210): RIL[0][main] onRequest: UI --- RIL_REQUEST_QUERY_NETWORK_SELECTION_MODE (45) ---> RIL [RID 0, token id 29, data len 0]
02-14 03:47:31.880   210  1210 I RILC    : qmi_ril(0/210): RIL[0][cmd-21(568)] qcril_qmi_get_pref_data_tech: before translation : is_current 1 network_type 0 rat_mask 8000 db_so_mask 0 pref_data_tech UNKNOWN
02-14 03:47:31.880   210  1210 I RILC    : qmi_ril(0/210): RIL[0][cmd-21(568)] qcril_qmi_voice_voip_find_call_info_entry_by_andoid_call_state: entry with id 0
02-14 03:47:31.880   210   313 D RILC    : qmi_ril(0/210): RIL[0][main] onRequest: handling caps 40002d08 hex
02-14 03:47:31.880   210  1210 I RILC    : qmi_ril(0/210): RIL[0][cmd-21(568)] qcril_qmi_voice_voip_find_call_info_entry_by_andoid_call_state: function exit with ret 0
02-14 03:47:31.880   210   313 I RILC    : qmi_ril(0/210): RIL[0][main] qmi_ril_fw_create_android_live_params_copy: function exit with ret 3
02-14 03:47:31.880   210  1210 I RILC    : qmi_ril(0/210): RIL[0][cmd-21(568)] qcril_qmi_convert_rat_mask_to_technology: call state is not active
02-14 03:47:31.880   210   313 D RILC    : qmi_ril(0/210): RIL[0][main] onRequest: method 3, datalen 0
02-14 03:47:31.880   210  1210 I RILC    : qmi_ril(0/210): RIL[0][cmd-21(568)] qcril_qmi_convert_rat_mask_to_technology: technology UNKNOWN
02-14 03:47:31.880   210  1210 I RILC    : qmi_ril(0/210): RIL[0][cmd-21(568)] qcril_qmi_convert_rat_mask_to_technology: function exit with ret 0
02-14 03:47:31.880   210   313 D RILC    : qmi_ril(0/210): RIL[0][main] onRequest: clean family 0
02-14 03:47:31.880   210  1210 I RILC    : qmi_ril(0/210): RIL[0][cmd-21(568)] qcril_qmi_get_pref_data_tech: after translation : is_current 1 network_type 0 rat_mask 8000 db_so_mask 0 pref_data_tech UNKNOWN technology 0
02-14 03:47:31.880   210  1210 I RILC    : qmi_ril(0/210): RIL[0][cmd-21(568)] qmi_ril_nw_reg_extend_pref_data_tech_cl: is extrapolation 1, cache is valid 0, cache rat 0, oprt valid 1, oprt 0, card status 9, card ever present 0, ban 3, mpv 1, mp 12
02-14 03:47:31.880   210  1210 I RILC    : qmi_ril(0/210): RIL[0][cmd-21(568)] qmi_ril_nw_reg_extend_pref_data_tech_cl: need reset 1
02-14 03:47:31.880   210   313 D RILC    : qmi_ril(0/210): RIL[0][main] onRequest: already waiting for exec 0
02-14 03:47:31.880   210  1210 I RILC    : qmi_ril(0/210): RIL[0][cmd-21(568)] qcril_qmi_nas_request_data_registration_state: .. request need 0, drte 0, pref data tech UNKNOWN
02-14 03:47:31.880   210   313 D RILC    : qmi_ril(0/210): RIL[0][main] onRequest: android_request_param_holder 416fd718 hex
02-14 03:47:31.880   210  1210 I RILC    : qmi_ril(0/210): RIL[0][cmd-21(568)] qcril_qmi_nas_request_data_registration_state:  ... <srv_status,sys_info> val: CDMA<0,0>, HDR<0,0>, GSM<1,0>, WCDMA<1,1>, LTE<0,0>
02-14 03:47:31.880   210  1210 I RILC    : qmi_ril(0/210): RIL[0][cmd-21(568)] qcril_qmi_nas_request_data_registration_state:  .. prep GSM=[1], WCDMA=[1], TDSCDMA=[0], LTE=[0]
02-14 03:47:31.880   210  1210 D RILC    : qmi_ril(0/210): RIL[0][cmd-21(568)] qcril_qmi_nas_util_convert_nas_srv_status_to_ril_reg_status: reg_status: 0,-1,-1,-1,-1,1,0,1,-1,2
02-14 03:47:31.880   210  1210 D RILC    : qmi_ril(0/210): RIL[0][cmd-21(568)] qcril_qmi_nas_util_convert_nas_srv_status_to_ril_reg_status: reg_status: 1,4,1,0,0,1,0,1,-1,2
02-14 03:47:31.880   210  1210 I RILC    : qmi_ril(0/210): RIL[0][cmd-21(568)] qcril_qmi_nas_request_data_registration_state:  ... data_tech_to_report_implied UNKNOWN
02-14 03:47:31.880   210  1210 I RILC    : qmi_ril(0/210): RIL[0][cmd-21(568)] qcril_qmi_nas_request_data_registration_state: CnE module available, is current 0, pref data tech UNKNOWN
02-14 03:47:31.880   210  1210 I RILC    : qmi_ril(0/210): RIL[0][cmd-21(568)] qcril_qmi_nas_request_data_registration_state: with legacy status, pref data tech UNKNOWN in reg status 0
02-14 03:47:31.880   210   313 D RILC    : qmi_ril(0/210): RIL[0][main] onRequest: pending req kind 0 hex, awaitingexec req kind 0 hex
02-14 03:47:31.880   210  1210 I RILC    : qmi_ril(0/210): RIL[0][cmd-21(568)] qcril_qmi_nas_request_data_registration_state: Using QMI NAS indication info
02-14 03:47:31.880   210   313 D RILC    : qmi_ril(0/210): RIL[0][main] onRequest: token under exec 29
02-14 03:47:31.880   210   313 D RILC    : qmi_ril(0/210): RIL[0][main] onRequest: pre-exec token id 29, a-r-id 45, audit 0, nrender 0
02-14 03:47:31.880   210   313 D RILC    : qmi_ril(0/210): RIL[0][main] qmi_ril_fw_android_request_render_execution: rendering exec for token id 29
02-14 03:47:31.880   210   313 I RILC    : qmi_ril(0/210): RIL[0][main] qmi_ril_fw_create_android_live_params_copy: function exit with ret 3
02-14 03:47:31.880   210   313 D RILC    : qmi_ril(0/210): RIL[0][main] onRequest: dispatch outcome = 0
02-14 03:47:31.880   210  1210 I RILC    : qmi_ril(0/210): RIL[0][cmd-21(568)] qcril_qmi_nas_request_data_registration_state: ... in search RAT LTE
02-14 03:47:31.880   210  1210 I RILC    : qmi_ril(0/210): RIL[0][cmd-21(568)] qcril_qmi_nas_request_data_registration_state:  ... matched tech LTE
02-14 03:47:31.880   210  1210 I RILC    : qmi_ril(0/210): RIL[0][cmd-21(568)] qcril_qmi_nas_request_data_registration_state: ... vrte_mapper=[5], pre cur reg state=[0]
02-14 03:47:31.880   210  1210 I RILC    : qmi_ril(0/210): RIL[0][cmd-21(568)] qcril_qmi_nas_request_data_registration_state: ... cur reg state 0
02-14 03:47:31.880   210  1210 I RILC    : qmi_ril(0/210): RIL[0][cmd-21(568)] qcril_qmi_nas_request_data_registration_state: .. prestored reg snapshot valid 0 while cur reg 0
02-14 03:47:31.880   210  1210 I RILC    : qmi_ril(0/210): RIL[0][cmd-21(568)] qcril_qmi_nas_request_data_registration_state: [HTC.QCRIL.SNAPSHOT] data_reg_report_snapshot.valid=0, feature_enabled=1
02-14 03:47:31.880   210  1210 D QC-QMI  : Setting the api flag to : 1
02-14 03:47:31.880   210  1210 D QC-QMI  : qmi_client [210] 1: sending 47 bytes on fd = 23
02-14 03:47:31.880   214   214 D QC-QMI  : qmuxd: RX 47 bytes on fd=19 from qmux_client_id=1
02-14 03:47:31.880   214   214 D QC-QMI  : qmi_qmux: TX/RX - TX 13 bytes on conn_id=9
02-14 03:47:31.880   214   214 D QC-QMI  : QMI_Msg Len: [13], Serv_ID: [EXTEND(0xe5)], Msg_ID: [GET_REGISTRATION_ROAMING_STATUS(0xcf)], Trans_ID: [12][Request], Conn_ID:[9]
02-14 03:47:31.880   214   214 D QC-QMI  : 01 0C 00 00 E5 01 00 0C 00 CF 00 00 00 
02-14 03:47:31.880   214   643 D QC-QMI  : QMI platform I/O... blocking on read  port[/dev/hsicctl0] conn_id[9]
02-14 03:47:31.880   214   643 D QC-QMI  : qmi_qmux: TX/RX - RX 92 bytes on conn_id=9
02-14 03:47:31.880   214   643 D QC-QMI  : QMI_Msg Len: [92], Serv_ID: [NAS(0x3)], Msg_ID: [SYS_INFO_IND(0x4e)], Trans_ID: [0][Indication], Conn_ID:[9]
02-14 03:47:31.880   214   643 D QC-QMI  : 01 5B 00 80 03 01 04 00 00 4E 00 4F 00 12 03 00 00 00 00 13 03 00 01 01 00 18 21 00 01 00 01 03 
02-14 03:47:31.880   214   643 D QC-QMI  : 01 01 01 00 01 87 24 01 CD AA 3B 01 00 00 00 01 34 36 36 30 31 FF 01 00 01 00 01 BC 00 1D 06 00 
02-14 03:47:31.880   214   643 D QC-QMI  : FF FF 01 00 00 00 20 08 00 01 00 00 00 01 00 00 00 23 01 00 00 28 04 00 00 00 00 00 
02-14 03:47:31.880   214   643 D QC-QMI  : qmuxd: TX message on fd=19, to clientID = 1, len=126
02-14 03:47:31.880   214   643 D QC-QMI  : QMI platform I/O... blocking on poll fds
02-14 03:47:31.880   210   648 D QC-QMI  : qmi_client [210] 1: Received 126 bytes on fd = 23
02-14 03:47:31.880   210   648 D QC-QMI  : qmi_service.c RX indication for conn=9, srvc=3
02-14 03:47:31.880   210   648 D QC-QMI  : Processing indication: Mesage4 ID=  78, Service ID = 3
02-14 03:47:31.880   210   648 D QC-QMI  : Client 9010300 gets indication callback
02-14 03:47:31.880   210   648 I RILC    : qmi_ril(0/210): RIL[0][qmi_cb] qcril_qmi_nas_unsolicited_indication_cb: invoked msg 0x4e
02-14 03:47:31.880   210   648 I RILC    : qmi_ril(0/210): RIL[0][qmi_cb] qcril_qmi_nas_is_considered_registered: .. cache valid 1
02-14 03:47:31.880   210   648 I RILC    : qmi_ril(0/210): RIL[0][qmi_cb] qcril_qmi_nas_is_data_nw_state_updated: function entry
02-14 03:47:31.880   210   648 I RILC    : qmi_ril(0/210): RIL[0][qmi_cb] qcril_qmi_get_pref_data_tech: before translation : is_current 1 network_type 0 rat_mask 8000 db_so_mask 0 pref_data_tech UNKNOWN
02-14 03:47:31.880   210   648 I RILC    : qmi_ril(0/210): RIL[0][qmi_cb] qcril_qmi_voice_voip_find_call_info_entry_by_andoid_call_state: entry with id 0
02-14 03:47:31.880   210   648 I RILC    : qmi_ril(0/210): RIL[0][qmi_cb] qcril_qmi_voice_voip_find_call_info_entry_by_andoid_call_state: function exit with ret 0
02-14 03:47:31.880   210   648 I RILC    : qmi_ril(0/210): RIL[0][qmi_cb] qcril_qmi_convert_rat_mask_to_technology: call state is not active
02-14 03:47:31.880   210   648 I RILC    : qmi_ril(0/210): RIL[0][qmi_cb] qcril_qmi_convert_rat_mask_to_technology: technology UNKNOWN
02-14 03:47:31.880   210   648 I RILC    : qmi_ril(0/210): RIL[0][qmi_cb] qcril_qmi_convert_rat_mask_to_technology: function exit with ret 0
02-14 03:47:31.880   210   648 I RILC    : qmi_ril(0/210): RIL[0][qmi_cb] qcril_qmi_get_pref_data_tech: after translation : is_current 1 network_type 0 rat_mask 8000 db_so_mask 0 pref_data_tech UNKNOWN technology 0
02-14 03:47:31.880   210   648 I RILC    : qmi_ril(0/210): RIL[0][qmi_cb] qcril_qmi_nas_is_data_nw_state_updated: function exit with ret 1
02-14 03:47:31.880   210   648 D RILC    : qmi_ril(0/210): RIL[0][qmi_cb] qcril_qmi_nas_sys_info_ind_conv_qmi2ril: ... network_state_updated = 0, data_nw_state_changed = 1
02-14 03:47:31.880   210   648 I RILC    : qmi_ril(0/210): RIL[0][qmi_cb] qcril_qmi_nas_fill_sys_info_details:  .. cur rte- WCDMA
02-14 03:47:31.880   210   648 I RILC    : qmi_ril(0/210): RIL[0][qmi_cb] qmi_ril_duplicate_current_sys_info_cache: .. cur rte- 3
02-14 03:47:31.880   210   648 I RILC    : qmi_ril(0/210): RIL[0][qmi_cb] qmi_ril_duplicate_current_sys_info_cache: finish entry duplication
02-14 03:47:31.880   210   648 I RILC    : qmi_ril(0/210): RIL[0][qmi_cb] qcril_qmi_nas_sys_info_ind_conv_qmi2ril: prev lac 9351 , prev cid 20687565 
02-14 03:47:31.880   210   648 I RILC    : qmi_ril(0/210): RIL[0][qmi_cb] qcril_qmi_nas_update_voice_rte:  .. prep CDMA=[0], GSM=[1], WCDMA=[1], TDSCDMA=[0], LTE=[0], EVDO=[0]
02-14 03:47:31.880   210   648 I RILC    : qmi_ril(0/210): RIL[0][qmi_cb] qcril_qmi_nas_get_nw_selection_mode: returning pref 0 
02-14 03:47:31.880   210   648 D RILC    : qmi_ril(0/210): RIL[0][qmi_cb] qcril_qmi_nas_util_convert_nas_srv_status_to_ril_reg_status: reg_status: 0,-1,-1,-1,-1,1,0,0,-1,2
02-14 03:47:31.880   210   648 I RILC    : qmi_ril(0/210): RIL[0][qmi_cb] qcril_qmi_nas_get_nw_selection_mode: returning pref 0 
02-14 03:47:31.880   210   648 D RILC    : qmi_ril(0/210): RIL[0][qmi_cb] qcril_qmi_nas_util_convert_nas_srv_status_to_ril_reg_status: reg_status: 1,0,3,1,0,1,0,0,-1,12
02-14 03:47:31.880   210   648 I RILC    : qmi_ril(0/210): RIL[0][qmi_cb] qcril_qmi_nas_update_voice_rte: .. reg - 1x: 0, gsm: 2, wcdma: 12, lte: 0, hdr: 0
02-14 03:47:31.880   210   648 I RILC    : qmi_ril(0/210): RIL[0][qmi_cb] qcril_qmi_nas_update_voice_rte: completed, new vrte 3 with confidence 2
02-14 03:47:31.880   210   648 I RILC    : qmi_ril(0/210): RIL[0][qmi_cb] qcril_qmi_get_pref_data_tech: before translation : is_current 1 network_type 0 rat_mask 8000 db_so_mask 0 pref_data_tech UNKNOWN
02-14 03:47:31.880   210   648 I RILC    : qmi_ril(0/210): RIL[0][qmi_cb] qcril_qmi_voice_voip_find_call_info_entry_by_andoid_call_state: entry with id 0
02-14 03:47:31.880   210   648 I RILC    : qmi_ril(0/210): RIL[0][qmi_cb] qcril_qmi_voice_voip_find_call_info_entry_by_andoid_call_state: function exit with ret 0
02-14 03:47:31.880   210   648 I RILC    : qmi_ril(0/210): RIL[0][qmi_cb] qcril_qmi_convert_rat_mask_to_technology: call state is not active
02-14 03:47:31.880   210   648 I RILC    : qmi_ril(0/210): RIL[0][qmi_cb] qcril_qmi_convert_rat_mask_to_technology: technology UNKNOWN
02-14 03:47:31.880   210   648 I RILC    : qmi_ril(0/210): RIL[0][qmi_cb] qcril_qmi_convert_rat_mask_to_technology: function exit with ret 0
02-14 03:47:31.880   210   648 I RILC    : qmi_ril(0/210): RIL[0][qmi_cb] qcril_qmi_get_pref_data_tech: after translation : is_current 1 network_type 0 rat_mask 8000 db_so_mask 0 pref_data_tech UNKNOWN technology 0
02-14 03:47:31.880   210   648 I RILC    : qmi_ril(0/210): RIL[0][qmi_cb] qmi_ril_nw_reg_extend_pref_data_tech_cl: is extrapolation 1, cache is valid 0, cache rat 0, oprt valid 1, oprt 0, card status 9, card ever present 0, ban 3, mpv 1, mp 12
02-14 03:47:31.880   210   648 I RILC    : qmi_ril(0/210): RIL[0][qmi_cb] qmi_ril_nw_reg_extend_pref_data_tech_cl: need reset 1
02-14 03:47:31.880   210   648 I RILC    : qmi_ril(0/210): RIL[0][qmi_cb] qcril_qmi_nas_update_data_rte: .. pref data tech UNKNOWN, is current 0; prep: CDMA=[0], GSM=[1], WCDMA=[1], TDSCDMA=[0], LTE=[0], EVDO=[0]
02-14 03:47:31.880   210   648 D RILC    : qmi_ril(0/210): RIL[0][qmi_cb] qcril_qmi_nas_util_convert_nas_srv_status_to_ril_reg_status: reg_status: 0,-1,-1,-1,-1,1,0,1,-1,2
02-14 03:47:31.880   210   648 D RILC    : qmi_ril(0/210): RIL[0][qmi_cb] qcril_qmi_nas_util_convert_nas_srv_status_to_ril_reg_status: reg_status: 1,0,3,1,0,1,0,1,-1,12
02-14 03:47:31.880   210   648 I RILC    : qmi_ril(0/210): RIL[0][qmi_cb] qcril_qmi_nas_update_data_rte: .. reg data : 1x<0>, gsm<2>, wcdma<12>, lte<0>, hdr<0>
02-14 03:47:31.880   210   648 I RILC    : qmi_ril(0/210): RIL[0][qmi_cb] qcril_qmi_nas_update_data_rte: with legacy status
02-14 03:47:31.880   210   648 I RILC    : qmi_ril(0/210): RIL[0][qmi_cb] qcril_qmi_nas_update_data_rte: preferred data tech available UNKNOWN
02-14 03:47:31.880   210   648 I RILC    : qmi_ril(0/210): RIL[0][qmi_cb] qcril_qmi_nas_update_data_rte: completed, new drte 0 with confidence 4
02-14 03:47:31.880   210   648 I RILC    : qmi_ril(0/210): RIL[0][qmi_cb] qcril_qmi_nas_update_ims_rte: completed, new irte 0 with confidence 4
02-14 03:47:31.880   210   648 I RILC    : qmi_ril(0/210): RIL[0][qmi_cb] qcril_qmi_voice_technology_updated: function entry
02-14 03:47:31.880   210   648 I RILC    : qmi_ril(0/210): RIL[0][qmi_cb] qcril_qmi_voice_technology_updated: ..nas_cached_info.voice_rte 3, nas_cached_info.data_rte 0, nas_cached_info.ims_rte 0, will be considered 3
02-14 03:47:31.880   210   648 I RILC    : qmi_ril(0/210): RIL[0][qmi_cb] qcril_qmi_mgr_voice_technology_updated: function exit with ret 1
02-14 03:47:31.880   210   648 I RILC    : qmi_ril(0/210): RIL[0][qmi_cb] qcril_qmi_voice_technology_updated: function exit with ret 1
02-14 03:47:31.880   210   648 I RILC    : qmi_ril(0/210): RIL[0][qmi_cb] qcril_qmi_nas_get_nw_selection_mode: returning pref 0 
02-14 03:47:31.880   210   648 D RILC    : qmi_ril(0/210): RIL[0][qmi_cb] qcril_qmi_nas_util_convert_nas_srv_status_to_ril_reg_status: reg_status: 0,-1,-1,-1,-1,1,0,0,-1,2
02-14 03:47:31.880   210   648 I RILC    : qmi_ril(0/210): RIL[0][qmi_cb] qcril_qmi_nas_get_nw_selection_mode: returning pref 0 
02-14 03:47:31.880   210   648 D RILC    : qmi_ril(0/210): RIL[0][qmi_cb] qcril_qmi_nas_util_convert_nas_srv_status_to_ril_reg_status: reg_status: 1,0,3,1,0,1,0,0,-1,12
02-14 03:47:31.880   210   648 I RILC    : qmi_ril(0/210): RIL[0][qmi_cb] qmi_ril_nwr_update_reg_rej_from_sys_info: .. reg - 1x: 0, gsm: 2, wcdma: 12, lte: 0, hdr: 0
02-14 03:47:31.880   210   648 I RILC    : qmi_ril(0/210): RIL[0][qmi_cb] qmi_ril_nwr_update_reg_rej_from_sys_info: .. nof cs reg reject 0, cs reg reject for direct inj 0
02-14 03:47:31.880   210   648 D RILC    : qmi_ril(0/210): RIL[0][qmi_cb] qcril_qmi_nas_util_convert_nas_srv_status_to_ril_reg_status: reg_status: 0,-1,-1,-1,-1,1,0,1,-1,2
02-14 03:47:31.880   210   648 D RILC    : qmi_ril(0/210): RIL[0][qmi_cb] qcril_qmi_nas_util_convert_nas_srv_status_to_ril_reg_status: reg_status: 1,0,3,1,0,1,0,1,-1,12
02-14 03:47:31.880   210   648 I RILC    : qmi_ril(0/210): RIL[0][qmi_cb] qmi_ril_nwr_update_reg_rej_from_sys_info: .. reg data - 1x: 0, gsm: 2, wcdma: 12, lte: 0, hdr: 0
02-14 03:47:31.880   210  1211 I RILC    : qmi_ril(0/210): RIL[0][cmd-45(680)] qmi_ril_fw_dedicated_request_exec_thread:  ..operational state 3
02-14 03:47:31.880   210   648 I RILC    : qmi_ril(0/210): RIL[0][qmi_cb] qcril_qmi_nas_restricted_state_handle_event: event 2 under state 1, cached details 2
02-14 03:47:31.880   210   648 I RILC    : qmi_ril(0/210): RIL[0][qmi_cb] qcril_qmi_nas_calculate_restricted_details: voice_rte 3, data_rte 0
02-14 03:47:31.880   210   648 I RILC    : qmi_ril(0/210): RIL[0][qmi_cb] qcril_qmi_nas_fill_up_restricted_state_details: cs_bar_status 1
02-14 03:47:31.880   210   648 I RILC    : qmi_ril(0/210): RIL[0][qmi_cb] qcril_qmi_nas_fill_up_restricted_state_details:  .. restricted_state_details_local 2
02-14 03:47:31.880   210   648 I RILC    : qmi_ril(0/210): RIL[0][qmi_cb] qmi_ril_nw_reg_snapshot_dump_log: in snapshot voice_rte 3, data_rte 0, ims_rte 0
02-14 03:47:31.880   210  1211 I RILC    : qmi_ril(0/210): RIL[0][cmd-45(680)] qcril_qmi_nas_query_network_selection_mode: is_cached=1
02-14 03:47:31.880   210   648 I RILC    : qmi_ril(0/210): RIL[0][qmi_cb] qmi_ril_nw_reg_snapshot_dump_log: in snapshot voice_rte 3, data_rte 0, ims_rte 0
02-14 03:47:31.880   210  1211 I RILC    : qmi_ril(0/210): RIL[0][cmd-45(680)] qcril_qmi_nas_query_network_selection_mode: network_selection_mode: 0, ril_req_res: 0
02-14 03:47:31.880   210   648 I RILC    : qmi_ril(0/210): RIL[0][qmi_cb] qcril_qmi_nas_sys_info_ind_conv_qmi2ril: .. any rte change 0, rte changed 0
02-14 03:47:31.880   210  1211 D RILC    : qmi_ril(0/210): RIL[0][cmd-45(680)] qcril_send_request_response: UI <--- RIL_REQUEST_QUERY_NETWORK_SELECTION_MODE (45) Complete --- RIL [RID 0, Token id 29, Success, Len 4 ]
02-14 03:47:31.880   210   648 I RILC    : qmi_ril(0/210): RIL[0][qmi_cb] qcril_qmi_nas_report_embms_coverage_status: lte_embms_coverage status 0
02-14 03:47:31.880   210   648 D RILC    : qmi_ril(0/210): RIL[0][qmi_cb] qcril_hook_unsol_response: max length = 7, rcvd struc len = 4, msg_id = 13
02-14 03:47:31.880   210   648 I RILC    : qmi_ril(0/210): RIL[0][qmi_cb] qmi_ril_check_android_unsol_resp_dispatchable: function exit with ret 1
02-14 03:47:31.880   210   648 D RILC    : qmi_ril(0/210): RIL[0][qmi_cb] qcril_send_unsol_response_epilog: UI <--- RIL_UNSOL_OEM_HOOK_RAW (1028) --- RIL [RID 0, Len 27, (null)]
02-14 03:47:31.880   210  1211 I RILC    : qmi_ril(0/210): RIL[0][cmd-45(680)] qcril_reqlist_free: function exit with ret 1
02-14 03:47:31.880   210   648 D RILC    : [UNSL]< UNSOL_OEM_HOOK_RAW
02-14 03:47:31.880   210  1211 D RILC    : qmi_ril(0/210): RIL[0][cmd-45(680)] qmi_ril_fw_send_request_response_epilog: token under exec 29, completion token id 29
02-14 03:47:31.880   210  1211 D RILC    : qmi_ril(0/210): RIL[0][cmd-45(680)] qmi_ril_fw_send_request_response_epilog: postage resp to token id 29, a-r-id 45 (intermed. 45)
02-14 03:47:31.880   210   648 D RILC    : qmi_ril(0/210): RIL[0][qmi_cb] qcril_qmi_nas_sys_info_ind_conv_qmi2ril: ...... network_state_updated = 0, data_nw_state_changed = 1
02-14 03:47:31.880   210  1211 D RILC    : [0029]< QUERY_NETWORK_SELECTION_MODE {0}
02-14 03:47:31.880   210   648 D RILC    : qmi_ril(0/210): RIL[0][qmi_cb] qcril_qmi_nas_sys_info_ind_conv_qmi2ril: ......... network_state_updated = 0, data_nw_state_changed = 1
02-14 03:47:31.880   210   648 I RILC    : qmi_ril(0/210): RIL[0][qmi_cb] qmi_ril_duplicate_current_sys_info_cache_free_memory: function entry
02-14 03:47:31.880   210   648 I RILC    : qmi_ril(0/210): RIL[0][qmi_cb] qcril_qmi_nas_is_considered_registered: .. cache valid 0
02-14 03:47:31.880   210  1211 D RILC    : qmi_ril(0/210): RIL[0][cmd-45(680)] qmi_ril_fw_destroy_android_live_params_copy: a-r-id 45, appron 3
02-14 03:47:31.880   210   648 I RILC    : qmi_ril(0/210): RIL[0][qmi_cb] qcril_qmi_nas_get_nw_selection_mode: returning pref 0 
02-14 03:47:31.880   210   648 D RILC    : qmi_ril(0/210): RIL[0][qmi_cb] qcril_qmi_nas_util_convert_nas_srv_status_to_ril_reg_status: reg_status: 0,-1,-1,-1,-1,1,0,0,-1,2
02-14 03:47:31.880   210   648 I RILC    : qmi_ril(0/210): RIL[0][qmi_cb] qcril_qmi_nas_get_nw_selection_mode: returning pref 0 
02-14 03:47:31.880   210   648 D RILC    : qmi_ril(0/210): RIL[0][qmi_cb] qcril_qmi_nas_util_convert_nas_srv_status_to_ril_reg_status: reg_status: 1,0,3,1,0,1,0,0,-1,12
02-14 03:47:31.880   210   648 I RILC    : qmi_ril(0/210): RIL[0][qmi_cb] qcril_qmi_nas_is_considered_registered: .. reg - 1x: 0, gsm: 2, wcdma: 12, lte: 0, hdr: 0
02-14 03:47:31.880   210   648 D RILC    : qmi_ril(0/210): RIL[0][qmi_cb] qcril_qmi_nas_util_convert_nas_srv_status_to_ril_reg_status: reg_status: 0,-1,-1,-1,-1,1,0,1,-1,2
02-14 03:47:31.880   210   648 D RILC    : qmi_ril(0/210): RIL[0][qmi_cb] qcril_qmi_nas_util_convert_nas_srv_status_to_ril_reg_status: reg_status: 1,0,3,1,0,1,0,1,-1,12
02-14 03:47:31.880   210   648 I RILC    : qmi_ril(0/210): RIL[0][qmi_cb] qcril_qmi_nas_is_considered_registered: .. reg data - 1x: 0, gsm: 2, wcdma: 12, lte: 0, hdr: 0
02-14 03:47:31.880   210   648 I RILC    : qmi_ril(0/210): RIL[0][qmi_cb] qcril_qmi_nas_unsolicited_indication_cb: .. operational state 3
02-14 03:47:31.900   214   643 D QC-QMI  : QMI platform I/O... blocking on read  port[/dev/hsicctl0] conn_id[9]
02-14 03:47:31.900   214   643 D QC-QMI  : qmi_qmux: TX/RX - RX 20 bytes on conn_id=9
02-14 03:47:31.900   214   643 D QC-QMI  : QMI_Msg Len: [20], Serv_ID: [EXTEND(0xe5)], Msg_ID: [GET_REGISTRATION_ROAMING_STATUS(0xcf)], Trans_ID: [11][Response], Conn_ID:[9]
02-14 03:47:31.900   214   643 D QC-QMI  : 01 13 00 80 E5 01 02 0B 00 CF 00 07 00 02 04 00 01 00 47 00 
02-14 03:47:31.900   214   643 D QC-QMI  : qmuxd: TX message on fd=19, to clientID = 1, len=54
02-14 03:47:31.900   214   643 D QC-QMI  : QMI platform I/O... blocking on poll fds
02-14 03:47:31.900   210   648 D QC-QMI  : qmi_client [210] 1: Received 54 bytes on fd = 23
02-14 03:47:31.900   210   648 D QC-QMI  :  API Flag .............. 1 
02-14 03:47:31.900   210   648 D QC-QMI  :  Message ID ............... 207 
02-14 03:47:31.900   210  1209 I RILC    : qmi_ril(0/210): RIL[0][cmd-20(296)] qcril_qmi_util_convert_qmi_response_codes_to_ril_result_ex: ctx check 0
02-14 03:47:31.900   210  1209 I RILC    : qmi_ril(0/210): RIL[0][cmd-20(296)] qcril_qmi_extend_get_registration_roaming_status: qcril_qmi_extend_get_registration_roaming_status complete, result=2, error=0, status=0
02-14 03:47:31.900   210  1209 I RILC    : qmi_ril(0/210): RIL[0][cmd-20(296)] qcril_qmi_voice_nas_control_convert_radio_tech_to_radio_tech_family: entered voice_radio_tech 0
02-14 03:47:31.900   210  1209 E RILC    : qmi_ril(0/210): RIL[0][cmd-20(296)] qcril_qmi_voice_nas_control_convert_radio_tech_to_radio_tech_family: invalid radio tech = 0
02-14 03:47:31.900   210  1209 I RILC    : qmi_ril(0/210): RIL[0][cmd-20(296)] qcril_qmi_voice_nas_control_convert_radio_tech_to_radio_tech_family: function exit with ret 0
02-14 03:47:31.900   210  1209 D RILC    : qmi_ril(0/210): RIL[0][cmd-20(296)] qcril_send_request_response: UI <--- RIL_REQUEST_REGISTRATION_STATE (20) Complete --- RIL [RID 0, Token id 27, Success, Len 60 ]
02-14 03:47:31.900   210  1209 I RILC    : qmi_ril(0/210): RIL[0][cmd-20(296)] qcril_reqlist_free: function exit with ret 1
02-14 03:47:31.900   210  1209 D RILC    : qmi_ril(0/210): RIL[0][cmd-20(296)] qmi_ril_fw_send_request_response_epilog: token under exec 27, completion token id 27
02-14 03:47:31.900   210  1209 D RILC    : qmi_ril(0/210): RIL[0][cmd-20(296)] qmi_ril_fw_send_request_response_epilog: postage resp to token id 27, a-r-id 20 (intermed. 20)
02-14 03:47:31.900   210  1209 D RILC    : [0027]< VOICE_REGISTRATION_STATE {12,(null),(null),0,(null),(null),(null),0,(null),(null),(null),(null),(null),0,bc}
02-14 03:47:31.900   210  1209 I RILC    : qmi_ril(0/210): RIL[0][cmd-20(296)] qmi_ril_unsuppress_android_unsol_resp: unsol_resp 1002 previous locker number 2
02-14 03:47:31.900   210  1209 I RILC    : qmi_ril(0/210): RIL[0][cmd-20(296)] qmi_ril_unsuppress_android_unsol_resp: unsol_resp 1035 previous locker number 2
02-14 03:47:31.900   210  1209 I RILC    : qmi_ril(0/210): RIL[0][cmd-20(296)] qcril_qmi_nas_restricted_state_handle_event: event 3 under state 1, cached details 2
02-14 03:47:31.900   210  1209 D RILC    : qmi_ril(0/210): RIL[0][cmd-20(296)] qcril_setup_timed_callback: Set timer with ID 6
02-14 03:47:31.900   210   313 I RILC    : qmi_ril(0/210): RIL[0][main] qcril_qmi_nas_retranslate_cs_ps_bar_info_handler: function entry
02-14 03:47:31.900   210   313 I RILC    : qmi_ril(0/210): RIL[0][main] qcril_qmi_nas_restricted_state_handle_event: event 4 under state 1, cached details 2
02-14 03:47:31.900   210   313 I RILC    : qmi_ril(0/210): RIL[0][main] qcril_qmi_nas_report_restricted_details: function entry
02-14 03:47:31.900   210  1209 D RILC    : qmi_ril(0/210): RIL[0][cmd-20(296)] qmi_ril_fw_destroy_android_live_params_copy: a-r-id 20, appron 3
02-14 03:47:31.900   210   313 E RILC    : qmi_ril(0/210): RIL[0][main] qcril_qmi_nas_report_restricted_details: .. reporting 2
02-14 03:47:31.900   210   313 I RILC    : qmi_ril(0/210): RIL[0][main] qmi_ril_check_android_unsol_resp_dispatchable: function exit with ret 1
02-14 03:47:31.900   210   313 D RILC    : qmi_ril(0/210): RIL[0][main] qcril_send_unsol_response_epilog: UI <--- RIL_UNSOL_RESTRICTED_STATE_CHANGED (1023) --- RIL [RID 0, Len 4, (null)]
02-14 03:47:31.900   210   313 D RILC    : [UNSL]< UNSOL_RESTRICTED_STATE_CHANGED {2}
02-14 03:47:31.900   210   313 I RILC    : qmi_ril(0/210): RIL[0][main] qcril_qmi_nas_report_restricted_details: function exit
02-14 03:47:31.900   210   313 I RILC    : qmi_ril(0/210): RIL[0][main] qcril_qmi_nas_restricted_state_handle_event: state changed to 0
02-14 03:47:31.900   210   313 I RILC    : qmi_ril(0/210): RIL[0][main] qcril_qmi_nas_retranslate_cs_ps_bar_info_handler: function exit
02-14 03:47:31.910   214   643 D QC-QMI  : QMI platform I/O... blocking on read  port[/dev/hsicctl0] conn_id[9]
02-14 03:47:31.910   214   643 D QC-QMI  : qmi_qmux: TX/RX - RX 20 bytes on conn_id=9
02-14 03:47:31.910   214   643 D QC-QMI  : QMI_Msg Len: [20], Serv_ID: [EXTEND(0xe5)], Msg_ID: [GET_REGISTRATION_ROAMING_STATUS(0xcf)], Trans_ID: [12][Response], Conn_ID:[9]
02-14 03:47:31.910   214   643 D QC-QMI  : 01 13 00 80 E5 01 02 0C 00 CF 00 07 00 02 04 00 01 00 47 00 
02-14 03:47:31.910   214   643 D QC-QMI  : qmuxd: TX message on fd=19, to clientID = 1, len=54
02-14 03:47:31.910   214   643 D QC-QMI  : QMI platform I/O... blocking on poll fds
02-14 03:47:31.910   210   648 D QC-QMI  : qmi_client [210] 1: Received 54 bytes on fd = 23
02-14 03:47:31.910   210   648 D QC-QMI  :  API Flag .............. 1 
02-14 03:47:31.910   210   648 D QC-QMI  :  Message ID ............... 207 
02-14 03:47:31.910   210  1210 I RILC    : qmi_ril(0/210): RIL[0][cmd-21(568)] qcril_qmi_util_convert_qmi_response_codes_to_ril_result_ex: ctx check 0
02-14 03:47:31.910   210  1210 I RILC    : qmi_ril(0/210): RIL[0][cmd-21(568)] qcril_qmi_extend_get_registration_roaming_status: qcril_qmi_extend_get_registration_roaming_status complete, result=2, error=0, status=0
02-14 03:47:31.910   210  1210 I RILC    : qmi_ril(0/210): RIL[0][cmd-21(568)] qcril_qmi_nas_request_data_registration_state: snapshot valid=[0], is snapshot feature enabled=[1]
02-14 03:47:31.910   210  1210 D RILC    : qmi_ril(0/210): RIL[0][cmd-21(568)] qcril_send_request_response: UI <--- RIL_REQUEST_DATA_REGISTRATION_STATE (21) Complete --- RIL [RID 0, Token id 28, Success, Len 24 ]
02-14 03:47:31.910   210  1210 I RILC    : qmi_ril(0/210): RIL[0][cmd-21(568)] qcril_reqlist_free: function exit with ret 1
02-14 03:47:31.910   210  1210 D RILC    : qmi_ril(0/210): RIL[0][cmd-21(568)] qmi_ril_fw_send_request_response_epilog: token under exec 28, completion token id 28
02-14 03:47:31.910   210  1210 D RILC    : qmi_ril(0/210): RIL[0][cmd-21(568)] qmi_ril_fw_send_request_response_epilog: postage resp to token id 28, a-r-id 21 (intermed. 21)
02-14 03:47:31.910   210  1210 D RILC    : [0028]< DATA_REGISTRATION_STATE {0,(null),(null),(null),0,20}
02-14 03:47:31.910   210  1210 I RILC    : qmi_ril(0/210): RIL[0][cmd-21(568)] qmi_ril_unsuppress_android_unsol_resp: unsol_resp 1002 previous locker number 1
02-14 03:47:31.910   210  1210 I RILC    : qmi_ril(0/210): RIL[0][cmd-21(568)] qmi_ril_unsuppress_android_unsol_resp: unsol_resp 1035 previous locker number 1
02-14 03:47:31.910   210  1210 D RILC    : qmi_ril(0/210): RIL[0][cmd-21(568)] qmi_ril_fw_destroy_android_live_params_copy: a-r-id 21, appron 3
02-14 03:47:32.010   210  1187 I RILC    : qmi_ril(0/210): RIL[0][cmd-73(792)] report_phone_mode_changed_by_user: preferred_type = 0, phone_mode_changed_reported_srv = 0
02-14 03:47:32.010   210  1187 I RILC    : qmi_ril(0/210): RIL[0][cmd-73(792)] qmi_ril_nwreg_request_mode_pref: function exit with ret 0
02-14 03:47:32.010   210  1187 D RILC    : qmi_ril(0/210): RIL[0][cmd-73(792)] qcril_send_request_response: UI <--- RIL_REQUEST_SET_PREFERRED_NETWORK_TYPE (73) Complete --- RIL [RID 0, Token id 8, Success, Len 0 ]
02-14 03:47:32.010   210  1187 I RILC    : qmi_ril(0/210): RIL[0][cmd-73(792)] qcril_reqlist_free: function exit with ret 1
02-14 03:47:32.010   210  1187 D RILC    : qmi_ril(0/210): RIL[0][cmd-73(792)] qmi_ril_fw_send_request_response_epilog: token under exec 8, completion token id 8
02-14 03:47:32.010   210  1187 D RILC    : qmi_ril(0/210): RIL[0][cmd-73(792)] qmi_ril_fw_send_request_response_epilog: postage resp to token id 8, a-r-id 73 (intermed. 73)
02-14 03:47:32.010   210  1187 D RILC    : [0008]< SET_PREFERRED_NETWORK_TYPE
02-14 03:47:32.010   210  1187 D RILC    : qmi_ril(0/210): RIL[0][cmd-73(792)] qmi_ril_fw_destroy_android_live_params_copy: a-r-id 73, appron 2
02-14 03:47:32.010   210  1187 I RILC    : qmi_ril(0/210): RIL[0][cmd-73(792)] qcril_qmi_nas_request_set_preferred_network_type: function exit
02-14 03:47:32.010   210  1187 D RILC    : qmi_ril(0/210): RIL[0][cmd-73(792)] qmi_ril_fw_destroy_android_live_params_copy: a-r-id 73, appron 2
02-14 03:47:32.310   210   663 I RILC    : qmi_ril(0/210): RIL[0][coex_opener] qcril_qmi_coex_riva_port_open_handler: Unable to open SMD RIVA port -1, attempt #83
02-14 03:47:32.811   210   663 I RILC    : qmi_ril(0/210): RIL[0][coex_opener] qcril_qmi_coex_riva_port_open_handler: Unable to open SMD RIVA port -1, attempt #84
02-14 03:47:33.311   210   663 I RILC    : qmi_ril(0/210): RIL[0][coex_opener] qcril_qmi_coex_riva_port_open_handler: Unable to open SMD RIVA port -1, attempt #85
02-14 03:47:33.812   210   663 I RILC    : qmi_ril(0/210): RIL[0][coex_opener] qcril_qmi_coex_riva_port_open_handler: Unable to open SMD RIVA port -1, attempt #86
02-14 03:47:34.052   210   318 D RILC    : qmi_ril(0/210): RIL[0] uevent_listener_thread: change@/devices/virtual/htc_portlist/packet_filter
02-14 03:47:34.052   210   318 I RILC    : qmi_ril(0/210): RIL[0] get_IPPort: get_IPPort entered
02-14 03:47:34.052   210   318 I RILC    : qmi_ril(0/210): RIL[0] get_IPPort: get_IPPort :flag=[1],portinfo_flag=[1]
