02-14 03:47:30.979   210   313 D RILC    : qmi_ril(0/210): RIL[0][main] onRequest: method 3, datalen 0
02-14 03:47:30.979   210   313 D RILC    : qmi_ril(0/210): RIL[0][main] onRequest: clean family 0
02-14 03:47:30.979   210   313 D RILC    : qmi_ril(0/210): RIL[0][main] onRequest: already waiting for exec 0
02-14 03:47:30.979   210   313 D RILC    : qmi_ril(0/210): RIL[0][main] onRequest: android_request_param_holder 416fccd0 hex
02-14 03:47:30.979   210   313 D RILC    : qmi_ril(0/210): RIL[0][main] onRequest: pending req kind 0 hex, awaitingexec req kind 0 hex
02-14 03:47:30.979   210   313 D RILC    : qmi_ril(0/210): RIL[0][main] onRequest: token under exec 13
02-14 03:47:30.979   210   313 D RILC    : qmi_ril(0/210): RIL[0][main] onRequest: pre-exec token id 13, a-r-id 22, audit 0, nrender 0
02-14 03:47:30.979   210   313 D RILC    : qmi_ril(0/210): RIL[0][main] qmi_ril_fw_android_request_render_execution: rendering exec for token id 13
02-14 03:47:30.979   210   313 I RILC    : qmi_ril(0/210): RIL[0][main] qmi_ril_fw_create_android_live_params_copy: function exit with ret 3
02-14 03:47:30.979   210   313 D RILC    : qmi_ril(0/210): RIL[0][main] onRequest: dispatch outcome = 0
02-14 03:47:30.979   210   313 D RILC    : [0014]> VOICE_REGISTRATION_STATE 
02-14 03:47:30.979   210   313 D RILC    : qmi_ril(0/210): RIL[0][main] onRequest: UI --- RIL_REQUEST_REGISTRATION_STATE (20) ---> RIL [RID 0, token id 14, data len 0]
02-14 03:47:30.989   210   313 D RILC    : qmi_ril(0/210): RIL[0][main] onRequest: handling caps 40001408 hex
02-14 03:47:30.989   210  1191 I RILC    : qmi_ril(0/210): RIL[0][cmd-45(144)] qmi_ril_fw_dedicated_request_exec_thread:  ..operational state 3
02-14 03:47:30.989   210  1192 I RILC    : qmi_ril(0/210): RIL[0] qmi_ril_fw_dedicated_request_exec_thread:  ..operational state 3
02-14 03:47:30.989   210  1191 I RILC    : qmi_ril(0/210): RIL[0][cmd-45(144)] qcril_qmi_nas_query_network_selection_mode: is_cached=1
02-14 03:47:30.989   210  1192 I RILC    : qmi_ril(0/210): RIL[0] qcril_qmi_nas_request_operator: function entry
02-14 03:47:30.989   210   313 I RILC    : qmi_ril(0/210): RIL[0][main] qmi_ril_fw_create_android_live_params_copy: function exit with ret 3
02-14 03:47:30.989   210  1192 I RILC    : qmi_ril(0/210): RIL[0] qcril_qmi_nas_request_operator: ..if_att_feature = 0
02-14 03:47:30.989   210  1191 I RILC    : qmi_ril(0/210): RIL[0][cmd-45(144)] qcril_qmi_nas_query_network_selection_mode: network_selection_mode: 0, ril_req_res: 0
02-14 03:47:30.989   210  1192 I RILC    : qmi_ril(0/210): RIL[0] qcril_qmi_nas_is_considered_registered: .. cache valid 1
02-14 03:47:30.989   210   313 D RILC    : qmi_ril(0/210): RIL[0][main] onRequest: method 3, datalen 0
02-14 03:47:30.989   210  1192 I RILC    : qmi_ril(0/210): RIL[0] qcril_qmi_nas_request_operator: now registered 0
02-14 03:47:30.989   210  1191 D RILC    : qmi_ril(0/210): RIL[0][cmd-45(144)] qcril_send_request_response: UI <--- RIL_REQUEST_QUERY_NETWORK_SELECTION_MODE (45) Complete --- RIL [RID 0, Token id 12, Success, Len 4 ]
02-14 03:47:30.989   210  1191 I RILC    : qmi_ril(0/210): RIL[0][cmd-45(144)] qcril_reqlist_free: function exit with ret 1
02-14 03:47:30.989   210  1192 I RILC    : qmi_ril(0/210): RIL[0] qcril_qmi_nas_request_operator: .. res empty as not in full service
02-14 03:47:30.989   210   313 I RILC    : qmi_ril(0/210): RIL[0][main] qmi_ril_fw_android_request_flow_control_find_busy_kind: function exit with ret 1100178056
02-14 03:47:30.989   210   313 D RILC    : qmi_ril(0/210): RIL[0][main] onRequest: clean family 0
02-14 03:47:30.989   210  1192 D RILC    : qmi_ril(0/210): RIL[0] qcril_send_request_response: UI <--- RIL_REQUEST_OPERATOR (22) Complete --- RIL [RID 0, Token id 13, Success, Len 12 ]
02-14 03:47:30.989   210  1192 I RILC    : qmi_ril(0/210): RIL[0] qcril_reqlist_free: function exit with ret 1
02-14 03:47:30.989   210   313 D RILC    : qmi_ril(0/210): RIL[0][main] onRequest: android_request_param_holder 416fcbd0 hex
02-14 03:47:30.989   210   313 D RILC    : qmi_ril(0/210): RIL[0][main] onRequest: pending req kind 41936288 hex, awaitingexec req kind 0 hex
02-14 03:47:30.989   210   313 D RILC    : qmi_ril(0/210): RIL[0][main] onRequest: pre-exec token id 14, a-r-id 20, audit 0, nrender 1
02-14 03:47:30.989   210  1191 D RILC    : qmi_ril(0/210): RIL[0][cmd-45(144)] qmi_ril_fw_send_request_response_epilog: token under exec 12, completion token id 12
02-14 03:47:30.989   210  1191 D RILC    : qmi_ril(0/210): RIL[0][cmd-45(144)] qmi_ril_fw_send_request_response_epilog: postage resp to token id 12, a-r-id 45 (intermed. 45)
02-14 03:47:30.989   210   313 D RILC    : qmi_ril(0/210): RIL[0][main] onRequest: dispatch outcome = 0
02-14 03:47:30.989   210  1191 D RILC    : [0012]< QUERY_NETWORK_SELECTION_MODE {0}
02-14 03:47:30.989   210  1191 D RILC    : qmi_ril(0/210): RIL[0][cmd-45(144)] qmi_ril_fw_destroy_android_live_params_copy: a-r-id 45, appron 3
02-14 03:47:30.989   210  1192 D RILC    : qmi_ril(0/210): RIL[0] qmi_ril_fw_send_request_response_epilog: token under exec 13, completion token id 13
02-14 03:47:30.989   210  1192 D RILC    : qmi_ril(0/210): RIL[0] qmi_ril_fw_send_request_response_epilog: postage resp to token id 13, a-r-id 22 (intermed. 22)
02-14 03:47:30.989   210  1192 D RILC    : [0013]< OPERATOR {(null),(null),(null)}
02-14 03:47:30.989   210  1192 I RILC    : qmi_ril(0/210): RIL[0] qcril_qmi_nas_request_operator: complete with 0
02-14 03:47:30.989   210  1192 D RILC    : qmi_ril(0/210): RIL[0] qmi_ril_fw_destroy_android_live_params_copy: a-r-id 22, appron 3
02-14 03:47:30.989   210   313 D RILC    : [0015]> DATA_REGISTRATION_STATE 
02-14 03:47:30.989   210   313 D RILC    : qmi_ril(0/210): RIL[0][main] onRequest: UI --- RIL_REQUEST_DATA_REGISTRATION_STATE (21) ---> RIL [RID 0, token id 15, data len 0]
02-14 03:47:30.989   210   313 D RILC    : qmi_ril(0/210): RIL[0][main] onRequest: handling caps 40001508 hex
02-14 03:47:30.989   210   313 I RILC    : qmi_ril(0/210): RIL[0][main] qmi_ril_fw_create_android_live_params_copy: function exit with ret 3
02-14 03:47:30.989   210   313 D RILC    : qmi_ril(0/210): RIL[0][main] onRequest: method 3, datalen 0
02-14 03:47:30.989   210   313 I RILC    : qmi_ril(0/210): RIL[0][main] qmi_ril_fw_android_request_flow_control_find_busy_kind: function exit with ret 1100178088
02-14 03:47:30.989   210   313 D RILC    : qmi_ril(0/210): RIL[0][main] onRequest: clean family 0
02-14 03:47:30.989   210   313 D RILC    : qmi_ril(0/210): RIL[0][main] onRequest: android_request_param_holder 416fcc58 hex
02-14 03:47:30.989   210   313 D RILC    : qmi_ril(0/210): RIL[0][main] onRequest: pending req kind 419362a8 hex, awaitingexec req kind 0 hex
02-14 03:47:30.989   210   313 D RILC    : qmi_ril(0/210): RIL[0][main] onRequest: pre-exec token id 15, a-r-id 21, audit 0, nrender 1
02-14 03:47:30.989   210   313 D RILC    : qmi_ril(0/210): RIL[0][main] onRequest: dispatch outcome = 0
02-14 03:47:30.989   210   313 D RILC    : [0016]> QUERY_NETWORK_SELECTION_MODE 
02-14 03:47:30.989   210   313 D RILC    : qmi_ril(0/210): RIL[0][main] onRequest: UI --- RIL_REQUEST_QUERY_NETWORK_SELECTION_MODE (45) ---> RIL [RID 0, token id 16, data len 0]
02-14 03:47:30.989   210   313 D RILC    : qmi_ril(0/210): RIL[0][main] onRequest: handling caps 40002d08 hex
02-14 03:47:30.989   210   313 I RILC    : qmi_ril(0/210): RIL[0][main] qmi_ril_fw_create_android_live_params_copy: function exit with ret 3
02-14 03:47:30.989   210   313 D RILC    : qmi_ril(0/210): RIL[0][main] onRequest: method 3, datalen 0
02-14 03:47:30.989   210   313 D RILC    : qmi_ril(0/210): RIL[0][main] onRequest: clean family 0
02-14 03:47:30.989   210   313 D RILC    : qmi_ril(0/210): RIL[0][main] onRequest: already waiting for exec 0
02-14 03:47:30.989   210   313 D RILC    : qmi_ril(0/210): RIL[0][main] onRequest: android_request_param_holder 416fd718 hex
02-14 03:47:30.989   210   313 D RILC    : qmi_ril(0/210): RIL[0][main] onRequest: pending req kind 0 hex, awaitingexec req kind 0 hex
02-14 03:47:30.989   210   313 D RILC    : qmi_ril(0/210): RIL[0][main] onRequest: token under exec 16
02-14 03:47:30.989   210   313 D RILC    : qmi_ril(0/210): RIL[0][main] onRequest: pre-exec token id 16, a-r-id 45, audit 0, nrender 0
02-14 03:47:30.989   210   313 D RILC    : qmi_ril(0/210): RIL[0][main] qmi_ril_fw_android_request_render_execution: rendering exec for token id 16
02-14 03:47:30.989   210   313 I RILC    : qmi_ril(0/210): RIL[0][main] qmi_ril_fw_create_android_live_params_copy: function exit with ret 3
02-14 03:47:30.989   210   313 D RILC    : qmi_ril(0/210): RIL[0][main] onRequest: dispatch outcome = 0
02-14 03:47:30.989   210  1193 I RILC    : qmi_ril(0/210): RIL[0][cmd-45(176)] qmi_ril_fw_dedicated_request_exec_thread:  ..operational state 3
02-14 03:47:30.989   210  1193 I RILC    : qmi_ril(0/210): RIL[0][cmd-45(176)] qcril_qmi_nas_query_network_selection_mode: is_cached=1
02-14 03:47:30.989   210  1193 I RILC    : qmi_ril(0/210): RIL[0][cmd-45(176)] qcril_qmi_nas_query_network_selection_mode: network_selection_mode: 0, ril_req_res: 0
02-14 03:47:30.989   210  1193 D RILC    : qmi_ril(0/210): RIL[0][cmd-45(176)] qcril_send_request_response: UI <--- RIL_REQUEST_QUERY_NETWORK_SELECTION_MODE (45) Complete --- RIL [RID 0, Token id 16, Success, Len 4 ]
02-14 03:47:30.989   210  1193 I RILC    : qmi_ril(0/210): RIL[0][cmd-45(176)] qcril_reqlist_free: function exit with ret 1
02-14 03:47:30.989   210  1193 D RILC    : qmi_ril(0/210): RIL[0][cmd-45(176)] qmi_ril_fw_send_request_response_epilog: token under exec 16, completion token id 16
02-14 03:47:30.989   210  1193 D RILC    : qmi_ril(0/210): RIL[0][cmd-45(176)] qmi_ril_fw_send_request_response_epilog: postage resp to token id 16, a-r-id 45 (intermed. 45)
02-14 03:47:30.989   210  1193 D RILC    : [0016]< QUERY_NETWORK_SELECTION_MODE {0}
02-14 03:47:30.989   210   313 D RILC    : [0017]> GET_SIM_STATUS 
02-14 03:47:30.989   210   313 D RILC    : qmi_ril(0/210): RIL[0][main] onRequest: UI --- RIL_REQUEST_GET_SIM_STATUS (1) ---> RIL [RID 0, token id 17, data len 0]
02-14 03:47:30.989   210  1193 D RILC    : qmi_ril(0/210): RIL[0][cmd-45(176)] qmi_ril_fw_destroy_android_live_params_copy: a-r-id 45, appron 3
02-14 03:47:30.989   210   313 D RILC    : qmi_ril(0/210): RIL[0][main] onRequest: handling caps 20000100 hex
02-14 03:47:30.989   210   313 D RILC    : qmi_ril(0/210): RIL[0][main] onRequest: pre-exec token id 17, a-r-id 1, audit 0, nrender 0
02-14 03:47:30.989   210   313 D RILC    : qmi_ril(0/210): RIL[0][main] qmi_ril_fw_android_request_render_execution: rendering exec for token id 17
02-14 03:47:30.989   210   313 I RILC    : qmi_ril(0/210): RIL[0][main] qcril_uim_request_get_sim_status: qcril_uim_request_get_sim_status
02-14 03:47:30.989   210   313 I RILC    : qmi_ril(0/210): RIL[0][main] qcril_uim_instance_id_to_slot: Slot found: 0x0
02-14 03:47:30.989   210   313 I RILC    : qmi_ril(0/210): RIL[0][main] qcril_reqlist_default_entry: function entry
02-14 03:47:30.989   210   313 I RILC    : qmi_ril(0/210): RIL[0][main] qcril_reqlist_new: function entry
02-14 03:47:30.989   210   313 I RILC    : qmi_ril(0/210): RIL[0][main] qcril_reqlist_new_all: [RID 0] Event RIL_REQUEST_GET_SIM_STATUS(1), token id 17 [ 0x41703b40], req id 2 : 
02-14 03:47:30.989   210   313 I RILC    : qmi_ril(0/210): RIL[0][main] qcril_reqlist_new_all:                        MID 0, pending receipt of <none>, state QCRIL_REQ_AWAITING_CALLBACK(2)
02-14 03:47:30.989   210   313 D RILC    : qmi_ril(0/210): RIL[0][main] qcril_reqlist_print_all: [RID 0] ReqList entries :
02-14 03:47:30.989   210   313 D RILC    : qmi_ril(0/210): RIL[0][main] qcril_reqlist_print_all:     RIL_REQUEST_GET_SIM_STATUS (1), token id 17 followed 0x0 following 0x0
02-14 03:47:30.989   210   313 D RILC    : qmi_ril(0/210): RIL[0][main] qcril_reqlist_print_all: [RID 0] ReqList entries :
02-14 03:47:30.989   210   313 D RILC    : qmi_ril(0/210): RIL[0][main] qcril_reqlist_print_all:     RIL_REQUEST_GET_SIM_STATUS (1), token id 17 followed 0x0 following 0x0
02-14 03:47:30.989   210   313 I RILC    : qmi_ril(0/210): RIL[0][main] qcril_uim_construct_card_status: qcril_uim_construct_card_status
02-14 03:47:30.989   210   313 D RILC    : qmi_ril(0/210): RIL[0][main] qcril_uim_convert_card_state: [HTC.QCRIL] qmi_card_state=2, qmi_card_error=3, ril_card_state_ptr=0
02-14 03:47:30.989   210   313 I RILC    : qmi_ril(0/210): RIL[0][main] qcril_uim_request_get_sim_status: silent reset mr_pin_unlock_state: 0
02-14 03:47:30.989   210   313 I RILC    : qmi_ril(0/210): RIL[0][main] qcril_qmi_nas_dms_is_in_online_mode: function exit with ret 1
02-14 03:47:30.989   210   313 I RILC    : qmi_ril(0/210): RIL[0][main] qcril_reqlist_find: [RID 0] Found ReqList entry : RIL_REQUEST_GET_SIM_STATUS(1), token id 17
02-14 03:47:30.989   210   313 D RILC    : qmi_ril(0/210): RIL[0][main] qcril_send_request_response: UI <--- RIL_REQUEST_GET_SIM_STATUS (1) Complete --- RIL [RID 0, Token id 17, Success, Len 280 ]
02-14 03:47:30.989   210   313 I RILC    : qmi_ril(0/210): RIL[0][main] qcril_reqlist_find: [RID 0] Found ReqList entry : RIL_REQUEST_GET_SIM_STATUS(1), token id 17
02-14 03:47:30.989   210   313 I RILC    : qmi_ril(0/210): RIL[0][main] qcril_reqlist_find: [RID 0] Found ReqList entry : RIL_REQUEST_GET_SIM_STATUS(1), token id 17
02-14 03:47:30.989   210   313 I RILC    : qmi_ril(0/210): RIL[0][main] qcril_reqlist_find: [RID 0] Found ReqList entry : RIL_REQUEST_GET_SIM_STATUS(1), token id 17
02-14 03:47:30.989   210   313 I RILC    : qmi_ril(0/210): RIL[0][main] qcril_reqlist_remove_request_pub_from_reqlist: [RID 0] Deleted ReqList entry : token id 17 [0x41703b40]
02-14 03:47:30.989   210   313 D RILC    : qmi_ril(0/210): RIL[0][main] qmi_ril_fw_send_request_response_epilog: postage resp to token id 17, a-r-id 1 (intermed. 1)
02-14 03:47:30.989   210   313 D RILC    : [0017]< GET_SIM_STATUS {}
02-14 03:47:30.989   210   313 I RILC    : qmi_ril(0/210): RIL[0][main] qcril_uim_free_aid_and_label_info: Freeing AID & label buffers
02-14 03:47:30.989   210   313 D RILC    : qmi_ril(0/210): RIL[0][main] onRequest: dispatch outcome = 0
02-14 03:47:30.999   214   643 D QC-QMI  : QMI platform I/O... blocking on read  port[/dev/hsicctl0] conn_id[9]
02-14 03:47:30.999   214   643 D QC-QMI  : qmi_qmux: TX/RX - RX 20 bytes on conn_id=9
02-14 03:47:30.999   214   643 D QC-QMI  : QMI_Msg Len: [20], Serv_ID: [NAS(0x3)], Msg_ID: [SET_SYSTEM_SELECTION_PREFERENCE(0x33)], Trans_ID: [9][Response], Conn_ID:[9]
02-14 03:47:30.999   214   643 D QC-QMI  : 01 13 00 80 03 01 02 09 00 33 00 07 00 02 04 00 00 00 00 00 
02-14 03:47:30.999   214   643 D QC-QMI  : qmuxd: TX message on fd=19, to clientID = 1, len=54
02-14 03:47:30.999   214   643 D QC-QMI  : QMI platform I/O... blocking on poll fds
02-14 03:47:30.999   210   648 D QC-QMI  : qmi_client [210] 1: Received 54 bytes on fd = 23
02-14 03:47:30.999   210   648 D QC-QMI  :  API Flag .............. 1 
02-14 03:47:30.999   210   648 D QC-QMI  :  Message ID ............... 51 
02-14 03:47:30.999   210  1187 I RILC    : qmi_ril(0/210): RIL[0][cmd-73(792)] qcril_qmi_util_convert_qmi_response_codes_to_ril_result_ex: ctx check 0
02-14 03:47:30.999   210  1187 I RILC    : qmi_ril(0/210): RIL[0][cmd-73(792)] qmi_ril_nwreg_request_mode_pref: .. feedback 0 / 0
02-14 03:47:31.009   210  1187 I RILC    : qmi_ril(0/210): RIL[0][cmd-73(792)] qmi_ril_nwreg_request_mode_pref: Set persist.radio.prefer.network to 0
02-14 03:47:31.009   210  1187 I RILC    : qmi_ril(0/210): RIL[0][cmd-73(792)] qcril_qmi_nas_initiate_voice_rte_change_propagation: function entry
02-14 03:47:31.009   210  1187 D RILC    : qmi_ril(0/210): RIL[0][cmd-73(792)] qcril_event_queue: Event [QCRIL_EVT_QMI_RIL_POST_VOICE_RTE_CHANGE_IND, a0029] data was NULL
02-14 03:47:31.009   210  1187 D RILC    : qmi_ril(0/210): RIL[0][cmd-73(792)] qcril_event_queue: RID 0 MID 0 Queued event QCRIL_EVT_QMI_RIL_POST_VOICE_RTE_CHANGE_IND (0 bytes)(obj 0x41700fe8)
02-14 03:47:31.009   210   316 D RILC    : qmi_ril(0/210): RIL[0][event] qcril_event_main: 1 items on queue
02-14 03:47:31.009   210  1187 I RILC    : qmi_ril(0/210): RIL[0][cmd-73(792)] qcril_qmi_nas_initiate_voice_rte_change_propagation: function exit
02-14 03:47:31.009   210   316 D RILC    : qmi_ril(0/210): RIL[0][event] qcril_event_main: RID 0 MID 0 De-queued event QCRIL_EVT_QMI_RIL_POST_VOICE_RTE_CHANGE_IND (655401)(obj 0x41700fe8)
02-14 03:47:31.009   210  1187 I RILC    : qmi_ril(0/210): RIL[0][cmd-73(792)] qcril_qmi_arb_reset_pref_data_snapshot: function entry
02-14 03:47:31.009   210   316 D RILC    : qmi_ril(0/210): RIL[0][event] qcril_process_event: RIL <--- QCRIL_EVT_QMI_RIL_POST_VOICE_RTE_CHANGE_IND(655401), RID 0, MID 0 --- AMSS
02-14 03:47:31.009   210  1187 I RILC    : qmi_ril(0/210): RIL[0][cmd-73(792)] qcril_qmi_arb_reset_pref_data_snapshot: function exit
02-14 03:47:31.009   210   316 I RILC    : qmi_ril(0/210): RIL[0][event] qcril_qmi_nas_post_voice_rte_change_ind_handler: function entry
02-14 03:47:31.009   210  1187 I RILC    : qmi_ril(0/210): RIL[0][cmd-73(792)] qmi_ril_nw_reg_initiate_post_cfg_ban_for_data_reg_extrapolation_ncl: function entry
02-14 03:47:31.009   210   316 I RILC    : qmi_ril(0/210): RIL[0][event] qcril_qmi_get_voice_radio_technology: function entry
02-14 03:47:31.009   210   316 I RILC    : qmi_ril(0/210): RIL[0][event] qcril_qmi_get_voice_radio_technology: .. is ICS 1
02-14 03:47:31.009   210   316 I RILC    : qmi_ril(0/210): RIL[0][event] qcril_qmi_get_voice_radio_technology: .. domestic radio tech 0
02-14 03:47:31.009   210   316 I RILC    : qmi_ril(0/210): RIL[0][event] qcril_qmi_get_voice_radio_technology: .. mode_pref valid 1
02-14 03:47:31.009   210  1187 D RILC    : qmi_ril(0/210): RIL[0][cmd-73(792)] qcril_setup_timed_callback: Set timer with ID 3
02-14 03:47:31.009   210   316 I RILC    : qmi_ril(0/210): RIL[0][event] qcril_qmi_get_voice_radio_technology: .. mode_pref 12
02-14 03:47:31.009   210  1187 I RILC    : qmi_ril(0/210): RIL[0][cmd-73(792)] qmi_ril_nw_reg_initiate_post_cfg_ban_for_data_reg_extrapolation_ncl: function exit
02-14 03:47:31.009   210   316 I RILC    : qmi_ril(0/210): RIL[0][event] qcril_qmi_get_voice_radio_technology: .. pre-intermediate answer_generated 0, response 0
02-14 03:47:31.009   210   316 I RILC    : qmi_ril(0/210): RIL[0][event] qcril_qmi_get_voice_radio_technology: .. post-pre-intermediate answer_generated 0, response 0
02-14 03:47:31.009   210   316 I RILC    : qmi_ril(0/210): RIL[0][event] qcril_qmi_get_voice_radio_technology: .. intermediate answer_generated 1, response 3
02-14 03:47:31.009   210   316 I RILC    : qmi_ril(0/210): RIL[0][event] qcril_qmi_get_voice_radio_technology: .. result 3, answer_generated 1
02-14 03:47:31.009   210   316 I RILC    : qmi_ril(0/210): RIL[0][event] qcril_qmi_get_voice_radio_technology: function exit with ret 0
02-14 03:47:31.009   210   316 I RILC    : qmi_ril(0/210): RIL[0][event] qcril_qmi_nas_set_calculated_voice_radio_tech: entered voice_radio_tech 3
02-14 03:47:31.009   210   316 I RILC    : qmi_ril(0/210): RIL[0][event] qcril_qmi_nas_set_calculated_voice_radio_tech: function exit
02-14 03:47:31.009   210   316 I RILC    : qmi_ril(0/210): RIL[0][event] qcril_qmi_nas_evaluate_voice_rte_propagation: function entry
02-14 03:47:31.009   210   316 I RILC    : qmi_ril(0/210): RIL[0][event] qcril_qmi_voice_nas_control_get_current_calls_number: function entry
02-14 03:47:31.009   210   316 I RILC    : qmi_ril(0/210): RIL[0][event] qcril_qmi_voice_nas_control_get_current_calls_number: function exit with ret 0
02-14 03:47:31.009   210   316 I RILC    : qmi_ril(0/210): RIL[0][event] qcril_qmi_data_nas_control_get_current_calls_number: function entry
02-14 03:47:31.009   210   316 I RILC    : qmi_ril(0/210): RIL[0][event] qcril_data_get_active_calls: qcril_data_get_active_calls : ENTRY
02-14 03:47:31.009   210   316 I RILC    : qmi_ril(0/210): RIL[0][event] qcril_data_get_active_calls: >>>>>> LOCK QCRIL_DATA MUTEX 41450c98
02-14 03:47:31.009   210   316 I RILC    : qmi_ril(0/210): RIL[0][event] qcril_data_get_active_calls: <<<<<< UNLOCK QCRIL_DATA MUTEX 41450c98
02-14 03:47:31.009   210   316 I RILC    : qmi_ril(0/210): RIL[0][event] qcril_data_get_active_calls: Query reported [0] call records, table[0x0]
02-14 03:47:31.009   210   316 I RILC    : qmi_ril(0/210): RIL[0][event] qcril_data_get_active_calls: qcril_data_get_active_calls : EXIT
02-14 03:47:31.009   210   316 I RILC    : qmi_ril(0/210): RIL[0][event] qcril_qmi_data_nas_control_get_current_calls_number: function exit with ret 0
02-14 03:47:31.009   210   316 I RILC    : qmi_ril(0/210): RIL[0][event] qcril_qmi_nas_get_reported_voice_radio_tech: function entry
02-14 03:47:31.009   210   316 I RILC    : qmi_ril(0/210): RIL[0][event] qcril_qmi_nas_get_reported_voice_radio_tech: completed with voice_radio_tech 3
02-14 03:47:31.009   210   316 I RILC    : qmi_ril(0/210): RIL[0][event] qcril_qmi_voice_nas_control_convert_radio_tech_to_radio_tech_family: entered voice_radio_tech 3
02-14 03:47:31.009   210   316 I RILC    : qmi_ril(0/210): RIL[0][event] qcril_qmi_voice_nas_control_convert_radio_tech_to_radio_tech_family: function exit with ret 1
02-14 03:47:31.009   210   316 I RILC    : qmi_ril(0/210): RIL[0][event] qcril_qmi_nas_get_calculated_voice_radio_tech: function entry
02-14 03:47:31.009   210   316 I RILC    : qmi_ril(0/210): RIL[0][event] qcril_qmi_nas_get_calculated_voice_radio_tech: completed with voice_radio_tech 3
02-14 03:47:31.009   210   316 I RILC    : qmi_ril(0/210): RIL[0][event] qcril_qmi_voice_nas_control_convert_radio_tech_to_radio_tech_family: entered voice_radio_tech 3
02-14 03:47:31.009   210   316 I RILC    : qmi_ril(0/210): RIL[0][event] qcril_qmi_voice_nas_control_convert_radio_tech_to_radio_tech_family: function exit with ret 1
02-14 03:47:31.009   210   316 I RILC    : qmi_ril(0/210): RIL[0][event] qcril_qmi_nas_evaluate_voice_rte_propagation: voice rat confd 4
02-14 03:47:31.009   210   316 I RILC    : qmi_ril(0/210): RIL[0][event] qmi_ril_voice_is_eme_oos: function entry
02-14 03:47:31.009   210   316 I RILC    : qmi_ril(0/210): RIL[0][event] qcril_qmi_voice_voip_find_call_info_entry_by_elaboration_any_subset: entry with pattern 33554432
02-14 03:47:31.009   210   316 I RILC    : qmi_ril(0/210): RIL[0][event] qcril_qmi_voice_voip_find_call_info_entry_by_elaboration_any_subset: function exit with ret 0
02-14 03:47:31.009   210   316 I RILC    : qmi_ril(0/210): RIL[0][event] qmi_ril_voice_is_eme_oos: function exit with ret 0
02-14 03:47:31.009   210   316 I RILC    : qmi_ril(0/210): RIL[0][event] qcril_qmi_nas_evaluate_voice_rte_propagation: num of voice calls 0, num of data calls 0, skip_data_call_check 0, is eme oos 0, rat confd 4
02-14 03:47:31.009   210   316 I RILC    : qmi_ril(0/210): RIL[0][event] qcril_qmi_nas_evaluate_voice_rte_propagation: reported tech 3, family 1 - calculated tech 3, family 1
02-14 03:47:31.009   210   316 I RILC    : qmi_ril(0/210): RIL[0][event] qcril_qmi_nas_evaluate_voice_rte_propagation: function exit
02-14 03:47:31.009   210   316 I RILC    : qmi_ril(0/210): RIL[0][event] qcril_qmi_nas_post_voice_rte_change_ind_handler: function exit
02-14 03:47:31.009   210   316 I RILC    : qmi_ril(0/210): RIL[0][event] qcril_process_event: Exit QCRIL_EVT_QMI_RIL_POST_VOICE_RTE_CHANGE_IND, err_no 0
02-14 03:47:31.009   210   316 D RILC    : qmi_ril(0/210): RIL[0][event] qcril_event_main: Waiting...
02-14 03:47:31.019   214   643 D QC-QMI  : QMI platform I/O... blocking on read  port[/dev/hsicctl0] conn_id[9]
02-14 03:47:31.019   214   643 D QC-QMI  : qmi_qmux: TX/RX - RX 79 bytes on conn_id=9
02-14 03:47:31.019   214   643 D QC-QMI  : QMI_Msg Len: [79], Serv_ID: [NAS(0x3)], Msg_ID: [GET_SYSTEM_SELECTION_PREFERENCE(0x34)], Trans_ID: [0][Indication], Conn_ID:[9]
02-14 03:47:31.019   214   643 D QC-QMI  : 01 4E 00 80 03 01 04 00 00 34 00 42 00 10 01 00 00 11 02 00 0C 00 12 08 00 FF FF FF BF FF FF FF 
02-14 03:47:31.019   214   643 D QC-QMI  : FF 13 02 00 FF 3F 14 02 00 FF 00 15 08 00 FF 3F 9F 01 FF 07 00 00 16 01 00 00 18 04 00 02 00 00 
02-14 03:47:31.019   214   643 D QC-QMI  : 00 19 04 00 02 00 00 00 1C 04 00 03 08 05 04 
02-14 03:47:31.019   214   643 D QC-QMI  : qmuxd: TX message on fd=19, to clientID = 1, len=113
02-14 03:47:31.019   214   643 D QC-QMI  : QMI platform I/O... blocking on poll fds
02-14 03:47:31.019   210   648 D QC-QMI  : qmi_client [210] 1: Received 113 bytes on fd = 23
02-14 03:47:31.019   210   648 D QC-QMI  : qmi_service.c RX indication for conn=9, srvc=3
02-14 03:47:31.019   210   648 D QC-QMI  : Processing indication: Mesage4 ID=  52, Service ID = 3
02-14 03:47:31.019   210   648 D QC-QMI  : Client 9010300 gets indication callback
02-14 03:47:31.019   210   648 I RILC    : qmi_ril(0/210): RIL[0][qmi_cb] qcril_qmi_nas_unsolicited_indication_cb: invoked msg 0x34
02-14 03:47:31.019   210   648 I RILC    : qmi_ril(0/210): RIL[0][qmi_cb] qcril_qmi_nas_is_considered_registered: .. cache valid 1
02-14 03:47:31.019   210   648 I RILC    : qmi_ril(0/210): RIL[0][qmi_cb] qcril_qmi_nas_system_selection_preference_ind_conv_qmi2ril: .. new mode pref valid , value 1
02-14 03:47:31.019   210   648 I RILC    : qmi_ril(0/210): RIL[0][qmi_cb] qcril_qmi_nas_system_selection_preference_ind_conv_qmi2ril: .. new net sel pref valid , value 1
02-14 03:47:31.019   210   648 I RILC    : qmi_ril(0/210): RIL[0][qmi_cb] qcril_qmi_nas_system_selection_preference_ind_conv_qmi2ril: .. new emergency mode valid , value 1
02-14 03:47:31.019   210   648 I RILC    : qmi_ril(0/210): RIL[0][qmi_cb] qcril_qmi_nas_system_selection_preference_ind_conv_qmi2ril: .. new prl pref valid , value 1
02-14 03:47:31.019   210   648 I RILC    : qmi_ril(0/210): RIL[0][qmi_cb] qmi_ril_nwr_set_eme_cbm: entered, mode requested 1
02-14 03:47:31.019   210   648 I RILC    : qmi_ril(0/210): RIL[0][qmi_cb] qmi_ril_nwr_set_eme_cbm: .. cur 1
02-14 03:47:31.019   210   648 I RILC    : qmi_ril(0/210): RIL[0][qmi_cb] qmi_ril_nwr_set_eme_cbm: .. go_on, rule 0, 1
02-14 03:47:31.019   210   648 I RILC    : qmi_ril(0/210): RIL[0][qmi_cb] qmi_ril_nwr_set_eme_cbm: completed, new mode 1
02-14 03:47:31.019   210   648 I RILC    : qmi_ril(0/210): RIL[0][qmi_cb] qcril_qmi_nas_unsolicited_indication_cb: .. operational state 3
02-14 03:47:31.029   214   643 D QC-QMI  : QMI platform I/O... blocking on read  port[/dev/hsicctl0] conn_id[9]
02-14 03:47:31.029   214   643 D QC-QMI  : qmi_qmux: TX/RX - RX 39 bytes on conn_id=9
02-14 03:47:31.029   214   643 D QC-QMI  : QMI_Msg Len: [39], Serv_ID: [NAS(0x3)], Msg_ID: [GET_SYS_INFO(0x4d)], Trans_ID: [10][Response], Conn_ID:[9]
02-14 03:47:31.029   214   643 D QC-QMI  : 01 26 00 80 03 01 02 0A 00 4D 00 1A 00 02 04 00 00 00 00 00 12 03 00 00 00 00 13 03 00 00 00 00 
02-14 03:47:31.029   214   643 D QC-QMI  : 27 04 00 00 00 00 00 
02-14 03:47:31.029   214   643 D QC-QMI  : qmuxd: TX message on fd=19, to clientID = 1, len=73
02-14 03:47:31.029   214   643 D QC-QMI  : QMI platform I/O... blocking on poll fds
02-14 03:47:31.029   210   648 D QC-QMI  : qmi_client [210] 1: Received 73 bytes on fd = 23
02-14 03:47:31.029   210   648 D QC-QMI  :  API Flag .............. 1 
02-14 03:47:31.029   210   648 D QC-QMI  :  Message ID ............... 77 
02-14 03:47:31.029   210  1189 I RILC    : qmi_ril(0/210): RIL[0][cmd-20(232)] qcril_qmi_util_convert_qmi_response_codes_to_ril_result_ex: ctx check 0
02-14 03:47:31.029   210  1189 I RILC    : qmi_ril(0/210): RIL[0][cmd-20(232)] qcril_qmi_nas_update_voice_rte:  .. prep CDMA=[0], GSM=[1], WCDMA=[1], TDSCDMA=[0], LTE=[0], EVDO=[0]
02-14 03:47:31.029   210  1189 I RILC    : qmi_ril(0/210): RIL[0][cmd-20(232)] qcril_qmi_nas_get_nw_selection_mode: returning pref 0 
02-14 03:47:31.029   210  1189 D RILC    : qmi_ril(0/210): RIL[0][cmd-20(232)] qcril_qmi_nas_util_convert_nas_srv_status_to_ril_reg_status: reg_status: 0,-1,-1,-1,-1,1,0,0,-1,2
02-14 03:47:31.029   210  1189 I RILC    : qmi_ril(0/210): RIL[0][cmd-20(232)] qcril_qmi_nas_get_nw_selection_mode: returning pref 0 
02-14 03:47:31.029   210  1189 D RILC    : qmi_ril(0/210): RIL[0][cmd-20(232)] qcril_qmi_nas_util_convert_nas_srv_status_to_ril_reg_status: reg_status: 0,-1,-1,-1,-1,1,0,0,-1,2
02-14 03:47:31.029   210  1189 I RILC    : qmi_ril(0/210): RIL[0][cmd-20(232)] qcril_qmi_nas_update_voice_rte: .. reg - 1x: 0, gsm: 2, wcdma: 2, lte: 0, hdr: 0
02-14 03:47:31.029   210  1189 I RILC    : qmi_ril(0/210): RIL[0][cmd-20(232)] qcril_qmi_nas_update_voice_rte: completed, new vrte 0 with confidence 4
02-14 03:47:31.029   210  1189 I RILC    : qmi_ril(0/210): RIL[0][cmd-20(232)] qcril_qmi_get_pref_data_tech: before translation : is_current 1 network_type 0 rat_mask 8000 db_so_mask 0 pref_data_tech UNKNOWN
02-14 03:47:31.029   210  1189 I RILC    : qmi_ril(0/210): RIL[0][cmd-20(232)] qcril_qmi_voice_voip_find_call_info_entry_by_andoid_call_state: entry with id 0
02-14 03:47:31.029   210  1189 I RILC    : qmi_ril(0/210): RIL[0][cmd-20(232)] qcril_qmi_voice_voip_find_call_info_entry_by_andoid_call_state: function exit with ret 0
02-14 03:47:31.029   210  1189 I RILC    : qmi_ril(0/210): RIL[0][cmd-20(232)] qcril_qmi_convert_rat_mask_to_technology: call state is not active
02-14 03:47:31.029   210  1189 I RILC    : qmi_ril(0/210): RIL[0][cmd-20(232)] qcril_qmi_convert_rat_mask_to_technology: technology UNKNOWN
02-14 03:47:31.029   210  1189 I RILC    : qmi_ril(0/210): RIL[0][cmd-20(232)] qcril_qmi_convert_rat_mask_to_technology: function exit with ret 0
02-14 03:47:31.029   210  1189 I RILC    : qmi_ril(0/210): RIL[0][cmd-20(232)] qcril_qmi_get_pref_data_tech: after translation : is_current 1 network_type 0 rat_mask 8000 db_so_mask 0 pref_data_tech UNKNOWN technology 0
02-14 03:47:31.029   210  1189 I RILC    : qmi_ril(0/210): RIL[0][cmd-20(232)] qmi_ril_nw_reg_extend_pref_data_tech_cl: is extrapolation 1, cache is valid 0, cache rat 0, oprt valid 1, oprt 0, card status 9, card ever present 0, ban 3, mpv 1, mp 12
02-14 03:47:31.029   210  1189 I RILC    : qmi_ril(0/210): RIL[0][cmd-20(232)] qmi_ril_nw_reg_extend_pref_data_tech_cl: need reset 1
02-14 03:47:31.029   210  1189 I RILC    : qmi_ril(0/210): RIL[0][cmd-20(232)] qcril_qmi_nas_update_data_rte: .. pref data tech UNKNOWN, is current 0; prep: CDMA=[0], GSM=[1], WCDMA=[1], TDSCDMA=[0], LTE=[0], EVDO=[0]
02-14 03:47:31.029   210  1189 D RILC    : qmi_ril(0/210): RIL[0][cmd-20(232)] qcril_qmi_nas_util_convert_nas_srv_status_to_ril_reg_status: reg_status: 0,-1,-1,-1,-1,1,0,1,-1,2
02-14 03:47:31.029   210  1189 D RILC    : qmi_ril(0/210): RIL[0][cmd-20(232)] qcril_qmi_nas_util_convert_nas_srv_status_to_ril_reg_status: reg_status: 0,-1,-1,-1,-1,1,0,1,-1,2
02-14 03:47:31.029   210  1189 I RILC    : qmi_ril(0/210): RIL[0][cmd-20(232)] qcril_qmi_nas_update_data_rte: .. reg data : 1x<0>, gsm<2>, wcdma<2>, lte<0>, hdr<0>
02-14 03:47:31.029   210  1189 I RILC    : qmi_ril(0/210): RIL[0][cmd-20(232)] qcril_qmi_nas_update_data_rte: with legacy status
02-14 03:47:31.029   210  1189 I RILC    : qmi_ril(0/210): RIL[0][cmd-20(232)] qcril_qmi_nas_update_data_rte: preferred data tech available UNKNOWN
02-14 03:47:31.029   210  1189 I RILC    : qmi_ril(0/210): RIL[0][cmd-20(232)] qcril_qmi_nas_update_data_rte: completed, new drte 0 with confidence 4
02-14 03:47:31.029   210  1189 I RILC    : qmi_ril(0/210): RIL[0][cmd-20(232)] qcril_qmi_nas_update_ims_rte: completed, new irte 0 with confidence 4
02-14 03:47:31.029   210  1189 I RILC    : qmi_ril(0/210): RIL[0][cmd-20(232)] qcril_qmi_voice_technology_updated: function entry
02-14 03:47:31.029   210  1189 I RILC    : qmi_ril(0/210): RIL[0][cmd-20(232)] qcril_qmi_voice_technology_updated: ..nas_cached_info.voice_rte 0, nas_cached_info.data_rte 0, nas_cached_info.ims_rte 0, will be considered 0
02-14 03:47:31.029   210  1189 I RILC    : qmi_ril(0/210): RIL[0][cmd-20(232)] qcril_qmi_voice_technology_updated: function exit with ret 0
02-14 03:47:31.029   210  1189 I RILC    : qmi_ril(0/210): RIL[0][cmd-20(232)] qcril_qmi_nas_get_nw_selection_mode: returning pref 0 
02-14 03:47:31.029   210  1189 D RILC    : qmi_ril(0/210): RIL[0][cmd-20(232)] qcril_qmi_nas_util_convert_nas_srv_status_to_ril_reg_status: reg_status: 0,-1,-1,-1,-1,1,0,0,-1,2
02-14 03:47:31.029   210  1189 I RILC    : qmi_ril(0/210): RIL[0][cmd-20(232)] qcril_qmi_nas_get_nw_selection_mode: returning pref 0 
02-14 03:47:31.029   210  1189 D RILC    : qmi_ril(0/210): RIL[0][cmd-20(232)] qcril_qmi_nas_util_convert_nas_srv_status_to_ril_reg_status: reg_status: 0,-1,-1,-1,-1,1,0,0,-1,2
02-14 03:47:31.029   210  1189 I RILC    : qmi_ril(0/210): RIL[0][cmd-20(232)] qmi_ril_nwr_update_reg_rej_from_sys_info: .. reg - 1x: 0, gsm: 2, wcdma: 2, lte: 0, hdr: 0
02-14 03:47:31.029   210  1189 I RILC    : qmi_ril(0/210): RIL[0][cmd-20(232)] qmi_ril_nwr_update_reg_rej_from_sys_info: .. nof cs reg reject 0, cs reg reject for direct inj 0
02-14 03:47:31.029   210  1189 D RILC    : qmi_ril(0/210): RIL[0][cmd-20(232)] qcril_qmi_nas_util_convert_nas_srv_status_to_ril_reg_status: reg_status: 0,-1,-1,-1,-1,1,0,1,-1,2
02-14 03:47:31.029   210  1189 D RILC    : qmi_ril(0/210): RIL[0][cmd-20(232)] qcril_qmi_nas_util_convert_nas_srv_status_to_ril_reg_status: reg_status: 0,-1,-1,-1,-1,1,0,1,-1,2
02-14 03:47:31.029   210  1189 I RILC    : qmi_ril(0/210): RIL[0][cmd-20(232)] qmi_ril_nwr_update_reg_rej_from_sys_info: .. reg data - 1x: 0, gsm: 2, wcdma: 2, lte: 0, hdr: 0
02-14 03:47:31.029   210  1189 I RILC    : qmi_ril(0/210): RIL[0][cmd-20(232)] qcril_qmi_nas_request_registration_state:  ... <srv_status,sys_info> val: CDMA<0,0>, HDR<0,0>, GSM<1,0>, WCDMA<1,0>, LTE<0,0>
02-14 03:47:31.029   210  1189 I RILC    : qmi_ril(0/210): RIL[0][cmd-20(232)] qcril_qmi_nas_request_registration_state:  ... so far ss, vrte 0, 0
02-14 03:47:31.029   210  1189 I RILC    : qmi_ril(0/210): RIL[0][cmd-20(232)] qcril_qmi_nas_request_registration_state: .. adjusting for reg reject 0, status 2
02-14 03:47:31.029   210  1189 I RILC    : qmi_ril(0/210): RIL[0][cmd-20(232)] qcril_qmi_nas_request_registration_state: cur reg state 2
02-14 03:47:31.029   210  1189 I RILC    : qmi_ril(0/210): RIL[0][cmd-20(232)] qcril_qmi_nas_request_registration_state:  ... so far in_service 0
02-14 03:47:31.029   210  1189 I RILC    : qmi_ril(0/210): RIL[0][cmd-20(232)] qcril_qmi_nas_request_registration_state: .. in transfer reg reject 0
02-14 03:47:31.029   210  1189 D QC-QMI  : Setting the api flag to : 1
02-14 03:47:31.029   210  1189 D QC-QMI  : qmi_client [210] 1: sending 47 bytes on fd = 23
02-14 03:47:31.029   214   214 D QC-QMI  : qmuxd: RX 47 bytes on fd=19 from qmux_client_id=1
02-14 03:47:31.029   214   214 D QC-QMI  : qmi_qmux: TX/RX - TX 13 bytes on conn_id=9
02-14 03:47:31.029   214   214 D QC-QMI  : QMI_Msg Len: [13], Serv_ID: [EXTEND(0xe5)], Msg_ID: [GET_REGISTRATION_ROAMING_STATUS(0xcf)], Trans_ID: [10][Request], Conn_ID:[9]
02-14 03:47:31.029   214   214 D QC-QMI  : 01 0C 00 00 E5 01 00 0A 00 CF 00 00 00 
02-14 03:47:31.039   210   313 D RILC    : [0018]> OPERATOR 
02-14 03:47:31.039   210   313 D RILC    : qmi_ril(0/210): RIL[0][main] onRequest: UI --- RIL_REQUEST_OPERATOR (22) ---> RIL [RID 0, token id 18, data len 0]
02-14 03:47:31.039   210   313 D RILC    : qmi_ril(0/210): RIL[0][main] onRequest: handling caps 40001608 hex
02-14 03:47:31.039   210   313 I RILC    : qmi_ril(0/210): RIL[0][main] qmi_ril_fw_create_android_live_params_copy: function exit with ret 3
02-14 03:47:31.039   210   313 D RILC    : qmi_ril(0/210): RIL[0][main] onRequest: method 3, datalen 0
02-14 03:47:31.039   210   313 D RILC    : qmi_ril(0/210): RIL[0][main] onRequest: clean family 0
02-14 03:47:31.039   210   313 D RILC    : qmi_ril(0/210): RIL[0][main] onRequest: already waiting for exec 0
02-14 03:47:31.039   210   313 D RILC    : qmi_ril(0/210): RIL[0][main] onRequest: android_request_param_holder 416fccd0 hex
02-14 03:47:31.039   210   313 D RILC    : qmi_ril(0/210): RIL[0][main] onRequest: pending req kind 0 hex, awaitingexec req kind 0 hex
02-14 03:47:31.039   210   313 D RILC    : qmi_ril(0/210): RIL[0][main] onRequest: token under exec 18
02-14 03:47:31.039   210   313 D RILC    : qmi_ril(0/210): RIL[0][main] onRequest: pre-exec token id 18, a-r-id 22, audit 0, nrender 0
02-14 03:47:31.039   210   313 D RILC    : qmi_ril(0/210): RIL[0][main] qmi_ril_fw_android_request_render_execution: rendering exec for token id 18
02-14 03:47:31.039   210   313 I RILC    : qmi_ril(0/210): RIL[0][main] qmi_ril_fw_create_android_live_params_copy: function exit with ret 3
02-14 03:47:31.039   210   313 D RILC    : qmi_ril(0/210): RIL[0][main] onRequest: dispatch outcome = 0
02-14 03:47:31.039   210   313 D RILC    : [0019]> VOICE_REGISTRATION_STATE 
02-14 03:47:31.039   210   313 D RILC    : qmi_ril(0/210): RIL[0][main] onRequest: UI --- RIL_REQUEST_REGISTRATION_STATE (20) ---> RIL [RID 0, token id 19, data len 0]
02-14 03:47:31.039   210   313 D RILC    : qmi_ril(0/210): RIL[0][main] onRequest: handling caps 40001408 hex
02-14 03:47:31.039   210   313 I RILC    : qmi_ril(0/210): RIL[0][main] qmi_ril_fw_create_android_live_params_copy: function exit with ret 3
02-14 03:47:31.039   210   313 D RILC    : qmi_ril(0/210): RIL[0][main] onRequest: method 3, datalen 0
02-14 03:47:31.039   210   313 I RILC    : qmi_ril(0/210): RIL[0][main] qmi_ril_fw_android_request_flow_control_find_busy_kind: function exit with ret 1100178056
02-14 03:47:31.039   210   313 D RILC    : qmi_ril(0/210): RIL[0][main] onRequest: clean family 0
02-14 03:47:31.039   210   313 D RILC    : qmi_ril(0/210): RIL[0][main] onRequest: android_request_param_holder 416fcbe0 hex
02-14 03:47:31.039   210   313 D RILC    : qmi_ril(0/210): RIL[0][main] onRequest: pending req kind 41936288 hex, awaitingexec req kind 0 hex
02-14 03:47:31.039   210   313 D RILC    : qmi_ril(0/210): RIL[0][main] onRequest: pre-exec token id 19, a-r-id 20, audit 0, nrender 1
02-14 03:47:31.039   210   313 D RILC    : qmi_ril(0/210): RIL[0][main] onRequest: dispatch outcome = 0
02-14 03:47:31.039   210   313 D RILC    : [0020]> DATA_REGISTRATION_STATE 
02-14 03:47:31.039   210   313 D RILC    : qmi_ril(0/210): RIL[0][main] onRequest: UI --- RIL_REQUEST_DATA_REGISTRATION_STATE (21) ---> RIL [RID 0, token id 20, data len 0]
02-14 03:47:31.039   210   313 D RILC    : qmi_ril(0/210): RIL[0][main] onRequest: handling caps 40001508 hex
02-14 03:47:31.039   210   313 I RILC    : qmi_ril(0/210): RIL[0][main] qmi_ril_fw_create_android_live_params_copy: function exit with ret 3
02-14 03:47:31.039   210   313 D RILC    : qmi_ril(0/210): RIL[0][main] onRequest: method 3, datalen 0
02-14 03:47:31.039   210   313 I RILC    : qmi_ril(0/210): RIL[0][main] qmi_ril_fw_android_request_flow_control_find_busy_kind: function exit with ret 1100178088
02-14 03:47:31.039   210   313 D RILC    : qmi_ril(0/210): RIL[0][main] onRequest: clean family 0
02-14 03:47:31.039   210   313 D RILC    : qmi_ril(0/210): RIL[0][main] onRequest: android_request_param_holder 416fcc68 hex
02-14 03:47:31.039   210   313 D RILC    : qmi_ril(0/210): RIL[0][main] onRequest: pending req kind 419362a8 hex, awaitingexec req kind 0 hex
02-14 03:47:31.039   210   313 D RILC    : qmi_ril(0/210): RIL[0][main] onRequest: pre-exec token id 20, a-r-id 21, audit 0, nrender 1
02-14 03:47:31.039   210   313 D RILC    : qmi_ril(0/210): RIL[0][main] onRequest: dispatch outcome = 0
02-14 03:47:31.039   210   313 D RILC    : [0021]> QUERY_NETWORK_SELECTION_MODE 
02-14 03:47:31.039   210   313 D RILC    : qmi_ril(0/210): RIL[0][main] onRequest: UI --- RIL_REQUEST_QUERY_NETWORK_SELECTION_MODE (45) ---> RIL [RID 0, token id 21, data len 0]
02-14 03:47:31.039   210   313 D RILC    : qmi_ril(0/210): RIL[0][main] onRequest: handling caps 40002d08 hex
02-14 03:47:31.039   210   313 I RILC    : qmi_ril(0/210): RIL[0][main] qmi_ril_fw_create_android_live_params_copy: function exit with ret 3
02-14 03:47:31.039   210   313 D RILC    : qmi_ril(0/210): RIL[0][main] onRequest: method 3, datalen 0
02-14 03:47:31.039   210   313 D RILC    : qmi_ril(0/210): RIL[0][main] onRequest: clean family 0
02-14 03:47:31.039   210   313 D RILC    : qmi_ril(0/210): RIL[0][main] onRequest: already waiting for exec 0
02-14 03:47:31.039   210   313 D RILC    : qmi_ril(0/210): RIL[0][main] onRequest: android_request_param_holder 416fd718 hex
02-14 03:47:31.039   210   313 D RILC    : qmi_ril(0/210): RIL[0][main] onRequest: pending req kind 0 hex, awaitingexec req kind 0 hex
02-14 03:47:31.039   210   313 D RILC    : qmi_ril(0/210): RIL[0][main] onRequest: token under exec 21
02-14 03:47:31.039   210   313 D RILC    : qmi_ril(0/210): RIL[0][main] onRequest: pre-exec token id 21, a-r-id 45, audit 0, nrender 0
02-14 03:47:31.039   210   313 D RILC    : qmi_ril(0/210): RIL[0][main] qmi_ril_fw_android_request_render_execution: rendering exec for token id 21
02-14 03:47:31.039   210   313 I RILC    : qmi_ril(0/210): RIL[0][main] qmi_ril_fw_create_android_live_params_copy: function exit with ret 3
02-14 03:47:31.039   210   313 D RILC    : qmi_ril(0/210): RIL[0][main] onRequest: dispatch outcome = 0
02-14 03:47:31.039   210  1196 I RILC    : qmi_ril(0/210): RIL[0][cmd-45(720)] qmi_ril_fw_dedicated_request_exec_thread:  ..operational state 3
02-14 03:47:31.039   210  1196 I RILC    : qmi_ril(0/210): RIL[0][cmd-45(720)] qcril_qmi_nas_query_network_selection_mode: is_cached=1
02-14 03:47:31.039   210  1196 I RILC    : qmi_ril(0/210): RIL[0][cmd-45(720)] qcril_qmi_nas_query_network_selection_mode: network_selection_mode: 0, ril_req_res: 0
02-14 03:47:31.039   210  1196 D RILC    : qmi_ril(0/210): RIL[0][cmd-45(720)] qcril_send_request_response: UI <--- RIL_REQUEST_QUERY_NETWORK_SELECTION_MODE (45) Complete --- RIL [RID 0, Token id 21, Success, Len 4 ]
02-14 03:47:31.039   210  1196 I RILC    : qmi_ril(0/210): RIL[0][cmd-45(720)] qcril_reqlist_free: function exit with ret 1
02-14 03:47:31.039   210  1196 D RILC    : qmi_ril(0/210): RIL[0][cmd-45(720)] qmi_ril_fw_send_request_response_epilog: token under exec 21, completion token id 21
02-14 03:47:31.039   210  1196 D RILC    : qmi_ril(0/210): RIL[0][cmd-45(720)] qmi_ril_fw_send_request_response_epilog: postage resp to token id 21, a-r-id 45 (intermed. 45)
02-14 03:47:31.039   210  1196 D RILC    : [0021]< QUERY_NETWORK_SELECTION_MODE {0}
02-14 03:47:31.039   210  1196 D RILC    : qmi_ril(0/210): RIL[0][cmd-45(720)] qmi_ril_fw_destroy_android_live_params_copy: a-r-id 45, appron 3
02-14 03:47:31.049   210  1195 I RILC    : qmi_ril(0/210): RIL[0][cmd-22(144)] qmi_ril_fw_dedicated_request_exec_thread:  ..operational state 3
02-14 03:47:31.049   210  1195 I RILC    : qmi_ril(0/210): RIL[0][cmd-22(144)] qcril_qmi_nas_request_operator: function entry
02-14 03:47:31.049   210  1195 I RILC    : qmi_ril(0/210): RIL[0][cmd-22(144)] qcril_qmi_nas_request_operator: ..if_att_feature = 0
02-14 03:47:31.049   210  1195 I RILC    : qmi_ril(0/210): RIL[0][cmd-22(144)] qcril_qmi_nas_is_considered_registered: .. cache valid 0
02-14 03:47:31.049   210  1195 I RILC    : qmi_ril(0/210): RIL[0][cmd-22(144)] qcril_qmi_nas_get_nw_selection_mode: returning pref 0 
02-14 03:47:31.049   210  1195 D RILC    : qmi_ril(0/210): RIL[0][cmd-22(144)] qcril_qmi_nas_util_convert_nas_srv_status_to_ril_reg_status: reg_status: 0,-1,-1,-1,-1,1,0,0,-1,2
02-14 03:47:31.049   210  1195 I RILC    : qmi_ril(0/210): RIL[0][cmd-22(144)] qcril_qmi_nas_get_nw_selection_mode: returning pref 0 
02-14 03:47:31.049   210  1195 D RILC    : qmi_ril(0/210): RIL[0][cmd-22(144)] qcril_qmi_nas_util_convert_nas_srv_status_to_ril_reg_status: reg_status: 0,-1,-1,-1,-1,1,0,0,-1,2
02-14 03:47:31.049   210  1195 I RILC    : qmi_ril(0/210): RIL[0][cmd-22(144)] qcril_qmi_nas_is_considered_registered: .. reg - 1x: 0, gsm: 2, wcdma: 2, lte: 0, hdr: 0
02-14 03:47:31.049   210  1195 D RILC    : qmi_ril(0/210): RIL[0][cmd-22(144)] qcril_qmi_nas_util_convert_nas_srv_status_to_ril_reg_status: reg_status: 0,-1,-1,-1,-1,1,0,1,-1,2
02-14 03:47:31.049   210  1195 D RILC    : qmi_ril(0/210): RIL[0][cmd-22(144)] qcril_qmi_nas_util_convert_nas_srv_status_to_ril_reg_status: reg_status: 0,-1,-1,-1,-1,1,0,1,-1,2
02-14 03:47:31.049   210  1195 I RILC    : qmi_ril(0/210): RIL[0][cmd-22(144)] qcril_qmi_nas_is_considered_registered: .. reg data - 1x: 0, gsm: 2, wcdma: 2, lte: 0, hdr: 0
02-14 03:47:31.049   210  1195 I RILC    : qmi_ril(0/210): RIL[0][cmd-22(144)] qcril_qmi_nas_request_operator: now registered 0
02-14 03:47:31.049   210  1195 I RILC    : qmi_ril(0/210): RIL[0][cmd-22(144)] qcril_qmi_nas_request_operator: .. res empty as not in full service
02-14 03:47:31.049   210   313 I RILC    : qmi_ril(0/210): RIL[0][main] qcril_qmi_nas_dms_get_current_power_state: function entry
02-14 03:47:31.049   210  1195 D RILC    : qmi_ril(0/210): RIL[0][cmd-22(144)] qcril_send_request_response: UI <--- RIL_REQUEST_OPERATOR (22) Complete --- RIL [RID 0, Token id 18, Success, Len 12 ]
02-14 03:47:31.049   210  1195 I RILC    : qmi_ril(0/210): RIL[0][cmd-22(144)] qcril_reqlist_free: function exit with ret 1
02-14 03:47:31.049   210  1195 D RILC    : qmi_ril(0/210): RIL[0][cmd-22(144)] qmi_ril_fw_send_request_response_epilog: token under exec 18, completion token id 18
02-14 03:47:31.049   210  1195 D RILC    : qmi_ril(0/210): RIL[0][cmd-22(144)] qmi_ril_fw_send_request_response_epilog: postage resp to token id 18, a-r-id 22 (intermed. 22)
02-14 03:47:31.049   210   313 I RILC    : qmi_ril(0/210): RIL[0][main] qcril_qmi_nas_dms_get_current_power_state: .. client available
02-14 03:47:31.049   210  1195 D RILC    : [0018]< OPERATOR {(null),(null),(null)}
02-14 03:47:31.049   210   313 I RILC    : qmi_ril(0/210): RIL[0][main] qcril_qmi_nas_dms_get_current_power_state: .. known modem operating mode 0 
02-14 03:47:31.049   210   313 I RILC    : qmi_ril(0/210): RIL[0][main] qcril_qmi_nas_dms_get_current_power_state: compled with 10
02-14 03:47:31.049   210   313 D RILC    : qmi_ril(0/210): RIL[0][main] currentState: currentState() -> Radio On(10)
02-14 03:47:31.049   210   313 D RILC    : [0022]> CDMA_GET_SUBSCRIPTION_SOURCE 
02-14 03:47:31.049   210  1195 I RILC    : qmi_ril(0/210): RIL[0][cmd-22(144)] qcril_qmi_nas_request_operator: complete with 0
02-14 03:47:31.049   210  1195 D RILC    : qmi_ril(0/210): RIL[0][cmd-22(144)] qmi_ril_fw_destroy_android_live_params_copy: a-r-id 22, appron 3
02-14 03:47:31.049   210   313 D RILC    : qmi_ril(0/210): RIL[0][main] onRequest: UI --- RIL_REQUEST_CDMA_GET_SUBSCRIPTION_SOURCE (104) ---> RIL [RID 0, token id 22, data len 0]
02-14 03:47:31.049   210   313 D RILC    : qmi_ril(0/210): RIL[0][main] onRequest: handling caps 40006808 hex
02-14 03:47:31.049   210   313 I RILC    : qmi_ril(0/210): RIL[0][main] qmi_ril_fw_create_android_live_params_copy: function exit with ret 3
02-14 03:47:31.049   210   313 D RILC    : qmi_ril(0/210): RIL[0][main] onRequest: method 3, datalen 0
02-14 03:47:31.049   210   313 D RILC    : qmi_ril(0/210): RIL[0][main] onRequest: clean family 0
02-14 03:47:31.049   210   313 D RILC    : qmi_ril(0/210): RIL[0][main] onRequest: already waiting for exec 0
02-14 03:47:31.049   210   313 D RILC    : qmi_ril(0/210): RIL[0][main] onRequest: android_request_param_holder 416ff548 hex
02-14 03:47:31.049   210   313 D RILC    : qmi_ril(0/210): RIL[0][main] onRequest: pending req kind 0 hex, awaitingexec req kind 0 hex
02-14 03:47:31.049   210   313 D RILC    : qmi_ril(0/210): RIL[0][main] onRequest: token under exec 22
02-14 03:47:31.049   210   313 D RILC    : qmi_ril(0/210): RIL[0][main] onRequest: pre-exec token id 22, a-r-id 104, audit 0, nrender 0
02-14 03:47:31.049   210   313 D RILC    : qmi_ril(0/210): RIL[0][main] qmi_ril_fw_android_request_render_execution: rendering exec for token id 22
02-14 03:47:31.049   210   313 I RILC    : qmi_ril(0/210): RIL[0][main] qmi_ril_fw_create_android_live_params_copy: function exit with ret 3
02-14 03:47:31.049   210   313 D RILC    : qmi_ril(0/210): RIL[0][main] onRequest: dispatch outcome = 0
02-14 03:47:31.049   210   313 D RILC    : [0023]> GET_SIM_STATUS 
02-14 03:47:31.049   210   313 D RILC    : qmi_ril(0/210): RIL[0][main] onRequest: UI --- RIL_REQUEST_GET_SIM_STATUS (1) ---> RIL [RID 0, token id 23, data len 0]
02-14 03:47:31.049   210   313 D RILC    : qmi_ril(0/210): RIL[0][main] onRequest: handling caps 20000100 hex
02-14 03:47:31.049   210   313 D RILC    : qmi_ril(0/210): RIL[0][main] onRequest: pre-exec token id 23, a-r-id 1, audit 0, nrender 0
02-14 03:47:31.049   210   313 D RILC    : qmi_ril(0/210): RIL[0][main] qmi_ril_fw_android_request_render_execution: rendering exec for token id 23
02-14 03:47:31.049   210   313 I RILC    : qmi_ril(0/210): RIL[0][main] qcril_uim_request_get_sim_status: qcril_uim_request_get_sim_status
02-14 03:47:31.049   210   313 I RILC    : qmi_ril(0/210): RIL[0][main] qcril_uim_instance_id_to_slot: Slot found: 0x0
02-14 03:47:31.049   210   313 I RILC    : qmi_ril(0/210): RIL[0][main] qcril_reqlist_default_entry: function entry
02-14 03:47:31.049   210   313 I RILC    : qmi_ril(0/210): RIL[0][main] qcril_reqlist_new: function entry
02-14 03:47:31.049   210   313 I RILC    : qmi_ril(0/210): RIL[0][main] qcril_reqlist_new_all: [RID 0] Event RIL_REQUEST_GET_SIM_STATUS(1), token id 23 [ 0x41703b58], req id 3 : 
02-14 03:47:31.049   210   313 I RILC    : qmi_ril(0/210): RIL[0][main] qcril_reqlist_new_all:                        MID 0, pending receipt of <none>, state QCRIL_REQ_AWAITING_CALLBACK(2)
02-14 03:47:31.049   210   313 D RILC    : qmi_ril(0/210): RIL[0][main] qcril_reqlist_print_all: [RID 0] ReqList entries :
02-14 03:47:31.049   210   313 D RILC    : qmi_ril(0/210): RIL[0][main] qcril_reqlist_print_all:     RIL_REQUEST_GET_SIM_STATUS (1), token id 23 followed 0x0 following 0x0
02-14 03:47:31.049   214   643 D QC-QMI  : QMI platform I/O... blocking on read  port[/dev/hsicctl0] conn_id[9]
02-14 03:47:31.049   214   643 D QC-QMI  : qmi_qmux: TX/RX - RX 20 bytes on conn_id=9
