03-03 08:36:15.095   210   319 E QC-DS-LIB: dsi_mni_init_clients: init qmi connection [rmnet4]
03-03 08:36:15.105   210   319 E QC-DS-LIB: dsi_mni_init_clients: init wds srvc clientwith name [rmnet4]
03-03 08:36:15.105   210   319 D QC-QMI  : qmi_client [210] 1: sending 712 bytes on fd = 23
03-03 08:36:15.105   214   214 D QC-QMI  : qmuxd: RX 712 bytes on fd=19 from qmux_client_id=1
03-03 08:36:15.105   214   214 E QC-QMI  : qmi_qmux_open_connection: connection is disabled for conn_id=4
03-03 08:36:15.105   214   214 E QC-QMI  : qmi_qmux_tx_msg: failed to open inactive connd_id=4
03-03 08:36:15.105   214   214 D QC-QMI  : Sending control message with message id:22
03-03 08:36:15.105   214   214 E QC-QMI  : qmi_qmux: TX failed, connection inactive or in reset, conn_id=4, status_flags=4
03-03 08:36:15.105   214   214 E QC-QMI  : qmi_ctl_tx_msg: qmi_qmux_tx_msg failed
03-03 08:36:15.105   214   214 E QC-QMI  : qmi_ctl_handle_request: qmi_ctl_tx_msg call failed
03-03 08:36:15.105   214   214 D QC-QMI  : Sending control message failed....replying back to client
03-03 08:36:15.105   214   214 D QC-QMI  : qmuxd: TX message on fd=19, to clientID = 1, len=712
03-03 08:36:15.105   210   669 D QC-QMI  : qmi_client [210] 1: Received 712 bytes on fd = 23
03-03 08:36:15.105   210   669 D QC-QMI  : Sending signal ...... to read cmd data 
03-03 08:36:15.105   210   319 D QC-QMI  : qmi error code.........:0
03-03 08:36:15.105   210   319 D QC-QMI  : qmi sys error code.........:-5
03-03 08:36:15.105   210   319 E QC-QMI  : qmi_qmux_if_alloc_service_client return code=-5
03-03 08:36:15.105   210   319 E QC-DS-LIB: dsi_mni_init_clients: qdi_wds_srvc_init_client failed with error [-5][0]
03-03 08:36:15.105   210   319 E QC-DS-LIB: dsi_mni_init_clients: init iface [5]: START
03-03 08:36:15.105   210   319 E QC-DS-LIB: dsi_mni_init_clients: init qmi connection [rmnet5]
03-03 08:36:15.105   210   319 E QC-DS-LIB: dsi_mni_init_clients: init wds srvc clientwith name [rmnet5]
03-03 08:36:15.105   210   319 D QC-QMI  : qmi_client [210] 1: sending 712 bytes on fd = 23
03-03 08:36:15.105   214   214 D QC-QMI  : qmuxd: RX 712 bytes on fd=19 from qmux_client_id=1
03-03 08:36:15.105   214   214 E QC-QMI  : qmi_qmux_open_connection: connection is disabled for conn_id=5
03-03 08:36:15.105   214   214 E QC-QMI  : qmi_qmux_tx_msg: failed to open inactive connd_id=5
03-03 08:36:15.105   214   214 D QC-QMI  : Sending control message with message id:22
03-03 08:36:15.105   214   214 E QC-QMI  : qmi_qmux: TX failed, connection inactive or in reset, conn_id=5, status_flags=4
03-03 08:36:15.105   214   214 E QC-QMI  : qmi_ctl_tx_msg: qmi_qmux_tx_msg failed
03-03 08:36:15.105   214   214 E QC-QMI  : qmi_ctl_handle_request: qmi_ctl_tx_msg call failed
03-03 08:36:15.105   214   214 D QC-QMI  : Sending control message failed....replying back to client
03-03 08:36:15.105   214   214 D QC-QMI  : qmuxd: TX message on fd=19, to clientID = 1, len=712
03-03 08:36:15.105   210   669 D QC-QMI  : qmi_client [210] 1: Received 712 bytes on fd = 23
03-03 08:36:15.105   210   669 D QC-QMI  : Sending signal ...... to read cmd data 
03-03 08:36:15.105   210   319 D QC-QMI  : qmi error code.........:0
03-03 08:36:15.105   210   319 D QC-QMI  : qmi sys error code.........:-5
03-03 08:36:15.105   210   319 E QC-QMI  : qmi_qmux_if_alloc_service_client return code=-5
03-03 08:36:15.105   210   319 E QC-DS-LIB: dsi_mni_init_clients: qdi_wds_srvc_init_client failed with error [-5][0]
03-03 08:36:15.105   210   319 E QC-DS-LIB: dsi_mni_init_clients: init iface [6]: START
03-03 08:36:15.105   210   319 E QC-DS-LIB: dsi_mni_init_clients: init qmi connection [rmnet6]
03-03 08:36:15.105   210   319 E QC-DS-LIB: dsi_mni_init_clients: init wds srvc clientwith name [rmnet6]
03-03 08:36:15.105   210   319 D QC-QMI  : qmi_client [210] 1: sending 712 bytes on fd = 23
03-03 08:36:15.105   214   214 D QC-QMI  : qmuxd: RX 712 bytes on fd=19 from qmux_client_id=1
03-03 08:36:15.105   214   214 E QC-QMI  : qmi_qmux_open_connection: connection is disabled for conn_id=6
03-03 08:36:15.105   214   214 E QC-QMI  : qmi_qmux_tx_msg: failed to open inactive connd_id=6
03-03 08:36:15.105   214   214 D QC-QMI  : Sending control message with message id:22
03-03 08:36:15.105   214   214 E QC-QMI  : qmi_qmux: TX failed, connection inactive or in reset, conn_id=6, status_flags=4
03-03 08:36:15.105   214   214 E QC-QMI  : qmi_ctl_tx_msg: qmi_qmux_tx_msg failed
03-03 08:36:15.105   214   214 E QC-QMI  : qmi_ctl_handle_request: qmi_ctl_tx_msg call failed
03-03 08:36:15.105   214   214 D QC-QMI  : Sending control message failed....replying back to client
03-03 08:36:15.105   214   214 D QC-QMI  : qmuxd: TX message on fd=19, to clientID = 1, len=712
03-03 08:36:15.105   210   669 D QC-QMI  : qmi_client [210] 1: Received 712 bytes on fd = 23
03-03 08:36:15.105   210   669 D QC-QMI  : Sending signal ...... to read cmd data 
03-03 08:36:15.105   210   319 D QC-QMI  : qmi error code.........:0
03-03 08:36:15.105   210   319 D QC-QMI  : qmi sys error code.........:-5
03-03 08:36:15.105   210   319 E QC-QMI  : qmi_qmux_if_alloc_service_client return code=-5
03-03 08:36:15.105   210   319 E QC-DS-LIB: dsi_mni_init_clients: qdi_wds_srvc_init_client failed with error [-5][0]
03-03 08:36:15.105   210   319 E QC-DS-LIB: dsi_mni_init_clients: init iface [7]: START
03-03 08:36:15.105   210   319 E QC-DS-LIB: dsi_mni_init_clients: init qmi connection [rmnet7]
03-03 08:36:15.105   210   319 E QC-DS-LIB: dsi_mni_init_clients: init wds srvc clientwith name [rmnet7]
03-03 08:36:15.105   210   319 D QC-QMI  : qmi_client [210] 1: sending 712 bytes on fd = 23
03-03 08:36:15.105   214   214 D QC-QMI  : qmuxd: RX 712 bytes on fd=19 from qmux_client_id=1
03-03 08:36:15.105   214   214 E QC-QMI  : qmi_qmux_open_connection: connection is disabled for conn_id=7
03-03 08:36:15.105   214   214 E QC-QMI  : qmi_qmux_tx_msg: failed to open inactive connd_id=7
03-03 08:36:15.105   214   214 D QC-QMI  : Sending control message with message id:22
03-03 08:36:15.105   214   214 E QC-QMI  : qmi_qmux: TX failed, connection inactive or in reset, conn_id=7, status_flags=4
03-03 08:36:15.105   214   214 E QC-QMI  : qmi_ctl_tx_msg: qmi_qmux_tx_msg failed
03-03 08:36:15.105   214   214 E QC-QMI  : qmi_ctl_handle_request: qmi_ctl_tx_msg call failed
03-03 08:36:15.105   214   214 D QC-QMI  : Sending control message failed....replying back to client
03-03 08:36:15.105   214   214 D QC-QMI  : qmuxd: TX message on fd=19, to clientID = 1, len=712
03-03 08:36:15.105   210   669 D QC-QMI  : qmi_client [210] 1: Received 712 bytes on fd = 23
03-03 08:36:15.105   210   669 D QC-QMI  : Sending signal ...... to read cmd data 
03-03 08:36:15.105   210   319 D QC-QMI  : qmi error code.........:0
03-03 08:36:15.105   210   319 D QC-QMI  : qmi sys error code.........:-5
03-03 08:36:15.105   210   319 E QC-QMI  : qmi_qmux_if_alloc_service_client return code=-5
03-03 08:36:15.105   210   319 E QC-DS-LIB: dsi_mni_init_clients: qdi_wds_srvc_init_client failed with error [-5][0]
03-03 08:36:15.105   210   319 E QC-DS-LIB: dsi_mni_init_clients: init iface [8]: START
03-03 08:36:15.105   210   319 E QC-DS-LIB: dsi_mni_init_clients: init qmi connection [rmnet_usb0]
03-03 08:36:15.105   210   319 E QC-DS-LIB: dsi_mni_init_clients: init wds srvc clientwith name [rmnet_usb0]
03-03 08:36:15.105   210   319 D QC-QMI  : qmi_client [210] 1: sending 712 bytes on fd = 23
03-03 08:36:15.105   214   214 D QC-QMI  : qmuxd: RX 712 bytes on fd=19 from qmux_client_id=1
03-03 08:36:15.105   214   214 D QC-QMI  : Sending control message with message id:22
03-03 08:36:15.105   214   214 D QC-QMI  : qmi_qmux: TX/RX - TX 16 bytes on conn_id=9
03-03 08:36:15.105   214   214 D QC-QMI  : QMI_Msg Len: [16], Serv_ID: [CTL(0x0)], Msg_ID: [GET_CLIENT_ID(0x22)], Trans_ID: [22][Request], Conn_ID:[9]
03-03 08:36:15.105   214   214 D QC-QMI  : 01 0F 00 00 00 00 00 16 22 00 04 00 01 01 00 01 
03-03 08:36:15.125   214   659 D QC-QMI  : QMI platform I/O... blocking on read  port[/dev/hsicctl0] conn_id[9]
03-03 08:36:15.125   214   659 D QC-QMI  : qmi_qmux: TX/RX - RX 24 bytes on conn_id=9
03-03 08:36:15.125   214   659 D QC-QMI  : QMI_Msg Len: [24], Serv_ID: [CTL(0x0)], Msg_ID: [GET_CLIENT_ID(0x22)], Trans_ID: [22][Response], Conn_ID:[9]
03-03 08:36:15.125   214   659 D QC-QMI  : 01 17 00 80 00 00 01 16 22 00 0C 00 02 04 00 00 00 00 00 01 02 00 01 02 
03-03 08:36:15.125   214   659 D QC-QMI  :  Striping of the standard result code ...
03-03 08:36:15.125   214   659 D QC-QMI  : qmuxd: TX message on fd=19, to clientID = 1, len=712
03-03 08:36:15.125   210   669 D QC-QMI  : qmi_client [210] 1: Received 712 bytes on fd = 23
03-03 08:36:15.125   214   659 D QC-QMI  : QMI platform I/O... blocking on poll fds
03-03 08:36:15.125   210   669 D QC-QMI  : Sending signal ...... to read cmd data 
03-03 08:36:15.125   210   319 D QC-QMI  : qmi error code.........:0
03-03 08:36:15.125   210   319 D QC-QMI  : qmi sys error code.........:0
03-03 08:36:15.125   210   319 D QC-QMI  : qmi_client [210] 1: sending 712 bytes on fd = 23
03-03 08:36:15.125   214   214 D QC-QMI  : qmuxd: RX 712 bytes on fd=19 from qmux_client_id=1
03-03 08:36:15.125   214   214 D QC-QMI  : Sending control message with message id:22
03-03 08:36:15.125   214   214 D QC-QMI  : qmi_qmux: TX/RX - TX 16 bytes on conn_id=9
03-03 08:36:15.125   214   214 D QC-QMI  : QMI_Msg Len: [16], Serv_ID: [CTL(0x0)], Msg_ID: [GET_CLIENT_ID(0x22)], Trans_ID: [23][Request], Conn_ID:[9]
03-03 08:36:15.125   214   214 D QC-QMI  : 01 0F 00 00 00 00 00 17 22 00 04 00 01 01 00 01 
03-03 08:36:15.145   214   659 D QC-QMI  : QMI platform I/O... blocking on read  port[/dev/hsicctl0] conn_id[9]
03-03 08:36:15.145   214   659 D QC-QMI  : qmi_qmux: TX/RX - RX 24 bytes on conn_id=9
03-03 08:36:15.145   214   659 D QC-QMI  : QMI_Msg Len: [24], Serv_ID: [CTL(0x0)], Msg_ID: [GET_CLIENT_ID(0x22)], Trans_ID: [23][Response], Conn_ID:[9]
03-03 08:36:15.145   214   659 D QC-QMI  : 01 17 00 80 00 00 01 17 22 00 0C 00 02 04 00 00 00 00 00 01 02 00 01 03 
03-03 08:36:15.145   214   659 D QC-QMI  :  Striping of the standard result code ...
03-03 08:36:15.145   214   659 D QC-QMI  : Adding client 3, service 1, conn_id=9...
03-03 08:36:15.145   214   659 D QC-QMI  : .... for qmux_client_id = 1, in slot 1, for clnt_srv_info=407b0378
03-03 08:36:15.145   214   659 D QC-QMI  : qmuxd: TX message on fd=19, to clientID = 1, len=712
03-03 08:36:15.145   214   659 D QC-QMI  : QMI platform I/O... blocking on poll fds
03-03 08:36:15.145   210   669 D QC-QMI  : qmi_client [210] 1: Received 712 bytes on fd = 23
03-03 08:36:15.145   210   669 D QC-QMI  : Sending signal ...... to read cmd data 
03-03 08:36:15.145   210   319 D QC-QMI  : qmi error code.........:0
03-03 08:36:15.145   210   319 D QC-QMI  : qmi sys error code.........:0
03-03 08:36:15.145   210   319 E QC-DS-LIB: qdi hndl is [0x00000001]
03-03 08:36:15.145   210   319 E QC-DS-LIB: wds hndl is [0x09020100]
03-03 08:36:15.145   210   319 E QC-DS-LIB: dsi_mni_init: init iface [8]: END
03-03 08:36:15.145   210   319 E QC-DS-LIB: dsi_mni_init_clients: init iface [9]: START
03-03 08:36:15.145   210   319 E QC-DS-LIB: dsi_mni_init_clients: init qmi connection [rmnet_usb1]
03-03 08:36:15.145   210   319 E QC-DS-LIB: dsi_mni_init_clients: init wds srvc clientwith name [rmnet_usb1]
03-03 08:36:15.145   210   319 D QC-QMI  : qmi_client [210] 1: sending 712 bytes on fd = 23
03-03 08:36:15.145   214   214 D QC-QMI  : qmuxd: RX 712 bytes on fd=19 from qmux_client_id=1
03-03 08:36:15.145   214   214 D QC-QMI  : Sending control message with message id:22
03-03 08:36:15.145   214   214 D QC-QMI  : qmi_qmux: TX/RX - TX 16 bytes on conn_id=10
03-03 08:36:15.145   214   214 D QC-QMI  : QMI_Msg Len: [16], Serv_ID: [CTL(0x0)], Msg_ID: [GET_CLIENT_ID(0x22)], Trans_ID: [4][Request], Conn_ID:[10]
03-03 08:36:15.145   214   214 D QC-QMI  : 01 0F 00 00 00 00 00 04 22 00 04 00 01 01 00 01 
03-03 08:36:15.155   214   660 D QC-QMI  : QMI platform I/O... blocking on read  port[/dev/hsicctl1] conn_id[10]
03-03 08:36:15.155   214   660 D QC-QMI  : qmi_qmux: TX/RX - RX 24 bytes on conn_id=10
03-03 08:36:15.155   214   660 D QC-QMI  : QMI_Msg Len: [24], Serv_ID: [CTL(0x0)], Msg_ID: [GET_CLIENT_ID(0x22)], Trans_ID: [4][Response], Conn_ID:[10]
03-03 08:36:15.155   214   660 D QC-QMI  : 01 17 00 80 00 00 01 04 22 00 0C 00 02 04 00 00 00 00 00 01 02 00 01 02 
03-03 08:36:15.155   214   660 D QC-QMI  :  Striping of the standard result code ...
03-03 08:36:15.155   214   660 D QC-QMI  : qmuxd: TX message on fd=19, to clientID = 1, len=712
03-03 08:36:15.155   214   660 D QC-QMI  : QMI platform I/O... blocking on poll fds
03-03 08:36:15.155   210   669 D QC-QMI  : qmi_client [210] 1: Received 712 bytes on fd = 23
03-03 08:36:15.155   210   669 D QC-QMI  : Sending signal ...... to read cmd data 
03-03 08:36:15.155   210   319 D QC-QMI  : qmi error code.........:0
03-03 08:36:15.165   210   319 D QC-QMI  : qmi sys error code.........:0
03-03 08:36:15.165   210   319 D QC-QMI  : qmi_client [210] 1: sending 712 bytes on fd = 23
03-03 08:36:15.165   214   214 D QC-QMI  : qmuxd: RX 712 bytes on fd=19 from qmux_client_id=1
03-03 08:36:15.165   214   214 D QC-QMI  : Sending control message with message id:22
03-03 08:36:15.165   214   214 D QC-QMI  : qmi_qmux: TX/RX - TX 16 bytes on conn_id=10
03-03 08:36:15.165   214   214 D QC-QMI  : QMI_Msg Len: [16], Serv_ID: [CTL(0x0)], Msg_ID: [GET_CLIENT_ID(0x22)], Trans_ID: [5][Request], Conn_ID:[10]
03-03 08:36:15.165   214   214 D QC-QMI  : 01 0F 00 00 00 00 00 05 22 00 04 00 01 01 00 01 
03-03 08:36:15.175   214   660 D QC-QMI  : QMI platform I/O... blocking on read  port[/dev/hsicctl1] conn_id[10]
03-03 08:36:15.175   214   660 D QC-QMI  : qmi_qmux: TX/RX - RX 24 bytes on conn_id=10
03-03 08:36:15.175   214   660 D QC-QMI  : QMI_Msg Len: [24], Serv_ID: [CTL(0x0)], Msg_ID: [GET_CLIENT_ID(0x22)], Trans_ID: [5][Response], Conn_ID:[10]
03-03 08:36:15.175   214   660 D QC-QMI  : 01 17 00 80 00 00 01 05 22 00 0C 00 02 04 00 00 00 00 00 01 02 00 01 03 
03-03 08:36:15.175   214   660 D QC-QMI  :  Striping of the standard result code ...
03-03 08:36:15.175   214   660 D QC-QMI  : Adding client 3, service 1, conn_id=10...
03-03 08:36:15.175   214   660 D QC-QMI  : .... for qmux_client_id = 1, in slot 1, for clnt_srv_info=407b0390
03-03 08:36:15.175   214   660 D QC-QMI  : qmuxd: TX message on fd=19, to clientID = 1, len=712
03-03 08:36:15.175   214   660 D QC-QMI  : QMI platform I/O... blocking on poll fds
03-03 08:36:15.175   210   669 D QC-QMI  : qmi_client [210] 1: Received 712 bytes on fd = 23
03-03 08:36:15.175   210   669 D QC-QMI  : Sending signal ...... to read cmd data 
03-03 08:36:15.175   210   319 D QC-QMI  : qmi error code.........:0
03-03 08:36:15.175   210   319 D QC-QMI  : qmi sys error code.........:0
03-03 08:36:15.175   210   319 E QC-DS-LIB: qdi hndl is [0x00000002]
03-03 08:36:15.175   210   319 E QC-DS-LIB: wds hndl is [0x0a020100]
03-03 08:36:15.175   210   319 E QC-DS-LIB: dsi_mni_init: init iface [9]: END
03-03 08:36:15.175   210   319 E QC-DS-LIB: dsi_mni_init_clients: init iface [10]: START
03-03 08:36:15.175   210   319 E QC-DS-LIB: dsi_mni_init_clients: init qmi connection [rmnet_usb2]
03-03 08:36:15.175   210   319 E QC-DS-LIB: dsi_mni_init_clients: init wds srvc clientwith name [rmnet_usb2]
03-03 08:36:15.175   210   319 D QC-QMI  : qmi_client [210] 1: sending 712 bytes on fd = 23
03-03 08:36:15.175   214   214 D QC-QMI  : qmuxd: RX 712 bytes on fd=19 from qmux_client_id=1
03-03 08:36:15.175   214   214 D QC-QMI  : Sending control message with message id:22
03-03 08:36:15.175   214   214 D QC-QMI  : qmi_qmux: TX/RX - TX 16 bytes on conn_id=11
03-03 08:36:15.175   214   214 D QC-QMI  : QMI_Msg Len: [16], Serv_ID: [CTL(0x0)], Msg_ID: [GET_CLIENT_ID(0x22)], Trans_ID: [4][Request], Conn_ID:[11]
03-03 08:36:15.175   214   214 D QC-QMI  : 01 0F 00 00 00 00 00 04 22 00 04 00 01 01 00 01 
03-03 08:36:15.195   214   661 D QC-QMI  : QMI platform I/O... blocking on read  port[/dev/hsicctl2] conn_id[11]
03-03 08:36:15.195   214   661 D QC-QMI  : qmi_qmux: TX/RX - RX 24 bytes on conn_id=11
03-03 08:36:15.195   214   661 D QC-QMI  : QMI_Msg Len: [24], Serv_ID: [CTL(0x0)], Msg_ID: [GET_CLIENT_ID(0x22)], Trans_ID: [4][Response], Conn_ID:[11]
03-03 08:36:15.195   214   661 D QC-QMI  : 01 17 00 80 00 00 01 04 22 00 0C 00 02 04 00 00 00 00 00 01 02 00 01 02 
03-03 08:36:15.195   214   661 D QC-QMI  :  Striping of the standard result code ...
03-03 08:36:15.195   214   661 D QC-QMI  : qmuxd: TX message on fd=19, to clientID = 1, len=712
03-03 08:36:15.195   214   661 D QC-QMI  : QMI platform I/O... blocking on poll fds
03-03 08:36:15.195   210   669 D QC-QMI  : qmi_client [210] 1: Received 712 bytes on fd = 23
03-03 08:36:15.195   210   669 D QC-QMI  : Sending signal ...... to read cmd data 
03-03 08:36:15.195   210   319 D QC-QMI  : qmi error code.........:0
03-03 08:36:15.195   210   319 D QC-QMI  : qmi sys error code.........:0
03-03 08:36:15.195   210   319 D QC-QMI  : qmi_client [210] 1: sending 712 bytes on fd = 23
03-03 08:36:15.195   214   214 D QC-QMI  : qmuxd: RX 712 bytes on fd=19 from qmux_client_id=1
03-03 08:36:15.195   214   214 D QC-QMI  : Sending control message with message id:22
03-03 08:36:15.195   214   214 D QC-QMI  : qmi_qmux: TX/RX - TX 16 bytes on conn_id=11
03-03 08:36:15.195   214   214 D QC-QMI  : QMI_Msg Len: [16], Serv_ID: [CTL(0x0)], Msg_ID: [GET_CLIENT_ID(0x22)], Trans_ID: [5][Request], Conn_ID:[11]
03-03 08:36:15.195   214   214 D QC-QMI  : 01 0F 00 00 00 00 00 05 22 00 04 00 01 01 00 01 
03-03 08:36:15.205   214   661 D QC-QMI  : QMI platform I/O... blocking on read  port[/dev/hsicctl2] conn_id[11]
03-03 08:36:15.205   214   661 D QC-QMI  : qmi_qmux: TX/RX - RX 24 bytes on conn_id=11
03-03 08:36:15.205   214   661 D QC-QMI  : QMI_Msg Len: [24], Serv_ID: [CTL(0x0)], Msg_ID: [GET_CLIENT_ID(0x22)], Trans_ID: [5][Response], Conn_ID:[11]
03-03 08:36:15.205   214   661 D QC-QMI  : 01 17 00 80 00 00 01 05 22 00 0C 00 02 04 00 00 00 00 00 01 02 00 01 03 
03-03 08:36:15.205   214   661 D QC-QMI  :  Striping of the standard result code ...
03-03 08:36:15.205   214   661 D QC-QMI  : Adding client 3, service 1, conn_id=11...
03-03 08:36:15.205   214   661 D QC-QMI  : .... for qmux_client_id = 1, in slot 1, for clnt_srv_info=407b03a8
03-03 08:36:15.205   214   661 D QC-QMI  : qmuxd: TX message on fd=19, to clientID = 1, len=712
03-03 08:36:15.205   214   661 D QC-QMI  : QMI platform I/O... blocking on poll fds
03-03 08:36:15.205   210   669 D QC-QMI  : qmi_client [210] 1: Received 712 bytes on fd = 23
03-03 08:36:15.205   210   669 D QC-QMI  : Sending signal ...... to read cmd data 
03-03 08:36:15.205   210   319 D QC-QMI  : qmi error code.........:0
03-03 08:36:15.205   210   319 D QC-QMI  : qmi sys error code.........:0
03-03 08:36:15.205   210   319 E QC-DS-LIB: qdi hndl is [0x00000003]
03-03 08:36:15.205   210   319 E QC-DS-LIB: wds hndl is [0x0b020100]
03-03 08:36:15.205   210   319 E QC-DS-LIB: dsi_mni_init: init iface [10]: END
03-03 08:36:15.205   210   319 E QC-DS-LIB: dsi_mni_init_clients: init iface [11]: START
03-03 08:36:15.205   210   319 E QC-DS-LIB: dsi_mni_init_clients: init qmi connection [rmnet_usb3]
03-03 08:36:15.205   210   319 E QC-DS-LIB: dsi_mni_init_clients: init wds srvc clientwith name [rmnet_usb3]
03-03 08:36:15.205   210   319 D QC-QMI  : qmi_client [210] 1: sending 712 bytes on fd = 23
03-03 08:36:15.205   214   214 D QC-QMI  : qmuxd: RX 712 bytes on fd=19 from qmux_client_id=1
03-03 08:36:15.205   214   214 D QC-QMI  : Sending control message with message id:22
03-03 08:36:15.205   214   214 D QC-QMI  : qmi_qmux: TX/RX - TX 16 bytes on conn_id=12
03-03 08:36:15.205   214   214 D QC-QMI  : QMI_Msg Len: [16], Serv_ID: [CTL(0x0)], Msg_ID: [GET_CLIENT_ID(0x22)], Trans_ID: [4][Request], Conn_ID:[12]
03-03 08:36:15.205   214   214 D QC-QMI  : 01 0F 00 00 00 00 00 04 22 00 04 00 01 01 00 01 
03-03 08:36:15.225   214   662 D QC-QMI  : QMI platform I/O... blocking on read  port[/dev/hsicctl3] conn_id[12]
03-03 08:36:15.225   214   662 D QC-QMI  : qmi_qmux: TX/RX - RX 24 bytes on conn_id=12
03-03 08:36:15.225   214   662 D QC-QMI  : QMI_Msg Len: [24], Serv_ID: [CTL(0x0)], Msg_ID: [GET_CLIENT_ID(0x22)], Trans_ID: [4][Response], Conn_ID:[12]
03-03 08:36:15.225   214   662 D QC-QMI  : 01 17 00 80 00 00 01 04 22 00 0C 00 02 04 00 00 00 00 00 01 02 00 01 02 
03-03 08:36:15.225   214   662 D QC-QMI  :  Striping of the standard result code ...
03-03 08:36:15.225   214   662 D QC-QMI  : qmuxd: TX message on fd=19, to clientID = 1, len=712
03-03 08:36:15.225   214   662 D QC-QMI  : QMI platform I/O... blocking on poll fds
03-03 08:36:15.225   210   669 D QC-QMI  : qmi_client [210] 1: Received 712 bytes on fd = 23
03-03 08:36:15.225   210   669 D QC-QMI  : Sending signal ...... to read cmd data 
03-03 08:36:15.225   210   319 D QC-QMI  : qmi error code.........:0
03-03 08:36:15.225   210   319 D QC-QMI  : qmi sys error code.........:0
03-03 08:36:15.225   210   319 D QC-QMI  : qmi_client [210] 1: sending 712 bytes on fd = 23
03-03 08:36:15.225   214   214 D QC-QMI  : qmuxd: RX 712 bytes on fd=19 from qmux_client_id=1
03-03 08:36:15.225   214   214 D QC-QMI  : Sending control message with message id:22
03-03 08:36:15.225   214   214 D QC-QMI  : qmi_qmux: TX/RX - TX 16 bytes on conn_id=12
03-03 08:36:15.225   214   214 D QC-QMI  : QMI_Msg Len: [16], Serv_ID: [CTL(0x0)], Msg_ID: [GET_CLIENT_ID(0x22)], Trans_ID: [5][Request], Conn_ID:[12]
03-03 08:36:15.225   214   214 D QC-QMI  : 01 0F 00 00 00 00 00 05 22 00 04 00 01 01 00 01 
03-03 08:36:15.235   214   662 D QC-QMI  : QMI platform I/O... blocking on read  port[/dev/hsicctl3] conn_id[12]
03-03 08:36:15.235   214   662 D QC-QMI  : qmi_qmux: TX/RX - RX 24 bytes on conn_id=12
03-03 08:36:15.235   214   662 D QC-QMI  : QMI_Msg Len: [24], Serv_ID: [CTL(0x0)], Msg_ID: [GET_CLIENT_ID(0x22)], Trans_ID: [5][Response], Conn_ID:[12]
03-03 08:36:15.235   214   662 D QC-QMI  : 01 17 00 80 00 00 01 05 22 00 0C 00 02 04 00 00 00 00 00 01 02 00 01 03 
03-03 08:36:15.235   214   662 D QC-QMI  :  Striping of the standard result code ...
03-03 08:36:15.235   214   662 D QC-QMI  : Adding client 3, service 1, conn_id=12...
03-03 08:36:15.235   214   662 D QC-QMI  : .... for qmux_client_id = 1, in slot 1, for clnt_srv_info=407b03c0
03-03 08:36:15.235   214   662 D QC-QMI  : qmuxd: TX message on fd=19, to clientID = 1, len=712
03-03 08:36:15.235   214   662 D QC-QMI  : QMI platform I/O... blocking on poll fds
03-03 08:36:15.235   210   669 D QC-QMI  : qmi_client [210] 1: Received 712 bytes on fd = 23
03-03 08:36:15.235   210   669 D QC-QMI  : Sending signal ...... to read cmd data 
03-03 08:36:15.235   210   319 D QC-QMI  : qmi error code.........:0
03-03 08:36:15.235   210   319 D QC-QMI  : qmi sys error code.........:0
03-03 08:36:15.235   210   319 E QC-DS-LIB: qdi hndl is [0x00000004]
03-03 08:36:15.245   210   319 E QC-DS-LIB: wds hndl is [0x0c020100]
03-03 08:36:15.245   210   319 E QC-DS-LIB: dsi_mni_init: init iface [11]: END
03-03 08:36:15.245   210   319 E QC-DS-LIB: dsi_mni_init_clients: init iface [12]: START
03-03 08:36:15.245   210   319 E QC-DS-LIB: dsi_mni_init_clients: init qmi connection [rmnet_usb4]
03-03 08:36:15.245   210   319 E QC-DS-LIB: dsi_mni_init_clients: init wds srvc clientwith name [rmnet_usb4]
03-03 08:36:15.245   210   319 D QC-QMI  : qmi_client [210] 1: sending 712 bytes on fd = 23
03-03 08:36:15.245   214   214 D QC-QMI  : qmuxd: RX 712 bytes on fd=19 from qmux_client_id=1
03-03 08:36:15.245   214   214 E QC-QMI  : qmi_qmux_open_connection: connection is disabled for conn_id=13
03-03 08:36:15.245   214   214 E QC-QMI  : qmi_qmux_tx_msg: failed to open inactive connd_id=13
03-03 08:36:15.245   214   214 D QC-QMI  : Sending control message with message id:22
03-03 08:36:15.245   214   214 E QC-QMI  : qmi_qmux: TX failed, connection inactive or in reset, conn_id=13, status_flags=4
03-03 08:36:15.245   214   214 E QC-QMI  : qmi_ctl_tx_msg: qmi_qmux_tx_msg failed
03-03 08:36:15.245   214   214 E QC-QMI  : qmi_ctl_handle_request: qmi_ctl_tx_msg call failed
03-03 08:36:15.245   214   214 D QC-QMI  : Sending control message failed....replying back to client
03-03 08:36:15.245   214   214 D QC-QMI  : qmuxd: TX message on fd=19, to clientID = 1, len=712
03-03 08:36:15.245   210   669 D QC-QMI  : qmi_client [210] 1: Received 712 bytes on fd = 23
03-03 08:36:15.245   210   669 D QC-QMI  : Sending signal ...... to read cmd data 
03-03 08:36:15.245   210   319 D QC-QMI  : qmi error code.........:0
03-03 08:36:15.245   210   319 D QC-QMI  : qmi sys error code.........:-5
03-03 08:36:15.245   210   319 E QC-QMI  : qmi_qmux_if_alloc_service_client return code=-5
03-03 08:36:15.245   210   319 E QC-DS-LIB: dsi_mni_init_clients: qdi_wds_srvc_init_client failed with error [-5][0]
03-03 08:36:15.245   210   319 E QC-DS-LIB: dsi_mni_init_clients: init iface [13]: START
03-03 08:36:15.245   210   319 E QC-DS-LIB: dsi_mni_init_clients: init qmi connection [rmnet_usb5]
03-03 08:36:15.245   210   319 E QC-DS-LIB: dsi_mni_init_clients: init wds srvc clientwith name [rmnet_usb5]
03-03 08:36:15.245   210   319 D QC-QMI  : qmi_client [210] 1: sending 712 bytes on fd = 23
03-03 08:36:15.245   214   214 D QC-QMI  : qmuxd: RX 712 bytes on fd=19 from qmux_client_id=1
03-03 08:36:15.245   214   214 E QC-QMI  : qmi_qmux_open_connection: connection is disabled for conn_id=14
03-03 08:36:15.245   214   214 E QC-QMI  : qmi_qmux_tx_msg: failed to open inactive connd_id=14
03-03 08:36:15.245   214   214 D QC-QMI  : Sending control message with message id:22
03-03 08:36:15.245   214   214 E QC-QMI  : qmi_qmux: TX failed, connection inactive or in reset, conn_id=14, status_flags=4
03-03 08:36:15.245   214   214 E QC-QMI  : qmi_ctl_tx_msg: qmi_qmux_tx_msg failed
03-03 08:36:15.245   214   214 E QC-QMI  : qmi_ctl_handle_request: qmi_ctl_tx_msg call failed
03-03 08:36:15.245   214   214 D QC-QMI  : Sending control message failed....replying back to client
03-03 08:36:15.245   214   214 D QC-QMI  : qmuxd: TX message on fd=19, to clientID = 1, len=712
03-03 08:36:15.245   210   669 D QC-QMI  : qmi_client [210] 1: Received 712 bytes on fd = 23
03-03 08:36:15.245   210   669 D QC-QMI  : Sending signal ...... to read cmd data 
03-03 08:36:15.245   210   319 D QC-QMI  : qmi error code.........:0
03-03 08:36:15.245   210   319 D QC-QMI  : qmi sys error code.........:-5
03-03 08:36:15.245   210   319 E QC-QMI  : qmi_qmux_if_alloc_service_client return code=-5
03-03 08:36:15.245   210   319 E QC-DS-LIB: dsi_mni_init_clients: qdi_wds_srvc_init_client failed with error [-5][0]
03-03 08:36:15.245   210   319 E QC-DS-LIB: dsi_mni_init_clients: init iface [14]: START
03-03 08:36:15.245   210   319 E QC-DS-LIB: dsi_mni_init_clients: init qmi connection [rmnet_usb6]
03-03 08:36:15.245   210   319 E QC-DS-LIB: dsi_mni_init_clients: init wds srvc clientwith name [rmnet_usb6]
03-03 08:36:15.245   210   319 D QC-QMI  : qmi_client [210] 1: sending 712 bytes on fd = 23
03-03 08:36:15.245   214   214 D QC-QMI  : qmuxd: RX 712 bytes on fd=19 from qmux_client_id=1
03-03 08:36:15.245   214   214 E QC-QMI  : qmi_qmux_open_connection: connection is disabled for conn_id=15
03-03 08:36:15.245   214   214 E QC-QMI  : qmi_qmux_tx_msg: failed to open inactive connd_id=15
03-03 08:36:15.245   214   214 D QC-QMI  : Sending control message with message id:22
03-03 08:36:15.245   214   214 E QC-QMI  : qmi_qmux: TX failed, connection inactive or in reset, conn_id=15, status_flags=4
03-03 08:36:15.245   214   214 E QC-QMI  : qmi_ctl_tx_msg: qmi_qmux_tx_msg failed
03-03 08:36:15.245   214   214 E QC-QMI  : qmi_ctl_handle_request: qmi_ctl_tx_msg call failed
03-03 08:36:15.245   214   214 D QC-QMI  : Sending control message failed....replying back to client
03-03 08:36:15.245   214   214 D QC-QMI  : qmuxd: TX message on fd=19, to clientID = 1, len=712
03-03 08:36:15.245   210   669 D QC-QMI  : qmi_client [210] 1: Received 712 bytes on fd = 23
03-03 08:36:15.245   210   669 D QC-QMI  : Sending signal ...... to read cmd data 
03-03 08:36:15.245   210   319 D QC-QMI  : qmi error code.........:0
03-03 08:36:15.245   210   319 D QC-QMI  : qmi sys error code.........:-5
03-03 08:36:15.245   210   319 E QC-QMI  : qmi_qmux_if_alloc_service_client return code=-5
03-03 08:36:15.245   210   319 E QC-DS-LIB: dsi_mni_init_clients: qdi_wds_srvc_init_client failed with error [-5][0]
03-03 08:36:15.245   210   319 E QC-DS-LIB: dsi_mni_init_clients: init iface [15]: START
03-03 08:36:15.245   210   319 E QC-DS-LIB: dsi_mni_init_clients: init qmi connection [rmnet_usb7]
03-03 08:36:15.245   210   319 E QC-DS-LIB: dsi_mni_init_clients: init wds srvc clientwith name [rmnet_usb7]
03-03 08:36:15.245   210   319 D QC-QMI  : qmi_client [210] 1: sending 712 bytes on fd = 23
03-03 08:36:15.245   214   214 D QC-QMI  : qmuxd: RX 712 bytes on fd=19 from qmux_client_id=1
03-03 08:36:15.245   214   214 E QC-QMI  : qmi_qmux_open_connection: connection is disabled for conn_id=16
03-03 08:36:15.245   214   214 E QC-QMI  : qmi_qmux_tx_msg: failed to open inactive connd_id=16
03-03 08:36:15.245   214   214 D QC-QMI  : Sending control message with message id:22
03-03 08:36:15.245   214   214 E QC-QMI  : qmi_qmux: TX failed, connection inactive or in reset, conn_id=16, status_flags=4
03-03 08:36:15.245   214   214 E QC-QMI  : qmi_ctl_tx_msg: qmi_qmux_tx_msg failed
03-03 08:36:15.245   214   214 E QC-QMI  : qmi_ctl_handle_request: qmi_ctl_tx_msg call failed
03-03 08:36:15.245   214   214 D QC-QMI  : Sending control message failed....replying back to client
03-03 08:36:15.245   214   214 D QC-QMI  : qmuxd: TX message on fd=19, to clientID = 1, len=712
03-03 08:36:15.245   210   669 D QC-QMI  : qmi_client [210] 1: Received 712 bytes on fd = 23
03-03 08:36:15.245   210   669 D QC-QMI  : Sending signal ...... to read cmd data 
03-03 08:36:15.245   210   319 D QC-QMI  : qmi error code.........:0
03-03 08:36:15.245   210   319 D QC-QMI  : qmi sys error code.........:-5
03-03 08:36:15.245   210   319 E QC-QMI  : qmi_qmux_if_alloc_service_client return code=-5
03-03 08:36:15.245   210   319 E QC-DS-LIB: dsi_mni_init_clients: qdi_wds_srvc_init_client failed with error [-5][0]
03-03 08:36:15.245   210   319 E QC-DS-LIB: dsi_mni_init: EXIT with success
03-03 08:36:15.245   210   319 E QC-DS-LIB: dsi_netctrl_cb_init ENTRY
03-03 08:36:15.245   210   319 E QC-DS-LIB: dsi_netctrl_cb_init EXIT
03-03 08:36:15.245   210   319 E QC-DS-LIB: dsi_init: EXIT with success
03-03 08:36:15.245   210   319 E QC-DS-LIB: dsi_netctrl_init: EXIT with suc
03-03 08:36:15.245   210   677 E QC-DS-LIB: dsi_init_query_netmgr 1 time
03-03 08:36:15.245   210   319 D RILC    : qmi_ril(0/210): RIL[0][main] qcril_data_set_default_port: qcril_data_set_default_port: ENTRY
03-03 08:36:15.245   210   677 E QC-NETMGR-LIB: Event=[13] link=[0] devname=[]
03-03 08:36:15.245   210   319 D RILC    : qmi_ril(0/210): RIL[0][main] qcril_data_set_default_port: ro.baseband.arch property has mdm value set on it
03-03 08:36:15.245   210   319 D RILC    : qmi_ril(0/210): RIL[0][main] qcril_data_set_default_port: default_qmi_port set to rmnet_usb0
03-03 08:36:15.245   210   677 E QC-NETMGR-LIB: Generated nl msg, sendmsg returned 24
03-03 08:36:15.245   210   319 D RILC    : qmi_ril(0/210): RIL[0][main] qcril_data_set_default_port: qcril_data_set_default_port: EXIT
03-03 08:36:15.245   210   319 D RILC    : qmi_ril(0/210): RIL[0][main] qcril_data_qmi_wds_init: qcril_data_qmi_wds_init: entry
03-03 08:36:15.245   215   665 E QC-NETMGR-LIB: Received nl msg, recvmsg returned 24
03-03 08:36:15.245   215   665 E QC-NETMGR-LIB: Processing NETMGR_NL_EVENT
03-03 08:36:15.245   210   319 D QC-QMI  : qmi_client [210] 1: sending 712 bytes on fd = 23
03-03 08:36:15.245   215   665 E QC-NETMGR-LIB: Attribute: Event 0xd
03-03 08:36:15.245   215   665 E QC-NETMGR-LIB: netmgr_kif_nl_recv_ping_msg: Ping message recved!
03-03 08:36:15.245   215   665 E QC-NETMGR-LIB: Event=[14] link=[0] devname=[]
03-03 08:36:15.245   214   214 D QC-QMI  : qmuxd: RX 712 bytes on fd=19 from qmux_client_id=1
03-03 08:36:15.245   214   214 D QC-QMI  : Sending control message with message id:22
03-03 08:36:15.245   215   665 E QC-NETMGR-LIB: Generated nl msg, sendmsg returned 24
03-03 08:36:15.245   214   214 D QC-QMI  : qmi_qmux: TX/RX - TX 16 bytes on conn_id=9
03-03 08:36:15.245   214   214 D QC-QMI  : QMI_Msg Len: [16], Serv_ID: [CTL(0x0)], Msg_ID: [GET_CLIENT_ID(0x22)], Trans_ID: [24][Request], Conn_ID:[9]
03-03 08:36:15.245   214   214 D QC-QMI  : 01 0F 00 00 00 00 00 18 22 00 04 00 01 01 00 01 
03-03 08:36:15.245   210   676 E QC-NETMGR-LIB: Received nl msg, recvmsg returned 24
03-03 08:36:15.245   210   676 E QC-NETMGR-LIB: Processing NETMGR_NL_EVENT
03-03 08:36:15.245   210   676 E QC-NETMGR-LIB: Attribute: Event 0xe
03-03 08:36:15.245   210   676 E QC-DS-LIB: >>>dsi_netmgr_cb ENTRY
03-03 08:36:15.245   210   676 E QC-DS-LIB: dsi_mem_debug: malloc ptr [0x426e3008] memsize [15592]
03-03 08:36:15.245   210   676 E QC-DS-LIB: >>>received netmgr_cb with event [14] info [0x4260f010] data [0x0]
03-03 08:36:15.245   210   676 E QC-DS-LIB: >>>found info->link = [0]
03-03 08:36:15.245   210   676 E QC-DS-LIB: >>>posting cmd [0x426e3008] to dsi_netctrl_cb queue
03-03 08:36:15.245   210   676 E QC-DS-LIB: >>>dsi_netmgr_cb EXIT with suc
03-03 08:36:15.245   210   676 E QC-NETMGR-LIB: Notified client: hdl=0x0x415920c4 event=14 link=0 flow=0x00000000
03-03 08:36:15.245   210   675 E QC-DS-LIB: dsi_netctrl_cb_cmd_exec: ENTRY
03-03 08:36:15.245   210   675 E QC-DS-LIB: dsi_process_netmgr_ev ENTRY
03-03 08:36:15.245   210   675 E QC-DS-LIB: mutex [0x4155884c] locked
03-03 08:36:15.245   210   675 E QC-DS-LIB: NETMGR_READY_RESP received
03-03 08:36:15.245   210   675 E QC-DS-LIB: update dsi_inited to TRUE netmgr_ready_queried to FALSE
03-03 08:36:15.245   210   675 E QC-DS-LIB: dsi_netmgr_map_link: ENTRY
03-03 08:36:15.245   210   675 E QC-DS-LIB: netmgr link [0] maps to  dsi iface [0]
03-03 08:36:15.245   210   675 E QC-DS-LIB: dsi_netmgr_map_link: EXIT
03-03 08:36:15.245   210   675 E QC-DS-LIB: dsi_process_netmgr_ev EXIT with suc
03-03 08:36:15.245   210   675 E QC-DS-LIB: mutex [0x4155884c] unlocked
03-03 08:36:15.245   210   675 E QC-DS-LIB: dsi_netctrl_cb_cmd_exec: EXIT with suc
03-03 08:36:15.245   210   675 E QC-DS-LIB: dsi_netctrl_cb_cmd_free ENTRY
03-03 08:36:15.245   210   675 E QC-DS-LIB: dsi_mem_debug free ptr [0x426e3008]
03-03 08:36:15.245   210   675 E QC-DS-LIB: dsi_netctrl_cb_cmd_free EXIT
03-03 08:36:15.255   214   659 D QC-QMI  : QMI platform I/O... blocking on read  port[/dev/hsicctl0] conn_id[9]
03-03 08:36:15.255   214   659 D QC-QMI  : qmi_qmux: TX/RX - RX 24 bytes on conn_id=9
03-03 08:36:15.255   214   659 D QC-QMI  : QMI_Msg Len: [24], Serv_ID: [CTL(0x0)], Msg_ID: [GET_CLIENT_ID(0x22)], Trans_ID: [24][Response], Conn_ID:[9]
03-03 08:36:15.255   214   659 D QC-QMI  : 01 17 00 80 00 00 01 18 22 00 0C 00 02 04 00 00 00 00 00 01 02 00 01 04 
03-03 08:36:15.255   214   659 D QC-QMI  :  Striping of the standard result code ...
03-03 08:36:15.255   214   659 D QC-QMI  : Adding client 4, service 1, conn_id=9...
03-03 08:36:15.255   214   659 D QC-QMI  : .... for qmux_client_id = 1, in slot 2, for clnt_srv_info=407b0378
03-03 08:36:15.255   214   659 D QC-QMI  : qmuxd: TX message on fd=19, to clientID = 1, len=712
03-03 08:36:15.255   214   659 D QC-QMI  : QMI platform I/O... blocking on poll fds
03-03 08:36:15.255   210   669 D QC-QMI  : qmi_client [210] 1: Received 712 bytes on fd = 23
03-03 08:36:15.255   210   669 D QC-QMI  : Sending signal ...... to read cmd data 
03-03 08:36:15.255   210   319 D QC-QMI  : qmi error code.........:0
03-03 08:36:15.255   210   319 D QC-QMI  : qmi sys error code.........:0
03-03 08:36:15.255   210   319 D RILC    : qmi_ril(0/210): RIL[0][main] qcril_data_qmi_wds_init: global qmi_wds_hndl [151257344] initialized. qmi_err_code is set to [0]
03-03 08:36:15.255   210   319 D RILC    : qmi_ril(0/210): RIL[0][main] qcril_data_qmi_wds_init: Calling qmi_wds_get_current_data_system_status()
03-03 08:36:15.285   210   319 D RILC    : qmi_ril(0/210): RIL[0][main] qcril_data_dont_use_dsd: persist.radio.dont_use_dsd = false
03-03 08:36:15.285   210   319 D QC-QMI  : Setting the api flag to : 0
03-03 08:36:15.285   210   319 D QC-QMI  : qmi_client [210] 1: sending 47 bytes on fd = 23
03-03 08:36:15.285   214   214 D QC-QMI  : qmuxd: RX 47 bytes on fd=19 from qmux_client_id=1
03-03 08:36:15.285   214   214 D QC-QMI  : qmi_qmux: TX/RX - TX 13 bytes on conn_id=9
03-03 08:36:15.285   214   214 D QC-QMI  : QMI_Msg Len: [13], Serv_ID: [WDS(0x1)], Msg_ID: [<unknown>(0x6b)], Trans_ID: [1][Request], Conn_ID:[9]
03-03 08:36:15.285   214   214 D QC-QMI  : 01 0C 00 00 01 04 00 01 00 6B 00 00 00 
03-03 08:36:15.306   214   659 D QC-QMI  : QMI platform I/O... blocking on read  port[/dev/hsicctl0] conn_id[9]
03-03 08:36:15.306   214   659 D QC-QMI  : qmi_qmux: TX/RX - RX 43 bytes on conn_id=9
03-03 08:36:15.306   214   659 D QC-QMI  : QMI_Msg Len: [43], Serv_ID: [WDS(0x1)], Msg_ID: [<unknown>(0x6b)], Trans_ID: [1][Response], Conn_ID:[9]
03-03 08:36:15.306   214   659 D QC-QMI  : 01 2A 00 80 01 04 02 01 00 6B 00 1E 00 02 04 00 00 00 00 00 10 14 00 00 02 00 00 00 00 00 00 00 
03-03 08:36:15.306   214   659 D QC-QMI  : 00 00 01 00 00 00 00 00 00 00 00 
03-03 08:36:15.306   214   659 D QC-QMI  : qmuxd: TX message on fd=19, to clientID = 1, len=77
03-03 08:36:15.306   214   659 D QC-QMI  : QMI platform I/O... blocking on poll fds
03-03 08:36:15.306   210   669 D QC-QMI  : qmi_client [210] 1: Received 77 bytes on fd = 23
03-03 08:36:15.306   210   669 D QC-QMI  :  API Flag .............. 0 
03-03 08:36:15.306   210   669 D QC-QMI  :  Message ID ............... 107 
03-03 08:36:15.306   210   669 D QC-QMI  :  Striping off the standard result code 
03-03 08:36:15.306   210   319 D RILC    : qmi_ril(0/210): RIL[0][main] qcril_data_qmi_wds_init: Modem supports current data system, using current data system indications
03-03 08:36:15.306   210   319 I RILC    : qmi_ril(0/210): RIL[0][main] qcril_arb_set_data_sys_status: qcril_arb_set_data_sys_status instance:0 under operational status:2
03-03 08:36:15.306   210   319 D RILC    : qmi_ril(0/210): RIL[0][main] qcril_arb_set_data_sys_status: recevd data_sys_status pref_network=0x0, len=2
03-03 08:36:15.306   210   319 D RILC    : qmi_ril(0/210): RIL[0][main] qcril_arb_set_data_sys_status: recvd data_sys_status nw=0x0, rat_mask=0x0, so_mask=0x0
03-03 08:36:15.306   210   319 D RILC    : qmi_ril(0/210): RIL[0][main] qcril_arb_set_data_sys_status: recvd data_sys_status nw=0x1, rat_mask=0x0, so_mask=0x0
03-03 08:36:15.306   210   319 I RILC    : qmi_ril(0/210): RIL[0][main] qcril_qmi_get_pref_data_tech: before translation : is_current 1 network_type 0 rat_mask 0 db_so_mask 0 pref_data_tech UNKNOWN
03-03 08:36:15.306   210   319 I RILC    : qmi_ril(0/210): RIL[0][main] qcril_qmi_convert_rat_mask_to_technology: technology UNKNOWN
03-03 08:36:15.306   210   319 I RILC    : qmi_ril(0/210): RIL[0][main] qcril_qmi_convert_rat_mask_to_technology: function exit with ret 0
03-03 08:36:15.306   210   319 I RILC    : qmi_ril(0/210): RIL[0][main] qcril_qmi_get_pref_data_tech: after translation : is_current 1 network_type 0 rat_mask 0 db_so_mask 0 pref_data_tech UNKNOWN technology 0
03-03 08:36:15.306   210   319 I RILC    : qmi_ril(0/210): RIL[0][main] qmi_ril_nw_reg_extend_pref_data_tech_cl: is extrapolation 0, cache is valid 0, cache rat 0, oprt valid 0, oprt 0, card status 0, card ever present 0, ban 0, mpv 1, mp 12
03-03 08:36:15.306   210   319 I RILC    : qmi_ril(0/210): RIL[0][main] qmi_ril_nw_reg_extend_pref_data_tech_cl: need reset 0
03-03 08:36:15.306   210   319 I RILC    : qmi_ril(0/210): RIL[0][main] qcril_qmi_nas_update_data_rte: .. pref data tech UNKNOWN, is current 1; prep: CDMA=[0], GSM=[1], WCDMA=[1], TDSCDMA=[0], LTE=[0], EVDO=[0]
03-03 08:36:15.306   210   319 D RILC    : qmi_ril(0/210): RIL[0][main] qcril_qmi_nas_util_convert_nas_srv_status_to_ril_reg_status: reg_status: 0,-1,-1,-1,-1,1,0,1,-1,2
03-03 08:36:15.306   210   319 D RILC    : qmi_ril(0/210): RIL[0][main] qcril_qmi_nas_util_convert_nas_srv_status_to_ril_reg_status: reg_status: 0,-1,-1,-1,-1,1,0,1,-1,2
03-03 08:36:15.306   210   319 I RILC    : qmi_ril(0/210): RIL[0][main] qcril_qmi_nas_update_data_rte: .. reg data : 1x<0>, gsm<2>, wcdma<2>, lte<0>, hdr<0>
03-03 08:36:15.306   210   319 I RILC    : qmi_ril(0/210): RIL[0][main] qcril_qmi_nas_update_data_rte: preferred data tech available UNKNOWN
03-03 08:36:15.306   210   319 I RILC    : qmi_ril(0/210): RIL[0][main] qcril_qmi_nas_update_data_rte: completed, new drte 0 with confidence 4
03-03 08:36:15.306   210   319 I RILC    : qmi_ril(0/210): RIL[0][main] qcril_qmi_voice_technology_updated: function entry
03-03 08:36:15.306   210   319 I RILC    : qmi_ril(0/210): RIL[0][main] qcril_qmi_voice_technology_updated: ..nas_cached_info.voice_rte 0, nas_cached_info.data_rte 0, nas_cached_info.ims_rte 0, will be considered 0
03-03 08:36:15.306   210   319 I RILC    : qmi_ril(0/210): RIL[0][main] qcril_qmi_voice_technology_updated: function exit with ret 0
03-03 08:36:15.306   210   319 I RILC    : qmi_ril(0/210): RIL[0][main] qcril_qmi_nas_get_nw_selection_mode: returning pref 0 
03-03 08:36:15.306   210   319 D RILC    : qmi_ril(0/210): RIL[0][main] qcril_qmi_nas_util_convert_nas_srv_status_to_ril_reg_status: reg_status: 0,-1,-1,-1,-1,1,0,0,-1,2
03-03 08:36:15.306   210   319 I RILC    : qmi_ril(0/210): RIL[0][main] qcril_qmi_nas_get_nw_selection_mode: returning pref 0 
03-03 08:36:15.306   210   319 D RILC    : qmi_ril(0/210): RIL[0][main] qcril_qmi_nas_util_convert_nas_srv_status_to_ril_reg_status: reg_status: 0,-1,-1,-1,-1,1,0,0,-1,2
03-03 08:36:15.306   210   319 I RILC    : qmi_ril(0/210): RIL[0][main] qmi_ril_nwr_update_reg_rej_from_sys_info: .. reg - 1x: 0, gsm: 2, wcdma: 2, lte: 0, hdr: 0
03-03 08:36:15.306   210   319 I RILC    : qmi_ril(0/210): RIL[0][main] qmi_ril_nwr_update_reg_rej_from_sys_info: .. nof cs reg reject 0, cs reg reject for direct inj 0
03-03 08:36:15.306   210   319 D RILC    : qmi_ril(0/210): RIL[0][main] qcril_qmi_nas_util_convert_nas_srv_status_to_ril_reg_status: reg_status: 0,-1,-1,-1,-1,1,0,1,-1,2
03-03 08:36:15.306   210   319 D RILC    : qmi_ril(0/210): RIL[0][main] qcril_qmi_nas_util_convert_nas_srv_status_to_ril_reg_status: reg_status: 0,-1,-1,-1,-1,1,0,1,-1,2
03-03 08:36:15.306   210   319 I RILC    : qmi_ril(0/210): RIL[0][main] qmi_ril_nwr_update_reg_rej_from_sys_info: .. reg data - 1x: 0, gsm: 2, wcdma: 2, lte: 0, hdr: 0
03-03 08:36:15.306   210   319 I RILC    : qmi_ril(0/210): RIL[0][main] qmi_ril_nw_reg_snapshot_dump_log: in snapshot voice_rte 0, data_rte 0, ims_rte 0
03-03 08:36:15.306   210   319 I RILC    : qmi_ril(0/210): RIL[0][main] qmi_ril_nw_reg_snapshot_dump_log: in snapshot voice_rte 0, data_rte 0, ims_rte 0
03-03 08:36:15.306   210   319 I RILC    : qmi_ril(0/210): RIL[0][main] qcril_qmi_nas_evaluate_data_rte_on_pref_data_tech_change: any rte change 0
03-03 08:36:15.306   210   319 I RILC    : qmi_ril(0/210): RIL[0][main] qmi_ril_check_android_unsol_resp_dispatchable: function exit with ret 1
03-03 08:36:15.306   210   319 D RILC    : qmi_ril(0/210): RIL[0][main] qcril_send_unsol_response_epilog: UI <--- RIL_UNSOL_RESPONSE_NETWORK_STATE_CHANGED (1002) --- RIL [RID 0, Len 0, (null)]
03-03 08:36:15.306   210   319 W RILC    : RIL_onUnsolicitedResponse called before RIL_register
03-03 08:36:15.306   210   319 D RILC    : qmi_ril(0/210): RIL[0][main] qcril_data_process_data_sys_status_ind: qcril_data_process_data_sys_status_ind EXIT
03-03 08:36:15.306   210   319 D QC-QMI  : Setting the api flag to : 0
03-03 08:36:15.306   210   319 D QC-QMI  : qmi_client [210] 1: sending 55 bytes on fd = 23
03-03 08:36:15.306   214   214 D QC-QMI  : qmuxd: RX 55 bytes on fd=19 from qmux_client_id=1
03-03 08:36:15.306   214   214 D QC-QMI  : qmi_qmux: TX/RX - TX 21 bytes on conn_id=9
03-03 08:36:15.306   214   214 D QC-QMI  : QMI_Msg Len: [21], Serv_ID: [WDS(0x1)], Msg_ID: [SET_EVENT_REPORT(0x1)], Trans_ID: [2][Request], Conn_ID:[9]
03-03 08:36:15.306   214   214 D QC-QMI  : 01 14 00 00 01 04 00 02 00 01 00 08 00 17 01 00 01 1A 01 00 01 
03-03 08:36:15.326   214   659 D QC-QMI  : QMI platform I/O... blocking on read  port[/dev/hsicctl0] conn_id[9]
03-03 08:36:15.326   214   659 D QC-QMI  : qmi_qmux: TX/RX - RX 20 bytes on conn_id=9
03-03 08:36:15.326   214   659 D QC-QMI  : QMI_Msg Len: [20], Serv_ID: [WDS(0x1)], Msg_ID: [SET_EVENT_REPORT(0x1)], Trans_ID: [2][Response], Conn_ID:[9]
03-03 08:36:15.326   214   659 D QC-QMI  : 01 13 00 80 01 04 02 02 00 01 00 07 00 02 04 00 00 00 00 00 
03-03 08:36:15.326   214   659 D QC-QMI  : qmuxd: TX message on fd=19, to clientID = 1, len=54
03-03 08:36:15.326   214   659 D QC-QMI  : QMI platform I/O... blocking on poll fds
03-03 08:36:15.326   210   669 D QC-QMI  : qmi_client [210] 1: Received 54 bytes on fd = 23
03-03 08:36:15.326   210   669 D QC-QMI  :  API Flag .............. 0 
03-03 08:36:15.326   210   669 D QC-QMI  :  Message ID ............... 1 
03-03 08:36:15.326   210   669 D QC-QMI  :  Striping off the standard result code 
03-03 08:36:15.326   210   319 D QC-QMI  : qmi_init:  Already initialized, not calling process init sequence
03-03 08:36:15.326   210   319 D QC-QMI  : qmi_init:  Created client handle 41edd1d8
03-03 08:36:15.326   210   319 D QC-QMI  : qmi_client [210] 1: sending 712 bytes on fd = 23
03-03 08:36:15.326   214   214 D QC-QMI  : qmuxd: RX 712 bytes on fd=19 from qmux_client_id=1
03-03 08:36:15.326   214   214 D QC-QMI  : Sending control message with message id:22
03-03 08:36:15.326   214   214 D QC-QMI  : qmi_qmux: TX/RX - TX 16 bytes on conn_id=9
03-03 08:36:15.326   214   214 D QC-QMI  : QMI_Msg Len: [16], Serv_ID: [CTL(0x0)], Msg_ID: [GET_CLIENT_ID(0x22)], Trans_ID: [25][Request], Conn_ID:[9]
03-03 08:36:15.326   214   214 D QC-QMI  : 01 0F 00 00 00 00 00 19 22 00 04 00 01 01 00 01 
03-03 08:36:15.346   214   659 D QC-QMI  : QMI platform I/O... blocking on read  port[/dev/hsicctl0] conn_id[9]
03-03 08:36:15.346   214   659 D QC-QMI  : qmi_qmux: TX/RX - RX 24 bytes on conn_id=9
03-03 08:36:15.346   214   659 D QC-QMI  : QMI_Msg Len: [24], Serv_ID: [CTL(0x0)], Msg_ID: [GET_CLIENT_ID(0x22)], Trans_ID: [25][Response], Conn_ID:[9]
03-03 08:36:15.346   214   659 D QC-QMI  : 01 17 00 80 00 00 01 19 22 00 0C 00 02 04 00 00 00 00 00 01 02 00 01 05 
03-03 08:36:15.346   214   659 D QC-QMI  :  Striping of the standard result code ...
03-03 08:36:15.346   214   659 D QC-QMI  : Adding client 5, service 1, conn_id=9...
03-03 08:36:15.346   214   659 D QC-QMI  : .... for qmux_client_id = 1, in slot 3, for clnt_srv_info=407b0378
03-03 08:36:15.346   214   659 D QC-QMI  : qmuxd: TX message on fd=19, to clientID = 1, len=712
03-03 08:36:15.346   214   659 D QC-QMI  : QMI platform I/O... blocking on poll fds
03-03 08:36:15.346   210   669 D QC-QMI  : qmi_client [210] 1: Received 712 bytes on fd = 23
03-03 08:36:15.346   210   669 D QC-QMI  : Sending signal ...... to read cmd data 
03-03 08:36:15.346   210   319 D QC-QMI  : qmi error code.........:0
03-03 08:36:15.346   210   319 D QC-QMI  : qmi sys error code.........:0
03-03 08:36:15.346   210   319 D QC-QMI  :  Sending message control to modem for getting version information..........
03-03 08:36:15.346   210   319 D QC-QMI  : qmi_client [210] 1: sending 712 bytes on fd = 23
03-03 08:36:15.346   214   214 D QC-QMI  : qmuxd: RX 712 bytes on fd=19 from qmux_client_id=1
03-03 08:36:15.346   214   214 D QC-QMI  : Sending control message with message id:21
03-03 08:36:15.346   214   214 D QC-QMI  : qmi_qmux: TX/RX - TX 12 bytes on conn_id=9
03-03 08:36:15.346   214   214 D QC-QMI  : 01 0B 00 00 00 00 00 1A 21 00 00 00 
03-03 08:36:15.356   214   659 D QC-QMI  : QMI platform I/O... blocking on read  port[/dev/hsicctl0] conn_id[9]
03-03 08:36:15.356   214   659 D QC-QMI  : qmi_qmux: TX/RX - RX 143 bytes on conn_id=9
03-03 08:36:15.356   214   659 D QC-QMI  : QMI_Msg Len: [143], Serv_ID: [CTL(0x0)], Msg_ID: [GET_VER_INFO(0x21)], Trans_ID: [26][Response], Conn_ID:[9]
03-03 08:36:15.356   214   659 D QC-QMI  : 01 8E 00 80 00 00 01 1A 21 00 83 00 02 04 00 00 00 00 00 01 79 00 18 00 01 00 05 00 01 01 00 10 
03-03 08:36:15.356   214   659 D QC-QMI  : 00 02 01 00 0D 00 03 01 00 19 00 04 01 00 03 00 05 01 00 08 00 06 01 00 0A 00 07 01 00 02 00 08 
03-03 08:36:15.356   214   659 D QC-QMI  : 01 00 02 00 09 02 00 01 00 0A 02 00 0B 00 0B 01 00 0C 00 0C 01 00 04 00 0F 01 00 00 00 10 02 00 
03-03 08:36:15.356   214   659 D QC-QMI  : 00 00 11 01 00 00 00 12 01 00 00 00 14 01 00 00 00 17 01 00 00 00 18 01 00 00 00 1A 01 00 00 00 
03-03 08:36:15.356   214   659 D QC-QMI  : 1D 01 00 00 00 E0 02 00 0B 00 E5 00 00 00 00 
03-03 08:36:15.356   214   659 D QC-QMI  :  Striping of the standard result code ...
03-03 08:36:15.356   214   659 D QC-QMI  :  Parsing the version information ...
03-03 08:36:15.356   214   659 D QC-QMI  : Parsing the version list 
03-03 08:36:15.356   214   659 D QC-QMI  : Number of instances is :24
03-03 08:36:15.356   214   659 D QC-QMI  : Service ID ........0
03-03 08:36:15.356   214   659 D QC-QMI  : Major Number.......1
03-03 08:36:15.356   214   659 D QC-QMI  : Minor Number.......5
03-03 08:36:15.356   214   659 D QC-QMI  : Service ID ........1
03-03 08:36:15.356   214   659 D QC-QMI  : Major Number.......1
03-03 08:36:15.356   214   659 D QC-QMI  : Minor Number.......16
03-03 08:36:15.356   214   659 D QC-QMI  : Service ID ........2
03-03 08:36:15.356   214   659 D QC-QMI  : Major Number.......1
03-03 08:36:15.356   214   659 D QC-QMI  : Minor Number.......13
03-03 08:36:15.356   214   659 D QC-QMI  : Service ID ........3
03-03 08:36:15.356   214   659 D QC-QMI  : Major Number.......1
03-03 08:36:15.356   214   659 D QC-QMI  : Minor Number.......25
