03-03 08:36:15.356   214   659 D QC-QMI  : Service ID ........4
03-03 08:36:15.356   214   659 D QC-QMI  : Major Number.......1
03-03 08:36:15.356   214   659 D QC-QMI  : Minor Number.......3
03-03 08:36:15.356   214   659 D QC-QMI  : Service ID ........5
03-03 08:36:15.356   214   659 D QC-QMI  : Major Number.......1
03-03 08:36:15.356   214   659 D QC-QMI  : Minor Number.......8
03-03 08:36:15.356   214   659 D QC-QMI  : Service ID ........6
03-03 08:36:15.356   214   659 D QC-QMI  : Major Number.......1
03-03 08:36:15.356   214   659 D QC-QMI  : Minor Number.......10
03-03 08:36:15.356   214   659 D QC-QMI  : Service ID ........7
03-03 08:36:15.356   214   659 D QC-QMI  : Major Number.......1
03-03 08:36:15.366   214   659 D QC-QMI  : Minor Number.......2
03-03 08:36:15.366   214   659 D QC-QMI  : Service ID ........8
03-03 08:36:15.366   214   659 D QC-QMI  : Major Number.......1
03-03 08:36:15.366   214   659 D QC-QMI  : Minor Number.......2
03-03 08:36:15.366   214   659 D QC-QMI  : Service ID ........9
03-03 08:36:15.366   214   659 D QC-QMI  : Major Number.......2
03-03 08:36:15.366   214   659 D QC-QMI  : Minor Number.......1
03-03 08:36:15.366   214   659 D QC-QMI  : Service ID ........10
03-03 08:36:15.366   214   659 D QC-QMI  : Major Number.......2
03-03 08:36:15.366   214   659 D QC-QMI  : Minor Number.......11
03-03 08:36:15.366   214   659 D QC-QMI  : Service ID ........11
03-03 08:36:15.366   214   659 D QC-QMI  : Major Number.......1
03-03 08:36:15.366   214   659 D QC-QMI  : Minor Number.......12
03-03 08:36:15.366   214   659 D QC-QMI  : Service ID ........12
03-03 08:36:15.366   214   659 D QC-QMI  : Major Number.......1
03-03 08:36:15.366   214   659 D QC-QMI  : Minor Number.......4
03-03 08:36:15.366   214   659 D QC-QMI  : Service ID ........15
03-03 08:36:15.366   214   659 D QC-QMI  : Major Number.......1
03-03 08:36:15.366   214   659 D QC-QMI  : Minor Number.......0
03-03 08:36:15.366   214   659 D QC-QMI  : Service ID ........16
03-03 08:36:15.366   214   659 D QC-QMI  : Major Number.......2
03-03 08:36:15.366   214   659 D QC-QMI  : Minor Number.......0
03-03 08:36:15.366   214   659 D QC-QMI  : Service ID ........17
03-03 08:36:15.366   214   659 D QC-QMI  : Major Number.......1
03-03 08:36:15.366   214   659 D QC-QMI  : Minor Number.......0
03-03 08:36:15.366   214   659 D QC-QMI  : Service ID ........18
03-03 08:36:15.366   214   659 D QC-QMI  : Major Number.......1
03-03 08:36:15.366   214   659 D QC-QMI  : Minor Number.......0
03-03 08:36:15.366   214   659 D QC-QMI  : Service ID ........20
03-03 08:36:15.366   214   659 D QC-QMI  : Major Number.......1
03-03 08:36:15.366   214   659 D QC-QMI  : Minor Number.......0
03-03 08:36:15.366   214   659 D QC-QMI  : Service ID ........23
03-03 08:36:15.366   214   659 D QC-QMI  : Major Number.......1
03-03 08:36:15.366   214   659 D QC-QMI  : Minor Number.......0
03-03 08:36:15.366   214   659 D QC-QMI  : Service ID ........24
03-03 08:36:15.366   214   659 D QC-QMI  : Major Number.......1
03-03 08:36:15.366   214   659 D QC-QMI  : Minor Number.......0
03-03 08:36:15.366   214   659 D QC-QMI  : Service ID ........26
03-03 08:36:15.366   214   659 D QC-QMI  : Major Number.......1
03-03 08:36:15.366   214   659 D QC-QMI  : Minor Number.......0
03-03 08:36:15.366   214   659 D QC-QMI  : Service ID ........29
03-03 08:36:15.366   214   659 D QC-QMI  : Major Number.......1
03-03 08:36:15.366   214   659 D QC-QMI  : Minor Number.......0
03-03 08:36:15.366   214   659 D QC-QMI  : Service ID ........224
03-03 08:36:15.366   214   659 D QC-QMI  : Major Number.......2
03-03 08:36:15.366   214   659 D QC-QMI  : Minor Number.......11
03-03 08:36:15.366   214   659 D QC-QMI  : Service ID ........229
03-03 08:36:15.366   214   659 D QC-QMI  : Major Number.......0
03-03 08:36:15.366   214   659 D QC-QMI  : Minor Number.......0
03-03 08:36:15.366   214   659 D QC-QMI  : Parsing successful ........
03-03 08:36:15.366   214   659 D QC-QMI  : qmuxd: TX message on fd=19, to clientID = 1, len=712
03-03 08:36:15.366   214   659 D QC-QMI  : QMI platform I/O... blocking on poll fds
03-03 08:36:15.366   210   669 D QC-QMI  : qmi_client [210] 1: Received 712 bytes on fd = 23
03-03 08:36:15.366   210   669 D QC-QMI  : Sending signal ...... to read cmd data 
03-03 08:36:15.366   210   319 D QC-QMI  : qmi error code.........:0
03-03 08:36:15.366   210   319 D QC-QMI  : qmi sys error code.........:0
03-03 08:36:15.366   210   319 D QC-QMI  :  Number of services:24
03-03 08:36:15.366   210   319 D RILC    : qmi_ril(0/210): RIL[0][main] qcril_data_qmi_wds_init: qcril_data_qmi_wds_init: exit with success
03-03 08:36:15.366   210   319 I RILC    : qmi_ril(0/210): RIL[0][main] qcril_data_init: info_tbl[0].index = 0
03-03 08:36:15.366   210   319 I RILC    : qmi_ril(0/210): RIL[0][main] qcril_data_init: info_tbl[1].index = 1
03-03 08:36:15.366   210   319 I RILC    : qmi_ril(0/210): RIL[0][main] qcril_data_init: info_tbl[2].index = 2
03-03 08:36:15.366   210   319 I RILC    : qmi_ril(0/210): RIL[0][main] qcril_data_init: info_tbl[3].index = 3
03-03 08:36:15.366   210   319 I RILC    : qmi_ril(0/210): RIL[0][main] qcril_data_init: info_tbl[4].index = 4
03-03 08:36:15.366   210   319 I RILC    : qmi_ril(0/210): RIL[0][main] qcril_data_init: info_tbl[5].index = 5
03-03 08:36:15.366   210   319 I RILC    : qmi_ril(0/210): RIL[0][main] qcril_data_init: info_tbl[6].index = 6
03-03 08:36:15.366   210   319 I RILC    : qmi_ril(0/210): RIL[0][main] qcril_data_init: info_tbl[7].index = 7
03-03 08:36:15.366   210   319 I RILC    : qmi_ril(0/210): RIL[0][main] qcril_data_init: info_tbl[8].index = 8
03-03 08:36:15.366   210   319 I RILC    : qmi_ril(0/210): RIL[0][main] qcril_data_init: info_tbl[9].index = 9
03-03 08:36:15.366   210   319 I RILC    : qmi_ril(0/210): RIL[0][main] qcril_data_init: info_tbl[10].index = 10
03-03 08:36:15.366   210   319 I RILC    : qmi_ril(0/210): RIL[0][main] qcril_data_init: info_tbl[11].index = 11
03-03 08:36:15.366   210   319 I RILC    : qmi_ril(0/210): RIL[0][main] qcril_data_init: info_tbl[12].index = 12
03-03 08:36:15.366   210   319 I RILC    : qmi_ril(0/210): RIL[0][main] qcril_data_init: info_tbl[13].index = 13
03-03 08:36:15.366   210   319 I RILC    : qmi_ril(0/210): RIL[0][main] qcril_data_init: info_tbl[14].index = 14
03-03 08:36:15.366   210   319 I RILC    : qmi_ril(0/210): RIL[0][main] qcril_data_init: info_tbl[15].index = 15
03-03 08:36:15.366   210   319 I RILC    : qmi_ril(0/210): RIL[0][main] qcril_data_init: info_tbl[16].index = 16
03-03 08:36:15.366   210   319 I RILC    : qmi_ril(0/210): RIL[0][main] qcril_data_init: info_tbl[17].index = 17
03-03 08:36:15.366   210   319 I RILC    : qmi_ril(0/210): RIL[0][main] qcril_data_init: info_tbl[18].index = 18
03-03 08:36:15.366   210   319 I RILC    : qmi_ril(0/210): RIL[0][main] qcril_data_init: info_tbl[19].index = 19
03-03 08:36:15.366   210   319 I RILC    : qmi_ril(0/210): RIL[0][main] qcril_data_client_init: qcril_data_client_init : ENTRY
03-03 08:36:15.366   210   319 I RILC    : qmi_ril(0/210): RIL[0][main] qcril_data_client_init: qcril_data_client_init : EXIT
03-03 08:36:15.366   210   319 D RILC    : qmi_ril(0/210): RIL[0][main] qcril_data_init: qcril_data_init: EXIT
03-03 08:36:15.366   210   319 I RILC    : qmi_ril(0/210): RIL[0][main] qcril_qmi_preattach_pdn_profile_init: pdn profile: 
03-03 08:36:15.366   210   319 I RILC    : qmi_ril(0/210): RIL[0][main] qcril_qmi_preattach_pdn_profile_init: qcril_qmi_preattach_pdn_profile_init complete
03-03 08:36:15.366   210   319 I RILC    : qmi_ril(0/210): RIL[0][main] qcril_qmi_nas_dms_commmon_post_init: function entry
03-03 08:36:15.366   210   319 I RILC    : qmi_ril(0/210): RIL[0][main] qcril_qmi_nas_data_control_register_for_call_activity: function entry
03-03 08:36:15.366   210   319 I RILC    : qmi_ril(0/210): RIL[0][main] qcril_data_client_register: qcril_data_client_register : ENTRY
03-03 08:36:15.366   210   319 I RILC    : qmi_ril(0/210): RIL[0][main] qcril_data_client_register: >>>>>> LOCK QCRIL_DATA MUTEX 414eec7c
03-03 08:36:15.366   210   319 I RILC    : qmi_ril(0/210): RIL[0][main] qcril_data_client_register: Allocated client[0] using handle[0xffff0000]
03-03 08:36:15.366   210   319 I RILC    : qmi_ril(0/210): RIL[0][main] qcril_data_client_register: <<<<<< UNLOCK QCRIL_DATA MUTEX 414eec7c
03-03 08:36:15.366   210   319 I RILC    : qmi_ril(0/210): RIL[0][main] qcril_data_client_register: qcril_data_client_register : EXIT
03-03 08:36:15.366   210   319 I RILC    : qmi_ril(0/210): RIL[0][main] qcril_qmi_nas_data_control_register_for_call_activity: Registration for data call activity successful, handle -65536
03-03 08:36:15.366   210   319 I RILC    : qmi_ril(0/210): RIL[0][main] qcril_qmi_nas_data_control_register_for_call_activity: function exit
03-03 08:36:15.366   210   319 I RILC    : qmi_ril(0/210): RIL[0][main] qcril_qmi_nas_dms_commmon_post_init: function exit
03-03 08:36:15.366   210   383 D RILC    : qmi_ril(0/210): RIL[0][event] qcril_event_main: RID 0 MID 0 De-queued event QCRIL_EVT_QMI_RIL_PRL_VER_FETCH_ATTEMPT (655397)(obj 0x41a2adc8)
03-03 08:36:15.366   210   383 D RILC    : qmi_ril(0/210): RIL[0][event] qcril_process_event: RIL <--- QCRIL_EVT_QMI_RIL_PRL_VER_FETCH_ATTEMPT(655397), RID 0, MID 0 --- AMSS
03-03 08:36:15.366   210   383 I RILC    : qmi_ril(0/210): RIL[0][event] qcril_qmi_nas_dms_handle_fetch_prl_request: function entry
03-03 08:36:15.366   210   383 I RILC    : qmi_ril(0/210): RIL[0][event] qcril_qmi_nas_dms_handle_prl_change_helper: function entry
03-03 08:36:15.366   210   383 D QC-QMI  : Setting the api flag to : 1
03-03 08:36:15.366   210   383 D QC-QMI  : qmi_client [210] 1: sending 47 bytes on fd = 23
03-03 08:36:15.366   214   214 D QC-QMI  : qmuxd: RX 47 bytes on fd=19 from qmux_client_id=1
03-03 08:36:15.366   214   214 D QC-QMI  : qmi_qmux: TX/RX - TX 13 bytes on conn_id=9
03-03 08:36:15.366   214   214 D QC-QMI  : QMI_Msg Len: [13], Serv_ID: [DMS(0x2)], Msg_ID: [GET_CURRENT_PRL_INFO(0x53)], Trans_ID: [4][Request], Conn_ID:[9]
03-03 08:36:15.366   214   214 D QC-QMI  : 01 0C 00 00 02 01 00 04 00 53 00 00 00 
03-03 08:36:15.366   210   319 I RILC    : qmi_ril(0/210): RIL[0][main] qmi_ril_core_init: function exit with ret 0
03-03 08:36:15.366   210   319 I RILC    : qmi_ril(0/210): RIL[0][main] qmi_ril_bootup_perform_core_or_start_polling: sees 0 from qmi_ril_core_init()
03-03 08:36:15.366   210   319 I RILC    : qmi_ril(0/210): RIL[0][main] qmi_ril_check_android_unsol_resp_dispatchable: function exit with ret 1
03-03 08:36:15.366   210   319 D RILC    : qmi_ril(0/210): RIL[0][main] qcril_send_unsol_response_epilog: UI <--- RIL_UNSOL_RESPONSE_RADIO_STATE_CHANGED (1000) --- RIL [RID 0, Len 0, (null)]
03-03 08:36:15.366   210   319 W RILC    : RIL_onUnsolicitedResponse called before RIL_register
03-03 08:36:15.366   210   319 I RILC    : qmi_ril(0/210): RIL[0][main] qmi_ril_core_init_enter_warp: function entry
03-03 08:36:15.366   210   319 I RILC    : qmi_ril(0/210): RIL[0][main] qmi_ril_core_init_enter_warp: !QMI RIL! 2nd phase init for NON - DSDS
03-03 08:36:15.366   210   319 I RILC    : qmi_ril(0/210): RIL[0][main] qmi_ril_set_operational_status: new_status 3
03-03 08:36:15.366   210   319 I RILC    : qmi_ril(0/210): RIL[0][main] qmi_ril_nw_reg_perform_final_initialization_under_no_restrictions: function entry
03-03 08:36:15.366   210   319 D QC-QMI  : Setting the api flag to : 1
03-03 08:36:15.366   210   319 D QC-QMI  : qmi_client [210] 1: sending 47 bytes on fd = 23
03-03 08:36:15.366   214   214 D QC-QMI  : qmuxd: RX 47 bytes on fd=19 from qmux_client_id=1
03-03 08:36:15.366   214   214 D QC-QMI  : qmi_qmux: TX/RX - TX 13 bytes on conn_id=9
03-03 08:36:15.366   214   214 D QC-QMI  : QMI_Msg Len: [13], Serv_ID: [NAS(0x3)], Msg_ID: [GET_SYSTEM_SELECTION_PREFERENCE(0x34)], Trans_ID: [7][Request], Conn_ID:[9]
03-03 08:36:15.366   214   214 D QC-QMI  : 01 0C 00 00 03 01 00 07 00 34 00 00 00 
03-03 08:36:15.376   214   659 D QC-QMI  : QMI platform I/O... blocking on read  port[/dev/hsicctl0] conn_id[9]
03-03 08:36:15.376   214   659 D QC-QMI  : qmi_qmux: TX/RX - RX 20 bytes on conn_id=9
03-03 08:36:15.376   214   659 D QC-QMI  : QMI_Msg Len: [20], Serv_ID: [DMS(0x2)], Msg_ID: [GET_CURRENT_PRL_INFO(0x53)], Trans_ID: [4][Response], Conn_ID:[9]
03-03 08:36:15.376   214   659 D QC-QMI  : 01 13 00 80 02 01 02 04 00 53 00 07 00 02 04 00 01 00 4A 00 
03-03 08:36:15.376   214   659 D QC-QMI  : qmuxd: TX message on fd=19, to clientID = 1, len=54
03-03 08:36:15.376   214   659 D QC-QMI  : QMI platform I/O... blocking on poll fds
03-03 08:36:15.376   210   669 D QC-QMI  : qmi_client [210] 1: Received 54 bytes on fd = 23
03-03 08:36:15.376   210   669 D QC-QMI  :  API Flag .............. 1 
03-03 08:36:15.376   210   669 D QC-QMI  :  Message ID ............... 83 
03-03 08:36:15.376   210   383 I RILC    : qmi_ril(0/210): RIL[0][event] qcril_qmi_util_convert_qmi_response_codes_to_ril_result_ex: ctx check 0
03-03 08:36:15.376   210   383 I RILC    : qmi_ril(0/210): RIL[0][event] qcril_qmi_nas_dms_fetch_cur_prl_version: function exit with ret 2
03-03 08:36:15.376   210   383 I RILC    : qmi_ril(0/210): RIL[0][event] qcril_qmi_nas_dms_handle_prl_change_helper: function exit
03-03 08:36:15.376   210   383 I RILC    : qmi_ril(0/210): RIL[0][event] qcril_qmi_nas_dms_handle_fetch_prl_request: function exit
03-03 08:36:15.376   210   383 I RILC    : qmi_ril(0/210): RIL[0][event] qcril_process_event: Exit QCRIL_EVT_QMI_RIL_PRL_VER_FETCH_ATTEMPT, err_no 0
03-03 08:36:15.376   210   383 D RILC    : qmi_ril(0/210): RIL[0][event] qcril_event_main: RID 0 MID 0 De-queued event UIM_QMI_INDICATION (196610)(obj 0x41a2aec0)
03-03 08:36:15.376   210   383 D RILC    : qmi_ril(0/210): RIL[0][event] qcril_process_event: RIL <--- UIM_QMI_INDICATION(196610), RID 0, MID 0 --- AMSS
03-03 08:36:15.376   210   383 I RILC    : qmi_ril(0/210): RIL[0][event] qcril_uim_process_qmi_indication: qcril_uim_process_qmi_indication
03-03 08:36:15.376   210   383 I RILC    : qmi_ril(0/210): RIL[0][event] qcril_uim_process_status_change_ind: qcril_uim_process_status_change_ind
03-03 08:36:15.376   210   383 I RILC    : qmi_ril(0/210): RIL[0][event] qcril_uim_process_status_change_ind: curr modem state 0x3d845d, curr pri GW sim state 0x1, curr pri CDMA sim state 0x1, curr sec GW sim state 0x1 curr sec CDMA sim state 0x1
03-03 08:36:15.376   210   383 D RILC    : qmi_ril(0/210): RIL[0][event] qcril_uim_has_card_status_changed: No card change
03-03 08:36:15.376   210   383 I RILC    : qmi_ril(0/210): RIL[0][event] qcril_uim_print_card_status: qcril_uim_print_card_status
03-03 08:36:15.376   210   383 D RILC    : qmi_ril(0/210): RIL[0][event] qcril_uim_print_card_status: Index of GW primary prov: 0Xffff, 1X primary prov: 0Xffff 
03-03 08:36:15.376   210   383 D RILC    : qmi_ril(0/210): RIL[0][event] qcril_uim_print_card_status: Index of GW secondary prov: 0Xffff, 1X secondary prov: 0Xffff 
03-03 08:36:15.376   210   383 D RILC    : qmi_ril(0/210): RIL[0][event] qcril_uim_print_card_status: Number of slots: 0 
03-03 08:36:15.376   210   383 I RILC    : qmi_ril(0/210): RIL[0][event] qcril_uim_process_status_change_ind:  new modem state 0x3d845d, new pri GW sim state 0x1, new pri CDMA sim state 0x1, new sec GW sim state 0x1 curr sec CDMA sim state 0x1
03-03 08:36:15.376   210   383 I RILC    : qmi_ril(0/210): RIL[0][event] qcril_process_event: Exit UIM_QMI_INDICATION, err_no 0
03-03 08:36:15.376   210   383 D RILC    : qmi_ril(0/210): RIL[0][event] qcril_event_main: Waiting...
03-03 08:36:15.376   210   383 D RILC    : qmi_ril(0/210): RIL[0][event] qcril_event_main: 1 items on queue
03-03 08:36:15.376   210   383 D RILC    : qmi_ril(0/210): RIL[0][event] qcril_event_main: Waiting...
03-03 08:36:15.396   214   659 D QC-QMI  : QMI platform I/O... blocking on read  port[/dev/hsicctl0] conn_id[9]
03-03 08:36:15.396   214   659 D QC-QMI  : qmi_qmux: TX/RX - RX 81 bytes on conn_id=9
03-03 08:36:15.396   214   659 D QC-QMI  : QMI_Msg Len: [81], Serv_ID: [NAS(0x3)], Msg_ID: [GET_SYSTEM_SELECTION_PREFERENCE(0x34)], Trans_ID: [7][Response], Conn_ID:[9]
03-03 08:36:15.396   214   659 D QC-QMI  : 01 50 00 80 03 01 02 07 00 34 00 44 00 02 04 00 00 00 00 00 10 01 00 00 11 02 00 0C 00 12 08 00 
03-03 08:36:15.396   214   659 D QC-QMI  : FF FF FF BF FF FF FF FF 14 02 00 FF 00 15 08 00 FF 3F 9F 01 FF 07 00 00 16 01 00 00 18 04 00 02 
03-03 08:36:15.396   214   659 D QC-QMI  : 00 00 00 19 04 00 02 00 00 00 1C 04 00 03 08 05 04 
03-03 08:36:15.396   214   659 D QC-QMI  : qmuxd: TX message on fd=19, to clientID = 1, len=115
03-03 08:36:15.396   214   659 D QC-QMI  : QMI platform I/O... blocking on poll fds
03-03 08:36:15.396   210   669 D QC-QMI  : qmi_client [210] 1: Received 115 bytes on fd = 23
03-03 08:36:15.396   210   669 D QC-QMI  :  API Flag .............. 1 
03-03 08:36:15.396   210   669 D QC-QMI  :  Message ID ............... 52 
03-03 08:36:15.396   210   319 I RILC    : qmi_ril(0/210): RIL[0][main] qcril_qmi_util_convert_qmi_response_codes_to_ril_result_ex: ctx check 0
03-03 08:36:15.396   210   319 I RILC    : qmi_ril(0/210): RIL[0][main] qcril_qmi_fetch_system_selection_preference: function exit with ret 0
03-03 08:36:15.396   210   319 I RILC    : qmi_ril(0/210): RIL[0][main] qcril_qmi_get_voice_radio_technology: function entry
03-03 08:36:15.396   210   319 I RILC    : qmi_ril(0/210): RIL[0][main] qcril_qmi_get_voice_radio_technology: .. is ICS 1
03-03 08:36:15.396   210   319 I RILC    : qmi_ril(0/210): RIL[0][main] qcril_qmi_get_voice_radio_technology: .. domestic radio tech 0
03-03 08:36:15.396   210   319 I RILC    : qmi_ril(0/210): RIL[0][main] qcril_qmi_get_voice_radio_technology: .. mode_pref valid 1
03-03 08:36:15.396   210   319 I RILC    : qmi_ril(0/210): RIL[0][main] qcril_qmi_get_voice_radio_technology: .. mode_pref 12
03-03 08:36:15.396   210   319 I RILC    : qmi_ril(0/210): RIL[0][main] qcril_qmi_get_voice_radio_technology: .. pre-intermediate answer_generated 0, response 0
03-03 08:36:15.396   210   319 I RILC    : qmi_ril(0/210): RIL[0][main] qcril_qmi_get_voice_radio_technology: .. post-pre-intermediate answer_generated 0, response 0
03-03 08:36:15.396   210   319 I RILC    : qmi_ril(0/210): RIL[0][main] qcril_qmi_get_voice_radio_technology: .. intermediate answer_generated 1, response 3
03-03 08:36:15.396   210   319 I RILC    : qmi_ril(0/210): RIL[0][main] qcril_qmi_get_voice_radio_technology: .. result 3, answer_generated 1
03-03 08:36:15.396   210   319 I RILC    : qmi_ril(0/210): RIL[0][main] qcril_qmi_get_voice_radio_technology: function exit with ret 0
03-03 08:36:15.396   210   319 D RILC    : qmi_ril(0/210): RIL[0][main] qmi_ril_nw_reg_perform_final_initialization_under_no_restrictions: a-vrte 3, status 0
03-03 08:36:15.396   210   319 I RILC    : qmi_ril(0/210): RIL[0][main] qcril_qmi_nas_set_calculated_voice_radio_tech: entered voice_radio_tech 3
03-03 08:36:15.396   210   319 I RILC    : qmi_ril(0/210): RIL[0][main] qcril_qmi_nas_set_calculated_voice_radio_tech: function exit
03-03 08:36:15.396   210   319 I RILC    : qmi_ril(0/210): RIL[0][main] qcril_qmi_nas_set_reported_voice_radio_tech: entered voice_radio_tech 3
03-03 08:36:15.396   210   319 I RILC    : qmi_ril(0/210): RIL[0][main] qcril_qmi_nas_set_reported_voice_radio_tech: function exit
03-03 08:36:15.396   210   319 I RILC    : qmi_ril(0/210): RIL[0][main] qmi_ril_check_android_unsol_resp_dispatchable: function exit with ret 1
03-03 08:36:15.396   210   319 D RILC    : qmi_ril(0/210): RIL[0][main] qcril_send_unsol_response_epilog: UI <--- RIL_UNSOL_UNKOWN (1035) --- RIL [RID 0, Len 4, (null)]
03-03 08:36:15.396   210   319 W RILC    : RIL_onUnsolicitedResponse called before RIL_register
03-03 08:36:15.396   210   319 I RILC    : qmi_ril(0/210): RIL[0][main] qmi_ril_nw_reg_perform_final_initialization_under_no_restrictions: function exit
03-03 08:36:15.396   210   319 D QC-QMI  : Setting the api flag to : 1
03-03 08:36:15.396   210   319 D QC-QMI  : qmi_client [210] 1: sending 51 bytes on fd = 23
03-03 08:36:15.396   214   214 D QC-QMI  : qmuxd: RX 51 bytes on fd=19 from qmux_client_id=1
03-03 08:36:15.396   214   214 D QC-QMI  : qmi_qmux: TX/RX - TX 17 bytes on conn_id=9
03-03 08:36:15.396   214   214 D QC-QMI  : QMI_Msg Len: [17], Serv_ID: [WMS(0x5)], Msg_ID: [SET_PRIMARY_CLIENT(0x45)], Trans_ID: [1][Request], Conn_ID:[9]
03-03 08:36:15.396   214   214 D QC-QMI  : 01 10 00 00 05 01 00 01 00 45 00 04 00 01 01 00 01 
03-03 08:36:15.416   214   659 D QC-QMI  : QMI platform I/O... blocking on read  port[/dev/hsicctl0] conn_id[9]
03-03 08:36:15.416   214   659 D QC-QMI  : qmi_qmux: TX/RX - RX 20 bytes on conn_id=9
03-03 08:36:15.416   214   659 D QC-QMI  : QMI_Msg Len: [20], Serv_ID: [WMS(0x5)], Msg_ID: [SET_PRIMARY_CLIENT(0x45)], Trans_ID: [1][Response], Conn_ID:[9]
03-03 08:36:15.416   214   659 D QC-QMI  : 01 13 00 80 05 01 02 01 00 45 00 07 00 02 04 00 00 00 00 00 
03-03 08:36:15.416   214   659 D QC-QMI  : qmuxd: TX message on fd=19, to clientID = 1, len=54
03-03 08:36:15.416   214   659 D QC-QMI  : QMI platform I/O... blocking on poll fds
03-03 08:36:15.416   210   669 D QC-QMI  : qmi_client [210] 1: Received 54 bytes on fd = 23
03-03 08:36:15.416   210   669 D QC-QMI  :  API Flag .............. 1 
03-03 08:36:15.416   210   669 D QC-QMI  :  Message ID ............... 69 
03-03 08:36:15.416   210   319 I RILC    : qmi_ril(0/210): RIL[0][main] qcril_qmi_util_convert_qmi_response_codes_to_ril_result_ex: ctx check 0
03-03 08:36:15.416   210   319 D QC-QMI  : Setting the api flag to : 1
03-03 08:36:15.416   210   319 D QC-QMI  : qmi_client [210] 1: sending 80 bytes on fd = 23
03-03 08:36:15.416   214   214 D QC-QMI  : qmuxd: RX 80 bytes on fd=19 from qmux_client_id=1
03-03 08:36:15.416   214   214 D QC-QMI  : qmi_qmux: TX/RX - TX 46 bytes on conn_id=9
03-03 08:36:15.416   214   214 D QC-QMI  : QMI_Msg Len: [46], Serv_ID: [WMS(0x5)], Msg_ID: [SET_ROUTES(0x32)], Trans_ID: [2][Request], Conn_ID:[9]
03-03 08:36:15.416   214   214 D QC-QMI  : 01 2D 00 00 05 01 00 02 00 32 00 21 00 01 1A 00 06 00 00 00 FF 02 00 01 FF 02 00 02 00 01 00 03 
03-03 08:36:15.416   214   214 D QC-QMI  : FF 02 00 04 FF 02 00 05 FF 02 10 01 00 01 
03-03 08:36:15.436   214   659 D QC-QMI  : QMI platform I/O... blocking on read  port[/dev/hsicctl0] conn_id[9]
03-03 08:36:15.436   214   659 D QC-QMI  : qmi_qmux: TX/RX - RX 20 bytes on conn_id=9
03-03 08:36:15.436   214   659 D QC-QMI  : QMI_Msg Len: [20], Serv_ID: [WMS(0x5)], Msg_ID: [SET_ROUTES(0x32)], Trans_ID: [2][Response], Conn_ID:[9]
03-03 08:36:15.436   214   659 D QC-QMI  : 01 13 00 80 05 01 02 02 00 32 00 07 00 02 04 00 00 00 00 00 
03-03 08:36:15.436   214   659 D QC-QMI  : qmuxd: TX message on fd=19, to clientID = 1, len=54
03-03 08:36:15.436   214   659 D QC-QMI  : QMI platform I/O... blocking on poll fds
03-03 08:36:15.436   210   669 D QC-QMI  : qmi_client [210] 1: Received 54 bytes on fd = 23
03-03 08:36:15.436   210   669 D QC-QMI  :  API Flag .............. 1 
03-03 08:36:15.436   210   669 D QC-QMI  :  Message ID ............... 50 
03-03 08:36:15.436   210   319 I RILC    : qmi_ril(0/210): RIL[0][main] qcril_qmi_util_convert_qmi_response_codes_to_ril_result_ex: ctx check 0
03-03 08:36:15.436   210   319 D QC-QMI  : Setting the api flag to : 1
03-03 08:36:15.436   210   319 D QC-QMI  : qmi_client [210] 1: sending 51 bytes on fd = 23
03-03 08:36:15.436   214   214 D QC-QMI  : qmuxd: RX 51 bytes on fd=19 from qmux_client_id=1
03-03 08:36:15.436   214   214 D QC-QMI  : qmi_qmux: TX/RX - TX 17 bytes on conn_id=9
03-03 08:36:15.436   214   214 D QC-QMI  : QMI_Msg Len: [17], Serv_ID: [WMS(0x5)], Msg_ID: [SET_EVENT_REPORT(0x1)], Trans_ID: [3][Request], Conn_ID:[9]
03-03 08:36:15.436   214   214 D QC-QMI  : 01 10 00 00 05 01 00 03 00 01 00 04 00 10 01 00 01 
03-03 08:36:15.446   214   659 D QC-QMI  : QMI platform I/O... blocking on read  port[/dev/hsicctl0] conn_id[9]
03-03 08:36:15.446   214   659 D QC-QMI  : qmi_qmux: TX/RX - RX 20 bytes on conn_id=9
03-03 08:36:15.446   214   659 D QC-QMI  : QMI_Msg Len: [20], Serv_ID: [WMS(0x5)], Msg_ID: [SET_EVENT_REPORT(0x1)], Trans_ID: [3][Response], Conn_ID:[9]
03-03 08:36:15.446   214   659 D QC-QMI  : 01 13 00 80 05 01 02 03 00 01 00 07 00 02 04 00 00 00 00 00 
03-03 08:36:15.446   214   659 D QC-QMI  : qmuxd: TX message on fd=19, to clientID = 1, len=54
03-03 08:36:15.446   214   659 D QC-QMI  : QMI platform I/O... blocking on poll fds
03-03 08:36:15.446   210   669 D QC-QMI  : qmi_client [210] 1: Received 54 bytes on fd = 23
03-03 08:36:15.446   210   669 D QC-QMI  :  API Flag .............. 1 
03-03 08:36:15.446   210   669 D QC-QMI  :  Message ID ............... 1 
03-03 08:36:15.446   210   319 I RILC    : qmi_ril(0/210): RIL[0][main] qcril_qmi_util_convert_qmi_response_codes_to_ril_result_ex: ctx check 0
03-03 08:36:15.446   210   319 D QC-QMI  : Setting the api flag to : 1
03-03 08:36:15.446   210   319 D QC-QMI  : qmi_client [210] 1: sending 51 bytes on fd = 23
03-03 08:36:15.446   214   214 D QC-QMI  : qmuxd: RX 51 bytes on fd=19 from qmux_client_id=1
03-03 08:36:15.446   214   214 D QC-QMI  : qmi_qmux: TX/RX - TX 17 bytes on conn_id=9
03-03 08:36:15.446   214   214 D QC-QMI  : QMI_Msg Len: [17], Serv_ID: [WMS(0x5)], Msg_ID: [INDICATION_REGISTER(0x47)], Trans_ID: [4][Request], Conn_ID:[9]
03-03 08:36:15.446   214   214 D QC-QMI  : 01 10 00 00 05 01 00 04 00 47 00 04 00 10 01 00 01 
03-03 08:36:15.456   210   673 I RILC    : qmi_ril(0/210): RIL[0][coex_opener] qcril_qmi_coex_riva_port_open_handler: Unable to open SMD RIVA port -1, attempt #2
03-03 08:36:15.466   214   659 D QC-QMI  : QMI platform I/O... blocking on read  port[/dev/hsicctl0] conn_id[9]
03-03 08:36:15.466   214   659 D QC-QMI  : qmi_qmux: TX/RX - RX 20 bytes on conn_id=9
03-03 08:36:15.466   214   659 D QC-QMI  : QMI_Msg Len: [20], Serv_ID: [WMS(0x5)], Msg_ID: [INDICATION_REGISTER(0x47)], Trans_ID: [4][Response], Conn_ID:[9]
03-03 08:36:15.466   214   659 D QC-QMI  : 01 13 00 80 05 01 02 04 00 47 00 07 00 02 04 00 00 00 00 00 
03-03 08:36:15.466   214   659 D QC-QMI  : qmuxd: TX message on fd=19, to clientID = 1, len=54
03-03 08:36:15.466   214   659 D QC-QMI  : QMI platform I/O... blocking on poll fds
03-03 08:36:15.466   210   669 D QC-QMI  : qmi_client [210] 1: Received 54 bytes on fd = 23
03-03 08:36:15.466   210   669 D QC-QMI  :  API Flag .............. 1 
03-03 08:36:15.466   210   669 D QC-QMI  :  Message ID ............... 71 
03-03 08:36:15.466   210   319 I RILC    : qmi_ril(0/210): RIL[0][main] qcril_qmi_util_convert_qmi_response_codes_to_ril_result_ex: ctx check 0
03-03 08:36:15.466   210   319 I RILC    : qmi_ril(0/210): RIL[0][main] qmi_ril_set_sms_svc_status: new_status 2
03-03 08:36:15.466   210   319 I RILC    : qmi_ril(0/210): RIL[0][main] qmi_ril_core_init_enter_warp: !QMI RIL! 2nd phase SMS init for NON - DSDS
03-03 08:36:15.466   210   319 I RILC    : qmi_ril(0/210): RIL[0][main] qmi_ril_core_init_enter_warp: function exit
03-03 08:36:15.466   210   319 I RILC    : qmi_ril(0/210): RIL[0][main] qmi_ril_bootup_perform_core_or_start_polling: function exit
03-03 08:36:15.466   210   396 I RILC    : qmi_ril(0/210): RIL[0] get_IPPort: get_IPPort entered
03-03 08:36:15.466   210   319 D RILC    : qmi_ril(0/210): RIL[0][main] qcril_delay_timed_cb: Delay Timer expired with ID 0
03-03 08:36:15.466   210   210 D RILC    : qmi_ril(0/210): RIL[0][rild] qcril_uevent_listener_init: Succeeded to start uevent listener thread!
03-03 08:36:15.466   210   210 D RILC    : qmi_ril(0/210): RIL[0][rild] RIL_Init: GEP
03-03 08:36:15.466   210   210 D RILC    : qmi_ril(0/210): RIL[0][rild] RIL_Init: nel_lab_mode: 0
03-03 08:36:15.466   210   210 E RILC    : RIL_register: RIL version 8
03-03 08:36:15.466   210   396 I RILC    : qmi_ril(0/210): RIL[0] get_IPPort: get_IPPort :flag=[1],portinfo_flag=[1]
03-03 08:36:15.466   210   396 I RILC    : qmi_ril(0/210): RIL[0] qcril_qmi_extend_set_garbage_filter_ipv4_table: qcril_qmi_extend_set_garbage_filter_ipv4_table entered
03-03 08:36:15.466   210   396 D QC-QMI  : Setting the api flag to : 1
03-03 08:36:15.466   210   396 D QC-QMI  : qmi_client [210] 1: sending 306 bytes on fd = 23
03-03 08:36:15.466   214   214 D QC-QMI  : qmuxd: RX 306 bytes on fd=19 from qmux_client_id=1
03-03 08:36:15.466   214   214 D QC-QMI  : qmi_qmux: TX/RX - TX 272 bytes on conn_id=9
03-03 08:36:15.466   214   214 D QC-QMI  : QMI_Msg Len: [272], Serv_ID: [EXTEND(0xe5)], Msg_ID: [UMTS_SET_GF_IPV4_TABLE(0x193)], Trans_ID: [7][Request], Conn_ID:[9]
03-03 08:36:15.466   214   214 D QC-QMI  : 01 0F 01 00 E5 01 00 07 00 93 01 03 01 01 00 01 01 00 00 00 00 00 00 00 00 00 00 00 00 00 00 00 
03-03 08:36:15.466   214   214 D QC-QMI  : 00 00 00 00 00 00 00 00 00 00 00 00 00 00 00 00 00 00 00 00 00 00 00 00 00 00 00 00 00 00 00 00 
03-03 08:36:15.466   214   214 D QC-QMI  : 00 00 00 00 00 00 00 00 00 00 00 00 00 00 00 00 00 00 00 00 00 00 00 00 00 00 00 00 00 00 00 00 
03-03 08:36:15.466   214   214 D QC-QMI  : 00 00 00 00 00 00 00 00 00 00 00 00 00 00 00 00 00 00 00 00 00 00 00 00 00 00 00 00 00 00 00 00 
03-03 08:36:15.466   214   214 D QC-QMI  : 00 00 00 00 00 00 00 00 00 00 00 00 00 00 00 00 00 00 00 00 00 00 00 00 00 00 00 00 00 00 00 00 
03-03 08:36:15.466   214   214 D QC-QMI  : 00 00 00 00 00 00 00 00 00 00 00 00 00 00 00 00 00 00 00 00 00 00 00 00 00 00 00 00 00 00 00 00 
03-03 08:36:15.466   214   214 D QC-QMI  : 00 00 00 00 00 00 00 00 00 00 00 00 00 00 00 00 00 00 00 00 00 00 00 00 00 00 00 00 00 00 00 00 
03-03 08:36:15.466   214   214 D QC-QMI  : 00 00 00 00 00 00 00 00 00 00 00 00 00 00 00 00 00 00 00 00 00 00 00 00 00 00 00 00 00 00 00 00 
03-03 08:36:15.466   214   214 D QC-QMI  : 00 00 00 00 00 00 00 00 00 00 00 00 00 00 00 00 
03-03 08:36:15.476   214   659 D QC-QMI  : QMI platform I/O... blocking on read  port[/dev/hsicctl0] conn_id[9]
03-03 08:36:15.476   214   659 D QC-QMI  : qmi_qmux: TX/RX - RX 20 bytes on conn_id=9
03-03 08:36:15.476   214   659 D QC-QMI  : QMI_Msg Len: [20], Serv_ID: [EXTEND(0xe5)], Msg_ID: [UMTS_SET_GF_IPV4_TABLE(0x193)], Trans_ID: [7][Response], Conn_ID:[9]
03-03 08:36:15.476   214   659 D QC-QMI  : 01 13 00 80 E5 01 02 07 00 93 01 07 00 02 04 00 00 00 00 00 
03-03 08:36:15.476   214   659 D QC-QMI  : qmuxd: TX message on fd=19, to clientID = 1, len=54
03-03 08:36:15.476   214   659 D QC-QMI  : QMI platform I/O... blocking on poll fds
03-03 08:36:15.476   210   669 D QC-QMI  : qmi_client [210] 1: Received 54 bytes on fd = 23
03-03 08:36:15.476   210   669 D QC-QMI  :  API Flag .............. 1 
03-03 08:36:15.476   210   669 D QC-QMI  :  Message ID ............... 403 
03-03 08:36:15.476   210   396 I RILC    : qmi_ril(0/210): RIL[0] qcril_qmi_util_convert_qmi_response_codes_to_ril_result_ex: ctx check 0
03-03 08:36:15.476   210   396 I RILC    : qmi_ril(0/210): RIL[0] qcril_qmi_extend_set_garbage_filter_ipv4_table: qcril_qmi_extend_set_garbage_filter_ipv4_table completed 0, 0
03-03 08:36:15.956   210   673 I RILC    : qmi_ril(0/210): RIL[0][coex_opener] qcril_qmi_coex_riva_port_open_handler: Unable to open SMD RIVA port -1, attempt #3
03-03 08:36:16.457   210   673 I RILC    : qmi_ril(0/210): RIL[0][coex_opener] qcril_qmi_coex_riva_port_open_handler: Unable to open SMD RIVA port -1, attempt #4
03-03 08:36:16.857   210   396 D RILC    : qmi_ril(0/210): RIL[0] uevent_listener_thread: change@/devices/virtual/htc_portlist/packet_filter
03-03 08:36:16.857   210   396 I RILC    : qmi_ril(0/210): RIL[0] get_IPPort: get_IPPort entered
03-03 08:36:16.857   210   396 I RILC    : qmi_ril(0/210): RIL[0] get_IPPort: get_IPPort :flag=[1],portinfo_flag=[1]
03-03 08:36:16.857   210   396 I RILC    : qmi_ril(0/210): RIL[0] get_IPPort: TCP/IP port: 20001 
03-03 08:36:16.857   210   396 I RILC    : qmi_ril(0/210): RIL[0] qcril_qmi_extend_set_garbage_filter_ipv4_table: qcril_qmi_extend_set_garbage_filter_ipv4_table entered
03-03 08:36:16.857   210   396 D QC-QMI  : Setting the api flag to : 1
03-03 08:36:16.857   210   396 D QC-QMI  : qmi_client [210] 1: sending 306 bytes on fd = 23
03-03 08:36:16.857   214   214 D QC-QMI  : qmuxd: RX 306 bytes on fd=19 from qmux_client_id=1
03-03 08:36:16.857   214   214 D QC-QMI  : qmi_qmux: TX/RX - TX 272 bytes on conn_id=9
03-03 08:36:16.857   214   214 D QC-QMI  : QMI_Msg Len: [272], Serv_ID: [EXTEND(0xe5)], Msg_ID: [UMTS_SET_GF_IPV4_TABLE(0x193)], Trans_ID: [8][Request], Conn_ID:[9]
03-03 08:36:16.857   214   214 D QC-QMI  : 01 0F 01 00 E5 01 00 08 00 93 01 03 01 01 00 01 01 00 21 4E 00 00 00 00 00 00 00 00 00 00 00 00 
03-03 08:36:16.857   214   214 D QC-QMI  : 00 00 00 00 00 00 00 00 00 00 00 00 00 00 00 00 00 00 00 00 00 00 00 00 00 00 00 00 00 00 00 00 
03-03 08:36:16.857   214   214 D QC-QMI  : 00 00 00 00 00 00 00 00 00 00 00 00 00 00 00 00 00 00 00 00 00 00 00 00 00 00 00 00 00 00 00 00 
03-03 08:36:16.857   214   214 D QC-QMI  : 00 00 00 00 00 00 00 00 00 00 00 00 00 00 00 00 00 00 00 00 00 00 00 00 00 00 00 00 00 00 00 00 
03-03 08:36:16.857   214   214 D QC-QMI  : 00 00 00 00 00 00 00 00 00 00 00 00 00 00 00 00 00 00 00 00 00 00 00 00 00 00 00 00 00 00 00 00 
03-03 08:36:16.857   214   214 D QC-QMI  : 00 00 00 00 00 00 00 00 00 00 00 00 00 00 00 00 00 00 00 00 00 00 00 00 00 00 00 00 00 00 00 00 
03-03 08:36:16.857   214   214 D QC-QMI  : 00 00 00 00 00 00 00 00 00 00 00 00 00 00 00 00 00 00 00 00 00 00 00 00 00 00 00 00 00 00 00 00 
03-03 08:36:16.857   214   214 D QC-QMI  : 00 00 00 00 00 00 00 00 00 00 00 00 00 00 00 00 00 00 00 00 00 00 00 00 00 00 00 00 00 00 00 00 
03-03 08:36:16.857   214   214 D QC-QMI  : 00 00 00 00 00 00 00 00 00 00 00 00 00 00 00 00 
03-03 08:36:16.877   214   659 D QC-QMI  : QMI platform I/O... blocking on read  port[/dev/hsicctl0] conn_id[9]
03-03 08:36:16.877   214   659 D QC-QMI  : qmi_qmux: TX/RX - RX 20 bytes on conn_id=9
03-03 08:36:16.877   214   659 D QC-QMI  : QMI_Msg Len: [20], Serv_ID: [EXTEND(0xe5)], Msg_ID: [UMTS_SET_GF_IPV4_TABLE(0x193)], Trans_ID: [8][Response], Conn_ID:[9]
03-03 08:36:16.877   214   659 D QC-QMI  : 01 13 00 80 E5 01 02 08 00 93 01 07 00 02 04 00 00 00 00 00 
03-03 08:36:16.877   214   659 D QC-QMI  : qmuxd: TX message on fd=19, to clientID = 1, len=54
03-03 08:36:16.877   214   659 D QC-QMI  : QMI platform I/O... blocking on poll fds
03-03 08:36:16.877   210   669 D QC-QMI  : qmi_client [210] 1: Received 54 bytes on fd = 23
03-03 08:36:16.877   210   669 D QC-QMI  :  API Flag .............. 1 
03-03 08:36:16.877   210   669 D QC-QMI  :  Message ID ............... 403 
03-03 08:36:16.877   210   396 I RILC    : qmi_ril(0/210): RIL[0] qcril_qmi_util_convert_qmi_response_codes_to_ril_result_ex: ctx check 0
03-03 08:36:16.877   210   396 I RILC    : qmi_ril(0/210): RIL[0] qcril_qmi_extend_set_garbage_filter_ipv4_table: qcril_qmi_extend_set_garbage_filter_ipv4_table completed 0, 0
03-03 08:36:16.957   210   673 I RILC    : qmi_ril(0/210): RIL[0][coex_opener] qcril_qmi_coex_riva_port_open_handler: Unable to open SMD RIVA port -1, attempt #5
03-03 08:36:17.458   210   673 I RILC    : qmi_ril(0/210): RIL[0][coex_opener] qcril_qmi_coex_riva_port_open_handler: Unable to open SMD RIVA port -1, attempt #6
03-03 08:36:17.958   210   673 I RILC    : qmi_ril(0/210): RIL[0][coex_opener] qcril_qmi_coex_riva_port_open_handler: Unable to open SMD RIVA port -1, attempt #7
03-03 08:36:18.459   210   673 I RILC    : qmi_ril(0/210): RIL[0][coex_opener] qcril_qmi_coex_riva_port_open_handler: Unable to open SMD RIVA port -1, attempt #8
03-03 08:36:18.959   210   673 I RILC    : qmi_ril(0/210): RIL[0][coex_opener] qcril_qmi_coex_riva_port_open_handler: Unable to open SMD RIVA port -1, attempt #9
03-03 08:36:19.460   210   673 I RILC    : qmi_ril(0/210): RIL[0][coex_opener] qcril_qmi_coex_riva_port_open_handler: Unable to open SMD RIVA port -1, attempt #10
03-03 08:36:19.960   210   673 I RILC    : qmi_ril(0/210): RIL[0][coex_opener] qcril_qmi_coex_riva_port_open_handler: Unable to open SMD RIVA port -1, attempt #11
03-03 08:36:20.461   210   673 I RILC    : qmi_ril(0/210): RIL[0][coex_opener] qcril_qmi_coex_riva_port_open_handler: Unable to open SMD RIVA port -1, attempt #12
03-03 08:36:20.962   210   673 I RILC    : qmi_ril(0/210): RIL[0][coex_opener] qcril_qmi_coex_riva_port_open_handler: Unable to open SMD RIVA port -1, attempt #13
03-03 08:36:21.332   214   659 D QC-QMI  : QMI platform I/O... blocking on read  port[/dev/hsicctl0] conn_id[9]
03-03 08:36:21.332   214   659 D QC-QMI  : qmi_qmux: TX/RX - RX 21 bytes on conn_id=9
03-03 08:36:21.332   214   659 D QC-QMI  : QMI_Msg Len: [21], Serv_ID: [NAS(0x3)], Msg_ID: [<unknown>(0x6a)], Trans_ID: [0][Indication], Conn_ID:[9]
03-03 08:36:21.332   214   659 D QC-QMI  : 01 14 00 80 03 01 04 00 00 6A 00 08 00 10 01 00 01 11 01 00 01 
03-03 08:36:21.332   214   659 D QC-QMI  : qmuxd: TX message on fd=19, to clientID = 1, len=55
03-03 08:36:21.332   214   659 D QC-QMI  : QMI platform I/O... blocking on poll fds
03-03 08:36:21.332   210   669 D QC-QMI  : qmi_client [210] 1: Received 55 bytes on fd = 23
03-03 08:36:21.332   210   669 D QC-QMI  : qmi_service.c RX indication for conn=9, srvc=3
03-03 08:36:21.332   210   669 D QC-QMI  : Processing indication: Mesage4 ID=  106, Service ID = 3
03-03 08:36:21.332   210   669 D QC-QMI  : Client 9010300 gets indication callback
03-03 08:36:21.332   210   669 I RILC    : qmi_ril(0/210): RIL[0][qmi_cb] qcril_qmi_nas_unsolicited_indication_cb: invoked msg 0x6a
03-03 08:36:21.332   210   669 I RILC    : qmi_ril(0/210): RIL[0][qmi_cb] qcril_qmi_nas_is_considered_registered: .. cache valid 0
03-03 08:36:21.332   210   669 I RILC    : qmi_ril(0/210): RIL[0][qmi_cb] qcril_qmi_nas_get_nw_selection_mode: returning pref 0 
03-03 08:36:21.332   210   669 D RILC    : qmi_ril(0/210): RIL[0][qmi_cb] qcril_qmi_nas_util_convert_nas_srv_status_to_ril_reg_status: reg_status: 0,-1,-1,-1,-1,1,0,0,-1,2
03-03 08:36:21.332   210   669 I RILC    : qmi_ril(0/210): RIL[0][qmi_cb] qcril_qmi_nas_get_nw_selection_mode: returning pref 0 
03-03 08:36:21.332   210   669 D RILC    : qmi_ril(0/210): RIL[0][qmi_cb] qcril_qmi_nas_util_convert_nas_srv_status_to_ril_reg_status: reg_status: 0,-1,-1,-1,-1,1,0,0,-1,2
03-03 08:36:21.332   210   669 I RILC    : qmi_ril(0/210): RIL[0][qmi_cb] qcril_qmi_nas_is_considered_registered: .. reg - 1x: 0, gsm: 2, wcdma: 2, lte: 0, hdr: 0
03-03 08:36:21.332   210   669 D RILC    : qmi_ril(0/210): RIL[0][qmi_cb] qcril_qmi_nas_util_convert_nas_srv_status_to_ril_reg_status: reg_status: 0,-1,-1,-1,-1,1,0,1,-1,2
03-03 08:36:21.332   210   669 D RILC    : qmi_ril(0/210): RIL[0][qmi_cb] qcril_qmi_nas_util_convert_nas_srv_status_to_ril_reg_status: reg_status: 0,-1,-1,-1,-1,1,0,1,-1,2
03-03 08:36:21.332   210   669 I RILC    : qmi_ril(0/210): RIL[0][qmi_cb] qcril_qmi_nas_is_considered_registered: .. reg data - 1x: 0, gsm: 2, wcdma: 2, lte: 0, hdr: 0
03-03 08:36:21.332   210   669 I RILC    : qmi_ril(0/210): RIL[0][qmi_cb] qcril_qmi_nas_rtre_config_ind_conv_qmi2ril: function entry
03-03 08:36:21.332   210   669 I RILC    : qmi_ril(0/210): RIL[0][qmi_cb] qcril_qmi_nas_rtre_config_ind_conv_qmi2ril: nas rtre cfg 1
03-03 08:36:21.332   210   669 I RILC    : qmi_ril(0/210): RIL[0][qmi_cb] qcril_qmi_nas_rtre_config_ind_conv_qmi2ril: sub_source updated 1
03-03 08:36:21.332   210   669 I RILC    : qmi_ril(0/210): RIL[0][qmi_cb] qcril_qmi_nas_rtre_config_ind_conv_qmi2ril: sub_source 0
03-03 08:36:21.332   210   669 I RILC    : qmi_ril(0/210): RIL[0][qmi_cb] qcril_qmi_nas_unsolicited_indication_cb: .. operational state 3
03-03 08:36:21.332   210   669 I RILC    : qmi_ril(0/210): RIL[0][qmi_cb] qmi_ril_check_android_unsol_resp_dispatchable: function exit with ret 1
03-03 08:36:21.332   210   669 D RILC    : qmi_ril(0/210): RIL[0][qmi_cb] qcril_send_unsol_response_epilog: UI <--- RIL_UNSOL_CDMA_SUBSCRIPTION_SOURCE_CHANGED (1031) --- RIL [RID 0, Len 4, (null)]
03-03 08:36:21.332   210   669 D RILC    : [UNSL]< UNSOL_CDMA_SUBSCRIPTION_SOURCE_CHANGED {0}
03-03 08:36:21.332   210   669 I RILC    : qmi_ril(0/210): RIL[0][qmi_cb] qcril_qmi_nas_unsolicited_indication_cb: posted RIL indication 1031
03-03 08:36:21.352   214   659 D QC-QMI  : QMI platform I/O... blocking on read  port[/dev/hsicctl0] conn_id[9]
03-03 08:36:21.352   214   659 D QC-QMI  : qmi_qmux: TX/RX - RX 31 bytes on conn_id=9
03-03 08:36:21.352   214   659 D QC-QMI  : QMI_Msg Len: [31], Serv_ID: [UIM(0xb)], Msg_ID: [STATUS_CHANGE_IND(0x32)], Trans_ID: [0][Indication], Conn_ID:[9]
03-03 08:36:21.352   214   659 D QC-QMI  : 01 1E 00 80 0B 01 04 00 00 32 00 12 00 10 0F 00 FF FF FF FF FF FF FF FF 01 02 00 00 00 03 00 
03-03 08:36:21.352   214   659 D QC-QMI  : qmuxd: TX message on fd=19, to clientID = 1, len=65
03-03 08:36:21.352   214   659 D QC-QMI  : QMI platform I/O... blocking on poll fds
03-03 08:36:21.352   210   669 D QC-QMI  : qmi_client [210] 1: Received 65 bytes on fd = 23
03-03 08:36:21.352   210   669 D QC-QMI  : qmi_service.c RX indication for conn=9, srvc=11
03-03 08:36:21.352   210   669 D QC-QMI  : Processing indication: Mesage4 ID=  50, Service ID = 11
03-03 08:36:21.352   210   669 D QC-QMI  : Client 9010b00 gets indication callback
03-03 08:36:21.352   210   669 I RILC    : qmi_ril(0/210): RIL[0][qmi_cb] qmi_client_indication_cb: qmi_client_indication_cb, msg_id: 0x32
03-03 08:36:21.352   210   669 I RILC    : qmi_ril(0/210): RIL[0][qmi_cb] qmi_client_indication_cb: .. operational state 3
03-03 08:36:21.352   210   669 I RILC    : qmi_ril(0/210): RIL[0][qmi_cb] qcril_uim_indication_cb: qcril_uim_indication_cb: ind = 0x1
03-03 08:36:21.352   210   669 I RILC    : qmi_ril(0/210): RIL[0][qmi_cb] qcril_uim_indication_cb: qcril_uim_indication_cb qcril_event_queue
03-03 08:36:21.352   210   669 D RILC    : qmi_ril(0/210): RIL[0][qmi_cb] qcril_event_queue: RID 0 MID 0 Queued event UIM_QMI_INDICATION (1160 bytes)(obj 0x41179438)
03-03 08:36:21.352   210   383 D RILC    : qmi_ril(0/210): RIL[0][event] qcril_event_main: 1 items on queue
03-03 08:36:21.352   210   383 D RILC    : qmi_ril(0/210): RIL[0][event] qcril_event_main: RID 0 MID 0 De-queued event UIM_QMI_INDICATION (196610)(obj 0x41179438)
03-03 08:36:21.352   210   383 D RILC    : qmi_ril(0/210): RIL[0][event] qcril_process_event: RIL <--- UIM_QMI_INDICATION(196610), RID 0, MID 0 --- AMSS
03-03 08:36:21.352   210   383 I RILC    : qmi_ril(0/210): RIL[0][event] qcril_uim_process_qmi_indication: qcril_uim_process_qmi_indication
03-03 08:36:21.352   210   383 I RILC    : qmi_ril(0/210): RIL[0][event] qcril_uim_process_status_change_ind: qcril_uim_process_status_change_ind
03-03 08:36:21.352   210   383 I RILC    : qmi_ril(0/210): RIL[0][event] qcril_uim_process_status_change_ind: curr modem state 0x3d845d, curr pri GW sim state 0x1, curr pri CDMA sim state 0x1, curr sec GW sim state 0x1 curr sec CDMA sim state 0x1
03-03 08:36:21.352   210   383 D RILC    : qmi_ril(0/210): RIL[0][event] qcril_uim_has_card_status_changed: card state changed: 0x3 -> 0x2
03-03 08:36:21.352   210   383 D RILC    : qmi_ril(0/210): RIL[0][event] qcril_uim_process_status_change_ind: old card_state 0x3, old card_error 0x0, new card_state 0x2, new card_error 0x3
03-03 08:36:21.352   210   383 D RILC    : qmi_ril(0/210): RIL[0][event] qcril_uim_handle_card_state_change: Card status: 0x3 -> 0x2
03-03 08:36:21.352   210   383 D RILC    : qmi_ril(0/210): RIL[0][event] qcril_process_event: RIL --- QCRIL_EVT_PBM_CARD_ERROR(397315), RID 0, MID 0 ---> RIL
03-03 08:36:21.352   210   383 D RILC    : qmi_ril(0/210): RIL[0][event] qcril_uim_update_pbm_card_event: PBM_HANDLE_CARD 397315 processing Failed!
03-03 08:36:21.352   210   383 D RILC    : qmi_ril(0/210): RIL[0][event] qcril_process_event: RIL <--- CM_CARD_STATUS_UPDATED(94209), RID 0, MID 0 --- AMSS
03-03 08:36:21.352   210   383 I RILC    : qmi_ril(0/210): RIL[0][event] qcril_qmi_nas_dms_event_card_status_updated: function entry
03-03 08:36:21.352   210   383 I RILC    : qmi_ril(0/210): RIL[0][event] qcril_qmi_nas_dms_event_card_status_updated: entered slot 0
03-03 08:36:21.352   210   383 I RILC    : qmi_ril(0/210): RIL[0][event] qcril_qmi_nas_dms_event_card_status_updated: Slot 0 Card status: UNKNOWN --> NONE
03-03 08:36:21.352   210   383 I RILC    : qmi_ril(0/210): RIL[0][event] qcril_qmi_nas_dms_update_card_status_initiate_prl_fetch: function entry
03-03 08:36:21.352   210   383 I RILC    : qmi_ril(0/210): RIL[0][event] qcril_qmi_nas_dms_update_card_status: function entry
03-03 08:36:21.352   210   383 I RILC    : qmi_ril(0/210): RIL[0][event] qcril_qmi_nas_dms_update_card_status:  qmi_ril: RID 0 Slot 0, Pwr oprt in progress 0, Card status NONE[9]
03-03 08:36:21.352   210   383 I RILC    : qmi_ril(0/210): RIL[0][event] qcril_qmi_nas_dms_update_card_status: function exit
03-03 08:36:21.352   210   383 I RILC    : qmi_ril(0/210): RIL[0][event] qcril_qmi_dms_is_prl_info_available: function entry
03-03 08:36:21.352   210   383 I RILC    : qmi_ril(0/210): RIL[0][event] qcril_qmi_dms_is_prl_info_available: function exit with ret 0
03-03 08:36:21.352   210   383 I RILC    : qmi_ril(0/210): RIL[0][event] qcril_qmi_nas_dms_initiate_prl_ver_fetch_attenpt_if_needed: is_set: 0
03-03 08:36:21.352   210   383 D RILC    : qmi_ril(0/210): RIL[0][event] qcril_event_queue: Event [QCRIL_EVT_QMI_RIL_PRL_VER_FETCH_ATTEMPT, a0025] data was NULL
03-03 08:36:21.352   210   383 D RILC    : qmi_ril(0/210): RIL[0][event] qcril_event_queue: RID 0 MID 0 Queued event QCRIL_EVT_QMI_RIL_PRL_VER_FETCH_ATTEMPT (0 bytes)(obj 0x4150afb8)
03-03 08:36:21.352   210   383 I RILC    : qmi_ril(0/210): RIL[0][event] qcril_qmi_nas_dms_update_card_status_initiate_prl_fetch: function exit
03-03 08:36:21.352   210   383 I RILC    : qmi_ril(0/210): RIL[0][event] qcril_qmi_nas_dms_event_card_status_updated: card status changed 1
03-03 08:36:21.352   210   383 I RILC    : qmi_ril(0/210): RIL[0][event] qcril_reqlist_find_by_event: [RID 0] Not found ReqList entry waiting for RIL_REQUEST_OEM_HOOK_RAW(INFORM_SHUTDOWN) (524298)
03-03 08:36:21.352   210   383 I RILC    : qmi_ril(0/210): RIL[0][event] qcril_qmi_nas_dms_event_card_status_updated: found qcril request 1
03-03 08:36:21.352   210   383 I RILC    : qmi_ril(0/210): RIL[0][event] qcril_qmi_nas_dms_event_card_status_updated: function exit
03-03 08:36:21.352   210   383 I RILC    : qmi_ril(0/210): RIL[0][event] qcril_process_event: Exit CM_CARD_STATUS_UPDATED, err_no 0
03-03 08:36:21.352   210   383 I RILC    : qmi_ril(0/210): RIL[0][event] qcril_scws_card_error: qcril_scws_card_error, slot_id: 0x0 
03-03 08:36:21.352   210   383 I RILC    : qmi_ril(0/210): RIL[0][event] qcril_uim_handle_card_state_change: Setting QMI_UIM_CARD_STATE_ABSENT, card_error: 3, Slot: 0 
03-03 08:36:21.362   210   383 I RILC    : qmi_ril(0/210): RIL[0][event] qcril_uim_refresh_register: Session type not valid for refresh registration: 0x0
03-03 08:36:21.362   210   383 I RILC    : qmi_ril(0/210): RIL[0][event] qcril_uim_refresh_register: Session type not valid for refresh registration: 0x1
03-03 08:36:21.362   210   383 I RILC    : qmi_ril(0/210): RIL[0][event] qmi_ril_check_android_unsol_resp_dispatchable: function exit with ret 1
03-03 08:36:21.362   210   383 D RILC    : qmi_ril(0/210): RIL[0][event] qcril_send_unsol_response_epilog: UI <--- RIL_UNSOL_RESPONSE_SIM_STATUS_CHANGED (1019) --- RIL [RID 0, Len 0, (null)]
03-03 08:36:21.362   210   383 D RILC    : [UNSL]< UNSOL_RESPONSE_SIM_STATUS_CHANGED 
03-03 08:36:21.362   210   383 I RILC    : qmi_ril(0/210): RIL[0][event] qcril_uim_print_card_status: qcril_uim_print_card_status
03-03 08:36:21.362   210   383 D RILC    : qmi_ril(0/210): RIL[0][event] qcril_uim_print_card_status: Index of GW primary prov: 0Xffff, 1X primary prov: 0Xffff 
03-03 08:36:21.362   210   383 D RILC    : qmi_ril(0/210): RIL[0][event] qcril_uim_print_card_status: Index of GW secondary prov: 0Xffff, 1X secondary prov: 0Xffff 
03-03 08:36:21.362   210   383 D RILC    : qmi_ril(0/210): RIL[0][event] qcril_uim_print_card_status: Number of slots: 1 
03-03 08:36:21.362   210   383 D RILC    : qmi_ril(0/210): RIL[0][event] qcril_uim_print_card_status: card[0].card_state: 2, upin_state: 0, upin_num_retries: 0, upuk_num_retries: 0, card_error: 3 
03-03 08:36:21.362   210   383 D RILC    : qmi_ril(0/210): RIL[0][event] qcril_uim_print_card_status: card[0].card_error: No ATR received
03-03 08:36:21.362   210   383 D RILC    : qmi_ril(0/210): RIL[0][event] qcril_uim_print_card_status: Number of apps: 0 
03-03 08:36:21.362   210   383 I RILC    : qmi_ril(0/210): RIL[0][event] qcril_uim_process_status_change_ind:  new modem state 0x3d845d, new pri GW sim state 0x1, new pri CDMA sim state 0x1, new sec GW sim state 0x1 curr sec CDMA sim state 0x1
03-03 08:36:21.362   210   383 I RILC    : qmi_ril(0/210): RIL[0][event] qcril_process_event: Exit UIM_QMI_INDICATION, err_no 0
03-03 08:36:21.362   210   383 D RILC    : qmi_ril(0/210): RIL[0][event] qcril_event_main: RID 0 MID 0 De-queued event QCRIL_EVT_QMI_RIL_PRL_VER_FETCH_ATTEMPT (655397)(obj 0x4150afb8)
03-03 08:36:21.362   210   383 D RILC    : qmi_ril(0/210): RIL[0][event] qcril_process_event: RIL <--- QCRIL_EVT_QMI_RIL_PRL_VER_FETCH_ATTEMPT(655397), RID 0, MID 0 --- AMSS
03-03 08:36:21.362   210   383 I RILC    : qmi_ril(0/210): RIL[0][event] qcril_qmi_nas_dms_handle_fetch_prl_request: function entry
03-03 08:36:21.362   210   383 I RILC    : qmi_ril(0/210): RIL[0][event] qcril_qmi_nas_dms_handle_prl_change_helper: function entry
03-03 08:36:21.362   210   383 D QC-QMI  : Setting the api flag to : 1
03-03 08:36:21.362   210   383 D QC-QMI  : qmi_client [210] 1: sending 47 bytes on fd = 23
03-03 08:36:21.362   214   214 D QC-QMI  : qmuxd: RX 47 bytes on fd=19 from qmux_client_id=1
03-03 08:36:21.362   214   214 D QC-QMI  : qmi_qmux: TX/RX - TX 13 bytes on conn_id=9
03-03 08:36:21.362   214   214 D QC-QMI  : QMI_Msg Len: [13], Serv_ID: [DMS(0x2)], Msg_ID: [GET_CURRENT_PRL_INFO(0x53)], Trans_ID: [5][Request], Conn_ID:[9]
03-03 08:36:21.362   214   214 D QC-QMI  : 01 0C 00 00 02 01 00 05 00 53 00 00 00 
