02-14 08:21:51.640   210   316 I RILC    : qmi_ril(0/210): RIL[0][event] qcril_qmi_nas_fetch_signal_strength_observations: validity err rate GSM 0, WCDMA 0, TDSCDMA 0
02-14 08:21:51.640   210   316 I RILC    : qmi_ril(0/210): RIL[0][event] qcril_qmi_nas_fetch_signal_strength_observations: ..qmi_request_need_sig_info-0, qmi_request_need_err_rate-0
02-14 08:21:51.640   210   316 I RILC    : qmi_ril(0/210): RIL[0][event] qcril_qmi_nas_propagate_known_signal_strength_ind: .. subfetch sig strength info 0
02-14 08:21:51.640   210   316 I RILC    : qmi_ril(0/210): RIL[0][event] qcril_qmi_nas_dump_sign_strength_report: dump_RSSI: GW<99,99> CDMA<-1,-1> EVDO<-1,-1,-1> LTE<99,2147483647,2147483647,2147483647,2147483647>
02-14 08:21:51.640   210   316 I RILC    : qmi_ril(0/210): RIL[0][event] qcril_qmi_nas_propagate_known_signal_strength_ind: .. conf res 0
02-14 08:21:51.640   210   316 I RILC    : qmi_ril(0/210): RIL[0][event] qmi_ril_check_android_unsol_resp_dispatchable: function exit with ret 1
02-14 08:21:51.640   210   316 D RILC    : qmi_ril(0/210): RIL[0][event] qcril_send_unsol_response_epilog: UI <--- RIL_UNSOL_SIGNAL_STRENGTH (1009) --- RIL [RID 0, Len 48, (null)]
02-14 08:21:51.640   210   316 D RILC    : [UNSL]< UNSOL_SIGNAL_STRENGTH {[signalStrength=99,bitErrorRate=99,                CDMA_SS.dbm=-1,CDMA_SSecio=-1,                EVDO_SS.dbm=-1,EVDO_SS.ecio=-1,                EVDO_SS.signalNoiseRatio=-1,                LTE_SS.signalStrength=99,LTE_SS.rsrp=2147483647,LTE_SS.rsrq=2147483647,                LTE_SS.rssnr=2147483647,LTE_SS.cqi=2147483647]}
02-14 08:21:51.640   210   316 I RILC    : qmi_ril(0/210): RIL[0][event] qcril_process_event: Exit QCRIL_EVT_QMI_NAS_SIG_STRENGTH_UPDATE, err_no 0
02-14 08:21:51.640   210   316 D RILC    : qmi_ril(0/210): RIL[0][event] qcril_event_main: RID 0 MID 0 De-queued event QCRIL_EVT_QMI_NAS_SIG_STRENGTH_UPDATE (655370)(obj 0x41700ec8)
02-14 08:21:51.640   210   316 D RILC    : qmi_ril(0/210): RIL[0][event] qcril_process_event: RIL <--- QCRIL_EVT_QMI_NAS_SIG_STRENGTH_UPDATE(655370), RID 0, MID 0 --- AMSS
02-14 08:21:51.640   210   316 I RILC    : qmi_ril(0/210): RIL[0][event] qcril_qmi_nas_fetch_signal_strength_observations: validity sign info GSM 0, WCDMA 0, TDSCDMA 0, 1x 0, HRPD 0, LTE 0
02-14 08:21:51.640   210   316 I RILC    : qmi_ril(0/210): RIL[0][event] qcril_qmi_nas_fetch_signal_strength_observations: validity err rate GSM 0, WCDMA 0, TDSCDMA 0
02-14 08:21:51.640   210   316 I RILC    : qmi_ril(0/210): RIL[0][event] qcril_qmi_nas_fetch_signal_strength_observations: ..qmi_request_need_sig_info-0, qmi_request_need_err_rate-0
02-14 08:21:51.640   210   316 I RILC    : qmi_ril(0/210): RIL[0][event] qcril_qmi_nas_propagate_known_signal_strength_ind: .. subfetch sig strength info 0
02-14 08:21:51.640   210   316 I RILC    : qmi_ril(0/210): RIL[0][event] qcril_qmi_nas_dump_sign_strength_report: dump_RSSI: GW<99,99> CDMA<-1,-1> EVDO<-1,-1,-1> LTE<99,2147483647,2147483647,2147483647,2147483647>
02-14 08:21:51.640   210   316 I RILC    : qmi_ril(0/210): RIL[0][event] qcril_qmi_nas_propagate_known_signal_strength_ind: .. conf res 0
02-14 08:21:51.640   210   316 I RILC    : qmi_ril(0/210): RIL[0][event] qmi_ril_check_android_unsol_resp_dispatchable: function exit with ret 1
02-14 08:21:51.640   210   316 D RILC    : qmi_ril(0/210): RIL[0][event] qcril_send_unsol_response_epilog: UI <--- RIL_UNSOL_SIGNAL_STRENGTH (1009) --- RIL [RID 0, Len 48, (null)]
02-14 08:21:51.640   210   316 D RILC    : [UNSL]< UNSOL_SIGNAL_STRENGTH {[signalStrength=99,bitErrorRate=99,                CDMA_SS.dbm=-1,CDMA_SSecio=-1,                EVDO_SS.dbm=-1,EVDO_SS.ecio=-1,                EVDO_SS.signalNoiseRatio=-1,                LTE_SS.signalStrength=99,LTE_SS.rsrp=2147483647,LTE_SS.rsrq=2147483647,                LTE_SS.rssnr=2147483647,LTE_SS.cqi=2147483647]}
02-14 08:21:51.640   210   316 I RILC    : qmi_ril(0/210): RIL[0][event] qcril_process_event: Exit QCRIL_EVT_QMI_NAS_SIG_STRENGTH_UPDATE, err_no 0
02-14 08:21:51.640   210   316 D RILC    : qmi_ril(0/210): RIL[0][event] qcril_event_main: Waiting...
02-14 08:21:51.640   214   214 D QC-QMI  : qmuxd: RX 51 bytes on fd=19 from qmux_client_id=1
02-14 08:21:51.640   214   214 D QC-QMI  : qmi_qmux: TX/RX - TX 17 bytes on conn_id=9
02-14 08:21:51.640   214   214 D QC-QMI  : QMI_Msg Len: [17], Serv_ID: [EXTEND(0xe5)], Msg_ID: [UPDATE_SCREEN(0xd1)], Trans_ID: [19][Request], Conn_ID:[9]
02-14 08:21:51.640   214   214 D QC-QMI  : 01 10 00 00 E5 01 00 13 00 D1 00 04 00 01 01 00 01 
02-14 08:21:51.640   210   313 D RILC    : [0036]> OPERATOR 
02-14 08:21:51.640   210   313 D RILC    : qmi_ril(0/210): RIL[0][main] onRequest: UI --- RIL_REQUEST_OPERATOR (22) ---> RIL [RID 0, token id 36, data len 0]
02-14 08:21:51.640   210   313 D RILC    : qmi_ril(0/210): RIL[0][main] onRequest: handling caps 40001608 hex
02-14 08:21:51.640   210   313 I RILC    : qmi_ril(0/210): RIL[0][main] qmi_ril_fw_create_android_live_params_copy: function exit with ret 3
02-14 08:21:51.640   210   313 D RILC    : qmi_ril(0/210): RIL[0][main] onRequest: method 3, datalen 0
02-14 08:21:51.640   210   313 D RILC    : qmi_ril(0/210): RIL[0][main] onRequest: clean family 0
02-14 08:21:51.640   210   313 D RILC    : qmi_ril(0/210): RIL[0][main] onRequest: already waiting for exec 0
02-14 08:21:51.640   210   313 D RILC    : qmi_ril(0/210): RIL[0][main] onRequest: android_request_param_holder 416fccd0 hex
02-14 08:21:51.640   210   313 D RILC    : qmi_ril(0/210): RIL[0][main] onRequest: pending req kind 0 hex, awaitingexec req kind 0 hex
02-14 08:21:51.640   210   313 D RILC    : qmi_ril(0/210): RIL[0][main] onRequest: token under exec 36
02-14 08:21:51.640   210   313 D RILC    : qmi_ril(0/210): RIL[0][main] onRequest: pre-exec token id 36, a-r-id 22, audit 0, nrender 0
02-14 08:21:51.640   210   313 D RILC    : qmi_ril(0/210): RIL[0][main] qmi_ril_fw_android_request_render_execution: rendering exec for token id 36
02-14 08:21:51.640   210   313 I RILC    : qmi_ril(0/210): RIL[0][main] qmi_ril_fw_create_android_live_params_copy: function exit with ret 3
02-14 08:21:51.640   210   313 D RILC    : qmi_ril(0/210): RIL[0][main] onRequest: dispatch outcome = 0
02-14 08:21:51.640   210  2263 I RILC    : qmi_ril(0/210): RIL[0][cmd-22(256)] qmi_ril_fw_dedicated_request_exec_thread:  ..operational state 3
02-14 08:21:51.640   210  2263 I RILC    : qmi_ril(0/210): RIL[0][cmd-22(256)] qcril_qmi_nas_request_operator: function entry
02-14 08:21:51.640   210  2263 I RILC    : qmi_ril(0/210): RIL[0][cmd-22(256)] qcril_qmi_nas_request_operator: ..if_att_feature = 0
02-14 08:21:51.640   210  2263 I RILC    : qmi_ril(0/210): RIL[0][cmd-22(256)] qcril_qmi_nas_is_considered_registered: .. cache valid 0
02-14 08:21:51.640   210  2263 I RILC    : qmi_ril(0/210): RIL[0][cmd-22(256)] qcril_qmi_nas_get_nw_selection_mode: returning pref 0 
02-14 08:21:51.640   210  2263 D RILC    : qmi_ril(0/210): RIL[0][cmd-22(256)] qcril_qmi_nas_util_convert_nas_srv_status_to_ril_reg_status: reg_status: 0,-1,-1,-1,-1,1,0,0,-1,2
02-14 08:21:51.640   210  2263 I RILC    : qmi_ril(0/210): RIL[0][cmd-22(256)] qcril_qmi_nas_get_nw_selection_mode: returning pref 0 
02-14 08:21:51.640   210  2263 D RILC    : qmi_ril(0/210): RIL[0][cmd-22(256)] qcril_qmi_nas_util_convert_nas_srv_status_to_ril_reg_status: reg_status: 1,0,3,1,0,1,0,0,-1,12
02-14 08:21:51.640   210  2263 I RILC    : qmi_ril(0/210): RIL[0][cmd-22(256)] qcril_qmi_nas_is_considered_registered: .. reg - 1x: 0, gsm: 2, wcdma: 12, lte: 0, hdr: 0
02-14 08:21:51.640   210  2263 D RILC    : qmi_ril(0/210): RIL[0][cmd-22(256)] qcril_qmi_nas_util_convert_nas_srv_status_to_ril_reg_status: reg_status: 0,-1,-1,-1,-1,1,0,1,-1,2
02-14 08:21:51.640   210  2263 D RILC    : qmi_ril(0/210): RIL[0][cmd-22(256)] qcril_qmi_nas_util_convert_nas_srv_status_to_ril_reg_status: reg_status: 1,0,3,1,0,1,0,1,-1,12
02-14 08:21:51.640   210  2263 I RILC    : qmi_ril(0/210): RIL[0][cmd-22(256)] qcril_qmi_nas_is_considered_registered: .. reg data - 1x: 0, gsm: 2, wcdma: 12, lte: 0, hdr: 0
02-14 08:21:51.640   210  2263 I RILC    : qmi_ril(0/210): RIL[0][cmd-22(256)] qcril_qmi_nas_request_operator: now registered 0
02-14 08:21:51.640   210  2263 I RILC    : qmi_ril(0/210): RIL[0][cmd-22(256)] qcril_qmi_nas_request_operator: .. res empty as not in full service
02-14 08:21:51.640   210  2263 D RILC    : qmi_ril(0/210): RIL[0][cmd-22(256)] qcril_send_request_response: UI <--- RIL_REQUEST_OPERATOR (22) Complete --- RIL [RID 0, Token id 36, Success, Len 12 ]
02-14 08:21:51.640   210  2263 I RILC    : qmi_ril(0/210): RIL[0][cmd-22(256)] qcril_reqlist_free: function exit with ret 1
02-14 08:21:51.640   210  2263 D RILC    : qmi_ril(0/210): RIL[0][cmd-22(256)] qmi_ril_fw_send_request_response_epilog: token under exec 36, completion token id 36
02-14 08:21:51.640   210  2263 D RILC    : qmi_ril(0/210): RIL[0][cmd-22(256)] qmi_ril_fw_send_request_response_epilog: postage resp to token id 36, a-r-id 22 (intermed. 22)
02-14 08:21:51.640   210  2263 D RILC    : [0036]< OPERATOR {(null),(null),(null)}
02-14 08:21:51.640   210  2263 I RILC    : qmi_ril(0/210): RIL[0][cmd-22(256)] qcril_qmi_nas_request_operator: complete with 0
02-14 08:21:51.640   210  2263 D RILC    : qmi_ril(0/210): RIL[0][cmd-22(256)] qmi_ril_fw_destroy_android_live_params_copy: a-r-id 22, appron 3
02-14 08:21:51.640   210   313 D RILC    : [0037]> VOICE_REGISTRATION_STATE 
02-14 08:21:51.640   210   313 D RILC    : qmi_ril(0/210): RIL[0][main] onRequest: UI --- RIL_REQUEST_REGISTRATION_STATE (20) ---> RIL [RID 0, token id 37, data len 0]
02-14 08:21:51.640   210   313 D RILC    : qmi_ril(0/210): RIL[0][main] onRequest: handling caps 40001408 hex
02-14 08:21:51.640   210   313 I RILC    : qmi_ril(0/210): RIL[0][main] qmi_ril_fw_create_android_live_params_copy: function exit with ret 3
02-14 08:21:51.640   210   313 D RILC    : qmi_ril(0/210): RIL[0][main] onRequest: method 3, datalen 0
02-14 08:21:51.640   210   313 D RILC    : qmi_ril(0/210): RIL[0][main] onRequest: clean family 0
02-14 08:21:51.640   210   313 D RILC    : qmi_ril(0/210): RIL[0][main] onRequest: already waiting for exec 0
02-14 08:21:51.640   210   313 D RILC    : qmi_ril(0/210): RIL[0][main] onRequest: android_request_param_holder 416fcbc0 hex
02-14 08:21:51.640   210   313 D RILC    : qmi_ril(0/210): RIL[0][main] onRequest: pending req kind 0 hex, awaitingexec req kind 0 hex
02-14 08:21:51.640   210   313 D RILC    : qmi_ril(0/210): RIL[0][main] onRequest: token under exec 37
02-14 08:21:51.640   210   313 D RILC    : qmi_ril(0/210): RIL[0][main] onRequest: pre-exec token id 37, a-r-id 20, audit 0, nrender 0
02-14 08:21:51.640   210   313 D RILC    : qmi_ril(0/210): RIL[0][main] qmi_ril_fw_android_request_render_execution: rendering exec for token id 37
02-14 08:21:51.640   210   313 I RILC    : qmi_ril(0/210): RIL[0][main] qmi_ril_fw_create_android_live_params_copy: function exit with ret 3
02-14 08:21:51.640   210   313 D RILC    : qmi_ril(0/210): RIL[0][main] onRequest: dispatch outcome = 0
02-14 08:21:51.640   210  2264 I RILC    : qmi_ril(0/210): RIL[0][cmd-20(256)] qmi_ril_fw_dedicated_request_exec_thread:  ..operational state 3
02-14 08:21:51.640   210  2264 I RILC    : qmi_ril(0/210): RIL[0][cmd-20(256)] qcril_qmi_nas_request_registration_state: .. request need 0, vrte 3, irte 0
02-14 08:21:51.640   210  2264 I RILC    : qmi_ril(0/210): RIL[0][cmd-20(256)] qcril_qmi_nas_request_registration_state:  ... <srv_status,sys_info> val: CDMA<0,0>, HDR<0,0>, GSM<1,0>, WCDMA<1,1>, LTE<0,0>
02-14 08:21:51.640   210  2264 I RILC    : qmi_ril(0/210): RIL[0][cmd-20(256)] qcril_qmi_nas_request_registration_state:  .. prep WCDMA
02-14 08:21:51.640   210  2264 I RILC    : qmi_ril(0/210): RIL[0][cmd-20(256)] qcril_qmi_nas_get_nw_selection_mode: returning pref 0 
02-14 08:21:51.640   210  2264 D RILC    : qmi_ril(0/210): RIL[0][cmd-20(256)] qcril_qmi_nas_util_convert_nas_srv_status_to_ril_reg_status: reg_status: 1,0,3,1,0,1,0,0,-1,12
02-14 08:21:51.640   210  2264 I RILC    : qmi_ril(0/210): RIL[0][cmd-20(256)] qcril_qmi_nas_request_registration_state:  ... so far ss, vrte 3, 3
02-14 08:21:51.640   210  2264 I RILC    : qmi_ril(0/210): RIL[0][cmd-20(256)] qcril_qmi_nas_request_registration_state: .. adjusting for reg reject 0, status 12
02-14 08:21:51.640   210  2264 I RILC    : qmi_ril(0/210): RIL[0][cmd-20(256)] qcril_qmi_nas_request_registration_state: cur reg state 12
02-14 08:21:51.640   210   313 D RILC    : [0038]> DATA_REGISTRATION_STATE 
02-14 08:21:51.640   210  2264 I RILC    : qmi_ril(0/210): RIL[0][cmd-20(256)] qcril_qmi_nas_request_registration_state:  ... so far in_service 0
02-14 08:21:51.640   210   313 D RILC    : qmi_ril(0/210): RIL[0][main] onRequest: UI --- RIL_REQUEST_DATA_REGISTRATION_STATE (21) ---> RIL [RID 0, token id 38, data len 0]
02-14 08:21:51.640   210   313 D RILC    : qmi_ril(0/210): RIL[0][main] onRequest: handling caps 40001508 hex
02-14 08:21:51.640   210  2264 I RILC    : qmi_ril(0/210): RIL[0][cmd-20(256)] qcril_qmi_nas_request_registration_state: .. in transfer reg reject 0
02-14 08:21:51.640   210   313 I RILC    : qmi_ril(0/210): RIL[0][main] qmi_ril_fw_create_android_live_params_copy: function exit with ret 3
02-14 08:21:51.640   210  2264 D QC-QMI  : Setting the api flag to : 1
02-14 08:21:51.640   210   313 D RILC    : qmi_ril(0/210): RIL[0][main] onRequest: method 3, datalen 0
02-14 08:21:51.640   210  2264 D QC-QMI  : qmi_client [210] 1: sending 47 bytes on fd = 23
02-14 08:21:51.640   210   313 D RILC    : qmi_ril(0/210): RIL[0][main] onRequest: clean family 0
02-14 08:21:51.640   210   313 D RILC    : qmi_ril(0/210): RIL[0][main] onRequest: already waiting for exec 0
02-14 08:21:51.640   210   313 D RILC    : qmi_ril(0/210): RIL[0][main] onRequest: android_request_param_holder 416fcc48 hex
02-14 08:21:51.640   214   214 D QC-QMI  : qmuxd: RX 47 bytes on fd=19 from qmux_client_id=1
02-14 08:21:51.640   214   214 D QC-QMI  : qmi_qmux: TX/RX - TX 13 bytes on conn_id=9
02-14 08:21:51.640   210   313 D RILC    : qmi_ril(0/210): RIL[0][main] onRequest: pending req kind 0 hex, awaitingexec req kind 0 hex
02-14 08:21:51.640   214   214 D QC-QMI  : QMI_Msg Len: [13], Serv_ID: [EXTEND(0xe5)], Msg_ID: [GET_REGISTRATION_ROAMING_STATUS(0xcf)], Trans_ID: [20][Request], Conn_ID:[9]
02-14 08:21:51.640   214   214 D QC-QMI  : 01 0C 00 00 E5 01 00 14 00 CF 00 00 00 
02-14 08:21:51.640   210   313 D RILC    : qmi_ril(0/210): RIL[0][main] onRequest: token under exec 38
02-14 08:21:51.640   210   313 D RILC    : qmi_ril(0/210): RIL[0][main] onRequest: pre-exec token id 38, a-r-id 21, audit 0, nrender 0
02-14 08:21:51.640   210   313 D RILC    : qmi_ril(0/210): RIL[0][main] qmi_ril_fw_android_request_render_execution: rendering exec for token id 38
02-14 08:21:51.640   210   313 I RILC    : qmi_ril(0/210): RIL[0][main] qmi_ril_fw_create_android_live_params_copy: function exit with ret 3
02-14 08:21:51.640   210   313 D RILC    : qmi_ril(0/210): RIL[0][main] onRequest: dispatch outcome = 0
02-14 08:21:51.640   210  2265 I RILC    : qmi_ril(0/210): RIL[0][cmd-21(720)] qmi_ril_fw_dedicated_request_exec_thread:  ..operational state 3
02-14 08:21:51.640   210  2265 I RILC    : qmi_ril(0/210): RIL[0][cmd-21(720)] qcril_qmi_get_pref_data_tech: before translation : is_current 1 network_type 0 rat_mask 8000 db_so_mask 0 pref_data_tech UNKNOWN
02-14 08:21:51.640   210  2265 I RILC    : qmi_ril(0/210): RIL[0][cmd-21(720)] qcril_qmi_voice_voip_find_call_info_entry_by_andoid_call_state: entry with id 0
02-14 08:21:51.640   210  2265 I RILC    : qmi_ril(0/210): RIL[0][cmd-21(720)] qcril_qmi_voice_voip_find_call_info_entry_by_andoid_call_state: function exit with ret 0
02-14 08:21:51.640   210  2265 I RILC    : qmi_ril(0/210): RIL[0][cmd-21(720)] qcril_qmi_convert_rat_mask_to_technology: call state is not active
02-14 08:21:51.640   210  2265 I RILC    : qmi_ril(0/210): RIL[0][cmd-21(720)] qcril_qmi_convert_rat_mask_to_technology: technology UNKNOWN
02-14 08:21:51.640   210  2265 I RILC    : qmi_ril(0/210): RIL[0][cmd-21(720)] qcril_qmi_convert_rat_mask_to_technology: function exit with ret 0
02-14 08:21:51.640   210  2265 I RILC    : qmi_ril(0/210): RIL[0][cmd-21(720)] qcril_qmi_get_pref_data_tech: after translation : is_current 1 network_type 0 rat_mask 8000 db_so_mask 0 pref_data_tech UNKNOWN technology 0
02-14 08:21:51.640   210  2265 I RILC    : qmi_ril(0/210): RIL[0][cmd-21(720)] qmi_ril_nw_reg_extend_pref_data_tech_cl: is extrapolation 1, cache is valid 0, cache rat 0, oprt valid 1, oprt 0, card status 9, card ever present 0, ban 0, mpv 1, mp 12
02-14 08:21:51.640   210  2265 I RILC    : qmi_ril(0/210): RIL[0][cmd-21(720)] qmi_ril_nw_reg_extend_pref_data_tech_cl: need reset 1
02-14 08:21:51.640   210   313 D RILC    : [0039]> QUERY_NETWORK_SELECTION_MODE 
02-14 08:21:51.640   210   313 D RILC    : qmi_ril(0/210): RIL[0][main] onRequest: UI --- RIL_REQUEST_QUERY_NETWORK_SELECTION_MODE (45) ---> RIL [RID 0, token id 39, data len 0]
02-14 08:21:51.640   210   313 D RILC    : qmi_ril(0/210): RIL[0][main] onRequest: handling caps 40002d08 hex
02-14 08:21:51.640   210  2265 I RILC    : qmi_ril(0/210): RIL[0][cmd-21(720)] qcril_qmi_nas_request_data_registration_state: .. request need 0, drte 0, pref data tech UNKNOWN
02-14 08:21:51.640   210  2265 I RILC    : qmi_ril(0/210): RIL[0][cmd-21(720)] qcril_qmi_nas_request_data_registration_state:  ... <srv_status,sys_info> val: CDMA<0,0>, HDR<0,0>, GSM<1,0>, WCDMA<1,1>, LTE<0,0>
02-14 08:21:51.640   210  2265 I RILC    : qmi_ril(0/210): RIL[0][cmd-21(720)] qcril_qmi_nas_request_data_registration_state:  .. prep GSM=[1], WCDMA=[1], TDSCDMA=[0], LTE=[0]
02-14 08:21:51.640   210   313 I RILC    : qmi_ril(0/210): RIL[0][main] qmi_ril_fw_create_android_live_params_copy: function exit with ret 3
02-14 08:21:51.640   210  2265 D RILC    : qmi_ril(0/210): RIL[0][cmd-21(720)] qcril_qmi_nas_util_convert_nas_srv_status_to_ril_reg_status: reg_status: 0,-1,-1,-1,-1,1,0,1,-1,2
02-14 08:21:51.640   210  2265 D RILC    : qmi_ril(0/210): RIL[0][cmd-21(720)] qcril_qmi_nas_util_convert_nas_srv_status_to_ril_reg_status: reg_status: 1,0,3,1,0,1,0,1,-1,12
02-14 08:21:51.640   210  2265 I RILC    : qmi_ril(0/210): RIL[0][cmd-21(720)] qcril_qmi_nas_request_data_registration_state:  ... data_tech_to_report_implied UNKNOWN
02-14 08:21:51.640   210   313 D RILC    : qmi_ril(0/210): RIL[0][main] onRequest: method 3, datalen 0
02-14 08:21:51.640   210  2265 I RILC    : qmi_ril(0/210): RIL[0][cmd-21(720)] qcril_qmi_nas_request_data_registration_state: CnE module available, is current 0, pref data tech UNKNOWN
02-14 08:21:51.640   210   313 D RILC    : qmi_ril(0/210): RIL[0][main] onRequest: clean family 0
02-14 08:21:51.640   210  2265 I RILC    : qmi_ril(0/210): RIL[0][cmd-21(720)] qcril_qmi_nas_request_data_registration_state: with legacy status, pref data tech UNKNOWN in reg status 0
02-14 08:21:51.640   210  2265 I RILC    : qmi_ril(0/210): RIL[0][cmd-21(720)] qcril_qmi_nas_request_data_registration_state: Using QMI NAS indication info
02-14 08:21:51.640   210   313 D RILC    : qmi_ril(0/210): RIL[0][main] onRequest: already waiting for exec 0
02-14 08:21:51.640   210  2265 I RILC    : qmi_ril(0/210): RIL[0][cmd-21(720)] qcril_qmi_nas_request_data_registration_state: ... in search RAT LTE
02-14 08:21:51.640   210  2265 I RILC    : qmi_ril(0/210): RIL[0][cmd-21(720)] qcril_qmi_nas_request_data_registration_state:  ... matched tech LTE
02-14 08:21:51.640   210   313 D RILC    : qmi_ril(0/210): RIL[0][main] onRequest: android_request_param_holder 416fd718 hex
02-14 08:21:51.640   210   313 D RILC    : qmi_ril(0/210): RIL[0][main] onRequest: pending req kind 0 hex, awaitingexec req kind 0 hex
02-14 08:21:51.640   210  2265 I RILC    : qmi_ril(0/210): RIL[0][cmd-21(720)] qcril_qmi_nas_request_data_registration_state: ... vrte_mapper=[5], pre cur reg state=[0]
02-14 08:21:51.640   210  2265 I RILC    : qmi_ril(0/210): RIL[0][cmd-21(720)] qcril_qmi_nas_request_data_registration_state: ... cur reg state 0
02-14 08:21:51.640   210   313 D RILC    : qmi_ril(0/210): RIL[0][main] onRequest: token under exec 39
02-14 08:21:51.640   210  2265 I RILC    : qmi_ril(0/210): RIL[0][cmd-21(720)] qcril_qmi_nas_request_data_registration_state: .. prestored reg snapshot valid 0 while cur reg 0
02-14 08:21:51.640   210   313 D RILC    : qmi_ril(0/210): RIL[0][main] onRequest: pre-exec token id 39, a-r-id 45, audit 0, nrender 0
02-14 08:21:51.640   210   313 D RILC    : qmi_ril(0/210): RIL[0][main] qmi_ril_fw_android_request_render_execution: rendering exec for token id 39
02-14 08:21:51.640   210  2265 I RILC    : qmi_ril(0/210): RIL[0][cmd-21(720)] qcril_qmi_nas_request_data_registration_state: [HTC.QCRIL.SNAPSHOT] data_reg_report_snapshot.valid=0, feature_enabled=1
02-14 08:21:51.640   210   313 I RILC    : qmi_ril(0/210): RIL[0][main] qmi_ril_fw_create_android_live_params_copy: function exit with ret 3
02-14 08:21:51.640   210  2265 D QC-QMI  : Setting the api flag to : 1
02-14 08:21:51.640   210  2265 D QC-QMI  : qmi_client [210] 1: sending 47 bytes on fd = 23
02-14 08:21:51.640   210   313 D RILC    : qmi_ril(0/210): RIL[0][main] onRequest: dispatch outcome = 0
02-14 08:21:51.640   214   214 D QC-QMI  : qmuxd: RX 47 bytes on fd=19 from qmux_client_id=1
02-14 08:21:51.640   214   214 D QC-QMI  : qmi_qmux: TX/RX - TX 13 bytes on conn_id=9
02-14 08:21:51.640   214   214 D QC-QMI  : QMI_Msg Len: [13], Serv_ID: [EXTEND(0xe5)], Msg_ID: [GET_REGISTRATION_ROAMING_STATUS(0xcf)], Trans_ID: [21][Request], Conn_ID:[9]
02-14 08:21:51.640   214   214 D QC-QMI  : 01 0C 00 00 E5 01 00 15 00 CF 00 00 00 
02-14 08:21:51.640   210  2266 I RILC    : qmi_ril(0/210): RIL[0][cmd-45(136)] qmi_ril_fw_dedicated_request_exec_thread:  ..operational state 3
02-14 08:21:51.640   210  2266 I RILC    : qmi_ril(0/210): RIL[0][cmd-45(136)] qcril_qmi_nas_query_network_selection_mode: is_cached=1
02-14 08:21:51.640   210  2266 I RILC    : qmi_ril(0/210): RIL[0][cmd-45(136)] qcril_qmi_nas_query_network_selection_mode: network_selection_mode: 0, ril_req_res: 0
02-14 08:21:51.640   210  2266 D RILC    : qmi_ril(0/210): RIL[0][cmd-45(136)] qcril_send_request_response: UI <--- RIL_REQUEST_QUERY_NETWORK_SELECTION_MODE (45) Complete --- RIL [RID 0, Token id 39, Success, Len 4 ]
02-14 08:21:51.640   210  2266 I RILC    : qmi_ril(0/210): RIL[0][cmd-45(136)] qcril_reqlist_free: function exit with ret 1
02-14 08:21:51.640   210  2266 D RILC    : qmi_ril(0/210): RIL[0][cmd-45(136)] qmi_ril_fw_send_request_response_epilog: token under exec 39, completion token id 39
02-14 08:21:51.640   210  2266 D RILC    : qmi_ril(0/210): RIL[0][cmd-45(136)] qmi_ril_fw_send_request_response_epilog: postage resp to token id 39, a-r-id 45 (intermed. 45)
02-14 08:21:51.640   210  2266 D RILC    : [0039]< QUERY_NETWORK_SELECTION_MODE {0}
02-14 08:21:51.640   210  2266 D RILC    : qmi_ril(0/210): RIL[0][cmd-45(136)] qmi_ril_fw_destroy_android_live_params_copy: a-r-id 45, appron 3
02-14 08:21:51.660   214   643 D QC-QMI  : QMI platform I/O... blocking on read  port[/dev/hsicctl0] conn_id[9]
02-14 08:21:51.660   214   643 D QC-QMI  : qmi_qmux: TX/RX - RX 20 bytes on conn_id=9
02-14 08:21:51.660   214   643 D QC-QMI  : QMI_Msg Len: [20], Serv_ID: [EXTEND(0xe5)], Msg_ID: [UPDATE_SCREEN(0xd1)], Trans_ID: [19][Response], Conn_ID:[9]
02-14 08:21:51.660   214   643 D QC-QMI  : 01 13 00 80 E5 01 02 13 00 D1 00 07 00 02 04 00 00 00 00 00 
02-14 08:21:51.660   214   643 D QC-QMI  : qmuxd: TX message on fd=19, to clientID = 1, len=54
02-14 08:21:51.660   214   643 D QC-QMI  : QMI platform I/O... blocking on poll fds
02-14 08:21:51.660   210   648 D QC-QMI  : qmi_client [210] 1: Received 54 bytes on fd = 23
02-14 08:21:51.660   210   648 D QC-QMI  :  API Flag .............. 1 
02-14 08:21:51.660   210   648 D QC-QMI  :  Message ID ............... 209 
02-14 08:21:51.660   210  2261 I RILC    : qmi_ril(0/210): RIL[0][cmd-61(472)] qcril_qmi_util_convert_qmi_response_codes_to_ril_result_ex: ctx check 0
02-14 08:21:51.660   210  2261 I RILC    : qmi_ril(0/210): RIL[0][cmd-61(472)] qcril_qmi_extend_update_screen_state: qcril_qmi_extend_update_screen_state completed 0, 0
02-14 08:21:51.660   210  2261 I RILC    : qmi_ril(0/210): RIL[0][cmd-61(472)] qcril_qmi_nas_request_screen_state: Enable Garbage Filter
02-14 08:21:51.660   210  2261 I RILC    : qmi_ril(0/210): RIL[0][cmd-61(472)] qcril_qmi_extend_set_garbage_filter_timer: qcril_qmi_extend_set_garbage_filter_timer entered: 1
02-14 08:21:51.660   210  2261 D QC-QMI  : Setting the api flag to : 1
02-14 08:21:51.660   210  2261 D QC-QMI  : qmi_client [210] 1: sending 51 bytes on fd = 23
02-14 08:21:51.660   214   214 D QC-QMI  : qmuxd: RX 51 bytes on fd=19 from qmux_client_id=1
02-14 08:21:51.660   214   214 D QC-QMI  : qmi_qmux: TX/RX - TX 17 bytes on conn_id=9
02-14 08:21:51.660   214   214 D QC-QMI  : QMI_Msg Len: [17], Serv_ID: [EXTEND(0xe5)], Msg_ID: [UMTS_SET_GARBAGE_FILTER_TIMER(0x195)], Trans_ID: [22][Request], Conn_ID:[9]
02-14 08:21:51.660   214   214 D QC-QMI  : 01 10 00 00 E5 01 00 16 00 95 01 04 00 01 01 00 01 
02-14 08:21:51.670   214   643 D QC-QMI  : QMI platform I/O... blocking on read  port[/dev/hsicctl0] conn_id[9]
02-14 08:21:51.670   214   643 D QC-QMI  : qmi_qmux: TX/RX - RX 20 bytes on conn_id=9
02-14 08:21:51.670   214   643 D QC-QMI  : QMI_Msg Len: [20], Serv_ID: [EXTEND(0xe5)], Msg_ID: [GET_REGISTRATION_ROAMING_STATUS(0xcf)], Trans_ID: [20][Response], Conn_ID:[9]
02-14 08:21:51.670   214   643 D QC-QMI  : 01 13 00 80 E5 01 02 14 00 CF 00 07 00 02 04 00 01 00 47 00 
02-14 08:21:51.670   214   643 D QC-QMI  : qmuxd: TX message on fd=19, to clientID = 1, len=54
02-14 08:21:51.670   214   643 D QC-QMI  : QMI platform I/O... blocking on poll fds
02-14 08:21:51.680   210   648 D QC-QMI  : qmi_client [210] 1: Received 54 bytes on fd = 23
02-14 08:21:51.680   210   648 D QC-QMI  :  API Flag .............. 1 
02-14 08:21:51.680   210   648 D QC-QMI  :  Message ID ............... 207 
02-14 08:21:51.680   210  2264 I RILC    : qmi_ril(0/210): RIL[0][cmd-20(256)] qcril_qmi_util_convert_qmi_response_codes_to_ril_result_ex: ctx check 0
02-14 08:21:51.680   210  2264 I RILC    : qmi_ril(0/210): RIL[0][cmd-20(256)] qcril_qmi_extend_get_registration_roaming_status: qcril_qmi_extend_get_registration_roaming_status complete, result=2, error=0, status=0
02-14 08:21:51.680   210  2264 I RILC    : qmi_ril(0/210): RIL[0][cmd-20(256)] qcril_qmi_voice_nas_control_convert_radio_tech_to_radio_tech_family: entered voice_radio_tech 0
02-14 08:21:51.680   210  2264 E RILC    : qmi_ril(0/210): RIL[0][cmd-20(256)] qcril_qmi_voice_nas_control_convert_radio_tech_to_radio_tech_family: invalid radio tech = 0
02-14 08:21:51.680   210  2264 I RILC    : qmi_ril(0/210): RIL[0][cmd-20(256)] qcril_qmi_voice_nas_control_convert_radio_tech_to_radio_tech_family: function exit with ret 0
02-14 08:21:51.680   210  2264 D RILC    : qmi_ril(0/210): RIL[0][cmd-20(256)] qcril_send_request_response: UI <--- RIL_REQUEST_REGISTRATION_STATE (20) Complete --- RIL [RID 0, Token id 37, Success, Len 60 ]
02-14 08:21:51.680   210  2264 I RILC    : qmi_ril(0/210): RIL[0][cmd-20(256)] qcril_reqlist_free: function exit with ret 1
02-14 08:21:51.680   210  2264 D RILC    : qmi_ril(0/210): RIL[0][cmd-20(256)] qmi_ril_fw_send_request_response_epilog: token under exec 37, completion token id 37
02-14 08:21:51.680   210  2264 D RILC    : qmi_ril(0/210): RIL[0][cmd-20(256)] qmi_ril_fw_send_request_response_epilog: postage resp to token id 37, a-r-id 20 (intermed. 20)
02-14 08:21:51.680   210  2264 D RILC    : [0037]< VOICE_REGISTRATION_STATE {12,(null),(null),0,(null),(null),(null),0,(null),(null),(null),(null),(null),0,bc}
02-14 08:21:51.680   210  2264 I RILC    : qmi_ril(0/210): RIL[0][cmd-20(256)] qmi_ril_unsuppress_android_unsol_resp: unsol_resp 1002 previous locker number 2
02-14 08:21:51.680   210  2264 I RILC    : qmi_ril(0/210): RIL[0][cmd-20(256)] qmi_ril_unsuppress_android_unsol_resp: unsol_resp 1035 previous locker number 2
02-14 08:21:51.680   210  2264 I RILC    : qmi_ril(0/210): RIL[0][cmd-20(256)] qcril_qmi_nas_restricted_state_handle_event: event 3 under state 0, cached details 2
02-14 08:21:51.680   210  2264 D RILC    : qmi_ril(0/210): RIL[0][cmd-20(256)] qmi_ril_fw_destroy_android_live_params_copy: a-r-id 20, appron 3
02-14 08:21:51.690   214   643 D QC-QMI  : QMI platform I/O... blocking on read  port[/dev/hsicctl0] conn_id[9]
02-14 08:21:51.690   214   643 D QC-QMI  : qmi_qmux: TX/RX - RX 20 bytes on conn_id=9
02-14 08:21:51.690   214   643 D QC-QMI  : QMI_Msg Len: [20], Serv_ID: [EXTEND(0xe5)], Msg_ID: [GET_REGISTRATION_ROAMING_STATUS(0xcf)], Trans_ID: [21][Response], Conn_ID:[9]
02-14 08:21:51.690   214   643 D QC-QMI  : 01 13 00 80 E5 01 02 15 00 CF 00 07 00 02 04 00 01 00 47 00 
02-14 08:21:51.690   214   643 D QC-QMI  : qmuxd: TX message on fd=19, to clientID = 1, len=54
02-14 08:21:51.690   214   643 D QC-QMI  : QMI platform I/O... blocking on poll fds
02-14 08:21:51.690   210   648 D QC-QMI  : qmi_client [210] 1: Received 54 bytes on fd = 23
02-14 08:21:51.690   210   648 D QC-QMI  :  API Flag .............. 1 
02-14 08:21:51.690   210   648 D QC-QMI  :  Message ID ............... 207 
02-14 08:21:51.690   210  2265 I RILC    : qmi_ril(0/210): RIL[0][cmd-21(720)] qcril_qmi_util_convert_qmi_response_codes_to_ril_result_ex: ctx check 0
02-14 08:21:51.690   210  2265 I RILC    : qmi_ril(0/210): RIL[0][cmd-21(720)] qcril_qmi_extend_get_registration_roaming_status: qcril_qmi_extend_get_registration_roaming_status complete, result=2, error=0, status=0
02-14 08:21:51.690   210  2265 I RILC    : qmi_ril(0/210): RIL[0][cmd-21(720)] qcril_qmi_nas_request_data_registration_state: snapshot valid=[0], is snapshot feature enabled=[1]
02-14 08:21:51.690   210  2265 D RILC    : qmi_ril(0/210): RIL[0][cmd-21(720)] qcril_send_request_response: UI <--- RIL_REQUEST_DATA_REGISTRATION_STATE (21) Complete --- RIL [RID 0, Token id 38, Success, Len 24 ]
02-14 08:21:51.690   210  2265 I RILC    : qmi_ril(0/210): RIL[0][cmd-21(720)] qcril_reqlist_free: function exit with ret 1
02-14 08:21:51.690   210  2265 D RILC    : qmi_ril(0/210): RIL[0][cmd-21(720)] qmi_ril_fw_send_request_response_epilog: token under exec 38, completion token id 38
02-14 08:21:51.690   210  2265 D RILC    : qmi_ril(0/210): RIL[0][cmd-21(720)] qmi_ril_fw_send_request_response_epilog: postage resp to token id 38, a-r-id 21 (intermed. 21)
02-14 08:21:51.690   210  2265 D RILC    : [0038]< DATA_REGISTRATION_STATE {0,(null),(null),(null),0,20}
02-14 08:21:51.690   210  2265 I RILC    : qmi_ril(0/210): RIL[0][cmd-21(720)] qmi_ril_unsuppress_android_unsol_resp: unsol_resp 1002 previous locker number 1
02-14 08:21:51.690   210  2265 I RILC    : qmi_ril(0/210): RIL[0][cmd-21(720)] qmi_ril_unsuppress_android_unsol_resp: unsol_resp 1035 previous locker number 1
02-14 08:21:51.690   210  2265 D RILC    : qmi_ril(0/210): RIL[0][cmd-21(720)] qmi_ril_fw_destroy_android_live_params_copy: a-r-id 21, appron 3
02-14 08:21:51.720   214   643 D QC-QMI  : QMI platform I/O... blocking on read  port[/dev/hsicctl0] conn_id[9]
02-14 08:21:51.720   214   643 D QC-QMI  : qmi_qmux: TX/RX - RX 20 bytes on conn_id=9
02-14 08:21:51.720   214   643 D QC-QMI  : QMI_Msg Len: [20], Serv_ID: [EXTEND(0xe5)], Msg_ID: [UMTS_SET_GARBAGE_FILTER_TIMER(0x195)], Trans_ID: [22][Response], Conn_ID:[9]
02-14 08:21:51.720   214   643 D QC-QMI  : 01 13 00 80 E5 01 02 16 00 95 01 07 00 02 04 00 00 00 00 00 
02-14 08:21:51.720   214   643 D QC-QMI  : qmuxd: TX message on fd=19, to clientID = 1, len=54
02-14 08:21:51.720   214   643 D QC-QMI  : QMI platform I/O... blocking on poll fds
02-14 08:21:51.720   210   648 D QC-QMI  : qmi_client [210] 1: Received 54 bytes on fd = 23
02-14 08:21:51.720   210   648 D QC-QMI  :  API Flag .............. 1 
02-14 08:21:51.720   210   648 D QC-QMI  :  Message ID ............... 405 
02-14 08:21:51.720   210  2261 I RILC    : qmi_ril(0/210): RIL[0][cmd-61(472)] qcril_qmi_util_convert_qmi_response_codes_to_ril_result_ex: ctx check 0
02-14 08:21:51.720   210  2261 I RILC    : qmi_ril(0/210): RIL[0][cmd-61(472)] qcril_qmi_extend_set_garbage_filter_timer: qcril_qmi__extend_set_garbage_filter_timer completed 0, 0
02-14 08:21:51.720   210  2261 I RILC    : qmi_ril(0/210): RIL[0][cmd-61(472)] qcril_data_toggle_dormancy_indications: >>>>>> LOCK QCRIL_DATA MUTEX 41450c98
02-14 08:21:51.720   210  2261 D RILC    : qmi_ril(0/210): RIL[0][cmd-61(472)] qcril_data_toggle_dormancy_indications: Switch ON/OFF dormancy indications on all active interfaces ioctl:2 Update global_dorm_ind: 2
02-14 08:21:51.720   210  2261 I RILC    : qmi_ril(0/210): RIL[0][cmd-61(472)] qcril_data_toggle_dormancy_indications: <<<<<< UNLOCK QCRIL_DATA MUTEX 41450c98
02-14 08:21:51.720   210  2261 I RILC    : qmi_ril(0/210): RIL[0][cmd-61(472)] qcril_data_toggle_dormancy_indications: qcril_data_toggle_dormancy_indications: EXIT with SUCCESS
02-14 08:21:51.720   210  2261 I RILC    : qmi_ril(0/210): RIL[0][cmd-61(472)] qcril_qmi_nas_request_screen_state: .. data dormancy req 2, 0
02-14 08:21:51.720   210  2261 D RILC    : qmi_ril(0/210): RIL[0][cmd-61(472)] qcril_send_request_response: UI <--- RIL_REQUEST_SCREEN_STATE (61) Complete --- RIL [RID 0, Token id 35, Success, Len 0 ]
02-14 08:21:51.720   210  2261 I RILC    : qmi_ril(0/210): RIL[0][cmd-61(472)] qcril_reqlist_free: function exit with ret 1
02-14 08:21:51.720   210  2261 D RILC    : qmi_ril(0/210): RIL[0][cmd-61(472)] qmi_ril_fw_send_request_response_epilog: token under exec 35, completion token id 35
02-14 08:21:51.720   210  2261 D RILC    : qmi_ril(0/210): RIL[0][cmd-61(472)] qmi_ril_fw_send_request_response_epilog: postage resp to token id 35, a-r-id 61 (intermed. 61)
02-14 08:21:51.720   210  2261 D RILC    : [0035]< SCREEN_STATE
02-14 08:21:51.720   210  2261 D RILC    : qmi_ril(0/210): RIL[0][cmd-61(472)] qmi_ril_fw_destroy_android_live_params_copy: a-r-id 61, appron 2
02-14 08:21:51.720   210  2261 I RILC    : qmi_ril(0/210): RIL[0][cmd-61(472)] qcril_qmi_nas_request_screen_state: complete with 0
02-14 08:21:51.720   210  2261 D RILC    : qmi_ril(0/210): RIL[0][cmd-61(472)] qmi_ril_fw_destroy_android_live_params_copy: a-r-id 61, appron 2
02-14 08:21:52.721   210   313 D RILC    : [0040]> SCREEN_STATE (0)
02-14 08:21:52.721   210   313 D RILC    : qmi_ril(0/210): RIL[0][main] onRequest: UI --- RIL_REQUEST_SCREEN_STATE (61) ---> RIL [RID 0, token id 40, data len 4]
02-14 08:21:52.721   210   313 D RILC    : qmi_ril(0/210): RIL[0][main] onRequest: handling caps 40003d08 hex
02-14 08:21:52.721   210   313 I RILC    : qmi_ril(0/210): RIL[0][main] qmi_ril_fw_create_android_live_params_copy: function exit with ret 2
02-14 08:21:52.721   210   313 D RILC    : qmi_ril(0/210): RIL[0][main] onRequest: method 2, datalen 4
02-14 08:21:52.721   210   313 D RILC    : qmi_ril(0/210): RIL[0][main] onRequest: clean family 0
02-14 08:21:52.721   210   313 D RILC    : qmi_ril(0/210): RIL[0][main] onRequest: already waiting for exec 0
02-14 08:21:52.721   210   313 D RILC    : qmi_ril(0/210): RIL[0][main] onRequest: android_request_param_holder 416fe5d0 hex
02-14 08:21:52.721   210   313 D RILC    : qmi_ril(0/210): RIL[0][main] onRequest: pending req kind 0 hex, awaitingexec req kind 0 hex
02-14 08:21:52.721   210   313 D RILC    : qmi_ril(0/210): RIL[0][main] onRequest: token under exec 40
02-14 08:21:52.721   210   313 D RILC    : qmi_ril(0/210): RIL[0][main] onRequest: pre-exec token id 40, a-r-id 61, audit 0, nrender 0
02-14 08:21:52.721   210   313 D RILC    : qmi_ril(0/210): RIL[0][main] qmi_ril_fw_android_request_render_execution: rendering exec for token id 40
02-14 08:21:52.721   210   313 I RILC    : qmi_ril(0/210): RIL[0][main] qmi_ril_fw_create_android_live_params_copy: function exit with ret 2
02-14 08:21:52.721   210   313 D RILC    : qmi_ril(0/210): RIL[0][main] onRequest: dispatch outcome = 0
02-14 08:21:52.721   210  2291 I RILC    : qmi_ril(0/210): RIL[0][cmd-61(472)] qmi_ril_fw_dedicated_request_exec_thread:  ..operational state 3
02-14 08:21:52.721   210  2291 I RILC    : qmi_ril(0/210): RIL[0][cmd-61(472)] qcril_qmi_nas_request_screen_state: function entry
02-14 08:21:52.721   210  2291 I RILC    : qmi_ril(0/210): RIL[0][cmd-61(472)] qcril_qmi_nas_request_screen_state: is_screen_off=1, carkit_paired=0, enable=0
02-14 08:21:52.721   210  2291 I RILC    : qmi_ril(0/210): RIL[0][cmd-61(472)] qcril_qmi_pbm_enable_emergency_number_indications: entered 0
02-14 08:21:52.721   210  2291 D QC-QMI  : Setting the api flag to : 1
02-14 08:21:52.721   210  2291 D QC-QMI  : qmi_client [210] 1: sending 54 bytes on fd = 23
02-14 08:21:52.721   214   214 D QC-QMI  : qmuxd: RX 54 bytes on fd=19 from qmux_client_id=1
02-14 08:21:52.721   214   214 D QC-QMI  : qmi_qmux: TX/RX - TX 20 bytes on conn_id=9
02-14 08:21:52.721   214   214 D QC-QMI  : QMI_Msg Len: [20], Serv_ID: [PBM(0xc)], Msg_ID: [INDICATION_REGISTER(0x1)], Trans_ID: [4][Request], Conn_ID:[9]
02-14 08:21:52.721   214   214 D QC-QMI  : 01 13 00 00 0C 01 00 04 00 01 00 07 00 01 04 00 00 00 00 00 
02-14 08:21:52.761   214   643 D QC-QMI  : QMI platform I/O... blocking on read  port[/dev/hsicctl0] conn_id[9]
02-14 08:21:52.761   214   643 D QC-QMI  : qmi_qmux: TX/RX - RX 27 bytes on conn_id=9
02-14 08:21:52.761   214   643 D QC-QMI  : QMI_Msg Len: [27], Serv_ID: [PBM(0xc)], Msg_ID: [INDICATION_REGISTER(0x1)], Trans_ID: [4][Response], Conn_ID:[9]
02-14 08:21:52.761   214   643 D QC-QMI  : 01 1A 00 80 0C 01 02 04 00 01 00 0E 00 02 04 00 00 00 00 00 10 04 00 00 00 00 00 
02-14 08:21:52.761   214   643 D QC-QMI  : qmuxd: TX message on fd=19, to clientID = 1, len=61
02-14 08:21:52.761   214   643 D QC-QMI  : QMI platform I/O... blocking on poll fds
02-14 08:21:52.761   210   648 D QC-QMI  : qmi_client [210] 1: Received 61 bytes on fd = 23
02-14 08:21:52.761   210   648 D QC-QMI  :  API Flag .............. 1 
02-14 08:21:52.761   210   648 D QC-QMI  :  Message ID ............... 1 
02-14 08:21:52.761   210  2291 I RILC    : qmi_ril(0/210): RIL[0][cmd-61(472)] qcril_qmi_util_convert_qmi_response_codes_to_ril_result_ex: ctx check 0
02-14 08:21:52.761   210  2291 I RILC    : qmi_ril(0/210): RIL[0][cmd-61(472)] qcril_qmi_pbm_enable_emergency_number_indications: Indication register successful with mask 0
02-14 08:21:52.761   210  2291 I RILC    : qmi_ril(0/210): RIL[0][cmd-61(472)] qcril_qmi_util_enable_networking_indications: enable: 0 
02-14 08:21:52.761   210  2291 D QC-QMI  : Setting the api flag to : 1
02-14 08:21:52.761   210  2291 D QC-QMI  : qmi_client [210] 1: sending 202 bytes on fd = 23
02-14 08:21:52.761   214   214 D QC-QMI  : qmuxd: RX 202 bytes on fd=19 from qmux_client_id=1
02-14 08:21:52.761   214   214 D QC-QMI  : qmi_qmux: TX/RX - TX 168 bytes on conn_id=9
02-14 08:21:52.761   214   214 D QC-QMI  : QMI_Msg Len: [168], Serv_ID: [NAS(0x3)], Msg_ID: [CONFIG_SIG_INFO(0x50)], Trans_ID: [19][Request], Conn_ID:[9]
02-14 08:21:52.761   214   214 D QC-QMI  : 01 A7 00 00 03 01 00 13 00 50 00 9B 00 10 0F 00 0E C4 BF BA B5 B0 AB A6 A1 9C 97 92 8D 88 83 11 
02-14 08:21:52.761   214   214 D QC-QMI  : 1D 00 0E 02 00 04 00 06 00 08 00 0A 00 0C 00 0E 00 10 00 12 00 14 00 16 00 18 00 1A 00 1C 00 12 
02-14 08:21:52.761   214   214 D QC-QMI  : 0A 00 09 00 01 02 03 04 05 06 07 08 13 21 00 10 38 FF 60 FF 88 FF B0 FF D8 FF 00 00 1E 00 3C 00 
02-14 08:21:52.761   214   214 D QC-QMI  : 5A 00 78 00 96 00 B4 00 D2 00 F0 00 0E 01 2C 01 16 21 00 10 D4 FF CE FF C8 FF C2 FF BC FF B6 FF 
02-14 08:21:52.761   214   214 D QC-QMI  : B0 FF AA FF A4 FF 9E FF 98 FF 92 FF 8C FF 86 FF 80 FF 7A FF 18 11 00 10 88 8C 90 94 98 9C A0 A4 
02-14 08:21:52.761   214   214 D QC-QMI  : A8 AC B0 B4 B8 BC C0 C4 
02-14 08:21:52.791   214   643 D QC-QMI  : QMI platform I/O... blocking on read  port[/dev/hsicctl0] conn_id[9]
02-14 08:21:52.791   214   643 D QC-QMI  : qmi_qmux: TX/RX - RX 20 bytes on conn_id=9
02-14 08:21:52.791   214   643 D QC-QMI  : QMI_Msg Len: [20], Serv_ID: [NAS(0x3)], Msg_ID: [CONFIG_SIG_INFO(0x50)], Trans_ID: [19][Response], Conn_ID:[9]
02-14 08:21:52.791   214   643 D QC-QMI  : 01 13 00 80 03 01 02 13 00 50 00 07 00 02 04 00 00 00 00 00 
02-14 08:21:52.791   214   643 D QC-QMI  : qmuxd: TX message on fd=19, to clientID = 1, len=54
02-14 08:21:52.791   214   643 D QC-QMI  : QMI platform I/O... blocking on poll fds
02-14 08:21:52.791   210   648 D QC-QMI  : qmi_client [210] 1: Received 54 bytes on fd = 23
02-14 08:21:52.791   210   648 D QC-QMI  :  API Flag .............. 1 
02-14 08:21:52.791   210   648 D QC-QMI  :  Message ID ............... 80 
02-14 08:21:52.791   210  2291 I RILC    : qmi_ril(0/210): RIL[0][cmd-61(472)] qcril_qmi_util_convert_qmi_response_codes_to_ril_result_ex: ctx check 0
02-14 08:21:52.791   210  2291 I RILC    : qmi_ril(0/210): RIL[0][cmd-61(472)] qcril_qmi_util_enable_networking_indications: .. requested nas config info 0, 0
02-14 08:21:52.791   210  2291 D QC-QMI  : Setting the api flag to : 1
02-14 08:21:52.791   210  2291 D QC-QMI  : qmi_client [210] 1: sending 51 bytes on fd = 23
02-14 08:21:52.791   214   214 D QC-QMI  : qmuxd: RX 51 bytes on fd=19 from qmux_client_id=1
02-14 08:21:52.791   214   214 D QC-QMI  : qmi_qmux: TX/RX - TX 17 bytes on conn_id=9
02-14 08:21:52.791   214   214 D QC-QMI  : QMI_Msg Len: [17], Serv_ID: [NAS(0x3)], Msg_ID: [SET_EVENT_REPORT(0x2)], Trans_ID: [20][Request], Conn_ID:[9]
02-14 08:21:52.791   214   214 D QC-QMI  : 01 10 00 00 03 01 00 14 00 02 00 04 00 12 01 00 01 
02-14 08:21:52.811   214   643 D QC-QMI  : QMI platform I/O... blocking on read  port[/dev/hsicctl0] conn_id[9]
02-14 08:21:52.811   214   643 D QC-QMI  : qmi_qmux: TX/RX - RX 20 bytes on conn_id=9
02-14 08:21:52.811   214   643 D QC-QMI  : QMI_Msg Len: [20], Serv_ID: [NAS(0x3)], Msg_ID: [SET_EVENT_REPORT(0x2)], Trans_ID: [20][Response], Conn_ID:[9]
02-14 08:21:52.811   214   643 D QC-QMI  : 01 13 00 80 03 01 02 14 00 02 00 07 00 02 04 00 00 00 00 00 
02-14 08:21:52.811   214   643 D QC-QMI  : qmuxd: TX message on fd=19, to clientID = 1, len=54
02-14 08:21:52.811   214   643 D QC-QMI  : QMI platform I/O... blocking on poll fds
02-14 08:21:52.811   210   648 D QC-QMI  : qmi_client [210] 1: Received 54 bytes on fd = 23
02-14 08:21:52.811   210   648 D QC-QMI  :  API Flag .............. 1 
02-14 08:21:52.811   210   648 D QC-QMI  :  Message ID ............... 2 
02-14 08:21:52.811   210  2291 I RILC    : qmi_ril(0/210): RIL[0][cmd-61(472)] qcril_qmi_util_convert_qmi_response_codes_to_ril_result_ex: ctx check 0
02-14 08:21:52.811   210  2291 I RILC    : qmi_ril(0/210): RIL[0][cmd-61(472)] qcril_qmi_util_enable_networking_indications: .. requested nas event report fallback 0, 0
02-14 08:21:52.811   210  2291 D QC-QMI  : Setting the api flag to : 1
02-14 08:21:52.811   210  2291 D QC-QMI  : qmi_client [210] 1: sending 95 bytes on fd = 23
02-14 08:21:52.811   214   214 D QC-QMI  : qmuxd: RX 95 bytes on fd=19 from qmux_client_id=1
02-14 08:21:52.811   214   214 D QC-QMI  : qmi_qmux: TX/RX - TX 61 bytes on conn_id=9
02-14 08:21:52.811   214   214 D QC-QMI  : QMI_Msg Len: [61], Serv_ID: [NAS(0x3)], Msg_ID: [INDICATION_REGISTER(0x3)], Trans_ID: [21][Request], Conn_ID:[9]
02-14 08:21:52.811   214   214 D QC-QMI  : 01 3C 00 00 03 01 00 15 00 03 00 30 00 10 01 00 01 13 01 00 00 14 01 00 01 15 01 00 01 17 01 00 
02-14 08:21:52.811   214   214 D QC-QMI  : 01 18 01 00 00 19 01 00 00 1A 01 00 00 1E 01 00 00 1F 01 00 01 20 01 00 00 24 01 00 01 
02-14 08:21:52.831   214   643 D QC-QMI  : QMI platform I/O... blocking on read  port[/dev/hsicctl0] conn_id[9]
02-14 08:21:52.831   214   643 D QC-QMI  : qmi_qmux: TX/RX - RX 20 bytes on conn_id=9
02-14 08:21:52.831   214   643 D QC-QMI  : QMI_Msg Len: [20], Serv_ID: [NAS(0x3)], Msg_ID: [INDICATION_REGISTER(0x3)], Trans_ID: [21][Response], Conn_ID:[9]
02-14 08:21:52.831   214   643 D QC-QMI  : 01 13 00 80 03 01 02 15 00 03 00 07 00 02 04 00 00 00 00 00 
02-14 08:21:52.831   214   643 D QC-QMI  : qmuxd: TX message on fd=19, to clientID = 1, len=54
02-14 08:21:52.831   214   643 D QC-QMI  : QMI platform I/O... blocking on poll fds
02-14 08:21:52.831   210   648 D QC-QMI  : qmi_client [210] 1: Received 54 bytes on fd = 23
02-14 08:21:52.831   210   648 D QC-QMI  :  API Flag .............. 1 
02-14 08:21:52.831   210   648 D QC-QMI  :  Message ID ............... 3 
02-14 08:21:52.831   210  2291 I RILC    : qmi_ril(0/210): RIL[0][cmd-61(472)] qcril_qmi_util_convert_qmi_response_codes_to_ril_result_ex: ctx check 0
02-14 08:21:52.831   210  2291 I RILC    : qmi_ril(0/210): RIL[0][cmd-61(472)] qcril_qmi_util_enable_networking_indications: .. requested nas indication reports 0, 0
02-14 08:21:52.831   210  2291 I RILC    : qmi_ril(0/210): RIL[0][cmd-61(472)] qcril_qmi_util_enable_networking_indications: completed with 0
02-14 08:21:52.841   210  2291 D QC-QMI  : Setting the api flag to : 1
02-14 08:21:52.841   210  2291 D QC-QMI  : qmi_client [210] 1: sending 51 bytes on fd = 23
02-14 08:21:52.841   214   214 D QC-QMI  : qmuxd: RX 51 bytes on fd=19 from qmux_client_id=1
02-14 08:21:52.841   214   214 D QC-QMI  : qmi_qmux: TX/RX - TX 17 bytes on conn_id=9
02-14 08:21:52.841   214   214 D QC-QMI  : QMI_Msg Len: [17], Serv_ID: [EXTEND(0xe5)], Msg_ID: [UPDATE_SCREEN(0xd1)], Trans_ID: [23][Request], Conn_ID:[9]
02-14 08:21:52.841   214   214 D QC-QMI  : 01 10 00 00 E5 01 00 17 00 D1 00 04 00 01 01 00 00 
02-14 08:21:52.861   214   643 D QC-QMI  : QMI platform I/O... blocking on read  port[/dev/hsicctl0] conn_id[9]
02-14 08:21:52.861   214   643 D QC-QMI  : qmi_qmux: TX/RX - RX 20 bytes on conn_id=9
02-14 08:21:52.861   214   643 D QC-QMI  : QMI_Msg Len: [20], Serv_ID: [EXTEND(0xe5)], Msg_ID: [UPDATE_SCREEN(0xd1)], Trans_ID: [23][Response], Conn_ID:[9]
02-14 08:21:52.861   214   643 D QC-QMI  : 01 13 00 80 E5 01 02 17 00 D1 00 07 00 02 04 00 00 00 00 00 
02-14 08:21:52.861   214   643 D QC-QMI  : qmuxd: TX message on fd=19, to clientID = 1, len=54
02-14 08:21:52.861   214   643 D QC-QMI  : QMI platform I/O... blocking on poll fds
02-14 08:21:52.861   210   648 D QC-QMI  : qmi_client [210] 1: Received 54 bytes on fd = 23
02-14 08:21:52.861   210   648 D QC-QMI  :  API Flag .............. 1 
02-14 08:21:52.861   210   648 D QC-QMI  :  Message ID ............... 209 
02-14 08:21:52.861   210  2291 I RILC    : qmi_ril(0/210): RIL[0][cmd-61(472)] qcril_qmi_util_convert_qmi_response_codes_to_ril_result_ex: ctx check 0
02-14 08:21:52.861   210  2291 I RILC    : qmi_ril(0/210): RIL[0][cmd-61(472)] qcril_qmi_extend_update_screen_state: qcril_qmi_extend_update_screen_state completed 0, 0
02-14 08:21:52.861   210  2291 I RILC    : qmi_ril(0/210): RIL[0][cmd-61(472)] qcril_qmi_nas_request_screen_state: Enable Garbage Filter
02-14 08:21:52.861   210  2291 I RILC    : qmi_ril(0/210): RIL[0][cmd-61(472)] qcril_qmi_extend_set_garbage_filter_timer: qcril_qmi_extend_set_garbage_filter_timer entered: 1
02-14 08:21:52.861   210  2291 D QC-QMI  : Setting the api flag to : 1
02-14 08:21:52.861   210  2291 D QC-QMI  : qmi_client [210] 1: sending 51 bytes on fd = 23
02-14 08:21:52.861   214   214 D QC-QMI  : qmuxd: RX 51 bytes on fd=19 from qmux_client_id=1
02-14 08:21:52.861   214   214 D QC-QMI  : qmi_qmux: TX/RX - TX 17 bytes on conn_id=9
02-14 08:21:52.861   214   214 D QC-QMI  : QMI_Msg Len: [17], Serv_ID: [EXTEND(0xe5)], Msg_ID: [UMTS_SET_GARBAGE_FILTER_TIMER(0x195)], Trans_ID: [24][Request], Conn_ID:[9]
02-14 08:21:52.861   214   214 D QC-QMI  : 01 10 00 00 E5 01 00 18 00 95 01 04 00 01 01 00 01 
02-14 08:21:52.881   214   643 D QC-QMI  : QMI platform I/O... blocking on read  port[/dev/hsicctl0] conn_id[9]
02-14 08:21:52.881   214   643 D QC-QMI  : qmi_qmux: TX/RX - RX 20 bytes on conn_id=9
02-14 08:21:52.881   214   643 D QC-QMI  : QMI_Msg Len: [20], Serv_ID: [EXTEND(0xe5)], Msg_ID: [UMTS_SET_GARBAGE_FILTER_TIMER(0x195)], Trans_ID: [24][Response], Conn_ID:[9]
02-14 08:21:52.881   214   643 D QC-QMI  : 01 13 00 80 E5 01 02 18 00 95 01 07 00 02 04 00 00 00 00 00 
02-14 08:21:52.881   214   643 D QC-QMI  : qmuxd: TX message on fd=19, to clientID = 1, len=54
02-14 08:21:52.881   214   643 D QC-QMI  : QMI platform I/O... blocking on poll fds
02-14 08:21:52.881   210   648 D QC-QMI  : qmi_client [210] 1: Received 54 bytes on fd = 23
02-14 08:21:52.881   210   648 D QC-QMI  :  API Flag .............. 1 
02-14 08:21:52.881   210   648 D QC-QMI  :  Message ID ............... 405 
02-14 08:21:52.881   210  2291 I RILC    : qmi_ril(0/210): RIL[0][cmd-61(472)] qcril_qmi_util_convert_qmi_response_codes_to_ril_result_ex: ctx check 0
02-14 08:21:52.881   210  2291 I RILC    : qmi_ril(0/210): RIL[0][cmd-61(472)] qcril_qmi_extend_set_garbage_filter_timer: qcril_qmi__extend_set_garbage_filter_timer completed 0, 0
02-14 08:21:52.881   210  2291 I RILC    : qmi_ril(0/210): RIL[0][cmd-61(472)] qcril_data_toggle_dormancy_indications: >>>>>> LOCK QCRIL_DATA MUTEX 41450c98
02-14 08:21:52.881   210  2291 D RILC    : qmi_ril(0/210): RIL[0][cmd-61(472)] qcril_data_toggle_dormancy_indications: Switch ON/OFF dormancy indications on all active interfaces ioctl:1 Update global_dorm_ind: 1
02-14 08:21:52.881   210  2291 I RILC    : qmi_ril(0/210): RIL[0][cmd-61(472)] qcril_data_toggle_dormancy_indications: <<<<<< UNLOCK QCRIL_DATA MUTEX 41450c98
02-14 08:21:52.881   210  2291 I RILC    : qmi_ril(0/210): RIL[0][cmd-61(472)] qcril_data_toggle_dormancy_indications: qcril_data_toggle_dormancy_indications: EXIT with SUCCESS
02-14 08:21:52.881   210  2291 I RILC    : qmi_ril(0/210): RIL[0][cmd-61(472)] qcril_qmi_nas_request_screen_state: .. data dormancy req 1, 0
02-14 08:21:52.881   210  2291 D RILC    : qmi_ril(0/210): RIL[0][cmd-61(472)] qcril_send_request_response: UI <--- RIL_REQUEST_SCREEN_STATE (61) Complete --- RIL [RID 0, Token id 40, Success, Len 0 ]
02-14 08:21:52.881   210  2291 I RILC    : qmi_ril(0/210): RIL[0][cmd-61(472)] qcril_reqlist_free: function exit with ret 1
