02-14 03:47:34.052   210   318 I RILC    : qmi_ril(0/210): RIL[0] get_IPPort: TCP/IP port: 20001 10080 
02-14 03:47:34.052   210   318 I RILC    : qmi_ril(0/210): RIL[0] qcril_qmi_extend_set_garbage_filter_ipv4_table: qcril_qmi_extend_set_garbage_filter_ipv4_table entered
02-14 03:47:34.052   210   318 D QC-QMI  : Setting the api flag to : 1
02-14 03:47:34.052   210   318 D QC-QMI  : qmi_client [210] 1: sending 306 bytes on fd = 23
02-14 03:47:34.052   214   214 D QC-QMI  : qmuxd: RX 306 bytes on fd=19 from qmux_client_id=1
02-14 03:47:34.052   214   214 D QC-QMI  : qmi_qmux: TX/RX - TX 272 bytes on conn_id=9
02-14 03:47:34.052   214   214 D QC-QMI  : QMI_Msg Len: [272], Serv_ID: [EXTEND(0xe5)], Msg_ID: [UMTS_SET_GF_IPV4_TABLE(0x193)], Trans_ID: [13][Request], Conn_ID:[9]
02-14 03:47:34.052   214   214 D QC-QMI  : 01 0F 01 00 E5 01 00 0D 00 93 01 03 01 01 00 01 01 00 21 4E 60 27 00 00 00 00 00 00 00 00 00 00 
02-14 03:47:34.052   214   214 D QC-QMI  : 00 00 00 00 00 00 00 00 00 00 00 00 00 00 00 00 00 00 00 00 00 00 00 00 00 00 00 00 00 00 00 00 
02-14 03:47:34.052   214   214 D QC-QMI  : 00 00 00 00 00 00 00 00 00 00 00 00 00 00 00 00 00 00 00 00 00 00 00 00 00 00 00 00 00 00 00 00 
02-14 03:47:34.052   214   214 D QC-QMI  : 00 00 00 00 00 00 00 00 00 00 00 00 00 00 00 00 00 00 00 00 00 00 00 00 00 00 00 00 00 00 00 00 
02-14 03:47:34.052   214   214 D QC-QMI  : 00 00 00 00 00 00 00 00 00 00 00 00 00 00 00 00 00 00 00 00 00 00 00 00 00 00 00 00 00 00 00 00 
02-14 03:47:34.052   214   214 D QC-QMI  : 00 00 00 00 00 00 00 00 00 00 00 00 00 00 00 00 00 00 00 00 00 00 00 00 00 00 00 00 00 00 00 00 
02-14 03:47:34.052   214   214 D QC-QMI  : 00 00 00 00 00 00 00 00 00 00 00 00 00 00 00 00 00 00 00 00 00 00 00 00 00 00 00 00 00 00 00 00 
02-14 03:47:34.052   214   214 D QC-QMI  : 00 00 00 00 00 00 00 00 00 00 00 00 00 00 00 00 00 00 00 00 00 00 00 00 00 00 00 00 00 00 00 00 
02-14 03:47:34.052   214   214 D QC-QMI  : 00 00 00 00 00 00 00 00 00 00 00 00 00 00 00 00 
02-14 03:47:34.122   214   643 D QC-QMI  : QMI platform I/O... blocking on read  port[/dev/hsicctl0] conn_id[9]
02-14 03:47:34.122   214   643 D QC-QMI  : qmi_qmux: TX/RX - RX 20 bytes on conn_id=9
02-14 03:47:34.122   214   643 D QC-QMI  : QMI_Msg Len: [20], Serv_ID: [EXTEND(0xe5)], Msg_ID: [UMTS_SET_GF_IPV4_TABLE(0x193)], Trans_ID: [13][Response], Conn_ID:[9]
02-14 03:47:34.122   214   643 D QC-QMI  : 01 13 00 80 E5 01 02 0D 00 93 01 07 00 02 04 00 00 00 00 00 
02-14 03:47:34.122   214   643 D QC-QMI  : qmuxd: TX message on fd=19, to clientID = 1, len=54
02-14 03:47:34.122   214   643 D QC-QMI  : QMI platform I/O... blocking on poll fds
02-14 03:47:34.122   210   648 D QC-QMI  : qmi_client [210] 1: Received 54 bytes on fd = 23
02-14 03:47:34.122   210   648 D QC-QMI  :  API Flag .............. 1 
02-14 03:47:34.122   210   648 D QC-QMI  :  Message ID ............... 403 
02-14 03:47:34.122   210   318 I RILC    : qmi_ril(0/210): RIL[0] qcril_qmi_util_convert_qmi_response_codes_to_ril_result_ex: ctx check 0
02-14 03:47:34.122   210   318 I RILC    : qmi_ril(0/210): RIL[0] qcril_qmi_extend_set_garbage_filter_ipv4_table: qcril_qmi_extend_set_garbage_filter_ipv4_table completed 0, 0
02-14 03:47:34.312   210   663 I RILC    : qmi_ril(0/210): RIL[0][coex_opener] qcril_qmi_coex_riva_port_open_handler: Unable to open SMD RIVA port -1, attempt #87
02-14 03:47:34.823   210   663 I RILC    : qmi_ril(0/210): RIL[0][coex_opener] qcril_qmi_coex_riva_port_open_handler: Unable to open SMD RIVA port -1, attempt #88
02-14 03:47:34.833   214   643 D QC-QMI  : QMI platform I/O... blocking on read  port[/dev/hsicctl0] conn_id[9]
02-14 03:47:34.833   214   643 D QC-QMI  : qmi_qmux: TX/RX - RX 30 bytes on conn_id=9
02-14 03:47:34.833   214   643 D QC-QMI  : QMI_Msg Len: [30], Serv_ID: [NAS(0x3)], Msg_ID: [SIG_INFO_IND(0x51)], Trans_ID: [0][Indication], Conn_ID:[9]
02-14 03:47:34.833   214   643 D QC-QMI  : 01 1D 00 80 03 01 04 00 00 51 00 11 00 11 08 00 83 05 00 08 96 FF FF FF 13 03 00 D1 05 00 
02-14 03:47:34.833   214   643 D QC-QMI  : qmuxd: TX message on fd=19, to clientID = 1, len=64
02-14 03:47:34.833   214   643 D QC-QMI  : QMI platform I/O... blocking on poll fds
02-14 03:47:34.833   210   648 D QC-QMI  : qmi_client [210] 1: Received 64 bytes on fd = 23
02-14 03:47:34.833   210   648 D QC-QMI  : qmi_service.c RX indication for conn=9, srvc=3
02-14 03:47:34.833   210   648 D QC-QMI  : Processing indication: Mesage4 ID=  81, Service ID = 3
02-14 03:47:34.833   210   648 D QC-QMI  : Client 9010300 gets indication callback
02-14 03:47:34.833   210   648 I RILC    : qmi_ril(0/210): RIL[0][qmi_cb] qcril_qmi_nas_unsolicited_indication_cb: invoked msg 0x51
02-14 03:47:34.833   210   648 I RILC    : qmi_ril(0/210): RIL[0][qmi_cb] qcril_qmi_nas_is_considered_registered: .. cache valid 1
02-14 03:47:34.833   210   648 I RILC    : qmi_ril(0/210): RIL[0][qmi_cb] qcril_qmi_nas_is_considered_registered: .. cache valid 1
02-14 03:47:34.833   210   648 I RILC    : qmi_ril(0/210): RIL[0][qmi_cb] qcril_qmi_nas_unsolicited_indication_cb: .. operational state 3
02-14 03:47:35.324   210   663 I RILC    : qmi_ril(0/210): RIL[0][coex_opener] qcril_qmi_coex_riva_port_open_handler: Unable to open SMD RIVA port -1, attempt #89
02-14 03:47:35.824   210   663 I RILC    : qmi_ril(0/210): RIL[0][coex_opener] qcril_qmi_coex_riva_port_open_handler: Unable to open SMD RIVA port -1, attempt #90
02-14 03:47:36.325   210   663 I RILC    : qmi_ril(0/210): RIL[0][coex_opener] qcril_qmi_coex_riva_port_open_handler: Unable to open SMD RIVA port -1, attempt #91
02-14 03:47:36.825   210   663 I RILC    : qmi_ril(0/210): RIL[0][coex_opener] qcril_qmi_coex_riva_port_open_handler: Unable to open SMD RIVA port -1, attempt #92
02-14 03:47:37.326   210   663 I RILC    : qmi_ril(0/210): RIL[0][coex_opener] qcril_qmi_coex_riva_port_open_handler: Unable to open SMD RIVA port -1, attempt #93
02-14 03:47:37.826   210   663 I RILC    : qmi_ril(0/210): RIL[0][coex_opener] qcril_qmi_coex_riva_port_open_handler: Unable to open SMD RIVA port -1, attempt #94
02-14 03:47:38.327   210   663 I RILC    : qmi_ril(0/210): RIL[0][coex_opener] qcril_qmi_coex_riva_port_open_handler: Unable to open SMD RIVA port -1, attempt #95
02-14 03:47:38.817   210   663 I RILC    : qmi_ril(0/210): RIL[0][coex_opener] qcril_qmi_coex_riva_port_open_handler: Unable to open SMD RIVA port -1, attempt #96
02-14 03:47:39.318   210   663 I RILC    : qmi_ril(0/210): RIL[0][coex_opener] qcril_qmi_coex_riva_port_open_handler: Unable to open SMD RIVA port -1, attempt #97
02-14 03:47:39.818   210   663 I RILC    : qmi_ril(0/210): RIL[0][coex_opener] qcril_qmi_coex_riva_port_open_handler: Unable to open SMD RIVA port -1, attempt #98
02-14 03:47:40.319   210   663 I RILC    : qmi_ril(0/210): RIL[0][coex_opener] qcril_qmi_coex_riva_port_open_handler: Unable to open SMD RIVA port -1, attempt #99
02-14 03:47:40.819   210   663 I RILC    : qmi_ril(0/210): RIL[0][coex_opener] qcril_qmi_coex_riva_port_open_handler: Unable to open SMD RIVA port -1, attempt #100
02-14 03:47:40.909   214   643 D QC-QMI  : QMI platform I/O... blocking on read  port[/dev/hsicctl0] conn_id[9]
02-14 03:47:40.909   214   643 D QC-QMI  : qmi_qmux: TX/RX - RX 30 bytes on conn_id=9
02-14 03:47:40.909   214   643 D QC-QMI  : QMI_Msg Len: [30], Serv_ID: [NAS(0x3)], Msg_ID: [SIG_INFO_IND(0x51)], Trans_ID: [0][Indication], Conn_ID:[9]
02-14 03:47:40.909   214   643 D QC-QMI  : 01 1D 00 80 03 01 04 00 00 51 00 11 00 11 08 00 83 05 00 08 96 FF FF FF 13 03 00 CF 07 00 
02-14 03:47:40.909   214   643 D QC-QMI  : qmuxd: TX message on fd=19, to clientID = 1, len=64
02-14 03:47:40.909   214   643 D QC-QMI  : QMI platform I/O... blocking on poll fds
02-14 03:47:40.909   210   648 D QC-QMI  : qmi_client [210] 1: Received 64 bytes on fd = 23
02-14 03:47:40.909   210   648 D QC-QMI  : qmi_service.c RX indication for conn=9, srvc=3
02-14 03:47:40.909   210   648 D QC-QMI  : Processing indication: Mesage4 ID=  81, Service ID = 3
02-14 03:47:40.909   210   648 D QC-QMI  : Client 9010300 gets indication callback
02-14 03:47:40.909   210   648 I RILC    : qmi_ril(0/210): RIL[0][qmi_cb] qcril_qmi_nas_unsolicited_indication_cb: invoked msg 0x51
02-14 03:47:40.909   210   648 I RILC    : qmi_ril(0/210): RIL[0][qmi_cb] qcril_qmi_nas_is_considered_registered: .. cache valid 1
02-14 03:47:40.909   210   648 I RILC    : qmi_ril(0/210): RIL[0][qmi_cb] qcril_qmi_nas_is_considered_registered: .. cache valid 1
02-14 03:47:40.909   210   648 I RILC    : qmi_ril(0/210): RIL[0][qmi_cb] qcril_qmi_nas_unsolicited_indication_cb: .. operational state 3
02-14 03:47:41.020   210   313 I RILC    : qmi_ril(0/210): RIL[0][main] qmi_ril_nw_reg_post_cfg_ban_for_data_reg_extrapolation_expired: function entry
02-14 03:47:41.020   210   313 I RILC    : qmi_ril(0/210): RIL[0][main] qmi_ril_check_android_unsol_resp_dispatchable: function exit with ret 1
02-14 03:47:41.020   210   313 D RILC    : qmi_ril(0/210): RIL[0][main] qcril_send_unsol_response_epilog: UI <--- RIL_UNSOL_RESPONSE_NETWORK_STATE_CHANGED (1002) --- RIL [RID 0, Len 0, (null)]
02-14 03:47:41.020   210   313 D RILC    : [UNSL]< UNSOL_RESPONSE_VOICE_NETWORK_STATE_CHANGED 
02-14 03:47:41.020   210   313 I RILC    : qmi_ril(0/210): RIL[0][main] qmi_ril_nw_reg_post_cfg_ban_for_data_reg_extrapolation_expired: function exit
02-14 03:47:41.020   210   313 D RILC    : [0030]> OPERATOR 
02-14 03:47:41.020   210   313 D RILC    : qmi_ril(0/210): RIL[0][main] onRequest: UI --- RIL_REQUEST_OPERATOR (22) ---> RIL [RID 0, token id 30, data len 0]
02-14 03:47:41.020   210   313 D RILC    : qmi_ril(0/210): RIL[0][main] onRequest: handling caps 40001608 hex
02-14 03:47:41.020   210   313 I RILC    : qmi_ril(0/210): RIL[0][main] qmi_ril_fw_create_android_live_params_copy: function exit with ret 3
02-14 03:47:41.020   210   313 D RILC    : qmi_ril(0/210): RIL[0][main] onRequest: method 3, datalen 0
02-14 03:47:41.020   210   313 D RILC    : qmi_ril(0/210): RIL[0][main] onRequest: clean family 0
02-14 03:47:41.020   210   313 D RILC    : qmi_ril(0/210): RIL[0][main] onRequest: already waiting for exec 0
02-14 03:47:41.020   210   313 D RILC    : qmi_ril(0/210): RIL[0][main] onRequest: android_request_param_holder 416fccd0 hex
02-14 03:47:41.020   210   313 D RILC    : qmi_ril(0/210): RIL[0][main] onRequest: pending req kind 0 hex, awaitingexec req kind 0 hex
02-14 03:47:41.020   210   313 D RILC    : qmi_ril(0/210): RIL[0][main] onRequest: token under exec 30
02-14 03:47:41.020   210   313 D RILC    : qmi_ril(0/210): RIL[0][main] onRequest: pre-exec token id 30, a-r-id 22, audit 0, nrender 0
02-14 03:47:41.020   210   313 D RILC    : qmi_ril(0/210): RIL[0][main] qmi_ril_fw_android_request_render_execution: rendering exec for token id 30
02-14 03:47:41.020   210   313 I RILC    : qmi_ril(0/210): RIL[0][main] qmi_ril_fw_create_android_live_params_copy: function exit with ret 3
02-14 03:47:41.020   210   313 D RILC    : qmi_ril(0/210): RIL[0][main] onRequest: dispatch outcome = 0
02-14 03:47:41.020   210   313 D RILC    : [0031]> VOICE_REGISTRATION_STATE 
02-14 03:47:41.020   210   313 D RILC    : qmi_ril(0/210): RIL[0][main] onRequest: UI --- RIL_REQUEST_REGISTRATION_STATE (20) ---> RIL [RID 0, token id 31, data len 0]
02-14 03:47:41.020   210   313 D RILC    : qmi_ril(0/210): RIL[0][main] onRequest: handling caps 40001408 hex
02-14 03:47:41.020   210   313 I RILC    : qmi_ril(0/210): RIL[0][main] qmi_ril_fw_create_android_live_params_copy: function exit with ret 3
02-14 03:47:41.020   210   313 D RILC    : qmi_ril(0/210): RIL[0][main] onRequest: method 3, datalen 0
02-14 03:47:41.020   210   313 D RILC    : qmi_ril(0/210): RIL[0][main] onRequest: clean family 0
02-14 03:47:41.020   210   313 D RILC    : qmi_ril(0/210): RIL[0][main] onRequest: already waiting for exec 0
02-14 03:47:41.020   210   313 D RILC    : qmi_ril(0/210): RIL[0][main] onRequest: android_request_param_holder 416fcbc0 hex
02-14 03:47:41.020   210   313 D RILC    : qmi_ril(0/210): RIL[0][main] onRequest: pending req kind 0 hex, awaitingexec req kind 0 hex
02-14 03:47:41.020   210   313 D RILC    : qmi_ril(0/210): RIL[0][main] onRequest: token under exec 31
02-14 03:47:41.020   210   313 D RILC    : qmi_ril(0/210): RIL[0][main] onRequest: pre-exec token id 31, a-r-id 20, audit 0, nrender 0
02-14 03:47:41.020   210   313 D RILC    : qmi_ril(0/210): RIL[0][main] qmi_ril_fw_android_request_render_execution: rendering exec for token id 31
02-14 03:47:41.020   210   313 I RILC    : qmi_ril(0/210): RIL[0][main] qmi_ril_fw_create_android_live_params_copy: function exit with ret 3
02-14 03:47:41.020   210   313 D RILC    : qmi_ril(0/210): RIL[0][main] onRequest: dispatch outcome = 0
02-14 03:47:41.020   210   313 D RILC    : [0032]> DATA_REGISTRATION_STATE 
02-14 03:47:41.020   210   313 D RILC    : qmi_ril(0/210): RIL[0][main] onRequest: UI --- RIL_REQUEST_DATA_REGISTRATION_STATE (21) ---> RIL [RID 0, token id 32, data len 0]
02-14 03:47:41.020   210   313 D RILC    : qmi_ril(0/210): RIL[0][main] onRequest: handling caps 40001508 hex
02-14 03:47:41.020   210   313 I RILC    : qmi_ril(0/210): RIL[0][main] qmi_ril_fw_create_android_live_params_copy: function exit with ret 3
02-14 03:47:41.020   210   313 D RILC    : qmi_ril(0/210): RIL[0][main] onRequest: method 3, datalen 0
02-14 03:47:41.020   210   313 D RILC    : qmi_ril(0/210): RIL[0][main] onRequest: clean family 0
02-14 03:47:41.020   210   313 D RILC    : qmi_ril(0/210): RIL[0][main] onRequest: already waiting for exec 0
02-14 03:47:41.020   210   313 D RILC    : qmi_ril(0/210): RIL[0][main] onRequest: android_request_param_holder 416fcc48 hex
02-14 03:47:41.020   210   313 D RILC    : qmi_ril(0/210): RIL[0][main] onRequest: pending req kind 0 hex, awaitingexec req kind 0 hex
02-14 03:47:41.020   210   313 D RILC    : qmi_ril(0/210): RIL[0][main] onRequest: token under exec 32
02-14 03:47:41.020   210   313 D RILC    : qmi_ril(0/210): RIL[0][main] onRequest: pre-exec token id 32, a-r-id 21, audit 0, nrender 0
02-14 03:47:41.020   210   313 D RILC    : qmi_ril(0/210): RIL[0][main] qmi_ril_fw_android_request_render_execution: rendering exec for token id 32
02-14 03:47:41.020   210   313 I RILC    : qmi_ril(0/210): RIL[0][main] qmi_ril_fw_create_android_live_params_copy: function exit with ret 3
02-14 03:47:41.020   210   313 D RILC    : qmi_ril(0/210): RIL[0][main] onRequest: dispatch outcome = 0
02-14 03:47:41.020   210  1325 I RILC    : qmi_ril(0/210): RIL[0][cmd-20(144)] qmi_ril_fw_dedicated_request_exec_thread:  ..operational state 3
02-14 03:47:41.020   210  1325 I RILC    : qmi_ril(0/210): RIL[0][cmd-20(144)] qcril_qmi_nas_request_registration_state: .. request need 0, vrte 3, irte 0
02-14 03:47:41.020   210  1325 I RILC    : qmi_ril(0/210): RIL[0][cmd-20(144)] qcril_qmi_nas_request_registration_state:  ... <srv_status,sys_info> val: CDMA<0,0>, HDR<0,0>, GSM<1,0>, WCDMA<1,1>, LTE<0,0>
02-14 03:47:41.020   210   313 D RILC    : [0033]> QUERY_NETWORK_SELECTION_MODE 
02-14 03:47:41.020   210  1325 I RILC    : qmi_ril(0/210): RIL[0][cmd-20(144)] qcril_qmi_nas_request_registration_state:  .. prep WCDMA
02-14 03:47:41.020   210   313 D RILC    : qmi_ril(0/210): RIL[0][main] onRequest: UI --- RIL_REQUEST_QUERY_NETWORK_SELECTION_MODE (45) ---> RIL [RID 0, token id 33, data len 0]
02-14 03:47:41.020   210  1325 I RILC    : qmi_ril(0/210): RIL[0][cmd-20(144)] qcril_qmi_nas_get_nw_selection_mode: returning pref 0 
02-14 03:47:41.020   210   313 D RILC    : qmi_ril(0/210): RIL[0][main] onRequest: handling caps 40002d08 hex
02-14 03:47:41.020   210  1325 D RILC    : qmi_ril(0/210): RIL[0][cmd-20(144)] qcril_qmi_nas_util_convert_nas_srv_status_to_ril_reg_status: reg_status: 1,0,3,1,0,1,0,0,-1,12
02-14 03:47:41.020   210  1325 I RILC    : qmi_ril(0/210): RIL[0][cmd-20(144)] qcril_qmi_nas_request_registration_state:  ... so far ss, vrte 3, 3
02-14 03:47:41.020   210  1325 I RILC    : qmi_ril(0/210): RIL[0][cmd-20(144)] qcril_qmi_nas_request_registration_state: .. adjusting for reg reject 0, status 12
02-14 03:47:41.020   210  1325 I RILC    : qmi_ril(0/210): RIL[0][cmd-20(144)] qcril_qmi_nas_request_registration_state: cur reg state 12
02-14 03:47:41.020   210  1325 I RILC    : qmi_ril(0/210): RIL[0][cmd-20(144)] qcril_qmi_nas_request_registration_state:  ... so far in_service 0
02-14 03:47:41.020   210  1325 I RILC    : qmi_ril(0/210): RIL[0][cmd-20(144)] qcril_qmi_nas_request_registration_state: .. in transfer reg reject 0
02-14 03:47:41.020   210  1325 D QC-QMI  : Setting the api flag to : 1
02-14 03:47:41.020   210  1325 D QC-QMI  : qmi_client [210] 1: sending 47 bytes on fd = 23
02-14 03:47:41.020   210   313 I RILC    : qmi_ril(0/210): RIL[0][main] qmi_ril_fw_create_android_live_params_copy: function exit with ret 3
02-14 03:47:41.020   210   313 D RILC    : qmi_ril(0/210): RIL[0][main] onRequest: method 3, datalen 0
02-14 03:47:41.020   214   214 D QC-QMI  : qmuxd: RX 47 bytes on fd=19 from qmux_client_id=1
02-14 03:47:41.020   210   313 D RILC    : qmi_ril(0/210): RIL[0][main] onRequest: clean family 0
02-14 03:47:41.020   214   214 D QC-QMI  : qmi_qmux: TX/RX - TX 13 bytes on conn_id=9
02-14 03:47:41.020   214   214 D QC-QMI  : QMI_Msg Len: [13], Serv_ID: [EXTEND(0xe5)], Msg_ID: [GET_REGISTRATION_ROAMING_STATUS(0xcf)], Trans_ID: [14][Request], Conn_ID:[9]
02-14 03:47:41.020   210   313 D RILC    : qmi_ril(0/210): RIL[0][main] onRequest: already waiting for exec 0
02-14 03:47:41.020   214   214 D QC-QMI  : 01 0C 00 00 E5 01 00 0E 00 CF 00 00 00 
02-14 03:47:41.020   210   313 D RILC    : qmi_ril(0/210): RIL[0][main] onRequest: android_request_param_holder 416fd718 hex
02-14 03:47:41.020   210   313 D RILC    : qmi_ril(0/210): RIL[0][main] onRequest: pending req kind 0 hex, awaitingexec req kind 0 hex
02-14 03:47:41.020   210   313 D RILC    : qmi_ril(0/210): RIL[0][main] onRequest: token under exec 33
02-14 03:47:41.020   210   313 D RILC    : qmi_ril(0/210): RIL[0][main] onRequest: pre-exec token id 33, a-r-id 45, audit 0, nrender 0
02-14 03:47:41.020   210   313 D RILC    : qmi_ril(0/210): RIL[0][main] qmi_ril_fw_android_request_render_execution: rendering exec for token id 33
02-14 03:47:41.020   210   313 I RILC    : qmi_ril(0/210): RIL[0][main] qmi_ril_fw_create_android_live_params_copy: function exit with ret 3
02-14 03:47:41.020   210   313 D RILC    : qmi_ril(0/210): RIL[0][main] onRequest: dispatch outcome = 0
02-14 03:47:41.020   210  1326 I RILC    : qmi_ril(0/210): RIL[0][cmd-21(232)] qmi_ril_fw_dedicated_request_exec_thread:  ..operational state 3
02-14 03:47:41.030   210  1326 I RILC    : qmi_ril(0/210): RIL[0][cmd-21(232)] qcril_qmi_get_pref_data_tech: before translation : is_current 1 network_type 0 rat_mask 8000 db_so_mask 0 pref_data_tech UNKNOWN
02-14 03:47:41.030   210  1326 I RILC    : qmi_ril(0/210): RIL[0][cmd-21(232)] qcril_qmi_voice_voip_find_call_info_entry_by_andoid_call_state: entry with id 0
02-14 03:47:41.030   210  1326 I RILC    : qmi_ril(0/210): RIL[0][cmd-21(232)] qcril_qmi_voice_voip_find_call_info_entry_by_andoid_call_state: function exit with ret 0
02-14 03:47:41.030   210  1324 I RILC    : qmi_ril(0/210): RIL[0][cmd-22(768)] qmi_ril_fw_dedicated_request_exec_thread:  ..operational state 3
02-14 03:47:41.030   210  1324 I RILC    : qmi_ril(0/210): RIL[0][cmd-22(768)] qcril_qmi_nas_request_operator: function entry
02-14 03:47:41.030   210  1324 I RILC    : qmi_ril(0/210): RIL[0][cmd-22(768)] qcril_qmi_nas_request_operator: ..if_att_feature = 0
02-14 03:47:41.030   210  1324 I RILC    : qmi_ril(0/210): RIL[0][cmd-22(768)] qcril_qmi_nas_is_considered_registered: .. cache valid 1
02-14 03:47:41.030   210  1324 I RILC    : qmi_ril(0/210): RIL[0][cmd-22(768)] qcril_qmi_nas_request_operator: now registered 0
02-14 03:47:41.030   210  1324 I RILC    : qmi_ril(0/210): RIL[0][cmd-22(768)] qcril_qmi_nas_request_operator: .. res empty as not in full service
02-14 03:47:41.030   210  1324 D RILC    : qmi_ril(0/210): RIL[0][cmd-22(768)] qcril_send_request_response: UI <--- RIL_REQUEST_OPERATOR (22) Complete --- RIL [RID 0, Token id 30, Success, Len 12 ]
02-14 03:47:41.030   210  1324 I RILC    : qmi_ril(0/210): RIL[0][cmd-22(768)] qcril_reqlist_free: function exit with ret 1
02-14 03:47:41.030   210  1324 D RILC    : qmi_ril(0/210): RIL[0][cmd-22(768)] qmi_ril_fw_send_request_response_epilog: token under exec 30, completion token id 30
02-14 03:47:41.030   210  1324 D RILC    : qmi_ril(0/210): RIL[0][cmd-22(768)] qmi_ril_fw_send_request_response_epilog: postage resp to token id 30, a-r-id 22 (intermed. 22)
02-14 03:47:41.030   210  1324 D RILC    : [0030]< OPERATOR {(null),(null),(null)}
02-14 03:47:41.030   210  1324 I RILC    : qmi_ril(0/210): RIL[0][cmd-22(768)] qcril_qmi_nas_request_operator: complete with 0
02-14 03:47:41.030   210  1324 D RILC    : qmi_ril(0/210): RIL[0][cmd-22(768)] qmi_ril_fw_destroy_android_live_params_copy: a-r-id 22, appron 3
02-14 03:47:41.040   210  1326 I RILC    : qmi_ril(0/210): RIL[0][cmd-21(232)] qcril_qmi_convert_rat_mask_to_technology: call state is not active
02-14 03:47:41.040   210  1327 I RILC    : qmi_ril(0/210): RIL[0][cmd-45(584)] qmi_ril_fw_dedicated_request_exec_thread:  ..operational state 3
02-14 03:47:41.040   210  1326 I RILC    : qmi_ril(0/210): RIL[0][cmd-21(232)] qcril_qmi_convert_rat_mask_to_technology: technology UNKNOWN
02-14 03:47:41.040   210  1327 I RILC    : qmi_ril(0/210): RIL[0][cmd-45(584)] qcril_qmi_nas_query_network_selection_mode: is_cached=1
02-14 03:47:41.040   210  1326 I RILC    : qmi_ril(0/210): RIL[0][cmd-21(232)] qcril_qmi_convert_rat_mask_to_technology: function exit with ret 0
02-14 03:47:41.040   210  1327 I RILC    : qmi_ril(0/210): RIL[0][cmd-45(584)] qcril_qmi_nas_query_network_selection_mode: network_selection_mode: 0, ril_req_res: 0
02-14 03:47:41.040   210  1326 I RILC    : qmi_ril(0/210): RIL[0][cmd-21(232)] qcril_qmi_get_pref_data_tech: after translation : is_current 1 network_type 0 rat_mask 8000 db_so_mask 0 pref_data_tech UNKNOWN technology 0
02-14 03:47:41.040   210  1327 D RILC    : qmi_ril(0/210): RIL[0][cmd-45(584)] qcril_send_request_response: UI <--- RIL_REQUEST_QUERY_NETWORK_SELECTION_MODE (45) Complete --- RIL [RID 0, Token id 33, Success, Len 4 ]
02-14 03:47:41.040   210  1326 I RILC    : qmi_ril(0/210): RIL[0][cmd-21(232)] qmi_ril_nw_reg_extend_pref_data_tech_cl: is extrapolation 1, cache is valid 0, cache rat 0, oprt valid 1, oprt 0, card status 9, card ever present 0, ban 0, mpv 1, mp 12
02-14 03:47:41.040   210  1326 I RILC    : qmi_ril(0/210): RIL[0][cmd-21(232)] qmi_ril_nw_reg_extend_pref_data_tech_cl: need reset 1
02-14 03:47:41.040   210  1327 I RILC    : qmi_ril(0/210): RIL[0][cmd-45(584)] qcril_reqlist_free: function exit with ret 1
02-14 03:47:41.040   210  1327 D RILC    : qmi_ril(0/210): RIL[0][cmd-45(584)] qmi_ril_fw_send_request_response_epilog: token under exec 33, completion token id 33
02-14 03:47:41.040   210  1327 D RILC    : qmi_ril(0/210): RIL[0][cmd-45(584)] qmi_ril_fw_send_request_response_epilog: postage resp to token id 33, a-r-id 45 (intermed. 45)
02-14 03:47:41.040   210  1326 I RILC    : qmi_ril(0/210): RIL[0][cmd-21(232)] qcril_qmi_nas_request_data_registration_state: .. request need 0, drte 0, pref data tech UNKNOWN
02-14 03:47:41.040   210  1327 D RILC    : [0033]< QUERY_NETWORK_SELECTION_MODE {0}
02-14 03:47:41.040   210  1326 I RILC    : qmi_ril(0/210): RIL[0][cmd-21(232)] qcril_qmi_nas_request_data_registration_state:  ... <srv_status,sys_info> val: CDMA<0,0>, HDR<0,0>, GSM<1,0>, WCDMA<1,1>, LTE<0,0>
02-14 03:47:41.040   210  1326 I RILC    : qmi_ril(0/210): RIL[0][cmd-21(232)] qcril_qmi_nas_request_data_registration_state:  .. prep GSM=[1], WCDMA=[1], TDSCDMA=[0], LTE=[0]
02-14 03:47:41.040   210  1326 D RILC    : qmi_ril(0/210): RIL[0][cmd-21(232)] qcril_qmi_nas_util_convert_nas_srv_status_to_ril_reg_status: reg_status: 0,-1,-1,-1,-1,1,0,1,-1,2
02-14 03:47:41.040   210  1326 D RILC    : qmi_ril(0/210): RIL[0][cmd-21(232)] qcril_qmi_nas_util_convert_nas_srv_status_to_ril_reg_status: reg_status: 1,0,3,1,0,1,0,1,-1,12
02-14 03:47:41.040   210  1327 D RILC    : qmi_ril(0/210): RIL[0][cmd-45(584)] qmi_ril_fw_destroy_android_live_params_copy: a-r-id 45, appron 3
02-14 03:47:41.040   210  1326 I RILC    : qmi_ril(0/210): RIL[0][cmd-21(232)] qcril_qmi_nas_request_data_registration_state:  ... data_tech_to_report_implied UNKNOWN
02-14 03:47:41.040   210  1326 I RILC    : qmi_ril(0/210): RIL[0][cmd-21(232)] qcril_qmi_nas_request_data_registration_state: CnE module available, is current 0, pref data tech UNKNOWN
02-14 03:47:41.040   210  1326 I RILC    : qmi_ril(0/210): RIL[0][cmd-21(232)] qcril_qmi_nas_request_data_registration_state: with legacy status, pref data tech UNKNOWN in reg status 0
02-14 03:47:41.040   210  1326 I RILC    : qmi_ril(0/210): RIL[0][cmd-21(232)] qcril_qmi_nas_request_data_registration_state: Using QMI NAS indication info
02-14 03:47:41.040   210  1326 I RILC    : qmi_ril(0/210): RIL[0][cmd-21(232)] qcril_qmi_nas_request_data_registration_state: ... in search RAT LTE
02-14 03:47:41.040   210  1326 I RILC    : qmi_ril(0/210): RIL[0][cmd-21(232)] qcril_qmi_nas_request_data_registration_state:  ... matched tech LTE
02-14 03:47:41.040   210  1326 I RILC    : qmi_ril(0/210): RIL[0][cmd-21(232)] qcril_qmi_nas_request_data_registration_state: ... vrte_mapper=[5], pre cur reg state=[0]
02-14 03:47:41.040   210  1326 I RILC    : qmi_ril(0/210): RIL[0][cmd-21(232)] qcril_qmi_nas_request_data_registration_state: ... cur reg state 0
02-14 03:47:41.040   210  1326 I RILC    : qmi_ril(0/210): RIL[0][cmd-21(232)] qcril_qmi_nas_request_data_registration_state: .. prestored reg snapshot valid 0 while cur reg 0
02-14 03:47:41.040   210  1326 I RILC    : qmi_ril(0/210): RIL[0][cmd-21(232)] qcril_qmi_nas_request_data_registration_state: [HTC.QCRIL.SNAPSHOT] data_reg_report_snapshot.valid=0, feature_enabled=1
02-14 03:47:41.040   210  1326 D QC-QMI  : Setting the api flag to : 1
02-14 03:47:41.040   210  1326 D QC-QMI  : qmi_client [210] 1: sending 47 bytes on fd = 23
02-14 03:47:41.040   214   214 D QC-QMI  : qmuxd: RX 47 bytes on fd=19 from qmux_client_id=1
02-14 03:47:41.040   214   214 D QC-QMI  : qmi_qmux: TX/RX - TX 13 bytes on conn_id=9
02-14 03:47:41.040   214   214 D QC-QMI  : QMI_Msg Len: [13], Serv_ID: [EXTEND(0xe5)], Msg_ID: [GET_REGISTRATION_ROAMING_STATUS(0xcf)], Trans_ID: [15][Request], Conn_ID:[9]
02-14 03:47:41.040   214   214 D QC-QMI  : 01 0C 00 00 E5 01 00 0F 00 CF 00 00 00 
02-14 03:47:41.040   214   643 D QC-QMI  : QMI platform I/O... blocking on read  port[/dev/hsicctl0] conn_id[9]
02-14 03:47:41.040   214   643 D QC-QMI  : qmi_qmux: TX/RX - RX 20 bytes on conn_id=9
02-14 03:47:41.040   214   643 D QC-QMI  : QMI_Msg Len: [20], Serv_ID: [EXTEND(0xe5)], Msg_ID: [GET_REGISTRATION_ROAMING_STATUS(0xcf)], Trans_ID: [14][Response], Conn_ID:[9]
02-14 03:47:41.040   214   643 D QC-QMI  : 01 13 00 80 E5 01 02 0E 00 CF 00 07 00 02 04 00 01 00 47 00 
02-14 03:47:41.040   214   643 D QC-QMI  : qmuxd: TX message on fd=19, to clientID = 1, len=54
02-14 03:47:41.040   214   643 D QC-QMI  : QMI platform I/O... blocking on poll fds
02-14 03:47:41.040   210   648 D QC-QMI  : qmi_client [210] 1: Received 54 bytes on fd = 23
02-14 03:47:41.040   210   648 D QC-QMI  :  API Flag .............. 1 
02-14 03:47:41.040   210   648 D QC-QMI  :  Message ID ............... 207 
02-14 03:47:41.040   210  1325 I RILC    : qmi_ril(0/210): RIL[0][cmd-20(144)] qcril_qmi_util_convert_qmi_response_codes_to_ril_result_ex: ctx check 0
02-14 03:47:41.040   210  1325 I RILC    : qmi_ril(0/210): RIL[0][cmd-20(144)] qcril_qmi_extend_get_registration_roaming_status: qcril_qmi_extend_get_registration_roaming_status complete, result=2, error=0, status=0
02-14 03:47:41.040   210  1325 I RILC    : qmi_ril(0/210): RIL[0][cmd-20(144)] qcril_qmi_voice_nas_control_convert_radio_tech_to_radio_tech_family: entered voice_radio_tech 0
02-14 03:47:41.040   210  1325 E RILC    : qmi_ril(0/210): RIL[0][cmd-20(144)] qcril_qmi_voice_nas_control_convert_radio_tech_to_radio_tech_family: invalid radio tech = 0
02-14 03:47:41.040   210  1325 I RILC    : qmi_ril(0/210): RIL[0][cmd-20(144)] qcril_qmi_voice_nas_control_convert_radio_tech_to_radio_tech_family: function exit with ret 0
02-14 03:47:41.040   210  1325 D RILC    : qmi_ril(0/210): RIL[0][cmd-20(144)] qcril_send_request_response: UI <--- RIL_REQUEST_REGISTRATION_STATE (20) Complete --- RIL [RID 0, Token id 31, Success, Len 60 ]
02-14 03:47:41.040   210  1325 I RILC    : qmi_ril(0/210): RIL[0][cmd-20(144)] qcril_reqlist_free: function exit with ret 1
02-14 03:47:41.040   210  1325 D RILC    : qmi_ril(0/210): RIL[0][cmd-20(144)] qmi_ril_fw_send_request_response_epilog: token under exec 31, completion token id 31
02-14 03:47:41.040   210  1325 D RILC    : qmi_ril(0/210): RIL[0][cmd-20(144)] qmi_ril_fw_send_request_response_epilog: postage resp to token id 31, a-r-id 20 (intermed. 20)
02-14 03:47:41.040   210  1325 D RILC    : [0031]< VOICE_REGISTRATION_STATE {12,(null),(null),0,(null),(null),(null),0,(null),(null),(null),(null),(null),0,bc}
02-14 03:47:41.040   210  1325 I RILC    : qmi_ril(0/210): RIL[0][cmd-20(144)] qmi_ril_unsuppress_android_unsol_resp: unsol_resp 1002 previous locker number 2
02-14 03:47:41.040   210  1325 I RILC    : qmi_ril(0/210): RIL[0][cmd-20(144)] qmi_ril_unsuppress_android_unsol_resp: unsol_resp 1035 previous locker number 2
02-14 03:47:41.040   210  1325 I RILC    : qmi_ril(0/210): RIL[0][cmd-20(144)] qcril_qmi_nas_restricted_state_handle_event: event 3 under state 0, cached details 2
02-14 03:47:41.040   210  1325 D RILC    : qmi_ril(0/210): RIL[0][cmd-20(144)] qmi_ril_fw_destroy_android_live_params_copy: a-r-id 20, appron 3
02-14 03:47:41.060   214   643 D QC-QMI  : QMI platform I/O... blocking on read  port[/dev/hsicctl0] conn_id[9]
02-14 03:47:41.060   214   643 D QC-QMI  : qmi_qmux: TX/RX - RX 20 bytes on conn_id=9
02-14 03:47:41.060   214   643 D QC-QMI  : QMI_Msg Len: [20], Serv_ID: [EXTEND(0xe5)], Msg_ID: [GET_REGISTRATION_ROAMING_STATUS(0xcf)], Trans_ID: [15][Response], Conn_ID:[9]
02-14 03:47:41.060   214   643 D QC-QMI  : 01 13 00 80 E5 01 02 0F 00 CF 00 07 00 02 04 00 01 00 47 00 
02-14 03:47:41.060   214   643 D QC-QMI  : qmuxd: TX message on fd=19, to clientID = 1, len=54
02-14 03:47:41.060   214   643 D QC-QMI  : QMI platform I/O... blocking on poll fds
02-14 03:47:41.060   210   648 D QC-QMI  : qmi_client [210] 1: Received 54 bytes on fd = 23
02-14 03:47:41.060   210   648 D QC-QMI  :  API Flag .............. 1 
02-14 03:47:41.060   210   648 D QC-QMI  :  Message ID ............... 207 
02-14 03:47:41.060   210  1326 I RILC    : qmi_ril(0/210): RIL[0][cmd-21(232)] qcril_qmi_util_convert_qmi_response_codes_to_ril_result_ex: ctx check 0
02-14 03:47:41.060   210  1326 I RILC    : qmi_ril(0/210): RIL[0][cmd-21(232)] qcril_qmi_extend_get_registration_roaming_status: qcril_qmi_extend_get_registration_roaming_status complete, result=2, error=0, status=0
02-14 03:47:41.060   210  1326 I RILC    : qmi_ril(0/210): RIL[0][cmd-21(232)] qcril_qmi_nas_request_data_registration_state: snapshot valid=[0], is snapshot feature enabled=[1]
02-14 03:47:41.060   210  1326 D RILC    : qmi_ril(0/210): RIL[0][cmd-21(232)] qcril_send_request_response: UI <--- RIL_REQUEST_DATA_REGISTRATION_STATE (21) Complete --- RIL [RID 0, Token id 32, Success, Len 24 ]
02-14 03:47:41.060   210  1326 I RILC    : qmi_ril(0/210): RIL[0][cmd-21(232)] qcril_reqlist_free: function exit with ret 1
02-14 03:47:41.060   210  1326 D RILC    : qmi_ril(0/210): RIL[0][cmd-21(232)] qmi_ril_fw_send_request_response_epilog: token under exec 32, completion token id 32
02-14 03:47:41.060   210  1326 D RILC    : qmi_ril(0/210): RIL[0][cmd-21(232)] qmi_ril_fw_send_request_response_epilog: postage resp to token id 32, a-r-id 21 (intermed. 21)
02-14 03:47:41.060   210  1326 D RILC    : [0032]< DATA_REGISTRATION_STATE {0,(null),(null),(null),0,20}
02-14 03:47:41.060   210  1326 I RILC    : qmi_ril(0/210): RIL[0][cmd-21(232)] qmi_ril_unsuppress_android_unsol_resp: unsol_resp 1002 previous locker number 1
02-14 03:47:41.060   210  1326 I RILC    : qmi_ril(0/210): RIL[0][cmd-21(232)] qmi_ril_unsuppress_android_unsol_resp: unsol_resp 1035 previous locker number 1
02-14 03:47:41.060   210  1326 D RILC    : qmi_ril(0/210): RIL[0][cmd-21(232)] qmi_ril_fw_destroy_android_live_params_copy: a-r-id 21, appron 3
02-14 03:47:41.320   210   663 I RILC    : qmi_ril(0/210): RIL[0] qcril_qmi_coex_riva_port_open_handler: function exit
02-14 03:47:43.903   214   643 D QC-QMI  : QMI platform I/O... blocking on read  port[/dev/hsicctl0] conn_id[9]
02-14 03:47:43.903   214   643 D QC-QMI  : qmi_qmux: TX/RX - RX 30 bytes on conn_id=9
02-14 03:47:43.903   214   643 D QC-QMI  : QMI_Msg Len: [30], Serv_ID: [NAS(0x3)], Msg_ID: [SIG_INFO_IND(0x51)], Trans_ID: [0][Indication], Conn_ID:[9]
02-14 03:47:43.903   214   643 D QC-QMI  : 01 1D 00 80 03 01 04 00 00 51 00 11 00 11 08 00 83 05 00 08 96 FF FF FF 13 03 00 CF 09 00 
02-14 03:47:43.903   214   643 D QC-QMI  : qmuxd: TX message on fd=19, to clientID = 1, len=64
02-14 03:47:43.903   214   643 D QC-QMI  : QMI platform I/O... blocking on poll fds
02-14 03:47:43.903   210   648 D QC-QMI  : qmi_client [210] 1: Received 64 bytes on fd = 23
02-14 03:47:43.903   210   648 D QC-QMI  : qmi_service.c RX indication for conn=9, srvc=3
02-14 03:47:43.903   210   648 D QC-QMI  : Processing indication: Mesage4 ID=  81, Service ID = 3
02-14 03:47:43.903   210   648 D QC-QMI  : Client 9010300 gets indication callback
02-14 03:47:43.903   210   648 I RILC    : qmi_ril(0/210): RIL[0][qmi_cb] qcril_qmi_nas_unsolicited_indication_cb: invoked msg 0x51
02-14 03:47:43.903   210   648 I RILC    : qmi_ril(0/210): RIL[0][qmi_cb] qcril_qmi_nas_is_considered_registered: .. cache valid 1
02-14 03:47:43.903   210   648 I RILC    : qmi_ril(0/210): RIL[0][qmi_cb] qcril_qmi_nas_is_considered_registered: .. cache valid 1
02-14 03:47:43.903   210   648 I RILC    : qmi_ril(0/210): RIL[0][qmi_cb] qcril_qmi_nas_unsolicited_indication_cb: .. operational state 3
02-14 03:47:56.316   214   643 D QC-QMI  : QMI platform I/O... blocking on read  port[/dev/hsicctl0] conn_id[9]
02-14 03:47:56.316   214   643 D QC-QMI  : qmi_qmux: TX/RX - RX 30 bytes on conn_id=9
02-14 03:47:56.316   214   643 D QC-QMI  : QMI_Msg Len: [30], Serv_ID: [NAS(0x3)], Msg_ID: [SIG_INFO_IND(0x51)], Trans_ID: [0][Indication], Conn_ID:[9]
02-14 03:47:56.316   214   643 D QC-QMI  : 01 1D 00 80 03 01 04 00 00 51 00 11 00 11 08 00 83 05 00 08 96 FF FF FF 13 03 00 C8 0B 00 
02-14 03:47:56.316   214   643 D QC-QMI  : qmuxd: TX message on fd=19, to clientID = 1, len=64
02-14 03:47:56.316   214   643 D QC-QMI  : QMI platform I/O... blocking on poll fds
02-14 03:47:56.316   210   648 D QC-QMI  : qmi_client [210] 1: Received 64 bytes on fd = 23
02-14 03:47:56.316   210   648 D QC-QMI  : qmi_service.c RX indication for conn=9, srvc=3
02-14 03:47:56.316   210   648 D QC-QMI  : Processing indication: Mesage4 ID=  81, Service ID = 3
02-14 03:47:56.316   210   648 D QC-QMI  : Client 9010300 gets indication callback
02-14 03:47:56.316   210   648 I RILC    : qmi_ril(0/210): RIL[0][qmi_cb] qcril_qmi_nas_unsolicited_indication_cb: invoked msg 0x51
02-14 03:47:56.316   210   648 I RILC    : qmi_ril(0/210): RIL[0][qmi_cb] qcril_qmi_nas_is_considered_registered: .. cache valid 1
02-14 03:47:56.326   210   648 I RILC    : qmi_ril(0/210): RIL[0][qmi_cb] qcril_qmi_nas_is_considered_registered: .. cache valid 1
02-14 03:47:56.326   210   648 I RILC    : qmi_ril(0/210): RIL[0][qmi_cb] qcril_qmi_nas_unsolicited_indication_cb: .. operational state 3
02-14 03:48:02.713   214   643 D QC-QMI  : QMI platform I/O... blocking on read  port[/dev/hsicctl0] conn_id[9]
02-14 03:48:02.713   214   643 D QC-QMI  : qmi_qmux: TX/RX - RX 30 bytes on conn_id=9
02-14 03:48:02.713   214   643 D QC-QMI  : QMI_Msg Len: [30], Serv_ID: [NAS(0x3)], Msg_ID: [SIG_INFO_IND(0x51)], Trans_ID: [0][Indication], Conn_ID:[9]
02-14 03:48:02.713   214   643 D QC-QMI  : 01 1D 00 80 03 01 04 00 00 51 00 11 00 11 08 00 83 05 00 08 96 FF FF FF 13 03 00 C8 08 00 
02-14 03:48:02.713   214   643 D QC-QMI  : qmuxd: TX message on fd=19, to clientID = 1, len=64
02-14 03:48:02.713   214   643 D QC-QMI  : QMI platform I/O... blocking on poll fds
02-14 03:48:02.713   210   648 D QC-QMI  : qmi_client [210] 1: Received 64 bytes on fd = 23
02-14 03:48:02.713   210   648 D QC-QMI  : qmi_service.c RX indication for conn=9, srvc=3
02-14 03:48:02.713   210   648 D QC-QMI  : Processing indication: Mesage4 ID=  81, Service ID = 3
02-14 03:48:02.713   210   648 D QC-QMI  : Client 9010300 gets indication callback
02-14 03:48:02.713   210   648 I RILC    : qmi_ril(0/210): RIL[0][qmi_cb] qcril_qmi_nas_unsolicited_indication_cb: invoked msg 0x51
02-14 03:48:02.713   210   648 I RILC    : qmi_ril(0/210): RIL[0][qmi_cb] qcril_qmi_nas_is_considered_registered: .. cache valid 1
02-14 03:48:02.713   210   648 I RILC    : qmi_ril(0/210): RIL[0][qmi_cb] qcril_qmi_nas_is_considered_registered: .. cache valid 1
02-14 03:48:02.713   210   648 I RILC    : qmi_ril(0/210): RIL[0][qmi_cb] qcril_qmi_nas_unsolicited_indication_cb: .. operational state 3
02-14 03:48:12.323   214   643 D QC-QMI  : QMI platform I/O... blocking on read  port[/dev/hsicctl0] conn_id[9]
02-14 03:48:12.323   214   643 D QC-QMI  : qmi_qmux: TX/RX - RX 30 bytes on conn_id=9
02-14 03:48:12.323   214   643 D QC-QMI  : QMI_Msg Len: [30], Serv_ID: [NAS(0x3)], Msg_ID: [SIG_INFO_IND(0x51)], Trans_ID: [0][Indication], Conn_ID:[9]
02-14 03:48:12.323   214   643 D QC-QMI  : 01 1D 00 80 03 01 04 00 00 51 00 11 00 11 08 00 83 05 00 08 96 FF FF FF 13 03 00 C9 05 00 
02-14 03:48:12.323   214   643 D QC-QMI  : qmuxd: TX message on fd=19, to clientID = 1, len=64
02-14 03:48:12.323   214   643 D QC-QMI  : QMI platform I/O... blocking on poll fds
02-14 03:48:12.323   210   648 D QC-QMI  : qmi_client [210] 1: Received 64 bytes on fd = 23
02-14 03:48:12.333   210   648 D QC-QMI  : qmi_service.c RX indication for conn=9, srvc=3
02-14 03:48:12.333   210   648 D QC-QMI  : Processing indication: Mesage4 ID=  81, Service ID = 3
02-14 03:48:12.333   210   648 D QC-QMI  : Client 9010300 gets indication callback
02-14 03:48:12.333   210   648 I RILC    : qmi_ril(0/210): RIL[0][qmi_cb] qcril_qmi_nas_unsolicited_indication_cb: invoked msg 0x51
02-14 03:48:12.333   210   648 I RILC    : qmi_ril(0/210): RIL[0][qmi_cb] qcril_qmi_nas_is_considered_registered: .. cache valid 1
02-14 03:48:12.333   210   648 I RILC    : qmi_ril(0/210): RIL[0][qmi_cb] qcril_qmi_nas_is_considered_registered: .. cache valid 1
02-14 03:48:12.333   210   648 I RILC    : qmi_ril(0/210): RIL[0][qmi_cb] qcril_qmi_nas_unsolicited_indication_cb: .. operational state 3
02-14 03:48:18.730   214   643 D QC-QMI  : QMI platform I/O... blocking on read  port[/dev/hsicctl0] conn_id[9]
02-14 03:48:18.730   214   643 D QC-QMI  : qmi_qmux: TX/RX - RX 30 bytes on conn_id=9
02-14 03:48:18.730   214   643 D QC-QMI  : QMI_Msg Len: [30], Serv_ID: [NAS(0x3)], Msg_ID: [SIG_INFO_IND(0x51)], Trans_ID: [0][Indication], Conn_ID:[9]
02-14 03:48:18.730   214   643 D QC-QMI  : 01 1D 00 80 03 01 04 00 00 51 00 11 00 11 08 00 83 05 00 08 96 FF FF FF 13 03 00 C5 07 00 
02-14 03:48:18.730   214   643 D QC-QMI  : qmuxd: TX message on fd=19, to clientID = 1, len=64
02-14 03:48:18.730   214   643 D QC-QMI  : QMI platform I/O... blocking on poll fds
02-14 03:48:18.730   210   648 D QC-QMI  : qmi_client [210] 1: Received 64 bytes on fd = 23
02-14 03:48:18.730   210   648 D QC-QMI  : qmi_service.c RX indication for conn=9, srvc=3
02-14 03:48:18.730   210   648 D QC-QMI  : Processing indication: Mesage4 ID=  81, Service ID = 3
02-14 03:48:18.730   210   648 D QC-QMI  : Client 9010300 gets indication callback
02-14 03:48:18.730   210   648 I RILC    : qmi_ril(0/210): RIL[0][qmi_cb] qcril_qmi_nas_unsolicited_indication_cb: invoked msg 0x51
02-14 03:48:18.730   210   648 I RILC    : qmi_ril(0/210): RIL[0][qmi_cb] qcril_qmi_nas_is_considered_registered: .. cache valid 1
02-14 03:48:18.730   210   648 I RILC    : qmi_ril(0/210): RIL[0][qmi_cb] qcril_qmi_nas_is_considered_registered: .. cache valid 1
02-14 03:48:18.730   210   648 I RILC    : qmi_ril(0/210): RIL[0][qmi_cb] qcril_qmi_nas_unsolicited_indication_cb: .. operational state 3
02-14 03:48:21.913   214   643 D QC-QMI  : QMI platform I/O... blocking on read  port[/dev/hsicctl0] conn_id[9]
02-14 03:48:21.913   214   643 D QC-QMI  : qmi_qmux: TX/RX - RX 30 bytes on conn_id=9
02-14 03:48:21.913   214   643 D QC-QMI  : QMI_Msg Len: [30], Serv_ID: [NAS(0x3)], Msg_ID: [SIG_INFO_IND(0x51)], Trans_ID: [0][Indication], Conn_ID:[9]
02-14 03:48:21.913   214   643 D QC-QMI  : 01 1D 00 80 03 01 04 00 00 51 00 11 00 11 08 00 83 05 00 08 96 FF FF FF 13 03 00 C3 07 00 
02-14 03:48:21.913   214   643 D QC-QMI  : qmuxd: TX message on fd=19, to clientID = 1, len=64
02-14 03:48:21.913   214   643 D QC-QMI  : QMI platform I/O... blocking on poll fds
02-14 03:48:21.913   210   648 D QC-QMI  : qmi_client [210] 1: Received 64 bytes on fd = 23
02-14 03:48:21.913   210   648 D QC-QMI  : qmi_service.c RX indication for conn=9, srvc=3
02-14 03:48:21.913   210   648 D QC-QMI  : Processing indication: Mesage4 ID=  81, Service ID = 3
02-14 03:48:21.913   210   648 D QC-QMI  : Client 9010300 gets indication callback
02-14 03:48:21.913   210   648 I RILC    : qmi_ril(0/210): RIL[0][qmi_cb] qcril_qmi_nas_unsolicited_indication_cb: invoked msg 0x51
02-14 03:48:21.913   210   648 I RILC    : qmi_ril(0/210): RIL[0][qmi_cb] qcril_qmi_nas_is_considered_registered: .. cache valid 1
02-14 03:48:21.913   210   648 I RILC    : qmi_ril(0/210): RIL[0][qmi_cb] qcril_qmi_nas_is_considered_registered: .. cache valid 1
02-14 03:48:21.913   210   648 I RILC    : qmi_ril(0/210): RIL[0][qmi_cb] qcril_qmi_nas_unsolicited_indication_cb: .. operational state 3
02-14 03:48:25.117   214   643 D QC-QMI  : QMI platform I/O... blocking on read  port[/dev/hsicctl0] conn_id[9]
02-14 03:48:25.117   214   643 D QC-QMI  : qmi_qmux: TX/RX - RX 30 bytes on conn_id=9
02-14 03:48:25.117   214   643 D QC-QMI  : QMI_Msg Len: [30], Serv_ID: [NAS(0x3)], Msg_ID: [SIG_INFO_IND(0x51)], Trans_ID: [0][Indication], Conn_ID:[9]
02-14 03:48:25.117   214   643 D QC-QMI  : 01 1D 00 80 03 01 04 00 00 51 00 11 00 11 08 00 83 05 00 08 96 FF FF FF 13 03 00 C5 07 00 
02-14 03:48:25.117   214   643 D QC-QMI  : qmuxd: TX message on fd=19, to clientID = 1, len=64
02-14 03:48:25.117   214   643 D QC-QMI  : QMI platform I/O... blocking on poll fds
02-14 03:48:25.117   210   648 D QC-QMI  : qmi_client [210] 1: Received 64 bytes on fd = 23
02-14 03:48:25.117   210   648 D QC-QMI  : qmi_service.c RX indication for conn=9, srvc=3
02-14 03:48:25.117   210   648 D QC-QMI  : Processing indication: Mesage4 ID=  81, Service ID = 3
02-14 03:48:25.117   210   648 D QC-QMI  : Client 9010300 gets indication callback
02-14 03:48:25.117   210   648 I RILC    : qmi_ril(0/210): RIL[0][qmi_cb] qcril_qmi_nas_unsolicited_indication_cb: invoked msg 0x51
02-14 03:48:25.117   210   648 I RILC    : qmi_ril(0/210): RIL[0][qmi_cb] qcril_qmi_nas_is_considered_registered: .. cache valid 1
02-14 03:48:25.117   210   648 I RILC    : qmi_ril(0/210): RIL[0][qmi_cb] qcril_qmi_nas_is_considered_registered: .. cache valid 1
02-14 03:48:25.117   210   648 I RILC    : qmi_ril(0/210): RIL[0][qmi_cb] qcril_qmi_nas_unsolicited_indication_cb: .. operational state 3
02-14 03:48:31.513   214   643 D QC-QMI  : QMI platform I/O... blocking on read  port[/dev/hsicctl0] conn_id[9]
02-14 03:48:31.513   214   643 D QC-QMI  : qmi_qmux: TX/RX - RX 30 bytes on conn_id=9
02-14 03:48:31.513   214   643 D QC-QMI  : QMI_Msg Len: [30], Serv_ID: [NAS(0x3)], Msg_ID: [SIG_INFO_IND(0x51)], Trans_ID: [0][Indication], Conn_ID:[9]
02-14 03:48:31.513   214   643 D QC-QMI  : 01 1D 00 80 03 01 04 00 00 51 00 11 00 11 08 00 83 05 00 08 96 FF FF FF 13 03 00 C5 09 00 
02-14 03:48:31.513   214   643 D QC-QMI  : qmuxd: TX message on fd=19, to clientID = 1, len=64
02-14 03:48:31.523   214   643 D QC-QMI  : QMI platform I/O... blocking on poll fds
02-14 03:48:31.523   210   648 D QC-QMI  : qmi_client [210] 1: Received 64 bytes on fd = 23
02-14 03:48:31.523   210   648 D QC-QMI  : qmi_service.c RX indication for conn=9, srvc=3
02-14 03:48:31.523   210   648 D QC-QMI  : Processing indication: Mesage4 ID=  81, Service ID = 3
02-14 03:48:31.523   210   648 D QC-QMI  : Client 9010300 gets indication callback
02-14 03:48:31.523   210   648 I RILC    : qmi_ril(0/210): RIL[0][qmi_cb] qcril_qmi_nas_unsolicited_indication_cb: invoked msg 0x51
02-14 03:48:31.523   210   648 I RILC    : qmi_ril(0/210): RIL[0][qmi_cb] qcril_qmi_nas_is_considered_registered: .. cache valid 1
02-14 03:48:31.523   210   648 I RILC    : qmi_ril(0/210): RIL[0][qmi_cb] qcril_qmi_nas_is_considered_registered: .. cache valid 1
02-14 03:48:31.523   210   648 I RILC    : qmi_ril(0/210): RIL[0][qmi_cb] qcril_qmi_nas_unsolicited_indication_cb: .. operational state 3
02-14 03:48:34.727   214   643 D QC-QMI  : QMI platform I/O... blocking on read  port[/dev/hsicctl0] conn_id[9]
02-14 03:48:34.727   214   643 D QC-QMI  : qmi_qmux: TX/RX - RX 30 bytes on conn_id=9
02-14 03:48:34.727   214   643 D QC-QMI  : QMI_Msg Len: [30], Serv_ID: [NAS(0x3)], Msg_ID: [SIG_INFO_IND(0x51)], Trans_ID: [0][Indication], Conn_ID:[9]
02-14 03:48:34.727   214   643 D QC-QMI  : 01 1D 00 80 03 01 04 00 00 51 00 11 00 11 08 00 83 05 00 08 96 FF FF FF 13 03 00 CA 07 00 
02-14 03:48:34.727   214   643 D QC-QMI  : qmuxd: TX message on fd=19, to clientID = 1, len=64
02-14 03:48:34.727   214   643 D QC-QMI  : QMI platform I/O... blocking on poll fds
02-14 03:48:34.727   210   648 D QC-QMI  : qmi_client [210] 1: Received 64 bytes on fd = 23
02-14 03:48:34.727   210   648 D QC-QMI  : qmi_service.c RX indication for conn=9, srvc=3
02-14 03:48:34.727   210   648 D QC-QMI  : Processing indication: Mesage4 ID=  81, Service ID = 3
02-14 03:48:34.727   210   648 D QC-QMI  : Client 9010300 gets indication callback
02-14 03:48:34.727   210   648 I RILC    : qmi_ril(0/210): RIL[0][qmi_cb] qcril_qmi_nas_unsolicited_indication_cb: invoked msg 0x51
02-14 03:48:34.727   210   648 I RILC    : qmi_ril(0/210): RIL[0][qmi_cb] qcril_qmi_nas_is_considered_registered: .. cache valid 1
02-14 03:48:34.727   210   648 I RILC    : qmi_ril(0/210): RIL[0][qmi_cb] qcril_qmi_nas_is_considered_registered: .. cache valid 1
02-14 03:48:34.727   210   648 I RILC    : qmi_ril(0/210): RIL[0][qmi_cb] qcril_qmi_nas_unsolicited_indication_cb: .. operational state 3
02-14 03:48:44.327   214   643 D QC-QMI  : QMI platform I/O... blocking on read  port[/dev/hsicctl0] conn_id[9]
02-14 03:48:44.327   214   643 D QC-QMI  : qmi_qmux: TX/RX - RX 30 bytes on conn_id=9
02-14 03:48:44.327   214   643 D QC-QMI  : QMI_Msg Len: [30], Serv_ID: [NAS(0x3)], Msg_ID: [SIG_INFO_IND(0x51)], Trans_ID: [0][Indication], Conn_ID:[9]
02-14 03:48:44.327   214   643 D QC-QMI  : 01 1D 00 80 03 01 04 00 00 51 00 11 00 11 08 00 83 05 00 08 96 FF FF FF 13 03 00 CA 09 00 
02-14 03:48:44.327   214   643 D QC-QMI  : qmuxd: TX message on fd=19, to clientID = 1, len=64
02-14 03:48:44.327   214   643 D QC-QMI  : QMI platform I/O... blocking on poll fds
02-14 03:48:44.327   210   648 D QC-QMI  : qmi_client [210] 1: Received 64 bytes on fd = 23
02-14 03:48:44.327   210   648 D QC-QMI  : qmi_service.c RX indication for conn=9, srvc=3
02-14 03:48:44.327   210   648 D QC-QMI  : Processing indication: Mesage4 ID=  81, Service ID = 3
02-14 03:48:44.327   210   648 D QC-QMI  : Client 9010300 gets indication callback
02-14 03:48:44.327   210   648 I RILC    : qmi_ril(0/210): RIL[0][qmi_cb] qcril_qmi_nas_unsolicited_indication_cb: invoked msg 0x51
02-14 03:48:44.327   210   648 I RILC    : qmi_ril(0/210): RIL[0][qmi_cb] qcril_qmi_nas_is_considered_registered: .. cache valid 1
02-14 03:48:44.327   210   648 I RILC    : qmi_ril(0/210): RIL[0][qmi_cb] qcril_qmi_nas_is_considered_registered: .. cache valid 1
02-14 03:48:44.327   210   648 I RILC    : qmi_ril(0/210): RIL[0][qmi_cb] qcril_qmi_nas_unsolicited_indication_cb: .. operational state 3
02-14 03:48:50.734   214   643 D QC-QMI  : QMI platform I/O... blocking on read  port[/dev/hsicctl0] conn_id[9]
02-14 03:48:50.734   214   643 D QC-QMI  : qmi_qmux: TX/RX - RX 30 bytes on conn_id=9
02-14 03:48:50.734   214   643 D QC-QMI  : QMI_Msg Len: [30], Serv_ID: [NAS(0x3)], Msg_ID: [SIG_INFO_IND(0x51)], Trans_ID: [0][Indication], Conn_ID:[9]
02-14 03:48:50.734   214   643 D QC-QMI  : 01 1D 00 80 03 01 04 00 00 51 00 11 00 11 08 00 83 05 00 08 96 FF FF FF 13 03 00 CC 07 00 
02-14 03:48:50.734   214   643 D QC-QMI  : qmuxd: TX message on fd=19, to clientID = 1, len=64
02-14 03:48:50.734   214   643 D QC-QMI  : QMI platform I/O... blocking on poll fds
02-14 03:48:50.734   210   648 D QC-QMI  : qmi_client [210] 1: Received 64 bytes on fd = 23
02-14 03:48:50.734   210   648 D QC-QMI  : qmi_service.c RX indication for conn=9, srvc=3
02-14 03:48:50.734   210   648 D QC-QMI  : Processing indication: Mesage4 ID=  81, Service ID = 3
02-14 03:48:50.734   210   648 D QC-QMI  : Client 9010300 gets indication callback
02-14 03:48:50.734   210   648 I RILC    : qmi_ril(0/210): RIL[0][qmi_cb] qcril_qmi_nas_unsolicited_indication_cb: invoked msg 0x51
02-14 03:48:50.734   210   648 I RILC    : qmi_ril(0/210): RIL[0][qmi_cb] qcril_qmi_nas_is_considered_registered: .. cache valid 1
02-14 03:48:50.734   210   648 I RILC    : qmi_ril(0/210): RIL[0][qmi_cb] qcril_qmi_nas_is_considered_registered: .. cache valid 1
02-14 03:48:50.734   210   648 I RILC    : qmi_ril(0/210): RIL[0][qmi_cb] qcril_qmi_nas_unsolicited_indication_cb: .. operational state 3
02-14 03:48:53.927   214   643 D QC-QMI  : QMI platform I/O... blocking on read  port[/dev/hsicctl0] conn_id[9]
02-14 03:48:53.927   214   643 D QC-QMI  : qmi_qmux: TX/RX - RX 30 bytes on conn_id=9
