03-03 08:36:33.875   210   383 I RILC    : qmi_ril(0/210): RIL[0][event] qcril_uim_refresh_register: Session type not valid for refresh registration: 0x1
03-03 08:36:33.875   210   383 I RILC    : qmi_ril(0/210): RIL[0][event] qmi_ril_check_android_unsol_resp_dispatchable: function exit with ret 1
03-03 08:36:33.875   210   383 D RILC    : qmi_ril(0/210): RIL[0][event] qcril_send_unsol_response_epilog: UI <--- RIL_UNSOL_RESPONSE_SIM_STATUS_CHANGED (1019) --- RIL [RID 0, Len 0, (null)]
03-03 08:36:33.875   210   383 D RILC    : [UNSL]< UNSOL_RESPONSE_SIM_STATUS_CHANGED 
03-03 08:36:33.875   210   383 I RILC    : qmi_ril(0/210): RIL[0][event] qcril_uim_print_card_status: qcril_uim_print_card_status
03-03 08:36:33.875   210   383 D RILC    : qmi_ril(0/210): RIL[0][event] qcril_uim_print_card_status: Index of GW primary prov: 0Xffff, 1X primary prov: 0Xffff 
03-03 08:36:33.875   210   383 D RILC    : qmi_ril(0/210): RIL[0][event] qcril_uim_print_card_status: Index of GW secondary prov: 0Xffff, 1X secondary prov: 0Xffff 
03-03 08:36:33.875   210   383 D RILC    : qmi_ril(0/210): RIL[0][event] qcril_uim_print_card_status: Number of slots: 1 
03-03 08:36:33.875   210   383 D RILC    : qmi_ril(0/210): RIL[0][event] qcril_uim_print_card_status: card[0].card_state: 2, upin_state: 0, upin_num_retries: 0, upuk_num_retries: 0, card_error: 1 
03-03 08:36:33.875   210   383 D RILC    : qmi_ril(0/210): RIL[0][event] qcril_uim_print_card_status: Number of apps: 0 
03-03 08:36:33.875   210   383 I RILC    : qmi_ril(0/210): RIL[0][event] qcril_uim_process_status_change_ind:  new modem state 0x3d845d, new pri GW sim state 0x0, new pri CDMA sim state 0x0, new sec GW sim state 0x0 curr sec CDMA sim state 0x0
03-03 08:36:33.875   210   383 D RILC    : qmi_ril(0/210): RIL[0][event] qcril_state_transition: [UIM_QMI_INDICATION(196610)] GW SIM(pri): Not ready --> Absent, CDMA SIM(pri): Not ready --> Absent, GW SIM(sec): Not ready --> Absent, CDMA SIM(sec): Not ready --> Absent
03-03 08:36:33.875   210   383 I RILC    : qmi_ril(0/210): RIL[0][event] qcril_process_event: Exit UIM_QMI_INDICATION, err_no 0
03-03 08:36:33.875   210   383 D RILC    : qmi_ril(0/210): RIL[0][event] qcril_event_main: RID 0 MID 0 De-queued event QCRIL_EVT_QMI_RIL_PRL_VER_FETCH_ATTEMPT (655397)(obj 0x41a2aec0)
03-03 08:36:33.875   210   383 D RILC    : qmi_ril(0/210): RIL[0][event] qcril_process_event: RIL <--- QCRIL_EVT_QMI_RIL_PRL_VER_FETCH_ATTEMPT(655397), RID 0, MID 0 --- AMSS
03-03 08:36:33.875   210   383 I RILC    : qmi_ril(0/210): RIL[0][event] qcril_qmi_nas_dms_handle_fetch_prl_request: function entry
03-03 08:36:33.875   210   383 I RILC    : qmi_ril(0/210): RIL[0][event] qcril_qmi_nas_dms_handle_prl_change_helper: function entry
03-03 08:36:33.875   210   383 D QC-QMI  : Setting the api flag to : 1
03-03 08:36:33.875   210   383 D QC-QMI  : qmi_client [210] 1: sending 47 bytes on fd = 23
03-03 08:36:33.875   214   214 D QC-QMI  : qmuxd: RX 47 bytes on fd=19 from qmux_client_id=1
03-03 08:36:33.875   214   214 D QC-QMI  : qmi_qmux: TX/RX - TX 13 bytes on conn_id=9
03-03 08:36:33.875   214   214 D QC-QMI  : QMI_Msg Len: [13], Serv_ID: [DMS(0x2)], Msg_ID: [GET_CURRENT_PRL_INFO(0x53)], Trans_ID: [7][Request], Conn_ID:[9]
03-03 08:36:33.875   214   214 D QC-QMI  : 01 0C 00 00 02 01 00 07 00 53 00 00 00 
03-03 08:36:33.885   214   659 D QC-QMI  : QMI platform I/O... blocking on read  port[/dev/hsicctl0] conn_id[9]
03-03 08:36:33.885   214   659 D QC-QMI  : qmi_qmux: TX/RX - RX 20 bytes on conn_id=9
03-03 08:36:33.885   214   659 D QC-QMI  : QMI_Msg Len: [20], Serv_ID: [UIM(0xb)], Msg_ID: [POWER_DOWN(0x30)], Trans_ID: [3][Response], Conn_ID:[9]
03-03 08:36:33.885   214   659 D QC-QMI  : 01 13 00 80 0B 01 02 03 00 30 00 07 00 02 04 00 00 00 00 00 
03-03 08:36:33.885   214   659 D QC-QMI  : qmuxd: TX message on fd=19, to clientID = 1, len=54
03-03 08:36:33.885   214   659 D QC-QMI  : QMI platform I/O... blocking on poll fds
03-03 08:36:33.885   210   669 D QC-QMI  : qmi_client [210] 1: Received 54 bytes on fd = 23
03-03 08:36:33.885   210   669 D QC-QMI  :  API Flag .............. 1 
03-03 08:36:33.885   210   669 D QC-QMI  :  Message ID ............... 48 
03-03 08:36:33.885   210   669 D QC-QMI  :  Calling cooked async Callback 
03-03 08:36:33.885   210   669 D QC-QMI  :  Inside qmi_client_decode_msg_async  Callback 
03-03 08:36:33.885   210   669 I RILC    : qmi_ril(0/210): RIL[0][qmi_cb] qmi_uim_client_async_cb: qmi_uim_client_async_cb: msg_id = 0x30 
03-03 08:36:33.885   210   669 I RILC    : qmi_ril(0/210): RIL[0][qmi_cb] qmi_uim_callback: qmi_uim_callback qcril_event_queue
03-03 08:36:33.885   210   669 D RILC    : qmi_ril(0/210): RIL[0][qmi_cb] qcril_event_queue: RID 0 MID 0 Queued event UIM_QMI_COMMAND_CALLBACK (1168 bytes)(obj 0x4150afb8)
03-03 08:36:33.885   210   669 I RILC    : qmi_ril(0/210): RIL[0][qmi_cb] qcril_uim_qmi_free_data: qcril_uim_qmi_free_data: requires no data to be freed
03-03 08:36:33.905   214   659 D QC-QMI  : QMI platform I/O... blocking on read  port[/dev/hsicctl0] conn_id[9]
03-03 08:36:33.905   214   659 D QC-QMI  : qmi_qmux: TX/RX - RX 37 bytes on conn_id=9
03-03 08:36:33.905   214   659 D QC-QMI  : QMI_Msg Len: [37], Serv_ID: [PBM(0xc)], Msg_ID: [EMERGENCY_LIST_IND(0xc)], Trans_ID: [0][Indication], Conn_ID:[9]
03-03 08:36:33.905   214   659 D QC-QMI  : 01 24 00 80 0C 01 04 00 00 0C 00 18 00 13 09 00 02 03 39 31 31 03 31 31 32 01 09 00 02 03 39 31 
03-03 08:36:33.905   214   659 D QC-QMI  : 31 03 31 31 32 
03-03 08:36:33.905   214   659 D QC-QMI  : qmuxd: TX message on fd=19, to clientID = 1, len=71
03-03 08:36:33.905   214   659 D QC-QMI  : QMI platform I/O... blocking on poll fds
03-03 08:36:33.905   210   669 D QC-QMI  : qmi_client [210] 1: Received 71 bytes on fd = 23
03-03 08:36:33.905   210   669 D QC-QMI  : qmi_service.c RX indication for conn=9, srvc=12
03-03 08:36:33.905   210   669 D QC-QMI  : Processing indication: Mesage4 ID=  12, Service ID = 12
03-03 08:36:33.905   210   669 D QC-QMI  : Client 9010c00 gets indication callback
03-03 08:36:33.905   210   669 I RILC    : qmi_ril(0/210): RIL[0][qmi_cb] qcril_qmi_pbm_unsol_ind_cb: function entry
03-03 08:36:33.905   210   669 I RILC    : qmi_ril(0/210): RIL[0][qmi_cb] qcril_qmi_pbm_emergency_list_ind_hdlr: function entry
03-03 08:36:33.905   210   669 I RILC    : qmi_ril(0/210): RIL[0][qmi_cb] qcril_qmi_nas_is_radio_power_check_enabled: function exit with ret 0
03-03 08:36:33.905   210   669 I RILC    : qmi_ril(0/210): RIL[0][qmi_cb] qcril_qmi_pbm_emergency_list_ind_hdlr: current ril.ecclist= 911,112,000,08,110,999,118,119
03-03 08:36:33.905   210   669 I RILC    : qmi_ril(0/210): RIL[0][qmi_cb] qcril_qmi_pbm_emergency_list_ind_hdlr: Update emergency number from emer_num. prop_val is : 911,112
03-03 08:36:33.905   210   669 I RILC    : qmi_ril(0/210): RIL[0][qmi_cb] qcril_qmi_pbm_emergency_list_ind_hdlr: Update emergency number from global_ecc_num. prop_val is : 911,112,112,911
03-03 08:36:33.905   210   669 I RILC    : qmi_ril(0/210): RIL[0][qmi_cb] qcril_uim_instance_id_to_slot: Slot found: 0x0
03-03 08:36:33.905   210   669 I RILC    : qmi_ril(0/210): RIL[0][qmi_cb] qcril_qmi_pbm_emergency_list_ind_hdlr: Update emergency number from gsm no-sim. prop_val is : 911,112,112,911,000,08,110,999,118,119
03-03 08:36:33.905   210   669 D RILC    : qmi_ril(0/210): RIL[0][qmi_cb] qcril_qmi_pbm_emergency_list_ind_hdlr: card_state=2, pref_net=0
03-03 08:36:33.905   210   669 I RILC    : qmi_ril(0/210): RIL[0][qmi_cb] qcril_qmi_pbm_emergency_list_ind_hdlr: Update emergency number from cus_ecc_num, temp_eclist=911,112,112,911,000,08,110,999,118,119
03-03 08:36:33.905   210   669 D RILC    : qmi_ril(0/210): RIL[0][qmi_cb] qcril_qmi_pbm_emergency_list_ind_hdlr: wp_feature=0, card_state=2, pref_net=0
03-03 08:36:33.905   210   669 I RILC    : qmi_ril(0/210): RIL[0][qmi_cb] qcril_qmi_pbm_emergency_list_ind_hdlr: Update emergency number from cus_nosim_num, temp_eclist=911,112,112,911,000,08,110,999,118,119
03-03 08:36:33.905   210   669 I RILC    : qmi_ril(0/210): RIL[0][qmi_cb] qcril_qmi_pbm_emergency_list_ind_hdlr: Update emergency number from OEM cid=[ALL]. temp_eclist is : 911,112,112,911,000,08,110,999,118,119
03-03 08:36:33.905   210   669 I RILC    : qmi_ril(0/210): RIL[0][qmi_cb] qcril_qmi_pbm_emergency_list_ind_hdlr: Update emergency number from OEM carrier=[ro.ril.ecc.ALL]. temp_eclist is : 911,112,112,911,000,08,110,999,118,119
03-03 08:36:33.905   210   669 I RILC    : qmi_ril(0/210): RIL[0][qmi_cb] qcril_qmi_pbm_emergency_list_ind_hdlr: Updated ril.ecclist= 911,112,000,08,110,999,118,119
03-03 08:36:33.905   210   669 I RILC    : qmi_ril(0/210): RIL[0][qmi_cb] qcril_qmi_pbm_emergency_list_ind_hdlr: function exit
03-03 08:36:33.905   210   669 I RILC    : qmi_ril(0/210): RIL[0][qmi_cb] qcril_qmi_pbm_unsol_ind_cb: function exit with ret 0
03-03 08:36:33.925   214   659 D QC-QMI  : QMI platform I/O... blocking on read  port[/dev/hsicctl0] conn_id[9]
03-03 08:36:33.925   214   659 D QC-QMI  : qmi_qmux: TX/RX - RX 37 bytes on conn_id=9
03-03 08:36:33.925   214   659 D QC-QMI  : QMI_Msg Len: [37], Serv_ID: [PBM(0xc)], Msg_ID: [EMERGENCY_LIST_IND(0xc)], Trans_ID: [0][Indication], Conn_ID:[9]
03-03 08:36:33.925   214   659 D QC-QMI  : 01 24 00 80 0C 01 04 00 00 0C 00 18 00 13 09 00 02 03 39 31 31 03 31 31 32 01 09 00 02 03 39 31 
03-03 08:36:33.925   214   659 D QC-QMI  : 31 03 31 31 32 
03-03 08:36:33.925   214   659 D QC-QMI  : qmuxd: TX message on fd=19, to clientID = 1, len=71
03-03 08:36:33.925   214   659 D QC-QMI  : QMI platform I/O... blocking on poll fds
03-03 08:36:33.925   210   669 D QC-QMI  : qmi_client [210] 1: Received 71 bytes on fd = 23
03-03 08:36:33.925   210   669 D QC-QMI  : qmi_service.c RX indication for conn=9, srvc=12
03-03 08:36:33.925   210   669 D QC-QMI  : Processing indication: Mesage4 ID=  12, Service ID = 12
03-03 08:36:33.925   210   669 D QC-QMI  : Client 9010c00 gets indication callback
03-03 08:36:33.925   210   669 I RILC    : qmi_ril(0/210): RIL[0][qmi_cb] qcril_qmi_pbm_unsol_ind_cb: function entry
03-03 08:36:33.925   210   669 I RILC    : qmi_ril(0/210): RIL[0][qmi_cb] qcril_qmi_pbm_emergency_list_ind_hdlr: function entry
03-03 08:36:33.925   210   669 I RILC    : qmi_ril(0/210): RIL[0][qmi_cb] qcril_qmi_nas_is_radio_power_check_enabled: function exit with ret 0
03-03 08:36:33.925   210   669 I RILC    : qmi_ril(0/210): RIL[0][qmi_cb] qcril_qmi_pbm_emergency_list_ind_hdlr: current ril.ecclist= 911,112,000,08,110,999,118,119
03-03 08:36:33.925   210   669 I RILC    : qmi_ril(0/210): RIL[0][qmi_cb] qcril_qmi_pbm_emergency_list_ind_hdlr: Update emergency number from emer_num. prop_val is : 911,112
03-03 08:36:33.925   210   669 I RILC    : qmi_ril(0/210): RIL[0][qmi_cb] qcril_qmi_pbm_emergency_list_ind_hdlr: Update emergency number from global_ecc_num. prop_val is : 911,112,112,911
03-03 08:36:33.925   210   669 I RILC    : qmi_ril(0/210): RIL[0][qmi_cb] qcril_uim_instance_id_to_slot: Slot found: 0x0
03-03 08:36:33.925   210   669 I RILC    : qmi_ril(0/210): RIL[0][qmi_cb] qcril_qmi_pbm_emergency_list_ind_hdlr: Update emergency number from gsm no-sim. prop_val is : 911,112,112,911,000,08,110,999,118,119
03-03 08:36:33.925   210   669 D RILC    : qmi_ril(0/210): RIL[0][qmi_cb] qcril_qmi_pbm_emergency_list_ind_hdlr: card_state=2, pref_net=0
03-03 08:36:33.925   210   669 I RILC    : qmi_ril(0/210): RIL[0][qmi_cb] qcril_qmi_pbm_emergency_list_ind_hdlr: Update emergency number from cus_ecc_num, temp_eclist=911,112,112,911,000,08,110,999,118,119
03-03 08:36:33.925   210   669 D RILC    : qmi_ril(0/210): RIL[0][qmi_cb] qcril_qmi_pbm_emergency_list_ind_hdlr: wp_feature=0, card_state=2, pref_net=0
03-03 08:36:33.925   210   669 I RILC    : qmi_ril(0/210): RIL[0][qmi_cb] qcril_qmi_pbm_emergency_list_ind_hdlr: Update emergency number from cus_nosim_num, temp_eclist=911,112,112,911,000,08,110,999,118,119
03-03 08:36:33.925   210   669 I RILC    : qmi_ril(0/210): RIL[0][qmi_cb] qcril_qmi_pbm_emergency_list_ind_hdlr: Update emergency number from OEM cid=[ALL]. temp_eclist is : 911,112,112,911,000,08,110,999,118,119
03-03 08:36:33.925   210   669 I RILC    : qmi_ril(0/210): RIL[0][qmi_cb] qcril_qmi_pbm_emergency_list_ind_hdlr: Update emergency number from OEM carrier=[ro.ril.ecc.ALL]. temp_eclist is : 911,112,112,911,000,08,110,999,118,119
03-03 08:36:33.925   210   669 I RILC    : qmi_ril(0/210): RIL[0][qmi_cb] qcril_qmi_pbm_emergency_list_ind_hdlr: Updated ril.ecclist= 911,112,000,08,110,999,118,119
03-03 08:36:33.925   210   669 I RILC    : qmi_ril(0/210): RIL[0][qmi_cb] qcril_qmi_pbm_emergency_list_ind_hdlr: function exit
03-03 08:36:33.925   210   669 I RILC    : qmi_ril(0/210): RIL[0][qmi_cb] qcril_qmi_pbm_unsol_ind_cb: function exit with ret 0
03-03 08:36:33.935   214   659 D QC-QMI  : QMI platform I/O... blocking on read  port[/dev/hsicctl0] conn_id[9]
03-03 08:36:33.935   214   659 D QC-QMI  : qmi_qmux: TX/RX - RX 20 bytes on conn_id=9
03-03 08:36:33.935   214   659 D QC-QMI  : QMI_Msg Len: [20], Serv_ID: [DMS(0x2)], Msg_ID: [GET_CURRENT_PRL_INFO(0x53)], Trans_ID: [7][Response], Conn_ID:[9]
03-03 08:36:33.935   214   659 D QC-QMI  : 01 13 00 80 02 01 02 07 00 53 00 07 00 02 04 00 01 00 4A 00 
03-03 08:36:33.935   214   659 D QC-QMI  : qmuxd: TX message on fd=19, to clientID = 1, len=54
03-03 08:36:33.935   214   659 D QC-QMI  : QMI platform I/O... blocking on poll fds
03-03 08:36:33.935   210   669 D QC-QMI  : qmi_client [210] 1: Received 54 bytes on fd = 23
03-03 08:36:33.935   210   669 D QC-QMI  :  API Flag .............. 1 
03-03 08:36:33.935   210   669 D QC-QMI  :  Message ID ............... 83 
03-03 08:36:33.935   210   383 I RILC    : qmi_ril(0/210): RIL[0][event] qcril_qmi_util_convert_qmi_response_codes_to_ril_result_ex: ctx check 0
03-03 08:36:33.935   210   383 I RILC    : qmi_ril(0/210): RIL[0][event] qcril_qmi_nas_dms_fetch_cur_prl_version: function exit with ret 2
03-03 08:36:33.935   210   383 I RILC    : qmi_ril(0/210): RIL[0][event] qcril_qmi_nas_dms_handle_prl_change_helper: function exit
03-03 08:36:33.935   210   383 I RILC    : qmi_ril(0/210): RIL[0][event] qcril_qmi_nas_dms_handle_fetch_prl_request: function exit
03-03 08:36:33.935   210   383 I RILC    : qmi_ril(0/210): RIL[0][event] qcril_process_event: Exit QCRIL_EVT_QMI_RIL_PRL_VER_FETCH_ATTEMPT, err_no 0
03-03 08:36:33.935   210   383 D RILC    : qmi_ril(0/210): RIL[0][event] qcril_event_main: RID 0 MID 0 De-queued event UIM_QMI_COMMAND_CALLBACK (196609)(obj 0x4150afb8)
03-03 08:36:33.935   210   383 D RILC    : qmi_ril(0/210): RIL[0][event] qcril_process_event: RIL <--- UIM_QMI_COMMAND_CALLBACK(196609), RID 0, MID 0 --- AMSS
03-03 08:36:33.935   210   383 I RILC    : qmi_ril(0/210): RIL[0][event] qcril_uim_process_qmi_callback: qcril_uim_process_qmi_callback
03-03 08:36:33.935   210   383 D RILC    : qmi_ril(0/210): RIL[0][event] qcril_uim_process_qmi_callback: qcril_uim_process_qmi_callback: Response for token=65534 
03-03 08:36:33.935   210   383 I RILC    : qmi_ril(0/210): RIL[0][event] qcril_uim_queue_complete_request: Remaining QMI commands: 0
03-03 08:36:33.935   210   383 I RILC    : qmi_ril(0/210): RIL[0][event] qcril_process_event: Exit UIM_QMI_COMMAND_CALLBACK, err_no 0
03-03 08:36:33.935   210   383 D RILC    : qmi_ril(0/210): RIL[0][event] qcril_event_main: Waiting...
03-03 08:36:33.935   210   383 D RILC    : qmi_ril(0/210): RIL[0][event] qcril_event_main: 1 items on queue
03-03 08:36:33.935   210   383 D RILC    : qmi_ril(0/210): RIL[0][event] qcril_event_main: Waiting...
03-03 08:36:33.985   210   673 I RILC    : qmi_ril(0/210): RIL[0][coex_opener] qcril_qmi_coex_riva_port_open_handler: Unable to open SMD RIVA port -1, attempt #39
03-03 08:36:34.486   210   673 I RILC    : qmi_ril(0/210): RIL[0][coex_opener] qcril_qmi_coex_riva_port_open_handler: Unable to open SMD RIVA port -1, attempt #40
03-03 08:36:34.987   210   673 I RILC    : qmi_ril(0/210): RIL[0][coex_opener] qcril_qmi_coex_riva_port_open_handler: Unable to open SMD RIVA port -1, attempt #41
03-03 08:36:35.487   210   673 I RILC    : qmi_ril(0/210): RIL[0][coex_opener] qcril_qmi_coex_riva_port_open_handler: Unable to open SMD RIVA port -1, attempt #42
03-03 08:36:35.988   210   673 I RILC    : qmi_ril(0/210): RIL[0][coex_opener] qcril_qmi_coex_riva_port_open_handler: Unable to open SMD RIVA port -1, attempt #43
03-03 08:36:36.488   210   673 I RILC    : qmi_ril(0/210): RIL[0][coex_opener] qcril_qmi_coex_riva_port_open_handler: Unable to open SMD RIVA port -1, attempt #44
03-03 08:36:36.989   210   673 I RILC    : qmi_ril(0/210): RIL[0][coex_opener] qcril_qmi_coex_riva_port_open_handler: Unable to open SMD RIVA port -1, attempt #45
03-03 08:36:37.489   210   673 I RILC    : qmi_ril(0/210): RIL[0][coex_opener] qcril_qmi_coex_riva_port_open_handler: Unable to open SMD RIVA port -1, attempt #46
03-03 08:36:37.990   210   673 I RILC    : qmi_ril(0/210): RIL[0][coex_opener] qcril_qmi_coex_riva_port_open_handler: Unable to open SMD RIVA port -1, attempt #47
03-03 08:36:38.480   210   673 I RILC    : qmi_ril(0/210): RIL[0][coex_opener] qcril_qmi_coex_riva_port_open_handler: Unable to open SMD RIVA port -1, attempt #48
03-03 08:36:38.981   210   673 I RILC    : qmi_ril(0/210): RIL[0][coex_opener] qcril_qmi_coex_riva_port_open_handler: Unable to open SMD RIVA port -1, attempt #49
03-03 08:36:39.481   210   673 I RILC    : qmi_ril(0/210): RIL[0][coex_opener] qcril_qmi_coex_riva_port_open_handler: Unable to open SMD RIVA port -1, attempt #50
03-03 08:36:39.992   210   673 I RILC    : qmi_ril(0/210): RIL[0][coex_opener] qcril_qmi_coex_riva_port_open_handler: Unable to open SMD RIVA port -1, attempt #51
03-03 08:36:40.492   210   673 I RILC    : qmi_ril(0/210): RIL[0][coex_opener] qcril_qmi_coex_riva_port_open_handler: Unable to open SMD RIVA port -1, attempt #52
03-03 08:36:40.993   210   673 I RILC    : qmi_ril(0/210): RIL[0][coex_opener] qcril_qmi_coex_riva_port_open_handler: Unable to open SMD RIVA port -1, attempt #53
03-03 08:36:41.493   210   673 I RILC    : qmi_ril(0/210): RIL[0][coex_opener] qcril_qmi_coex_riva_port_open_handler: Unable to open SMD RIVA port -1, attempt #54
03-03 08:36:41.994   210   673 I RILC    : qmi_ril(0/210): RIL[0][coex_opener] qcril_qmi_coex_riva_port_open_handler: Unable to open SMD RIVA port -1, attempt #55
03-03 08:36:42.344   210   319 I RILC    : libril: new connection
03-03 08:36:42.344   210   319 D RILC    : [UNSL]< UNSOL_RIL_CONNECTED {8}
03-03 08:36:42.344   210   319 I RILC    : qmi_ril(0/210): RIL[0][main] qcril_qmi_nas_dms_get_current_power_state: function entry
03-03 08:36:42.344   210   319 I RILC    : qmi_ril(0/210): RIL[0][main] qcril_qmi_nas_dms_get_current_power_state: .. client available
03-03 08:36:42.344   210   319 I RILC    : qmi_ril(0/210): RIL[0][main] qcril_qmi_nas_query_cur_power_state: function entry
03-03 08:36:42.344   210   319 D QC-QMI  : Setting the api flag to : 1
03-03 08:36:42.344   210   319 D QC-QMI  : qmi_client [210] 1: sending 47 bytes on fd = 23
03-03 08:36:42.344   214   214 D QC-QMI  : qmuxd: RX 47 bytes on fd=19 from qmux_client_id=1
03-03 08:36:42.344   214   214 D QC-QMI  : qmi_qmux: TX/RX - TX 13 bytes on conn_id=9
03-03 08:36:42.344   214   214 D QC-QMI  : QMI_Msg Len: [13], Serv_ID: [DMS(0x2)], Msg_ID: [GET_OPERATING_MODE(0x2d)], Trans_ID: [8][Request], Conn_ID:[9]
03-03 08:36:42.344   214   214 D QC-QMI  : 01 0C 00 00 02 01 00 08 00 2D 00 00 00 
03-03 08:36:42.414   214   659 D QC-QMI  : QMI platform I/O... blocking on read  port[/dev/hsicctl0] conn_id[9]
03-03 08:36:42.414   214   659 D QC-QMI  : qmi_qmux: TX/RX - RX 24 bytes on conn_id=9
03-03 08:36:42.414   214   659 D QC-QMI  : QMI_Msg Len: [24], Serv_ID: [DMS(0x2)], Msg_ID: [GET_OPERATING_MODE(0x2d)], Trans_ID: [8][Response], Conn_ID:[9]
03-03 08:36:42.414   214   659 D QC-QMI  : 01 17 00 80 02 01 02 08 00 2D 00 0B 00 02 04 00 00 00 00 00 01 01 00 05 
03-03 08:36:42.414   214   659 D QC-QMI  : qmuxd: TX message on fd=19, to clientID = 1, len=58
03-03 08:36:42.414   214   659 D QC-QMI  : QMI platform I/O... blocking on poll fds
03-03 08:36:42.414   210   669 D QC-QMI  : qmi_client [210] 1: Received 58 bytes on fd = 23
03-03 08:36:42.414   210   669 D QC-QMI  :  API Flag .............. 1 
03-03 08:36:42.414   210   669 D QC-QMI  :  Message ID ............... 45 
03-03 08:36:42.414   210   319 I RILC    : qmi_ril(0/210): RIL[0][main] qcril_qmi_util_convert_qmi_response_codes_to_ril_result_ex: ctx check 0
03-03 08:36:42.414   210   319 I RILC    : qmi_ril(0/210): RIL[0][main] qcril_qmi_nas_query_cur_power_state: msg send error code 0
03-03 08:36:42.414   210   319 I RILC    : qmi_ril(0/210): RIL[0][main] qcril_qmi_nas_query_cur_power_state: .. known modem operating mode 5 
03-03 08:36:42.414   210   319 I RILC    : qmi_ril(0/210): RIL[0][main] qcril_qmi_mgr_modem_state_updated: function entry
03-03 08:36:42.414   210   319 I RILC    : qmi_ril(0/210): RIL[0][main] qcril_qmi_mgr_modem_state_updated: function exit with ret 1
03-03 08:36:42.414   210   319 I RILC    : qmi_ril(0/210): RIL[0][main] qcril_qmi_nas_query_cur_power_state: function exit
03-03 08:36:42.414   210   319 I RILC    : qmi_ril(0/210): RIL[0][main] qcril_qmi_nas_dms_get_current_power_state: subfetched
03-03 08:36:42.414   210   319 I RILC    : qmi_ril(0/210): RIL[0][main] qcril_qmi_nas_dms_get_current_power_state: .. known modem operating mode 5 
03-03 08:36:42.414   210   319 I RILC    : qmi_ril(0/210): RIL[0][main] qcril_qmi_nas_dms_get_current_power_state: compled with 0
03-03 08:36:42.414   210   319 D RILC    : qmi_ril(0/210): RIL[0][main] currentState: currentState() -> Radio Off(0)
03-03 08:36:42.414   210   319 I RILC    : qmi_ril(0/210): RIL[0][main] qcril_qmi_nas_dms_get_current_power_state: function entry
03-03 08:36:42.414   210   319 I RILC    : qmi_ril(0/210): RIL[0][main] qcril_qmi_nas_dms_get_current_power_state: .. client available
03-03 08:36:42.414   210   319 I RILC    : qmi_ril(0/210): RIL[0][main] qcril_qmi_nas_dms_get_current_power_state: .. known modem operating mode 5 
03-03 08:36:42.414   210   319 I RILC    : qmi_ril(0/210): RIL[0][main] qcril_qmi_nas_dms_get_current_power_state: compled with 0
03-03 08:36:42.414   210   319 D RILC    : qmi_ril(0/210): RIL[0][main] currentState: currentState() -> Radio Off(0)
03-03 08:36:42.414   210   319 D RILC    : [UNSL]< UNSOL_RESPONSE_RADIO_STATE_CHANGED  {RADIO_OFF}
03-03 08:36:42.414   210   319 D RILC    : qmi_ril(0/210): RIL[0][main] getVersion: version Qualcomm RIL 1.0
03-03 08:36:42.414   210   319 I RILC    : RIL Daemon version: Qualcomm RIL 1.0
03-03 08:36:42.414   210   319 D RILC    : [0000]> RADIO_POWER (0)
03-03 08:36:42.414   210   319 D RILC    : qmi_ril(0/210): RIL[0][main] onRequest: UI --- RIL_REQUEST_RADIO_POWER (23) ---> RIL [RID 0, token id 0, data len 4]
03-03 08:36:42.414   210   319 D RILC    : qmi_ril(0/210): RIL[0][main] onRequest: handling caps 40001708 hex
03-03 08:36:42.414   210   319 I RILC    : qmi_ril(0/210): RIL[0][main] qmi_ril_fw_create_android_live_params_copy: function exit with ret 2
03-03 08:36:42.414   210   319 D RILC    : qmi_ril(0/210): RIL[0][main] onRequest: method 2, datalen 4
03-03 08:36:42.414   210   319 D RILC    : qmi_ril(0/210): RIL[0][main] onRequest: clean family 0
03-03 08:36:42.414   210   319 D RILC    : qmi_ril(0/210): RIL[0][main] onRequest: already waiting for exec 0
03-03 08:36:42.414   210   319 D RILC    : qmi_ril(0/210): RIL[0][main] onRequest: android_request_param_holder 41879090 hex
03-03 08:36:42.414   210   319 D RILC    : qmi_ril(0/210): RIL[0][main] onRequest: pending req kind 0 hex, awaitingexec req kind 0 hex
03-03 08:36:42.414   210   319 D RILC    : qmi_ril(0/210): RIL[0][main] onRequest: token under exec 0
03-03 08:36:42.414   210   319 D RILC    : qmi_ril(0/210): RIL[0][main] onRequest: pre-exec token id 0, a-r-id 23, audit 0, nrender 0
03-03 08:36:42.414   210   319 D RILC    : qmi_ril(0/210): RIL[0][main] qmi_ril_fw_android_request_render_execution: rendering exec for token id 0
03-03 08:36:42.414   210   319 I RILC    : qmi_ril(0/210): RIL[0][main] qmi_ril_fw_create_android_live_params_copy: function exit with ret 2
03-03 08:36:42.414   210   319 D RILC    : qmi_ril(0/210): RIL[0][main] onRequest: dispatch outcome = 0
03-03 08:36:42.414   210  1121 I RILC    : qmi_ril(0/210): RIL[0][cmd-23(640)] qmi_ril_fw_dedicated_request_exec_thread:  ..operational state 3
03-03 08:36:42.414   210   319 D RILC    : [0001]> SET_PREFERRED_NETWORK_TYPE (0)
03-03 08:36:42.414   210   319 D RILC    : qmi_ril(0/210): RIL[0][main] onRequest: UI --- RIL_REQUEST_SET_PREFERRED_NETWORK_TYPE (73) ---> RIL [RID 0, token id 1, data len 4]
03-03 08:36:42.414   210  1121 I RILC    : qmi_ril(0/210): RIL[0][cmd-23(640)] qcril_qmi_nas_request_power: function entry
03-03 08:36:42.414   210  1121 I RILC    : qmi_ril(0/210): RIL[0][cmd-23(640)] qcril_qmi_nas_update_radio_power_request_info: function entry
03-03 08:36:42.414   210   319 D RILC    : qmi_ril(0/210): RIL[0][main] onRequest: handling caps 80004901 hex
03-03 08:36:42.414   210  1121 I RILC    : qmi_ril(0/210): RIL[0][cmd-23(640)] qcril_qmi_nas_update_radio_power_request_info: Updated the radio power request type to LPM
03-03 08:36:42.414   210   319 I RILC    : qmi_ril(0/210): RIL[0][main] qmi_ril_fw_create_android_live_params_copy: function exit with ret 2
03-03 08:36:42.424   210  1121 I RILC    : qmi_ril(0/210): RIL[0][cmd-23(640)] qcril_qmi_nas_update_radio_power_request_info: function exit
03-03 08:36:42.424   210   319 D RILC    : qmi_ril(0/210): RIL[0][main] onRequest: method 2, datalen 4
03-03 08:36:42.424   210  1121 I RILC    : qmi_ril(0/210): RIL[0][cmd-23(640)] qcril_reqlist_default_entry: function entry
03-03 08:36:42.424   210   319 D RILC    : qmi_ril(0/210): RIL[0][main] onRequest: clean family 0
03-03 08:36:42.424   210  1121 I RILC    : qmi_ril(0/210): RIL[0][cmd-23(640)] qcril_reqlist_new: function entry
03-03 08:36:42.424   210   319 D RILC    : qmi_ril(0/210): RIL[0][main] onRequest: already waiting for exec 0
03-03 08:36:42.424   210   319 D RILC    : qmi_ril(0/210): RIL[0][main] onRequest: android_request_param_holder 4174392c hex
03-03 08:36:42.424   210  1121 I RILC    : qmi_ril(0/210): RIL[0][cmd-23(640)] qcril_reqlist_new_all: [RID 0] Event RIL_REQUEST_RADIO_POWER(23), token id 0 [ 0x41eddcc8], req id 0 : 
03-03 08:36:42.424   210  1121 I RILC    : qmi_ril(0/210): RIL[0][cmd-23(640)] qcril_reqlist_new_all:                        MID 0, pending receipt of REQUEST_POWER_RADIO, state QCRIL_REQ_AWAITING_MORE_AMSS_EVENTS(4)
03-03 08:36:42.424   210  1121 D RILC    : qmi_ril(0/210): RIL[0][cmd-23(640)] qcril_reqlist_print_all: [RID 0] ReqList entries :
03-03 08:36:42.424   210   319 D RILC    : qmi_ril(0/210): RIL[0][main] onRequest: pending req kind 0 hex, awaitingexec req kind 0 hex
03-03 08:36:42.424   210  1121 D RILC    : qmi_ril(0/210): RIL[0][cmd-23(640)] qcril_reqlist_print_all:     RIL_REQUEST_RADIO_POWER (23), token id 0 followed 0x0 following 0x0
03-03 08:36:42.424   210  1121 D RILC    : qmi_ril(0/210): RIL[0][cmd-23(640)] qcril_reqlist_print_all: [RID 0] ReqList entries :
03-03 08:36:42.424   210  1121 D RILC    : qmi_ril(0/210): RIL[0][cmd-23(640)] qcril_reqlist_print_all:     RIL_REQUEST_RADIO_POWER (23), token id 0 followed 0x0 following 0x0
03-03 08:36:42.424   210   319 D RILC    : qmi_ril(0/210): RIL[0][main] onRequest: token under exec 1
03-03 08:36:42.424   210  1121 I RILC    : qmi_ril(0/210): RIL[0][cmd-23(640)] qcril_qmi_nas_dms_is_in_ftm_mode: function exit with ret 0
03-03 08:36:42.424   210   319 D RILC    : qmi_ril(0/210): RIL[0][main] onRequest: pre-exec token id 1, a-r-id 73, audit 0, nrender 0
03-03 08:36:42.424   210   319 D RILC    : qmi_ril(0/210): RIL[0][main] qmi_ril_fw_android_request_render_execution: rendering exec for token id 1
03-03 08:36:42.424   210  1121 I RILC    : qmi_ril(0/210): RIL[0][cmd-23(640)] qcril_qmi_nas_radio_power_transaction_handler: function entry
03-03 08:36:42.424   210   319 I RILC    : qmi_ril(0/210): RIL[0][main] qmi_ril_fw_create_android_live_params_copy: function exit with ret 2
03-03 08:36:42.424   210  1121 I RILC    : qmi_ril(0/210): RIL[0][cmd-23(640)] qcril_reqlist_find_by_event: [RID 0] Found ReqList entry : RIL_REQUEST_RADIO_POWER(23), token id 0, pending REQUEST_POWER_RADIO (786435)
03-03 08:36:42.424   210  1121 I RILC    : qmi_ril(0/210): RIL[0][cmd-23(640)] qcril_qmi_nas_log_radio_power_process_state: function entry
03-03 08:36:42.424   210   319 D RILC    : qmi_ril(0/210): RIL[0][main] onRequest: dispatch outcome = 0
03-03 08:36:42.424   210  1121 I RILC    : qmi_ril(0/210): RIL[0][cmd-23(640)] qcril_qmi_nas_log_radio_power_process_state: telephony LPM | ril NONE | card DOWN | modem SHUTTING_DOWN
03-03 08:36:42.424   210  1121 I RILC    : qmi_ril(0/210): RIL[0][cmd-23(640)] qcril_qmi_nas_log_radio_power_process_state: function exit
03-03 08:36:42.424   210  1121 I RILC    : qmi_ril(0/210): RIL[0][cmd-23(640)] qcril_qmi_dms_save_prl_info: prl_version_is_set 0, prl_version 0
03-03 08:36:42.424   210  1121 I RILC    : qmi_ril(0/210): RIL[0][cmd-23(640)] qcril_qmi_dms_save_prl_info: function exit
03-03 08:36:42.424   210  1121 I RILC    : qmi_ril(0/210): RIL[0][cmd-23(640)] qcril_qmi_nas_log_radio_power_process_state: function entry
03-03 08:36:42.424   210  1121 I RILC    : qmi_ril(0/210): RIL[0][cmd-23(640)] qcril_qmi_nas_log_radio_power_process_state: telephony LPM | ril INITIALIZED | card DOWN | modem SHUTTING_DOWN
03-03 08:36:42.424   210  1121 I RILC    : qmi_ril(0/210): RIL[0][cmd-23(640)] qcril_qmi_nas_log_radio_power_process_state: function exit
03-03 08:36:42.424   210  1121 I RILC    : qmi_ril(0/210): RIL[0][cmd-23(640)] qcril_qmi_nas_radio_power_handle_modem_transition: function entry
03-03 08:36:42.424   210  1121 I RILC    : qmi_ril(0/210): RIL[0][cmd-23(640)] qcril_qmi_nas_dms_handle_modem_operating_mode: function entry
03-03 08:36:42.424   210  1121 I RILC    : qmi_ril(0/210): RIL[0][cmd-23(640)] qcril_qmi_nas_query_cur_power_state: function entry
03-03 08:36:42.424   210  1121 D QC-QMI  : Setting the api flag to : 1
03-03 08:36:42.424   210  1121 D QC-QMI  : qmi_client [210] 1: sending 47 bytes on fd = 23
03-03 08:36:42.424   214   214 D QC-QMI  : qmuxd: RX 47 bytes on fd=19 from qmux_client_id=1
03-03 08:36:42.424   214   214 D QC-QMI  : qmi_qmux: TX/RX - TX 13 bytes on conn_id=9
03-03 08:36:42.424   214   214 D QC-QMI  : QMI_Msg Len: [13], Serv_ID: [DMS(0x2)], Msg_ID: [GET_OPERATING_MODE(0x2d)], Trans_ID: [9][Request], Conn_ID:[9]
03-03 08:36:42.424   214   214 D QC-QMI  : 01 0C 00 00 02 01 00 09 00 2D 00 00 00 
03-03 08:36:42.424   210  1122 I RILC    : qmi_ril(0/210): RIL[0][cmd-73(752)] qmi_ril_fw_dedicated_request_exec_thread:  ..operational state 3
03-03 08:36:42.424   210  1122 I RILC    : qmi_ril(0/210): RIL[0][cmd-73(752)] qcril_qmi_nas_request_set_preferred_network_type: function entry
03-03 08:36:42.424   210  1122 I RILC    : qmi_ril(0/210): RIL[0][cmd-73(752)] qcril_qmi_arb_reset_pref_data_snapshot: function entry
03-03 08:36:42.424   210  1122 I RILC    : qmi_ril(0/210): RIL[0][cmd-73(752)] qcril_qmi_arb_reset_pref_data_snapshot: function exit
03-03 08:36:42.424   210  1122 I RILC    : qmi_ril(0/210): RIL[0][cmd-73(752)] qcril_qmi_nas_request_set_preferred_network_type: network pref android param 0
03-03 08:36:42.424   210  1122 I RILC    : qmi_ril(0/210): RIL[0][cmd-73(752)] qmi_ril_nwreg_mode_pref_enforcement_deferred_ncl: function entry
03-03 08:36:42.424   210  1122 I RILC    : qmi_ril(0/210): RIL[0][cmd-73(752)] qmi_ril_nwreg_mode_pref_enforcement_deferred_ncl: function exit with ret 0
03-03 08:36:42.424   210  1122 I RILC    : qmi_ril(0/210): RIL[0][cmd-73(752)] qmi_ril_nwreg_request_mode_pref: function entry
03-03 08:36:42.424   210  1122 I RILC    : qmi_ril(0/210): RIL[0][cmd-73(752)] qmi_ril_nwreg_request_mode_pref: intermed filter 0
03-03 08:36:42.424   210  1122 I RILC    : qmi_ril(0/210): RIL[0][cmd-73(752)] qmi_ril_nwreg_request_mode_pref: network preference ril pref = 0, qmi mode pref = 12, gw ack ord vld = 1, gw ack ord vld = 2
03-03 08:36:42.424   210  1122 D QC-QMI  : Setting the api flag to : 1
03-03 08:36:42.424   210  1122 D QC-QMI  : qmi_client [210] 1: sending 66 bytes on fd = 23
03-03 08:36:42.424   214   214 D QC-QMI  : qmuxd: RX 66 bytes on fd=19 from qmux_client_id=1
03-03 08:36:42.424   214   214 D QC-QMI  : qmi_qmux: TX/RX - TX 32 bytes on conn_id=9
03-03 08:36:42.424   214   214 D QC-QMI  : QMI_Msg Len: [32], Serv_ID: [NAS(0x3)], Msg_ID: [SET_SYSTEM_SELECTION_PREFERENCE(0x33)], Trans_ID: [8][Request], Conn_ID:[9]
03-03 08:36:42.424   214   214 D QC-QMI  : 01 1F 00 00 03 01 00 08 00 33 00 13 00 11 02 00 0C 00 19 04 00 02 00 00 00 1C 04 00 02 00 00 00 
03-03 08:36:42.444   214   659 D QC-QMI  : QMI platform I/O... blocking on read  port[/dev/hsicctl0] conn_id[9]
03-03 08:36:42.444   214   659 D QC-QMI  : qmi_qmux: TX/RX - RX 24 bytes on conn_id=9
03-03 08:36:42.444   214   659 D QC-QMI  : QMI_Msg Len: [24], Serv_ID: [DMS(0x2)], Msg_ID: [GET_OPERATING_MODE(0x2d)], Trans_ID: [9][Response], Conn_ID:[9]
03-03 08:36:42.444   214   659 D QC-QMI  : 01 17 00 80 02 01 02 09 00 2D 00 0B 00 02 04 00 00 00 00 00 01 01 00 05 
03-03 08:36:42.444   214   659 D QC-QMI  : qmuxd: TX message on fd=19, to clientID = 1, len=58
03-03 08:36:42.444   214   659 D QC-QMI  : QMI platform I/O... blocking on poll fds
03-03 08:36:42.444   210   669 D QC-QMI  : qmi_client [210] 1: Received 58 bytes on fd = 23
03-03 08:36:42.444   210   669 D QC-QMI  :  API Flag .............. 1 
03-03 08:36:42.444   210   669 D QC-QMI  :  Message ID ............... 45 
03-03 08:36:42.444   210  1121 I RILC    : qmi_ril(0/210): RIL[0][cmd-23(640)] qcril_qmi_util_convert_qmi_response_codes_to_ril_result_ex: ctx check 0
03-03 08:36:42.444   210  1121 I RILC    : qmi_ril(0/210): RIL[0][cmd-23(640)] qcril_qmi_nas_query_cur_power_state: msg send error code 0
03-03 08:36:42.444   210  1121 I RILC    : qmi_ril(0/210): RIL[0][cmd-23(640)] qcril_qmi_nas_query_cur_power_state: .. known modem operating mode 5 
03-03 08:36:42.444   210  1121 I RILC    : qmi_ril(0/210): RIL[0][cmd-23(640)] qcril_qmi_mgr_modem_state_updated: function entry
03-03 08:36:42.444   210  1121 I RILC    : qmi_ril(0/210): RIL[0][cmd-23(640)] qcril_qmi_mgr_modem_state_updated: function exit with ret 1
03-03 08:36:42.444   210  1121 I RILC    : qmi_ril(0/210): RIL[0][cmd-23(640)] qcril_qmi_nas_query_cur_power_state: function exit
03-03 08:36:42.444   210  1121 D QC-QMI  : Setting the api flag to : 1
03-03 08:36:42.444   210  1121 D QC-QMI  : qmi_client [210] 1: sending 51 bytes on fd = 23
03-03 08:36:42.444   214   214 D QC-QMI  : qmuxd: RX 51 bytes on fd=19 from qmux_client_id=1
03-03 08:36:42.444   214   214 D QC-QMI  : qmi_qmux: TX/RX - TX 17 bytes on conn_id=9
03-03 08:36:42.444   214   214 D QC-QMI  : QMI_Msg Len: [17], Serv_ID: [DMS(0x2)], Msg_ID: [SET_OPERATING_MODE(0x2e)], Trans_ID: [10][Request], Conn_ID:[9]
03-03 08:36:42.444   214   214 D QC-QMI  : 01 10 00 00 02 01 00 0A 00 2E 00 04 00 01 01 00 01 
03-03 08:36:42.454   214   659 D QC-QMI  : QMI platform I/O... blocking on read  port[/dev/hsicctl0] conn_id[9]
03-03 08:36:42.454   214   659 D QC-QMI  : qmi_qmux: TX/RX - RX 20 bytes on conn_id=9
03-03 08:36:42.454   214   659 D QC-QMI  : QMI_Msg Len: [20], Serv_ID: [NAS(0x3)], Msg_ID: [SET_SYSTEM_SELECTION_PREFERENCE(0x33)], Trans_ID: [8][Response], Conn_ID:[9]
03-03 08:36:42.454   214   659 D QC-QMI  : 01 13 00 80 03 01 02 08 00 33 00 07 00 02 04 00 01 00 03 00 
03-03 08:36:42.454   214   659 D QC-QMI  : qmuxd: TX message on fd=19, to clientID = 1, len=54
03-03 08:36:42.454   214   659 D QC-QMI  : QMI platform I/O... blocking on poll fds
03-03 08:36:42.454   210   669 D QC-QMI  : qmi_client [210] 1: Received 54 bytes on fd = 23
03-03 08:36:42.454   210   669 D QC-QMI  :  API Flag .............. 1 
03-03 08:36:42.454   210   669 D QC-QMI  :  Message ID ............... 51 
03-03 08:36:42.454   210  1122 I RILC    : qmi_ril(0/210): RIL[0][cmd-73(752)] qcril_qmi_util_convert_qmi_response_codes_to_ril_result_ex: ctx check 0
03-03 08:36:42.454   210  1122 I RILC    : qmi_ril(0/210): RIL[0][cmd-73(752)] qmi_ril_nwreg_request_mode_pref: .. feedback 2 / 3
03-03 08:36:42.454   210  1122 I RILC    : qmi_ril(0/210): RIL[0][cmd-73(752)] qmi_ril_nwreg_request_mode_pref: function exit with ret 2
03-03 08:36:42.454   210  1122 D RILC    : qmi_ril(0/210): RIL[0][cmd-73(752)] qcril_send_request_response: UI <--- RIL_REQUEST_SET_PREFERRED_NETWORK_TYPE (73) Complete --- RIL [RID 0, Token id 1, Generic Failure, Len 0 ]
03-03 08:36:42.454   210  1122 I RILC    : qmi_ril(0/210): RIL[0][cmd-73(752)] qcril_reqlist_free: function exit with ret 1
03-03 08:36:42.454   210  1122 D RILC    : qmi_ril(0/210): RIL[0][cmd-73(752)] qmi_ril_fw_send_request_response_epilog: token under exec 1, completion token id 1
03-03 08:36:42.454   210  1122 D RILC    : qmi_ril(0/210): RIL[0][cmd-73(752)] qmi_ril_fw_send_request_response_epilog: postage resp to token id 1, a-r-id 73 (intermed. 73)
03-03 08:36:42.454   210  1122 D RILC    : [0001]< SET_PREFERRED_NETWORK_TYPE fails by E_GENERIC_FAILURE
03-03 08:36:42.454   210  1122 D RILC    : qmi_ril(0/210): RIL[0][cmd-73(752)] qmi_ril_fw_destroy_android_live_params_copy: a-r-id 73, appron 2
03-03 08:36:42.454   210  1122 I RILC    : qmi_ril(0/210): RIL[0][cmd-73(752)] qcril_qmi_nas_request_set_preferred_network_type: function exit
03-03 08:36:42.454   210  1122 D RILC    : qmi_ril(0/210): RIL[0][cmd-73(752)] qmi_ril_fw_destroy_android_live_params_copy: a-r-id 73, appron 2
03-03 08:36:42.474   214   659 D QC-QMI  : QMI platform I/O... blocking on read  port[/dev/hsicctl0] conn_id[9]
03-03 08:36:42.474   214   659 D QC-QMI  : qmi_qmux: TX/RX - RX 20 bytes on conn_id=9
03-03 08:36:42.474   214   659 D QC-QMI  : QMI_Msg Len: [20], Serv_ID: [DMS(0x2)], Msg_ID: [SET_OPERATING_MODE(0x2e)], Trans_ID: [10][Response], Conn_ID:[9]
03-03 08:36:42.474   214   659 D QC-QMI  : 01 13 00 80 02 01 02 0A 00 2E 00 07 00 02 04 00 00 00 00 00 
03-03 08:36:42.474   214   659 D QC-QMI  : qmuxd: TX message on fd=19, to clientID = 1, len=54
03-03 08:36:42.474   214   659 D QC-QMI  : QMI platform I/O... blocking on poll fds
03-03 08:36:42.474   210   669 D QC-QMI  : qmi_client [210] 1: Received 54 bytes on fd = 23
03-03 08:36:42.474   210   669 D QC-QMI  :  API Flag .............. 1 
03-03 08:36:42.474   210   669 D QC-QMI  :  Message ID ............... 46 
03-03 08:36:42.474   210  1121 I RILC    : qmi_ril(0/210): RIL[0][cmd-23(640)] qcril_qmi_util_convert_qmi_response_codes_to_ril_result_ex: ctx check 0
03-03 08:36:42.474   210  1121 I RILC    : qmi_ril(0/210): RIL[0][cmd-23(640)] qcril_qmi_nas_dms_handle_modem_operating_mode: modem's operating mode needs to be changed
03-03 08:36:42.474   210  1121 I RILC    : qmi_ril(0/210): RIL[0][cmd-23(640)] qcril_qmi_nas_dms_handle_modem_operating_mode: function exit with ret 0
03-03 08:36:42.474   210  1121 I RILC    : qmi_ril(0/210): RIL[0][cmd-23(640)] qcril_qmi_nas_log_radio_power_process_state: function entry
03-03 08:36:42.474   210  1121 I RILC    : qmi_ril(0/210): RIL[0][cmd-23(640)] qcril_qmi_nas_log_radio_power_process_state: telephony LPM | ril SETTING_OP_MODE | card DOWN | modem SHUTTING_DOWN
03-03 08:36:42.474   210  1121 I RILC    : qmi_ril(0/210): RIL[0][cmd-23(640)] qcril_qmi_nas_log_radio_power_process_state: function exit
03-03 08:36:42.474   210  1121 I RILC    : qmi_ril(0/210): RIL[0][cmd-23(640)] qcril_qmi_nas_radio_power_handle_modem_transition: check modem restart before radio_power_wait, modem_restart_valid =0 
03-03 08:36:42.495   210   673 I RILC    : qmi_ril(0/210): RIL[0][coex_opener] qcril_qmi_coex_riva_port_open_handler: Unable to open SMD RIVA port -1, attempt #56
03-03 08:36:42.505   214   659 D QC-QMI  : QMI platform I/O... blocking on read  port[/dev/hsicctl0] conn_id[9]
03-03 08:36:42.505   214   659 D QC-QMI  : qmi_qmux: TX/RX - RX 37 bytes on conn_id=9
03-03 08:36:42.505   214   659 D QC-QMI  : QMI_Msg Len: [37], Serv_ID: [PBM(0xc)], Msg_ID: [EMERGENCY_LIST_IND(0xc)], Trans_ID: [0][Indication], Conn_ID:[9]
03-03 08:36:42.505   214   659 D QC-QMI  : 01 24 00 80 0C 01 04 00 00 0C 00 18 00 13 09 00 02 03 39 31 31 03 31 31 32 01 09 00 02 03 39 31 
03-03 08:36:42.505   214   659 D QC-QMI  : 31 03 31 31 32 
03-03 08:36:42.505   214   659 D QC-QMI  : qmuxd: TX message on fd=19, to clientID = 1, len=71
03-03 08:36:42.505   214   659 D QC-QMI  : QMI platform I/O... blocking on poll fds
03-03 08:36:42.505   210   669 D QC-QMI  : qmi_client [210] 1: Received 71 bytes on fd = 23
03-03 08:36:42.505   210   669 D QC-QMI  : qmi_service.c RX indication for conn=9, srvc=12
03-03 08:36:42.505   210   669 D QC-QMI  : Processing indication: Mesage4 ID=  12, Service ID = 12
03-03 08:36:42.505   210   669 D QC-QMI  : Client 9010c00 gets indication callback
03-03 08:36:42.505   210   669 I RILC    : qmi_ril(0/210): RIL[0][qmi_cb] qcril_qmi_pbm_unsol_ind_cb: function entry
03-03 08:36:42.505   210   669 I RILC    : qmi_ril(0/210): RIL[0][qmi_cb] qcril_qmi_pbm_emergency_list_ind_hdlr: function entry
03-03 08:36:42.505   210   669 I RILC    : qmi_ril(0/210): RIL[0][qmi_cb] qcril_qmi_nas_is_radio_power_check_enabled: function exit with ret 0
03-03 08:36:42.505   210   669 I RILC    : qmi_ril(0/210): RIL[0][qmi_cb] qcril_qmi_pbm_emergency_list_ind_hdlr: current ril.ecclist= 911,112,000,08,110,999,118,119
03-03 08:36:42.505   210   669 I RILC    : qmi_ril(0/210): RIL[0][qmi_cb] qcril_qmi_pbm_emergency_list_ind_hdlr: Update emergency number from emer_num. prop_val is : 911,112
03-03 08:36:42.505   210   669 I RILC    : qmi_ril(0/210): RIL[0][qmi_cb] qcril_qmi_pbm_emergency_list_ind_hdlr: Update emergency number from global_ecc_num. prop_val is : 911,112,112,911
03-03 08:36:42.505   210   669 I RILC    : qmi_ril(0/210): RIL[0][qmi_cb] qcril_uim_instance_id_to_slot: Slot found: 0x0
03-03 08:36:42.505   210   669 I RILC    : qmi_ril(0/210): RIL[0][qmi_cb] qcril_qmi_pbm_emergency_list_ind_hdlr: Update emergency number from gsm no-sim. prop_val is : 911,112,112,911,000,08,110,999,118,119
03-03 08:36:42.505   210   669 D RILC    : qmi_ril(0/210): RIL[0][qmi_cb] qcril_qmi_pbm_emergency_list_ind_hdlr: card_state=2, pref_net=0
03-03 08:36:42.505   210   669 I RILC    : qmi_ril(0/210): RIL[0][qmi_cb] qcril_qmi_pbm_emergency_list_ind_hdlr: Update emergency number from cus_ecc_num, temp_eclist=911,112,112,911,000,08,110,999,118,119
03-03 08:36:42.505   210   669 D RILC    : qmi_ril(0/210): RIL[0][qmi_cb] qcril_qmi_pbm_emergency_list_ind_hdlr: wp_feature=0, card_state=2, pref_net=0
03-03 08:36:42.505   210   669 I RILC    : qmi_ril(0/210): RIL[0][qmi_cb] qcril_qmi_pbm_emergency_list_ind_hdlr: Update emergency number from cus_nosim_num, temp_eclist=911,112,112,911,000,08,110,999,118,119
03-03 08:36:42.505   210   669 I RILC    : qmi_ril(0/210): RIL[0][qmi_cb] qcril_qmi_pbm_emergency_list_ind_hdlr: Update emergency number from OEM cid=[ALL]. temp_eclist is : 911,112,112,911,000,08,110,999,118,119
03-03 08:36:42.505   210   669 I RILC    : qmi_ril(0/210): RIL[0][qmi_cb] qcril_qmi_pbm_emergency_list_ind_hdlr: Update emergency number from OEM carrier=[ro.ril.ecc.ALL]. temp_eclist is : 911,112,112,911,000,08,110,999,118,119
03-03 08:36:42.505   210   669 I RILC    : qmi_ril(0/210): RIL[0][qmi_cb] qcril_qmi_pbm_emergency_list_ind_hdlr: Updated ril.ecclist= 911,112,000,08,110,999,118,119
03-03 08:36:42.505   210   669 I RILC    : qmi_ril(0/210): RIL[0][qmi_cb] qcril_qmi_pbm_emergency_list_ind_hdlr: function exit
03-03 08:36:42.505   210   669 I RILC    : qmi_ril(0/210): RIL[0][qmi_cb] qcril_qmi_pbm_unsol_ind_cb: function exit with ret 0
03-03 08:36:42.525   214   659 D QC-QMI  : QMI platform I/O... blocking on read  port[/dev/hsicctl0] conn_id[9]
03-03 08:36:42.525   214   659 D QC-QMI  : qmi_qmux: TX/RX - RX 36 bytes on conn_id=9
03-03 08:36:42.525   214   659 D QC-QMI  : QMI_Msg Len: [36], Serv_ID: [WDS(0x1)], Msg_ID: [SET_EVENT_REPORT(0x1)], Trans_ID: [0][Indication], Conn_ID:[9]
03-03 08:36:42.525   214   659 D QC-QMI  : 01 23 00 80 01 04 04 00 00 01 00 17 00 24 14 00 00 02 00 00 80 00 00 00 00 00 00 01 00 00 00 00 
03-03 08:36:42.525   214   659 D QC-QMI  : 00 00 00 00 
03-03 08:36:42.525   214   659 D QC-QMI  : qmuxd: TX message on fd=19, to clientID = 1, len=70
03-03 08:36:42.525   214   659 D QC-QMI  : QMI platform I/O... blocking on poll fds
03-03 08:36:42.525   210   669 D QC-QMI  : qmi_client [210] 1: Received 70 bytes on fd = 23
03-03 08:36:42.525   210   669 D QC-QMI  : qmi_service.c RX indication for conn=9, srvc=1
03-03 08:36:42.525   210   669 D QC-QMI  : Processing indication: Mesage4 ID=  1, Service ID = 1
03-03 08:36:42.525   210   669 D QC-QMI  : Client 9040100 gets indication callback
03-03 08:36:42.525   210   669 D RILC    : qmi_ril(0/210): RIL[0][qmi_cb] qcril_data_qmi_wds_ind_cb: qcril_data_qmi_wds_ind_cb: ENTRY
03-03 08:36:42.525   210   669 D RILC    : qmi_ril(0/210): RIL[0][qmi_cb] qcril_event_queue: RID 0 MID 0 Queued event QCRIL_EVT_DATA_WDS_EVENT_CALLBACK (152 bytes)(obj 0x41edddb0)
03-03 08:36:42.525   210   669 D RILC    : qmi_ril(0/210): RIL[0][qmi_cb] qcril_data_qmi_wds_ind_cb: qcril_data_qmi_wds_ind_cb: EXIT
03-03 08:36:42.525   210   383 D RILC    : qmi_ril(0/210): RIL[0][event] qcril_event_main: 1 items on queue
03-03 08:36:42.525   210   383 D RILC    : qmi_ril(0/210): RIL[0][event] qcril_event_main: RID 0 MID 0 De-queued event QCRIL_EVT_DATA_WDS_EVENT_CALLBACK (327683)(obj 0x41edddb0)
03-03 08:36:42.525   210   383 D RILC    : qmi_ril(0/210): RIL[0][event] qcril_process_event: RIL <--- QCRIL_EVT_DATA_WDS_EVENT_CALLBACK(327683), RID 0, MID 0 --- AMSS
03-03 08:36:42.525   210   383 D RILC    : qmi_ril(0/210): RIL[0][event] qcril_data_wds_event_hdlr: qcril_data_wds_event_hdlr: ENTRY
03-03 08:36:42.525   210   383 I RILC    : qmi_ril(0/210): RIL[0][event] qcril_data_wds_event_hdlr: >>>>>> LOCK QCRIL_DATA MUTEX 414eec98
03-03 08:36:42.525   210   383 D RILC    : qmi_ril(0/210): RIL[0][event] qcril_data_process_wds_ind: qcril_data_process_wds_ind: entry
03-03 08:36:42.525   210   383 I RILC    : qmi_ril(0/210): RIL[0][event] qcril_arb_set_data_sys_status: qcril_arb_set_data_sys_status instance:0 under operational status:3
03-03 08:36:42.525   210   383 D RILC    : qmi_ril(0/210): RIL[0][event] qcril_arb_set_data_sys_status: recevd data_sys_status pref_network=0x0, len=2
03-03 08:36:42.525   210   383 D RILC    : qmi_ril(0/210): RIL[0][event] qcril_arb_set_data_sys_status: recvd data_sys_status nw=0x0, rat_mask=0x8000, so_mask=0x0
03-03 08:36:42.525   210   383 D RILC    : qmi_ril(0/210): RIL[0][event] qcril_arb_set_data_sys_status: recvd data_sys_status nw=0x1, rat_mask=0x0, so_mask=0x0
03-03 08:36:42.525   210   383 I RILC    : qmi_ril(0/210): RIL[0][event] qcril_qmi_get_pref_data_tech: before translation : is_current 1 network_type 0 rat_mask 8000 db_so_mask 0 pref_data_tech UNKNOWN
03-03 08:36:42.525   210   383 I RILC    : qmi_ril(0/210): RIL[0][event] qcril_qmi_voice_voip_find_call_info_entry_by_andoid_call_state: entry with id 0
03-03 08:36:42.525   210   383 I RILC    : qmi_ril(0/210): RIL[0][event] qcril_qmi_voice_voip_find_call_info_entry_by_andoid_call_state: function exit with ret 0
03-03 08:36:42.525   210   383 I RILC    : qmi_ril(0/210): RIL[0][event] qcril_qmi_convert_rat_mask_to_technology: call state is not active
03-03 08:36:42.525   210   383 I RILC    : qmi_ril(0/210): RIL[0][event] qcril_qmi_convert_rat_mask_to_technology: technology UNKNOWN
03-03 08:36:42.525   210   383 I RILC    : qmi_ril(0/210): RIL[0][event] qcril_qmi_convert_rat_mask_to_technology: function exit with ret 0
03-03 08:36:42.525   210   383 I RILC    : qmi_ril(0/210): RIL[0][event] qcril_qmi_get_pref_data_tech: after translation : is_current 1 network_type 0 rat_mask 8000 db_so_mask 0 pref_data_tech UNKNOWN technology 0
03-03 08:36:42.525   210   383 I RILC    : qmi_ril(0/210): RIL[0][event] qmi_ril_nw_reg_extend_pref_data_tech_cl: is extrapolation 1, cache is valid 0, cache rat 0, oprt valid 1, oprt 5, card status 2, card ever present 1, ban 0, mpv 1, mp 12
03-03 08:36:42.525   210   383 I RILC    : qmi_ril(0/210): RIL[0][event] qmi_ril_nw_reg_extend_pref_data_tech_cl: need reset 1
03-03 08:36:42.525   210   383 I RILC    : qmi_ril(0/210): RIL[0][event] qcril_qmi_nas_update_data_rte: .. pref data tech UNKNOWN, is current 0; prep: CDMA=[0], GSM=[1], WCDMA=[1], TDSCDMA=[0], LTE=[0], EVDO=[0]
03-03 08:36:42.525   210   383 D RILC    : qmi_ril(0/210): RIL[0][event] qcril_qmi_nas_util_convert_nas_srv_status_to_ril_reg_status: reg_status: 0,-1,-1,-1,-1,1,0,1,-1,2
03-03 08:36:42.525   210   383 D RILC    : qmi_ril(0/210): RIL[0][event] qcril_qmi_nas_util_convert_nas_srv_status_to_ril_reg_status: reg_status: 0,-1,-1,-1,-1,1,0,1,-1,2
03-03 08:36:42.525   210   383 I RILC    : qmi_ril(0/210): RIL[0][event] qcril_qmi_nas_update_data_rte: .. reg data : 1x<0>, gsm<2>, wcdma<2>, lte<0>, hdr<0>
03-03 08:36:42.525   210   383 I RILC    : qmi_ril(0/210): RIL[0][event] qcril_qmi_nas_update_data_rte: with legacy status
03-03 08:36:42.525   210   383 I RILC    : qmi_ril(0/210): RIL[0][event] qcril_qmi_nas_update_data_rte: preferred data tech available UNKNOWN
03-03 08:36:42.525   210   383 I RILC    : qmi_ril(0/210): RIL[0][event] qcril_qmi_nas_update_data_rte: completed, new drte 0 with confidence 4
03-03 08:36:42.525   210   383 I RILC    : qmi_ril(0/210): RIL[0][event] qcril_qmi_voice_technology_updated: function entry
03-03 08:36:42.525   210   383 I RILC    : qmi_ril(0/210): RIL[0][event] qcril_qmi_voice_technology_updated: ..nas_cached_info.voice_rte 0, nas_cached_info.data_rte 0, nas_cached_info.ims_rte 0, will be considered 0
03-03 08:36:42.525   210   383 I RILC    : qmi_ril(0/210): RIL[0][event] qcril_qmi_voice_technology_updated: function exit with ret 0
03-03 08:36:42.525   210   383 I RILC    : qmi_ril(0/210): RIL[0][event] qcril_qmi_nas_get_nw_selection_mode: returning pref 0 
